178.187.66.72 - - [13/Feb/2021:13:21:10 +0300] "GET /Auth/Social_gu?state=HA-HUWBO34FQIE62JRYK085LAV1PC7TSGMDXN9Z&code=4/0AY0e-g6zrIxDwSXIx0VkBt8eOjQ03hrn9FNT4mTxjSy7K-CKBjtHh5R5MIPRc41Fwyt_2g&scope=email+profile+https://www.googleapis.com/auth/userinfo.profile+https://www.googleapis.com/auth/userinfo.email+openid&authuser=0&prompt=consent HTTP/1.1" 301 194 "-" "Mozilla/5.0 (Windows NT 10.0) AppleWebKit/537.36 (KHTML, like Gecko) Chrome/88.0.4324.104 Safari/537.36"
178.187.66.72 - - [13/Feb/2021:13:21:10 +0300] "GET /Auth/Social_gu?state=HA-HUWBO34FQIE62JRYK085LAV1PC7TSGMDXN9Z&code=4/0AY0e-g6zrIxDwSXIx0VkBt8eOjQ03hrn9FNT4mTxjSy7K-CKBjtHh5R5MIPRc41Fwyt_2g&scope=email+profile+https://www.googleapis.com/auth/userinfo.profile+https://www.googleapis.com/auth/userinfo.email+openid&authuser=0&prompt=consent HTTP/1.1" 200 774 "-" "Mozilla/5.0 (Windows NT 10.0) AppleWebKit/537.36 (KHTML, like Gecko) Chrome/88.0.4324.104 Safari/537.36"
95.28.165.240 - - [13/Feb/2021:13:21:20 +0300] "GET /assets/chill/css/images/border.png HTTP/1.1" 404 25258 "https://chillvision.ru/assets/chill/css/colorbox.css" "Mozilla/5.0 (Windows NT 10.0; Win64; x64) AppleWebKit/537.36 (KHTML, like Gecko) Chrome/68.0.3440.106 Safari/537.36"
95.28.165.240 - - [13/Feb/2021:13:21:20 +0300] "GET /assets/chill/css/images/controls.png HTTP/1.1" 404 25259 "https://chillvision.ru/assets/chill/css/colorbox.css" "Mozilla/5.0 (Windows NT 10.0; Win64; x64) AppleWebKit/537.36 (KHTML, like Gecko) Chrome/68.0.3440.106 Safari/537.36"
95.28.165.240 - - [13/Feb/2021:13:21:20 +0300] "GET /assets/chill/css/images/loading_background.png HTTP/1.1" 404 25258 "https://chillvision.ru/assets/chill/css/colorbox.css" "Mozilla/5.0 (Windows NT 10.0; Win64; x64) AppleWebKit/537.36 (KHTML, like Gecko) Chrome/68.0.3440.106 Safari/537.36"
95.28.165.240 - - [13/Feb/2021:13:21:20 +0300] "GET /assets/chill/css/images/loading.gif HTTP/1.1" 404 25257 "https://chillvision.ru/assets/chill/css/colorbox.css" "Mozilla/5.0 (Windows NT 10.0; Win64; x64) AppleWebKit/537.36 (KHTML, like Gecko) Chrome/68.0.3440.106 Safari/537.36"
95.28.165.240 - - [13/Feb/2021:13:21:23 +0300] "GET /Profile HTTP/1.1" 301 194 "-" "Mozilla/5.0 (Windows NT 10.0; Win64; x64) AppleWebKit/537.36 (KHTML, like Gecko) Chrome/88.0.4324.104 Safari/537.36"
95.28.165.240 - - [13/Feb/2021:13:21:23 +0300] "GET /Profile HTTP/1.1" 200 14753 "-" "Mozilla/5.0 (Windows NT 10.0; Win64; x64) AppleWebKit/537.36 (KHTML, like Gecko) Chrome/88.0.4324.104 Safari/537.36"
178.187.66.72 - - [13/Feb/2021:13:21:27 +0300] "GET /Soap/1487 HTTP/1.1" 301 194 "-" "Mozilla/5.0 (Windows NT 6.1; WOW64) AppleWebKit/537.36 (KHTML, like Gecko) Chrome/87.0.4280.88 YaBrowser/20.12.2.105 Yowser/2.5 Safari/537.36"
178.187.66.72 - - [13/Feb/2021:13:21:27 +0300] "GET /Soap/1487 HTTP/1.1" 200 40317 "-" "Mozilla/5.0 (Windows NT 6.1; WOW64) AppleWebKit/537.36 (KHTML, like Gecko) Chrome/87.0.4280.88 YaBrowser/20.12.2.105 Yowser/2.5 Safari/537.36"
178.187.66.72 - - [13/Feb/2021:13:21:30 +0300] "GET /Info/API?action=check_user_access&content_id=1489 HTTP/1.1" 200 181 "https://chillvision.ru/" "Mozilla/5.0 (Windows NT 6.1; WOW64) AppleWebKit/537.36 (KHTML, like Gecko) Chrome/87.0.4280.88 YaBrowser/20.12.2.105 Yowser/2.5 Safari/537.36"
95.28.165.240 - - [13/Feb/2021:13:21:37 +0300] "GET /assets/chill/css/images/controls.png HTTP/1.1" 404 25268 "https://chillvision.ru/assets/chill/css/colorbox.css" "Mozilla/5.0 (Windows NT 10.0; Win64; x64) AppleWebKit/537.36 (KHTML, like Gecko) Chrome/88.0.4324.104 Safari/537.36"
95.28.165.240 - - [13/Feb/2021:13:21:37 +0300] "GET /assets/chill/css/images/border.png HTTP/1.1" 404 25263 "https://chillvision.ru/assets/chill/css/colorbox.css" "Mozilla/5.0 (Windows NT 10.0; Win64; x64) AppleWebKit/537.36 (KHTML, like Gecko) Chrome/88.0.4324.104 Safari/537.36"
95.28.165.240 - - [13/Feb/2021:13:21:37 +0300] "GET /assets/chill/css/images/loading.gif HTTP/1.1" 404 25264 "https://chillvision.ru/assets/chill/css/colorbox.css" "Mozilla/5.0 (Windows NT 10.0; Win64; x64) AppleWebKit/537.36 (KHTML, like Gecko) Chrome/88.0.4324.104 Safari/537.36"
95.28.165.240 - - [13/Feb/2021:13:21:38 +0300] "GET /assets/chill/css/images/loading_background.png HTTP/1.1" 404 25266 "https://chillvision.ru/assets/chill/css/colorbox.css" "Mozilla/5.0 (Windows NT 10.0; Win64; x64) AppleWebKit/537.36 (KHTML, like Gecko) Chrome/88.0.4324.104 Safari/537.36"
95.28.165.240 - - [13/Feb/2021:13:21:40 +0300] "GET /collection/2881 HTTP/1.1" 301 194 "-" "Mozilla/5.0 (Linux; NetCast; U) AppleWebKit/537.31 (KHTML, like Gecko) Chrome/53.0.2785.34 Safari/537.31 SmartTV/8.5"
95.28.165.240 - - [13/Feb/2021:13:21:42 +0300] "GET /collection/2881 HTTP/1.1" 200 16539 "-" "Mozilla/5.0 (Linux; NetCast; U) AppleWebKit/537.31 (KHTML, like Gecko) Chrome/53.0.2785.34 Safari/537.31 SmartTV/8.5"
178.187.66.72 - - [13/Feb/2021:13:21:42 +0300] "GET /assets/chill/css/images/controls.png HTTP/1.1" 404 25266 "https://chillvision.ru/assets/chill/css/colorbox.css" "Mozilla/5.0 (Windows NT 6.1; WOW64) AppleWebKit/537.36 (KHTML, like Gecko) Chrome/87.0.4280.88 YaBrowser/20.12.2.105 Yowser/2.5 Safari/537.36"
178.187.66.72 - - [13/Feb/2021:13:21:42 +0300] "GET /assets/chill/css/images/loading.gif HTTP/1.1" 404 25263 "https://chillvision.ru/assets/chill/css/colorbox.css" "Mozilla/5.0 (Windows NT 6.1; WOW64) AppleWebKit/537.36 (KHTML, like Gecko) Chrome/87.0.4280.88 YaBrowser/20.12.2.105 Yowser/2.5 Safari/537.36"
178.187.66.72 - - [13/Feb/2021:13:21:42 +0300] "GET /assets/chill/css/images/border.png HTTP/1.1" 404 25266 "https://chillvision.ru/assets/chill/css/colorbox.css" "Mozilla/5.0 (Windows NT 6.1; WOW64) AppleWebKit/537.36 (KHTML, like Gecko) Chrome/87.0.4280.88 YaBrowser/20.12.2.105 Yowser/2.5 Safari/537.36"
178.187.66.72 - - [13/Feb/2021:13:21:42 +0300] "GET /assets/chill/css/images/loading_background.png HTTP/1.1" 404 25265 "https://chillvision.ru/assets/chill/css/colorbox.css" "Mozilla/5.0 (Windows NT 6.1; WOW64) AppleWebKit/537.36 (KHTML, like Gecko) Chrome/87.0.4280.88 YaBrowser/20.12.2.105 Yowser/2.5 Safari/537.36"
95.28.165.240 - - [13/Feb/2021:13:21:58 +0300] "GET /assets/chill/css/images/controls.png HTTP/1.1" 404 25267 "https://chillvision.ru/assets/chill/css/colorbox.css" "Mozilla/5.0 (Linux; NetCast; U) AppleWebKit/537.31 (KHTML, like Gecko) Chrome/53.0.2785.34 Safari/537.31 SmartTV/8.5"
95.28.165.240 - - [13/Feb/2021:13:21:58 +0300] "GET /assets/chill/css/images/border.png HTTP/1.1" 404 25266 "https://chillvision.ru/assets/chill/css/colorbox.css" "Mozilla/5.0 (Linux; NetCast; U) AppleWebKit/537.31 (KHTML, like Gecko) Chrome/53.0.2785.34 Safari/537.31 SmartTV/8.5"
95.28.165.240 - - [13/Feb/2021:13:21:58 +0300] "GET /assets/chill/css/images/loading.gif HTTP/1.1" 404 25265 "https://chillvision.ru/assets/chill/css/colorbox.css" "Mozilla/5.0 (Linux; NetCast; U) AppleWebKit/537.31 (KHTML, like Gecko) Chrome/53.0.2785.34 Safari/537.31 SmartTV/8.5"
95.28.165.240 - - [13/Feb/2021:13:21:58 +0300] "GET /assets/chill/css/images/loading_background.png HTTP/1.1" 404 25266 "https://chillvision.ru/assets/chill/css/colorbox.css" "Mozilla/5.0 (Linux; NetCast; U) AppleWebKit/537.31 (KHTML, like Gecko) Chrome/53.0.2785.34 Safari/537.31 SmartTV/8.5"
89.179.187.39 - - [13/Feb/2021:13:22:06 +0300] "GET /collection/356 HTTP/1.1" 200 17155 "https://away.vk.com/" "Mozilla/5.0 (Windows NT 6.1; WOW64) AppleWebKit/537.36 (KHTML, like Gecko) Chrome/87.0.4280.141 YaBrowser/20.12.3.138 Yowser/2.5 Safari/537.36"
5.18.247.240 - - [13/Feb/2021:13:22:23 +0300] "GET /Info/API?action=check_user_access&content_id=2535 HTTP/1.1" 200 278 "https://chillvision.ru/" "Mozilla/5.0 (Windows NT 10.0; Win64; x64) AppleWebKit/537.36 (KHTML, like Gecko) Chrome/88.0.4324.150 Safari/537.36"
5.18.247.240 - - [13/Feb/2021:13:22:25 +0300] "GET /Info/API?action=request_access&content_id=2535 HTTP/1.1" 200 462 "https://chillvision.ru/" "Mozilla/5.0 (Windows NT 10.0; Win64; x64) AppleWebKit/537.36 (KHTML, like Gecko) Chrome/88.0.4324.150 Safari/537.36"
89.179.187.39 - - [13/Feb/2021:13:22:31 +0300] "GET /manifest.webmanifest HTTP/1.1" 200 569 "https://chillvision.ru/" "Mozilla/5.0 (Windows NT 6.1; WOW64) AppleWebKit/537.36 (KHTML, like Gecko) Chrome/87.0.4280.141 YaBrowser/20.12.3.138 Yowser/2.5 Safari/537.36"
213.180.203.108 - - [13/Feb/2021:13:22:41 +0300] "GET /?yclid=7710547526903176844 HTTP/1.1" 301 194 "-" "Mozilla/5.0 (compatible; YandexMetrika/2.0; +http://yandex.com/bots yabs01)"
213.180.203.10 - - [13/Feb/2021:13:22:41 +0300] "GET /?yclid=7710547526903176844 HTTP/1.1" 200 25071 "-" "Mozilla/5.0 (compatible; YandexMetrika/2.0; +http://yandex.com/bots yabs01)"
85.249.172.130 - - [13/Feb/2021:13:23:04 +0300] "GET /page/best-mistake?utm_source=vk&utm_medium=cpc&utm_campaign=best-mistake&utm_content=general HTTP/1.1" 301 194 "http://away.vk.com/" "Mozilla/5.0 (Linux; Android 8.1.0; CPH1909) AppleWebKit/537.36 (KHTML, like Gecko) Chrome/86.0.4240.99 Mobile Safari/537.36"
5.45.207.175 - - [13/Feb/2021:13:23:04 +0300] "GET /collection/356 HTTP/1.1" 200 17146 "-" "Mozilla/5.0 (compatible; YandexBot/3.0; +http://yandex.com/bots)"
5.255.231.18 - - [13/Feb/2021:13:23:08 +0300] "GET /page/best-mistake HTTP/1.1" 200 13529 "-" "Mozilla/5.0 (compatible; YandexBot/3.0; +http://yandex.com/bots)"
31.173.83.167 - - [13/Feb/2021:13:23:52 +0300] "GET /page/best-mistake?utm_source=vk&utm_medium=cpc&utm_campaign=best-mistake&utm_content=general HTTP/1.1" 301 194 "http://away.vk.com/" "Mozilla/5.0 (Linux; Android 10; SM-A715F) AppleWebKit/537.36 (KHTML, like Gecko) Chrome/87.0.4280.141 Mobile Safari/537.36"
31.173.83.167 - - [13/Feb/2021:13:23:52 +0300] "GET /page/best-mistake?utm_source=vk&utm_medium=cpc&utm_campaign=best-mistake&utm_content=general HTTP/1.1" 200 13522 "http://away.vk.com/" "Mozilla/5.0 (Linux; Android 10; SM-A715F) AppleWebKit/537.36 (KHTML, like Gecko) Chrome/87.0.4280.141 Mobile Safari/537.36"
31.173.83.167 - - [13/Feb/2021:13:23:53 +0300] "GET /Public/API?action=collection&id=356 HTTP/1.1" 200 1956 "https://chillvision.ru/" "Mozilla/5.0 (Linux; Android 10; SM-A715F) AppleWebKit/537.36 (KHTML, like Gecko) Chrome/87.0.4280.141 Mobile Safari/537.36"
31.173.83.167 - - [13/Feb/2021:13:24:50 +0300] "GET / HTTP/1.1" 200 25079 "https://chillvision.ru/" "Mozilla/5.0 (Linux; Android 10; SM-A715F) AppleWebKit/537.36 (KHTML, like Gecko) Chrome/87.0.4280.141 Mobile Safari/537.36"
31.173.83.167 - - [13/Feb/2021:13:24:53 +0300] "GET /manifest.webmanifest HTTP/1.1" 200 569 "https://chillvision.ru/" "Mozilla/5.0 (Linux; Android 10; SM-A715F) AppleWebKit/537.36 (KHTML, like Gecko) Chrome/87.0.4280.141 Mobile Safari/537.36"
81.88.216.152 - - [13/Feb/2021:13:25:25 +0300] "GET /collection/356 HTTP/1.1" 200 17149 "https://away.vk.com/" "Mozilla/5.0 (Windows NT 10.0; Win64; x64) AppleWebKit/537.36 (KHTML, like Gecko) Chrome/88.0.4324.150 Safari/537.36"
81.88.216.152 - - [13/Feb/2021:13:25:29 +0300] "GET /manifest.webmanifest HTTP/1.1" 200 569 "https://chillvision.ru/" "Mozilla/5.0 (Windows NT 10.0; Win64; x64) AppleWebKit/537.36 (KHTML, like Gecko) Chrome/88.0.4324.150 Safari/537.36"
31.173.83.167 - - [13/Feb/2021:13:25:36 +0300] "GET /page/best-mistake?utm_source=vk&utm_medium=cpc&utm_campaign=best-mistake&utm_content=general HTTP/1.1" 200 13525 "http://away.vk.com/" "Mozilla/5.0 (Linux; Android 10; SM-A715F) AppleWebKit/537.36 (KHTML, like Gecko) Chrome/87.0.4280.141 Mobile Safari/537.36"
31.173.83.167 - - [13/Feb/2021:13:25:36 +0300] "GET /Public/API?action=collection&id=356 HTTP/1.1" 200 1956 "https://chillvision.ru/" "Mozilla/5.0 (Linux; Android 10; SM-A715F) AppleWebKit/537.36 (KHTML, like Gecko) Chrome/87.0.4280.141 Mobile Safari/537.36"
31.173.83.167 - - [13/Feb/2021:13:25:40 +0300] "GET /page/best-mistake?utm_source=vk&utm_medium=cpc&utm_campaign=best-mistake&utm_content=general HTTP/1.1" 200 13525 "http://away.vk.com/" "Mozilla/5.0 (Linux; Android 10; SM-A715F) AppleWebKit/537.36 (KHTML, like Gecko) Chrome/87.0.4280.141 Mobile Safari/537.36"
31.173.83.167 - - [13/Feb/2021:13:25:41 +0300] "GET /Public/API?action=collection&id=356 HTTP/1.1" 200 1956 "https://chillvision.ru/" "Mozilla/5.0 (Linux; Android 10; SM-A715F) AppleWebKit/537.36 (KHTML, like Gecko) Chrome/87.0.4280.141 Mobile Safari/537.36"
31.173.83.167 - - [13/Feb/2021:13:25:42 +0300] "GET /page/best-mistake?utm_source=vk&utm_medium=cpc&utm_campaign=best-mistake&utm_content=general HTTP/1.1" 200 13527 "http://away.vk.com/" "Mozilla/5.0 (Linux; Android 10; SM-A715F) AppleWebKit/537.36 (KHTML, like Gecko) Chrome/87.0.4280.141 Mobile Safari/537.36"
31.173.83.167 - - [13/Feb/2021:13:25:43 +0300] "GET /Public/API?action=collection&id=356 HTTP/1.1" 200 1956 "https://chillvision.ru/" "Mozilla/5.0 (Linux; Android 10; SM-A715F) AppleWebKit/537.36 (KHTML, like Gecko) Chrome/87.0.4280.141 Mobile Safari/537.36"
94.180.52.53 - - [13/Feb/2021:13:26:33 +0300] "GET /Soap/1904 HTTP/1.1" 200 38006 "https://yandex.ru/" "Mozilla/5.0 (Linux; Android 10; SM-A715F) AppleWebKit/537.36 (KHTML, like Gecko) Chrome/88.0.4324.152 Mobile Safari/537.36"
94.180.52.53 - - [13/Feb/2021:13:26:35 +0300] "GET /Info/API?action=check_user_access&content_id=1907 HTTP/1.1" 200 181 "https://chillvision.ru/" "Mozilla/5.0 (Linux; Android 10; SM-A715F) AppleWebKit/537.36 (KHTML, like Gecko) Chrome/88.0.4324.152 Mobile Safari/537.36"
94.180.52.53 - - [13/Feb/2021:13:26:38 +0300] "GET /manifest.webmanifest HTTP/1.1" 200 569 "https://chillvision.ru/" "Mozilla/5.0 (Linux; Android 10; SM-A715F) AppleWebKit/537.36 (KHTML, like Gecko) Chrome/88.0.4324.152 Mobile Safari/537.36"
46.191.137.114 - - [13/Feb/2021:13:26:57 +0300] "GET /collection/356 HTTP/1.1" 200 17145 "https://away.vk.com/" "Mozilla/5.0 (Windows NT 10.0; Win64; x64) AppleWebKit/537.36 (KHTML, like Gecko) Chrome/88.0.4324.150 Safari/537.36"
46.191.137.114 - - [13/Feb/2021:13:26:58 +0300] "GET /manifest.webmanifest HTTP/1.1" 200 569 "https://chillvision.ru/" "Mozilla/5.0 (Windows NT 10.0; Win64; x64) AppleWebKit/537.36 (KHTML, like Gecko) Chrome/88.0.4324.150 Safari/537.36"
85.140.1.14 - - [13/Feb/2021:13:27:15 +0300] "GET /page/best-mistake?utm_source=vk&utm_medium=cpc&utm_campaign=best-mistake&utm_content=general HTTP/1.1" 301 194 "http://away.vk.com/" "Mozilla/5.0 (iPhone; CPU iPhone OS 14_4 like Mac OS X) AppleWebKit/605.1.15 (KHTML, like Gecko) Version/14.0.3 Mobile/15E148 Safari/604.1"
85.140.1.14 - - [13/Feb/2021:13:27:16 +0300] "GET /page/best-mistake?utm_source=vk&utm_medium=cpc&utm_campaign=best-mistake&utm_content=general HTTP/1.1" 200 13527 "http://away.vk.com/" "Mozilla/5.0 (iPhone; CPU iPhone OS 14_4 like Mac OS X) AppleWebKit/605.1.15 (KHTML, like Gecko) Version/14.0.3 Mobile/15E148 Safari/604.1"
85.140.0.229 - - [13/Feb/2021:13:27:18 +0300] "GET /page/best-mistake?utm_source=vk&utm_medium=cpc&utm_campaign=best-mistake&utm_content=general HTTP/1.1" 301 194 "http://away.vk.com/" "Mozilla/5.0 (iPhone; CPU iPhone OS 14_4 like Mac OS X) AppleWebKit/605.1.15 (KHTML, like Gecko) Version/14.0.3 Mobile/15E148 Safari/604.1"
85.140.0.229 - - [13/Feb/2021:13:27:19 +0300] "GET /page/best-mistake?utm_source=vk&utm_medium=cpc&utm_campaign=best-mistake&utm_content=general HTTP/1.1" 200 13527 "http://away.vk.com/" "Mozilla/5.0 (iPhone; CPU iPhone OS 14_4 like Mac OS X) AppleWebKit/605.1.15 (KHTML, like Gecko) Version/14.0.3 Mobile/15E148 Safari/604.1"
85.140.0.229 - - [13/Feb/2021:13:27:20 +0300] "GET /Public/API?action=collection&id=356 HTTP/1.1" 200 1956 "https://chillvision.ru/" "Mozilla/5.0 (iPhone; CPU iPhone OS 14_4 like Mac OS X) AppleWebKit/605.1.15 (KHTML, like Gecko) Version/14.0.3 Mobile/15E148 Safari/604.1"
176.213.151.58 - - [13/Feb/2021:13:27:56 +0300] "GET /Soap/2581?utm_source=relap HTTP/1.1" 200 32483 "https://relap.io/" "Mozilla/5.0 (Linux; Android 7.0; SAMSUNG SM-G925F) AppleWebKit/537.36 (KHTML, like Gecko) SamsungBrowser/13.2 Chrome/83.0.4103.106 Mobile Safari/537.36"
176.213.151.58 - - [13/Feb/2021:13:27:58 +0300] "GET /Info/API?action=check_user_access&content_id=2583 HTTP/1.1" 200 182 "https://chillvision.ru/" "Mozilla/5.0 (Linux; Android 7.0; SAMSUNG SM-G925F) AppleWebKit/537.36 (KHTML, like Gecko) SamsungBrowser/13.2 Chrome/83.0.4103.106 Mobile Safari/537.36"
92.101.184.228 - - [13/Feb/2021:13:28:03 +0300] "GET /collection/356 HTTP/1.1" 200 17145 "https://away.vk.com/" "Mozilla/5.0 (Windows NT 6.1; Win64; x64) AppleWebKit/537.36 (KHTML, like Gecko) Chrome/88.0.4324.150 Safari/537.36"
92.101.184.228 - - [13/Feb/2021:13:28:17 +0300] "GET /manifest.webmanifest HTTP/1.1" 200 569 "https://chillvision.ru/" "Mozilla/5.0 (Windows NT 6.1; Win64; x64) AppleWebKit/537.36 (KHTML, like Gecko) Chrome/88.0.4324.150 Safari/537.36"
5.255.231.18 - - [13/Feb/2021:13:28:19 +0300] "GET /search/by_emoji/15 HTTP/1.1" 200 18660 "-" "Mozilla/5.0 (compatible; YandexBot/3.0; +http://yandex.com/bots)"
46.191.137.114 - - [13/Feb/2021:13:29:27 +0300] "GET /Soap/1599 HTTP/1.1" 200 40199 "https://chillvision.ru/" "Mozilla/5.0 (Windows NT 10.0; Win64; x64) AppleWebKit/537.36 (KHTML, like Gecko) Chrome/88.0.4324.150 Safari/537.36"
46.191.137.114 - - [13/Feb/2021:13:29:28 +0300] "GET /Info/API?action=check_user_access&content_id=1601 HTTP/1.1" 200 180 "https://chillvision.ru/" "Mozilla/5.0 (Windows NT 10.0; Win64; x64) AppleWebKit/537.36 (KHTML, like Gecko) Chrome/88.0.4324.150 Safari/537.36"
213.87.225.36 - - [13/Feb/2021:13:29:37 +0300] "GET /page/best-mistake?utm_source=vk&utm_medium=cpc&utm_campaign=best-mistake&utm_content=general HTTP/1.1" 301 194 "http://away.vk.com/" "Mozilla/5.0 (Linux; Android 10; HRY-LX1T) AppleWebKit/537.36 (KHTML, like Gecko) Chrome/88.0.4324.152 Mobile Safari/537.36"
213.87.225.36 - - [13/Feb/2021:13:29:37 +0300] "GET /page/best-mistake?utm_source=vk&utm_medium=cpc&utm_campaign=best-mistake&utm_content=general HTTP/1.1" 200 13522 "http://away.vk.com/" "Mozilla/5.0 (Linux; Android 10; HRY-LX1T) AppleWebKit/537.36 (KHTML, like Gecko) Chrome/88.0.4324.152 Mobile Safari/537.36"
213.87.225.36 - - [13/Feb/2021:13:29:37 +0300] "GET /page/best-mistake?utm_source=vk&utm_medium=cpc&utm_campaign=best-mistake&utm_content=general HTTP/1.1" 200 13522 "http://away.vk.com/" "Mozilla/5.0 (Linux; Android 10; HRY-LX1T) AppleWebKit/537.36 (KHTML, like Gecko) Chrome/88.0.4324.152 Mobile Safari/537.36"
213.87.225.36 - - [13/Feb/2021:13:29:39 +0300] "GET /Public/API?action=collection&id=356 HTTP/1.1" 200 1956 "https://chillvision.ru/" "Mozilla/5.0 (Linux; Android 10; HRY-LX1T) AppleWebKit/537.36 (KHTML, like Gecko) Chrome/88.0.4324.152 Mobile Safari/537.36"
213.87.225.36 - - [13/Feb/2021:13:29:39 +0300] "GET /Public/API?action=collection&id=356 HTTP/1.1" 200 1956 "https://chillvision.ru/" "Mozilla/5.0 (Linux; Android 10; HRY-LX1T) AppleWebKit/537.36 (KHTML, like Gecko) Chrome/88.0.4324.152 Mobile Safari/537.36"
46.191.137.114 - - [13/Feb/2021:13:29:47 +0300] "GET /Info/API?action=request_access&content_id=1601 HTTP/1.1" 200 151 "https://chillvision.ru/" "Mozilla/5.0 (Windows NT 10.0; Win64; x64) AppleWebKit/537.36 (KHTML, like Gecko) Chrome/88.0.4324.150 Safari/537.36"
178.252.207.207 - - [13/Feb/2021:13:30:56 +0300] "GET /collection/356 HTTP/1.1" 200 17143 "-" "Mozilla/5.0 (Windows NT 6.1) AppleWebKit/537.36 (KHTML, like Gecko) Chrome/88.0.4324.41 YaBrowser/21.2.0.1099 Yowser/2.5 Safari/537.36"
188.234.197.19 - - [13/Feb/2021:13:31:13 +0300] "GET /Soap/572?utm_source=tg&utm_medium=paid&utm_campaign=_mtm&utm_content=10_steps_8&utm_term=archive HTTP/1.1" 301 194 "-" "Mozilla/5.0 (Linux; arm_64; Android 10; Redmi 8) AppleWebKit/537.36 (KHTML, like Gecko) Chrome/87.0.4280.141 YaBrowser/20.12.1.98.00 SA/3 Mobile Safari/537.36"
188.234.197.19 - - [13/Feb/2021:13:31:14 +0300] "GET /Soap/572?utm_source=tg&utm_medium=paid&utm_campaign=_mtm&utm_content=10_steps_8&utm_term=archive HTTP/1.1" 200 38366 "-" "Mozilla/5.0 (Linux; arm_64; Android 10; Redmi 8) AppleWebKit/537.36 (KHTML, like Gecko) Chrome/87.0.4280.141 YaBrowser/20.12.1.98.00 SA/3 Mobile Safari/537.36"
188.234.197.19 - - [13/Feb/2021:13:31:18 +0300] "GET /manifest.webmanifest HTTP/1.1" 200 569 "-" "Mozilla/5.0 (Linux; arm_64; Android 10; Redmi 8) AppleWebKit/537.36 (KHTML, like Gecko) Chrome/87.0.4280.141 YaBrowser/20.12.1.98.00 SA/3 TA/7.1 Mobile Safari/537.36"
188.234.197.19 - - [13/Feb/2021:13:31:21 +0300] "GET /Info/API?action=check_user_access&content_id=578 HTTP/1.1" 200 180 "https://chillvision.ru/" "Mozilla/5.0 (Linux; arm_64; Android 10; Redmi 8) AppleWebKit/537.36 (KHTML, like Gecko) Chrome/87.0.4280.141 YaBrowser/20.12.1.98.00 SA/3 Mobile Safari/537.36"
188.234.197.19 - - [13/Feb/2021:13:31:29 +0300] "GET /manifest.webmanifest HTTP/1.1" 200 569 "https://chillvision.ru/" "Mozilla/5.0 (Linux; arm_64; Android 10; Redmi 8) AppleWebKit/537.36 (KHTML, like Gecko) Chrome/87.0.4280.141 YaBrowser/20.12.1.98.00 SA/3 Mobile Safari/537.36"
188.234.197.19 - - [13/Feb/2021:13:32:01 +0300] "GET /Info/API?action=check_user_access&content_id=579 HTTP/1.1" 200 180 "https://chillvision.ru/" "Mozilla/5.0 (Linux; arm_64; Android 10; Redmi 8) AppleWebKit/537.36 (KHTML, like Gecko) Chrome/87.0.4280.141 YaBrowser/20.12.1.98.00 SA/3 Mobile Safari/537.36"
188.234.197.19 - - [13/Feb/2021:13:32:02 +0300] "GET /Info/API?action=check_user_access&content_id=579 HTTP/1.1" 200 180 "https://chillvision.ru/" "Mozilla/5.0 (Linux; arm_64; Android 10; Redmi 8) AppleWebKit/537.36 (KHTML, like Gecko) Chrome/87.0.4280.141 YaBrowser/20.12.1.98.00 SA/3 Mobile Safari/537.36"
188.234.197.19 - - [13/Feb/2021:13:32:04 +0300] "GET /Info/API?action=check_user_access&content_id=579 HTTP/1.1" 200 181 "https://chillvision.ru/" "Mozilla/5.0 (Linux; arm_64; Android 10; Redmi 8) AppleWebKit/537.36 (KHTML, like Gecko) Chrome/87.0.4280.141 YaBrowser/20.12.1.98.00 SA/3 Mobile Safari/537.36"
178.155.6.113 - - [13/Feb/2021:13:32:29 +0300] "GET /Soap/1599 HTTP/1.1" 200 40202 "https://www.youtube.com/" "Mozilla/5.0 (Windows NT 6.3; Win64; x64) AppleWebKit/537.36 (KHTML, like Gecko) Chrome/87.0.4280.141 Safari/537.36 OPR/73.0.3856.344 (Edition Yx 03)"
178.155.6.113 - - [13/Feb/2021:13:32:31 +0300] "GET /Info/API?action=check_user_access&content_id=1601 HTTP/1.1" 200 180 "https://chillvision.ru/" "Mozilla/5.0 (Windows NT 6.3; Win64; x64) AppleWebKit/537.36 (KHTML, like Gecko) Chrome/87.0.4280.141 Safari/537.36 OPR/73.0.3856.344 (Edition Yx 03)"
185.191.171.14 - - [13/Feb/2021:13:32:47 +0300] "GET /Soap/547 HTTP/1.1" 200 43290 "-" "Mozilla/5.0 (compatible; SemrushBot/7~bl; +http://www.semrush.com/bot.html)"
95.108.244.65 - - [13/Feb/2021:13:32:48 +0300] "GET /page/best-mistake?utm_source=vk&utm_medium=cpc&utm_campaign=best-mistake&utm_content=general HTTP/1.1" 301 194 "http://away.vk.com/" "Mozilla/5.0 (Linux; Android 6.0.1; ZB500KL Build/MMB29M) AppleWebKit/537.36 (KHTML, like Gecko) Chrome/67.0.3396.103 YaBrowser/18.7.0.823.00 Mobile Safari/537.36"
176.59.116.22 - - [13/Feb/2021:13:32:49 +0300] "GET /page/best-mistake?utm_source=vk&utm_medium=cpc&utm_campaign=best-mistake&utm_content=general HTTP/1.1" 200 13531 "http://away.vk.com/" "Mozilla/5.0 (Linux; Android 6.0.1; ZB500KL Build/MMB29M) AppleWebKit/537.36 (KHTML, like Gecko) Chrome/67.0.3396.103 YaBrowser/18.7.0.823.00 Mobile Safari/537.36"
176.59.112.81 - - [13/Feb/2021:13:33:53 +0300] "GET /page/best-mistake?utm_source=vk&utm_medium=cpc&utm_campaign=best-mistake&utm_content=general HTTP/1.1" 301 194 "https://away.vk.com/" "Mozilla/5.0 (Linux; Android 4.4.2; ru-ru; 4009D Build/KOT49H) AppleWebKit/537.36 (KHTML, like Gecko) Version/4.0 Chrome/30.0.0.0 Mobile Safari/537.36"
176.59.112.81 - - [13/Feb/2021:13:33:54 +0300] "GET /page/best-mistake?utm_source=vk&utm_medium=cpc&utm_campaign=best-mistake&utm_content=general HTTP/1.1" 200 13531 "https://away.vk.com/" "Mozilla/5.0 (Linux; Android 4.4.2; ru-ru; 4009D Build/KOT49H) AppleWebKit/537.36 (KHTML, like Gecko) Version/4.0 Chrome/30.0.0.0 Mobile Safari/537.36"
89.232.230.51 - - [13/Feb/2021:13:34:11 +0300] "GET /Soap/1499 HTTP/1.1" 200 39220 "https://chillvision.ru/" "Mozilla/5.0 (Windows NT 10.0; Win64; x64) AppleWebKit/537.36 (KHTML, like Gecko) Chrome/88.0.4324.150 Safari/537.36"
89.232.230.51 - - [13/Feb/2021:13:34:29 +0300] "GET /Info/API?action=check_user_access&content_id=1568 HTTP/1.1" 200 181 "https://chillvision.ru/" "Mozilla/5.0 (Windows NT 10.0; Win64; x64) AppleWebKit/537.36 (KHTML, like Gecko) Chrome/88.0.4324.150 Safari/537.36"
89.232.230.51 - - [13/Feb/2021:13:34:59 +0300] "GET /manifest.webmanifest HTTP/1.1" 200 569 "https://chillvision.ru/" "Mozilla/5.0 (Windows NT 10.0; Win64; x64) AppleWebKit/537.36 (KHTML, like Gecko) Chrome/88.0.4324.150 Safari/537.36"
217.107.124.147 - - [13/Feb/2021:13:35:04 +0300] "GET /collection/356 HTTP/1.1" 200 17146 "https://away.vk.com/" "Mozilla/5.0 (Windows NT 10.0; Win64; x64) AppleWebKit/537.36 (KHTML, like Gecko) Chrome/88.0.4324.150 Safari/537.36"
5.166.169.78 - - [13/Feb/2021:13:35:05 +0300] "GET /page/best-mistake?utm_source=vk&utm_medium=cpc&utm_campaign=best-mistake&utm_content=general HTTP/1.1" 301 194 "http://away.vk.com/" "Mozilla/5.0 (Linux; Android 10; HRY-LX1) AppleWebKit/537.36 (KHTML, like Gecko) Chrome/88.0.4324.152 Mobile Safari/537.36"
5.166.169.78 - - [13/Feb/2021:13:35:05 +0300] "GET /page/best-mistake?utm_source=vk&utm_medium=cpc&utm_campaign=best-mistake&utm_content=general HTTP/1.1" 200 13526 "http://away.vk.com/" "Mozilla/5.0 (Linux; Android 10; HRY-LX1) AppleWebKit/537.36 (KHTML, like Gecko) Chrome/88.0.4324.152 Mobile Safari/537.36"
5.166.169.78 - - [13/Feb/2021:13:35:08 +0300] "GET /Public/API?action=collection&id=356 HTTP/1.1" 200 1956 "https://chillvision.ru/" "Mozilla/5.0 (Linux; Android 10; HRY-LX1) AppleWebKit/537.36 (KHTML, like Gecko) Chrome/88.0.4324.152 Mobile Safari/537.36"
5.166.169.78 - - [13/Feb/2021:13:35:21 +0300] "GET /page/best-mistake?utm_source=vk&utm_medium=cpc&utm_campaign=best-mistake&utm_content=general HTTP/1.1" 200 13524 "http://away.vk.com/" "Mozilla/5.0 (Linux; Android 10; HRY-LX1) AppleWebKit/537.36 (KHTML, like Gecko) Chrome/88.0.4324.152 Mobile Safari/537.36"
5.166.169.78 - - [13/Feb/2021:13:35:22 +0300] "GET /Public/API?action=collection&id=356 HTTP/1.1" 200 1956 "https://chillvision.ru/" "Mozilla/5.0 (Linux; Android 10; HRY-LX1) AppleWebKit/537.36 (KHTML, like Gecko) Chrome/88.0.4324.152 Mobile Safari/537.36"
217.107.124.147 - - [13/Feb/2021:13:35:32 +0300] "GET /manifest.webmanifest HTTP/1.1" 200 569 "https://chillvision.ru/" "Mozilla/5.0 (Windows NT 10.0; Win64; x64) AppleWebKit/537.36 (KHTML, like Gecko) Chrome/88.0.4324.150 Safari/537.36"
85.192.188.133 - - [13/Feb/2021:13:36:13 +0300] "GET /collection/356 HTTP/1.1" 200 17152 "https://away.vk.com/" "Mozilla/5.0 (Windows NT 10.0; Win64; x64) AppleWebKit/537.36 (KHTML, like Gecko) Chrome/88.0.4324.150 Safari/537.36 OPR/74.0.3911.107 (Edition Yx 05)"
85.5.154.103 - - [13/Feb/2021:13:36:15 +0300] "GET /collection/356 HTTP/1.1" 200 17148 "https://away.vk.com/" "Mozilla/5.0 (Windows NT 6.3; WOW64) AppleWebKit/537.36 (KHTML, like Gecko) Chrome/86.0.4240.198 Atom/9.0.1.12 Safari/537.36"
85.5.154.103 - - [13/Feb/2021:13:36:18 +0300] "GET /manifest.webmanifest HTTP/1.1" 200 569 "https://chillvision.ru/" "Mozilla/5.0 (Windows NT 6.3; WOW64) AppleWebKit/537.36 (KHTML, like Gecko) Chrome/86.0.4240.198 Atom/9.0.1.12 Safari/537.36"
5.166.169.78 - - [13/Feb/2021:13:36:34 +0300] "GET /Soap/1720 HTTP/1.1" 200 35301 "https://chillvision.ru/" "Mozilla/5.0 (Linux; Android 10; HRY-LX1) AppleWebKit/537.36 (KHTML, like Gecko) Chrome/88.0.4324.152 Mobile Safari/537.36"
5.166.169.78 - - [13/Feb/2021:13:36:36 +0300] "GET /Info/API?action=check_user_access&content_id=1722 HTTP/1.1" 200 180 "https://chillvision.ru/" "Mozilla/5.0 (Linux; Android 10; HRY-LX1) AppleWebKit/537.36 (KHTML, like Gecko) Chrome/88.0.4324.152 Mobile Safari/537.36"
5.166.169.78 - - [13/Feb/2021:13:36:38 +0300] "GET /manifest.webmanifest HTTP/1.1" 200 569 "https://chillvision.ru/" "Mozilla/5.0 (Linux; Android 10; HRY-LX1) AppleWebKit/537.36 (KHTML, like Gecko) Chrome/88.0.4324.152 Mobile Safari/537.36"
5.166.169.78 - - [13/Feb/2021:13:36:57 +0300] "GET /page/best-mistake?utm_source=vk&utm_medium=cpc&utm_campaign=best-mistake&utm_content=general HTTP/1.1" 200 13522 "http://away.vk.com/" "Mozilla/5.0 (Linux; Android 10; HRY-LX1) AppleWebKit/537.36 (KHTML, like Gecko) Chrome/88.0.4324.152 Mobile Safari/537.36"
85.5.154.103 - - [13/Feb/2021:13:36:58 +0300] "GET /Soap/1599 HTTP/1.1" 403 15051 "https://chillvision.ru/" "Mozilla/5.0 (Windows NT 6.3; WOW64) AppleWebKit/537.36 (KHTML, like Gecko) Chrome/86.0.4240.198 Atom/9.0.1.12 Safari/537.36"
5.166.169.78 - - [13/Feb/2021:13:36:58 +0300] "GET /Public/API?action=collection&id=356 HTTP/1.1" 200 1956 "https://chillvision.ru/" "Mozilla/5.0 (Linux; Android 10; HRY-LX1) AppleWebKit/537.36 (KHTML, like Gecko) Chrome/88.0.4324.152 Mobile Safari/537.36"
85.192.188.133 - - [13/Feb/2021:13:38:15 +0300] "GET /Soap/2027 HTTP/1.1" 200 39366 "https://chillvision.ru/" "Mozilla/5.0 (Windows NT 10.0; Win64; x64) AppleWebKit/537.36 (KHTML, like Gecko) Chrome/88.0.4324.150 Safari/537.36 OPR/74.0.3911.107 (Edition Yx 05)"
85.192.188.133 - - [13/Feb/2021:13:38:21 +0300] "GET /Info/API?action=check_user_access&content_id=2031 HTTP/1.1" 200 179 "https://chillvision.ru/" "Mozilla/5.0 (Windows NT 10.0; Win64; x64) AppleWebKit/537.36 (KHTML, like Gecko) Chrome/88.0.4324.150 Safari/537.36 OPR/74.0.3911.107 (Edition Yx 05)"
54.37.234.58 - - [13/Feb/2021:13:38:53 +0300] "GET /collection/356 HTTP/1.1" 200 17155 "-" "Mozilla/5.0 (compatible; AdBot/1.0)"
37.192.168.177 - - [13/Feb/2021:13:39:24 +0300] "GET /page/best-mistake?utm_source=vk&utm_medium=cpc&utm_campaign=best-mistake&utm_content=general HTTP/1.1" 200 13528 "http://away.vk.com/" "Mozilla/5.0 (iPhone; CPU iPhone OS 12_5_1 like Mac OS X) AppleWebKit/605.1.15 (KHTML, like Gecko) Version/12.1.2 Mobile/15E148 Safari/604.1"
37.192.168.177 - - [13/Feb/2021:13:39:38 +0300] "GET /Public/API?action=collection&id=356 HTTP/1.1" 200 1956 "https://chillvision.ru/" "Mozilla/5.0 (iPhone; CPU iPhone OS 12_5_1 like Mac OS X) AppleWebKit/605.1.15 (KHTML, like Gecko) Version/12.1.2 Mobile/15E148 Safari/604.1"
176.102.17.17 - - [13/Feb/2021:13:39:45 +0300] "GET /collection/356 HTTP/1.1" 200 17146 "https://away.vk.com/" "Mozilla/5.0 (Windows NT 6.1) AppleWebKit/537.36 (KHTML, like Gecko) Chrome/88.0.4324.150 Safari/537.36"
176.102.17.17 - - [13/Feb/2021:13:39:58 +0300] "GET /manifest.webmanifest HTTP/1.1" 200 569 "https://chillvision.ru/" "Mozilla/5.0 (Windows NT 6.1) AppleWebKit/537.36 (KHTML, like Gecko) Chrome/88.0.4324.150 Safari/537.36"
95.139.65.191 - - [13/Feb/2021:13:40:08 +0300] "GET /collection/356 HTTP/1.1" 200 17151 "https://away.vk.com/" "Mozilla/5.0 (Windows NT 6.1; Win64; x64) AppleWebKit/537.36 (KHTML, like Gecko) Chrome/88.0.4324.150 Safari/537.36"
95.139.65.191 - - [13/Feb/2021:13:40:14 +0300] "GET /manifest.webmanifest HTTP/1.1" 200 569 "https://chillvision.ru/" "Mozilla/5.0 (Windows NT 6.1; Win64; x64) AppleWebKit/537.36 (KHTML, like Gecko) Chrome/88.0.4324.150 Safari/537.36"
85.192.188.133 - - [13/Feb/2021:13:40:43 +0300] "GET /Info/API?action=request_access&content_id=2031 HTTP/1.1" 200 151 "https://chillvision.ru/" "Mozilla/5.0 (Windows NT 10.0; Win64; x64) AppleWebKit/537.36 (KHTML, like Gecko) Chrome/88.0.4324.150 Safari/537.36 OPR/74.0.3911.107 (Edition Yx 05)"
176.102.17.17 - - [13/Feb/2021:13:41:37 +0300] "GET /Soap/526 HTTP/1.1" 200 43539 "https://chillvision.ru/" "Mozilla/5.0 (Windows NT 6.1) AppleWebKit/537.36 (KHTML, like Gecko) Chrome/88.0.4324.150 Safari/537.36"
176.102.17.17 - - [13/Feb/2021:13:41:41 +0300] "GET /Info/API?action=check_user_access&content_id=528 HTTP/1.1" 200 180 "https://chillvision.ru/" "Mozilla/5.0 (Windows NT 6.1) AppleWebKit/537.36 (KHTML, like Gecko) Chrome/88.0.4324.150 Safari/537.36"
178.75.117.148 - - [13/Feb/2021:13:42:15 +0300] "GET /page/best-mistake?utm_source=vk&utm_medium=cpc&utm_campaign=best-mistake&utm_content=general HTTP/1.1" 301 194 "http://away.vk.com/" "Mozilla/5.0 (Linux; Android 5.1; FS506) AppleWebKit/537.36 (KHTML, like Gecko) Chrome/88.0.4324.141 Mobile Safari/537.36"
178.75.117.148 - - [13/Feb/2021:13:42:15 +0300] "GET /page/best-mistake?utm_source=vk&utm_medium=cpc&utm_campaign=best-mistake&utm_content=general HTTP/1.1" 200 13530 "http://away.vk.com/" "Mozilla/5.0 (Linux; Android 5.1; FS506) AppleWebKit/537.36 (KHTML, like Gecko) Chrome/88.0.4324.141 Mobile Safari/537.36"
178.75.117.148 - - [13/Feb/2021:13:42:19 +0300] "GET /Public/API?action=collection&id=356 HTTP/1.1" 200 1956 "https://chillvision.ru/" "Mozilla/5.0 (Linux; Android 5.1; FS506) AppleWebKit/537.36 (KHTML, like Gecko) Chrome/88.0.4324.141 Mobile Safari/537.36"
83.139.167.9 - - [13/Feb/2021:13:43:01 +0300] "GET /?utm_source=yandex_direct&utm_medium=cpc&utm_campaign=brend&utm_content=9543500315&utm_term=chill&_openstat=ZGlyZWN0LnlhbmRleC5ydTs1NDQ3MjgwNTs5NTQzNTAwMzE1O3lhbmRleC5ydTpwcmVtaXVt&yclid=553695701347361338 HTTP/1.1" 301 194 "https://yabs.yandex.ru/count/WhyejI_zO7a2hHK0v2HiGONIYjbfkWK0UGCnBwqdO000000u109mXCZHyC43W06AbQQ9nkwavq680ThfYSXHa06sYBADnu20W0AO0RQ8ier7k07-YU7r7y01NDW1mlRx8E01rCtx8EW178W2mTAF0Q02Yg6c6DW20l02ceIZeGIO0w-F9Fly0VW4uS1yY0NXm7oG1RsmqG6W1OZ-9QW5tDCVi0NSqn-u1TUTDU051V05v0IO1fYQhyOr_Q7n0t7xV2bHX9oFxHsl1x07W82ODBW7W0Nn1nrym4sKszT5-0S2nP2J3CaAKT1-EAhewp-g2n2BcBZFKOG00BFxN6erkmK0sGle2-70VF0B2uWCt9dUlW6f39391LB5RiQ_w0od0k0DWu20G8aE-pfmpeZIxBNwXus_eDpzVA0Em8Gzs0u1eGzIk1w5wr7oFzaFW13buFmPq13kZAzV-13t_____m604VC2c16ObGUXHk8RunxIQZ-n4ZY55nZiiUC_wH83WvILRaJtU_0ICfWJ0gWJylRrzFkDfgmMm1F__m7W4zUTDQ0Krvqrg1IziD7OmyVv1UWKZ0B85UApeFpS1D0LsCF7-GNO5S6AzkoZZxpyO_2O5j2GdO06eCaMy3_G5joPthu1WHS0y3-O5_YQg2ge5md05xG2s1V0X3sP6A0O4x0OWgkUWGRG627u6DV2d_xqzSEBVu0PiFIuuj2zaRaWa1a1e1c20x0Pk1d__m7I6H9vOM9pNtDbSdPbSYzoDJ0oBJJe6O320_0PWC83-1cAaFSVWHh__qT77tub3o00LikOcQkKK940T-wHHrCPaIuR4Gwgju_Ai0hBM3cyVUcGG5IPW5XMYnsU2MWP3e9ZKzhIu3r7HS0hOtptYyAzjNmGxQPQVfHd5u0GdD4nE03JCFypHwFnVjM3qmrWPVoKHWWn~1?from=yandex.ru%3Bsearch%26%23x2F%3B%3Bweb%3B%3B0%3B&q=chill&etext=2202.y6O50j2exFaPajoMr-SSCmRvdXd4ZG9kbnB5ZXZpbno.da7439b78bb04f6a994382bf52eec21e492a6f59&baobab_event_id=kl3lcu1rje" "Mozilla/5.0 (Windows NT 10.0; Win64; x64) AppleWebKit/537.36 (KHTML, like Gecko) Chrome/88.0.4324.41 YaBrowser/21.2.0.1097 Yowser/2.5 Safari/537.36"
83.139.167.9 - - [13/Feb/2021:13:43:01 +0300] "GET /?utm_source=yandex_direct&utm_medium=cpc&utm_campaign=brend&utm_content=9543500315&utm_term=chill&_openstat=ZGlyZWN0LnlhbmRleC5ydTs1NDQ3MjgwNTs5NTQzNTAwMzE1O3lhbmRleC5ydTpwcmVtaXVt&yclid=553695701347361338 HTTP/1.1" 200 25082 "https://yabs.yandex.ru/count/WhyejI_zO7a2hHK0v2HiGONIYjbfkWK0UGCnBwqdO000000u109mXCZHyC43W06AbQQ9nkwavq680ThfYSXHa06sYBADnu20W0AO0RQ8ier7k07-YU7r7y01NDW1mlRx8E01rCtx8EW178W2mTAF0Q02Yg6c6DW20l02ceIZeGIO0w-F9Fly0VW4uS1yY0NXm7oG1RsmqG6W1OZ-9QW5tDCVi0NSqn-u1TUTDU051V05v0IO1fYQhyOr_Q7n0t7xV2bHX9oFxHsl1x07W82ODBW7W0Nn1nrym4sKszT5-0S2nP2J3CaAKT1-EAhewp-g2n2BcBZFKOG00BFxN6erkmK0sGle2-70VF0B2uWCt9dUlW6f39391LB5RiQ_w0od0k0DWu20G8aE-pfmpeZIxBNwXus_eDpzVA0Em8Gzs0u1eGzIk1w5wr7oFzaFW13buFmPq13kZAzV-13t_____m604VC2c16ObGUXHk8RunxIQZ-n4ZY55nZiiUC_wH83WvILRaJtU_0ICfWJ0gWJylRrzFkDfgmMm1F__m7W4zUTDQ0Krvqrg1IziD7OmyVv1UWKZ0B85UApeFpS1D0LsCF7-GNO5S6AzkoZZxpyO_2O5j2GdO06eCaMy3_G5joPthu1WHS0y3-O5_YQg2ge5md05xG2s1V0X3sP6A0O4x0OWgkUWGRG627u6DV2d_xqzSEBVu0PiFIuuj2zaRaWa1a1e1c20x0Pk1d__m7I6H9vOM9pNtDbSdPbSYzoDJ0oBJJe6O320_0PWC83-1cAaFSVWHh__qT77tub3o00LikOcQkKK940T-wHHrCPaIuR4Gwgju_Ai0hBM3cyVUcGG5IPW5XMYnsU2MWP3e9ZKzhIu3r7HS0hOtptYyAzjNmGxQPQVfHd5u0GdD4nE03JCFypHwFnVjM3qmrWPVoKHWWn~1?from=yandex.ru%3Bsearch%26%23x2F%3B%3Bweb%3B%3B0%3B&q=chill&etext=2202.y6O50j2exFaPajoMr-SSCmRvdXd4ZG9kbnB5ZXZpbno.da7439b78bb04f6a994382bf52eec21e492a6f59&baobab_event_id=kl3lcu1rje" "Mozilla/5.0 (Windows NT 10.0; Win64; x64) AppleWebKit/537.36 (KHTML, like Gecko) Chrome/88.0.4324.41 YaBrowser/21.2.0.1097 Yowser/2.5 Safari/537.36"
83.139.167.9 - - [13/Feb/2021:13:43:06 +0300] "GET /manifest.webmanifest HTTP/1.1" 200 569 "https://chillvision.ru/" "Mozilla/5.0 (Windows NT 10.0; Win64; x64) AppleWebKit/537.36 (KHTML, like Gecko) Chrome/88.0.4324.41 YaBrowser/21.2.0.1097 Yowser/2.5 Safari/537.36"
85.175.184.188 - - [13/Feb/2021:13:44:18 +0300] "GET /Soap/2581?utm_source=relap HTTP/1.1" 200 32480 "https://relap.io/" "Mozilla/5.0 (iPhone; CPU iPhone OS 12_5_1 like Mac OS X) AppleWebKit/605.1.15 (KHTML, like Gecko) Version/12.1.2 Mobile/15E148 Safari/604.1"
85.175.184.188 - - [13/Feb/2021:13:44:27 +0300] "GET /Info/API?action=check_user_access&content_id=2583 HTTP/1.1" 200 182 "https://chillvision.ru/" "Mozilla/5.0 (iPhone; CPU iPhone OS 12_5_1 like Mac OS X) AppleWebKit/605.1.15 (KHTML, like Gecko) Version/12.1.2 Mobile/15E148 Safari/604.1"
35.237.4.214 - - [13/Feb/2021:13:44:30 +0300] "GET /collection/356 HTTP/1.1" 200 120382 "-" "Mozilla/5.0 (compatible; Discordbot/2.0; +https://discordapp.com)"
109.94.15.75 - - [13/Feb/2021:13:44:32 +0300] "GET /collection/356 HTTP/1.1" 200 17141 "-" "Mozilla/5.0 (Windows NT 6.1; Win64; x64) AppleWebKit/537.36 (KHTML, like Gecko) Chrome/88.0.4324.150 Safari/537.36"
109.94.15.75 - - [13/Feb/2021:13:44:35 +0300] "GET /manifest.webmanifest HTTP/1.1" 200 569 "https://chillvision.ru/" "Mozilla/5.0 (Windows NT 6.1; Win64; x64) AppleWebKit/537.36 (KHTML, like Gecko) Chrome/88.0.4324.150 Safari/537.36"
5.255.231.18 - - [13/Feb/2021:13:45:07 +0300] "GET /Soap/526 HTTP/1.1" 200 43536 "-" "Mozilla/5.0 (compatible; YandexBot/3.0; +http://yandex.com/bots)"
77.222.104.181 - - [13/Feb/2021:13:46:31 +0300] "GET /collection/356 HTTP/1.1" 200 17151 "https://away.vk.com/" "Mozilla/5.0 (Windows NT 6.1; WOW64) AppleWebKit/537.36 (KHTML, like Gecko) Chrome/61.0.3163.125 Amigo/61.0.3163.125 MRCHROME SOC Safari/537.36"
91.210.194.34 - - [13/Feb/2021:13:46:58 +0300] "GET /page/best-mistake?utm_source=vk&utm_medium=cpc&utm_campaign=best-mistake&utm_content=general HTTP/1.1" 301 194 "http://away.vk.com/" "Mozilla/5.0 (Linux; Android 9; SM-A600FN Build/PPR1.180610.011) AppleWebKit/537.36 (KHTML, like Gecko) Chrome/67.0.3396.103 YaBrowser/18.7.1.595.00 Mobile Safari/537.36"
91.210.194.34 - - [13/Feb/2021:13:46:58 +0300] "GET /page/best-mistake?utm_source=vk&utm_medium=cpc&utm_campaign=best-mistake&utm_content=general HTTP/1.1" 200 13520 "http://away.vk.com/" "Mozilla/5.0 (Linux; Android 9; SM-A600FN Build/PPR1.180610.011) AppleWebKit/537.36 (KHTML, like Gecko) Chrome/67.0.3396.103 YaBrowser/18.7.1.595.00 Mobile Safari/537.36"
91.210.194.34 - - [13/Feb/2021:13:47:04 +0300] "GET /Public/API?action=collection&id=356 HTTP/1.1" 200 1956 "https://chillvision.ru/" "Mozilla/5.0 (Linux; Android 9; SM-A600FN Build/PPR1.180610.011) AppleWebKit/537.36 (KHTML, like Gecko) Chrome/67.0.3396.103 YaBrowser/18.7.1.595.00 Mobile Safari/537.36"
151.252.105.5 - - [13/Feb/2021:13:48:26 +0300] "GET /Soap/440 HTTP/1.1" 200 39904 "https://zen.yandex.ru/media/chill_online/7-krutyh-i-zreliscnyh-serialov-6001ae31d0d4386c9f5d0aad" "Mozilla/5.0 (Windows NT 6.1) AppleWebKit/537.36 (KHTML, like Gecko) Chrome/87.0.4280.141 Safari/537.36 OPR/73.0.3856.344 (Edition Yx 05)"
212.74.203.119 - - [13/Feb/2021:13:49:57 +0300] "GET /collection/356 HTTP/1.1" 200 17141 "https://away.vk.com/" "Mozilla/5.0 (Windows NT 10.0; Win64; x64) AppleWebKit/537.36 (KHTML, like Gecko) Chrome/66.0.3359.181 Safari/537.36"
31.163.125.8 - - [13/Feb/2021:13:50:15 +0300] "GET /collection/356 HTTP/1.1" 200 17145 "-" "Mozilla/5.0 (Windows NT 6.1) AppleWebKit/537.36 (KHTML, like Gecko) Chrome/88.0.4324.41 YaBrowser/21.2.0.1099 Yowser/2.5 Safari/537.36"
31.163.125.8 - - [13/Feb/2021:13:50:24 +0300] "GET /manifest.webmanifest HTTP/1.1" 200 569 "https://chillvision.ru/" "Mozilla/5.0 (Windows NT 6.1) AppleWebKit/537.36 (KHTML, like Gecko) Chrome/88.0.4324.41 YaBrowser/21.2.0.1099 Yowser/2.5 Safari/537.36"
194.28.63.170 - - [13/Feb/2021:13:52:04 +0300] "GET /collection/356 HTTP/1.1" 200 17142 "https://vk.com/" "Mozilla/5.0 (Windows NT 6.1; Win64; x64) AppleWebKit/537.36 (KHTML, like Gecko) Chrome/88.0.4324.41 YaBrowser/21.2.0.1097 Yowser/2.5 Safari/537.36"
94.231.134.254 - - [13/Feb/2021:13:52:16 +0300] "GET /page/best-mistake?utm_source=vk&utm_medium=cpc&utm_campaign=best-mistake&utm_content=general HTTP/1.1" 301 194 "http://away.vk.com/" "Mozilla/5.0 (Linux; U; Android 9; ru-ru; Redmi Note 5 Build/PKQ1.180904.001) AppleWebKit/537.36 (KHTML, like Gecko) Version/4.0 Chrome/71.0.3578.141 Mobile Safari/537.36 XiaoMi/MiuiBrowser/12.7.5-go"
94.231.134.254 - - [13/Feb/2021:13:52:17 +0300] "GET /page/best-mistake?utm_source=vk&utm_medium=cpc&utm_campaign=best-mistake&utm_content=general HTTP/1.1" 200 13527 "http://away.vk.com/" "Mozilla/5.0 (Linux; U; Android 9; ru-ru; Redmi Note 5 Build/PKQ1.180904.001) AppleWebKit/537.36 (KHTML, like Gecko) Version/4.0 Chrome/71.0.3578.141 Mobile Safari/537.36 XiaoMi/MiuiBrowser/12.7.5-go"
194.28.63.170 - - [13/Feb/2021:13:52:34 +0300] "GET /manifest.webmanifest HTTP/1.1" 200 569 "https://chillvision.ru/" "Mozilla/5.0 (Windows NT 6.1; Win64; x64) AppleWebKit/537.36 (KHTML, like Gecko) Chrome/88.0.4324.41 YaBrowser/21.2.0.1097 Yowser/2.5 Safari/537.36"
95.174.106.217 - - [13/Feb/2021:13:53:47 +0300] "GET /page/best-mistake?utm_source=vk&utm_medium=cpc&utm_campaign=best-mistake&utm_content=general HTTP/1.1" 200 13527 "-" "Mozilla/5.0 (Linux; Android 10; Redmi 8) AppleWebKit/537.36 (KHTML, like Gecko) Chrome/88.0.4324.152 Mobile Safari/537.36"
95.174.106.217 - - [13/Feb/2021:13:53:50 +0300] "GET /Public/API?action=collection&id=356 HTTP/1.1" 200 1956 "https://chillvision.ru/" "Mozilla/5.0 (Linux; Android 10; Redmi 8) AppleWebKit/537.36 (KHTML, like Gecko) Chrome/88.0.4324.152 Mobile Safari/537.36"
37.146.60.225 - - [13/Feb/2021:13:53:56 +0300] "GET /page/best-mistake?utm_source=vk&utm_medium=cpc&utm_campaign=best-mistake&utm_content=general HTTP/1.1" 301 194 "http://away.vk.com/" "Mozilla/5.0 (Linux; Android 9; Redmi Note 5) AppleWebKit/537.36 (KHTML, like Gecko) Chrome/88.0.4324.152 Mobile Safari/537.36"
37.146.60.225 - - [13/Feb/2021:13:53:56 +0300] "GET /page/best-mistake?utm_source=vk&utm_medium=cpc&utm_campaign=best-mistake&utm_content=general HTTP/1.1" 200 13525 "http://away.vk.com/" "Mozilla/5.0 (Linux; Android 9; Redmi Note 5) AppleWebKit/537.36 (KHTML, like Gecko) Chrome/88.0.4324.152 Mobile Safari/537.36"
37.146.60.225 - - [13/Feb/2021:13:53:58 +0300] "GET /Public/API?action=collection&id=356 HTTP/1.1" 200 1956 "https://chillvision.ru/" "Mozilla/5.0 (Linux; Android 9; Redmi Note 5) AppleWebKit/537.36 (KHTML, like Gecko) Chrome/88.0.4324.152 Mobile Safari/537.36"
5.255.231.18 - - [13/Feb/2021:13:55:31 +0300] "GET /collection/356 HTTP/1.1" 200 17146 "-" "Mozilla/5.0 (compatible; YandexBot/3.0; +http://yandex.com/bots)"
40.77.190.55 - - [13/Feb/2021:13:55:39 +0300] "GET /Info/API?action=check_user_access&content_id=1613 HTTP/1.1" 200 214 "-" "Mozilla/5.0 (Windows NT 6.1; WOW64) AppleWebKit/534+ (KHTML, like Gecko) BingPreview/1.0b"
78.106.20.201 - - [13/Feb/2021:13:56:00 +0300] "GET /page/best-mistake?utm_source=vk&utm_medium=cpc&utm_campaign=best-mistake&utm_content=general HTTP/1.1" 200 13527 "http://away.vk.com/" "Mozilla/5.0 (iPhone; CPU iPhone OS 14_4 like Mac OS X) AppleWebKit/605.1.15 (KHTML, like Gecko) Version/14.0.3 Mobile/15E148 Safari/604.1"
78.106.20.201 - - [13/Feb/2021:13:56:01 +0300] "GET /Public/API?action=collection&id=356 HTTP/1.1" 200 1956 "https://chillvision.ru/" "Mozilla/5.0 (iPhone; CPU iPhone OS 14_4 like Mac OS X) AppleWebKit/605.1.15 (KHTML, like Gecko) Version/14.0.3 Mobile/15E148 Safari/604.1"
83.220.237.53 - - [13/Feb/2021:13:57:47 +0300] "GET /collection/356 HTTP/1.1" 200 17142 "https://away.vk.com/" "Mozilla/5.0 (Windows NT 6.1; WOW64) AppleWebKit/537.36 (KHTML, like Gecko) Chrome/88.0.4324.41 YaBrowser/21.2.0.1099 Yowser/2.5 Safari/537.36"
85.26.165.56 - - [13/Feb/2021:13:57:49 +0300] "GET /collection/356 HTTP/1.1" 200 17140 "https://away.vk.com/" "Mozilla/5.0 (Windows NT 6.2; Win64; x64) AppleWebKit/537.36 (KHTML, like Gecko) Chrome/88.0.4324.104 Safari/537.36 OPR/74.0.3911.75"
5.255.231.18 - - [13/Feb/2021:13:59:13 +0300] "GET /?yclid=7710547526903176844 HTTP/1.1" 301 194 "-" "Mozilla/5.0 (compatible; YandexMetrika/2.0; +http://yandex.com/bots yabs01)"
5.45.207.175 - - [13/Feb/2021:13:59:13 +0300] "GET /?yclid=7710547526903176844 HTTP/1.1" 200 25074 "-" "Mozilla/5.0 (compatible; YandexMetrika/2.0; +http://yandex.com/bots yabs01)"
81.177.127.171 - - [13/Feb/2021:13:59:20 +0300] "GET /collection/356 HTTP/1.1" 200 17148 "https://away.vk.com/" "Mozilla/5.0 (Windows NT 10.0; WOW64) AppleWebKit/537.36 (KHTML, like Gecko) Chrome/88.0.4324.150 Safari/537.36"
66.249.76.111 - - [13/Feb/2021:13:59:20 +0300] "GET /Soap/1487 HTTP/1.1" 200 40319 "-" "Mozilla/5.0 (compatible; Googlebot/2.1; +http://www.google.com/bot.html)"
81.177.127.171 - - [13/Feb/2021:13:59:28 +0300] "GET /manifest.webmanifest HTTP/1.1" 200 569 "https://chillvision.ru/" "Mozilla/5.0 (Windows NT 10.0; WOW64) AppleWebKit/537.36 (KHTML, like Gecko) Chrome/88.0.4324.150 Safari/537.36"
66.249.76.110 - - [13/Feb/2021:13:59:34 +0300] "GET /Info/API?action=check_user_access&content_id=1489 HTTP/1.1" 200 182 "https://chillvision.ru/" "Mozilla/5.0 AppleWebKit/537.36 (KHTML, like Gecko; compatible; Googlebot/2.1; +http://www.google.com/bot.html) Chrome/88.0.4324.143 Safari/537.36"
66.249.76.111 - - [13/Feb/2021:14:00:51 +0300] "GET /Soap/1487 HTTP/1.1" 200 40315 "-" "Mozilla/5.0 (compatible; Googlebot/2.1; +http://www.google.com/bot.html)"
176.51.27.48 - - [13/Feb/2021:14:01:31 +0300] "GET /collection/356 HTTP/1.1" 200 17142 "-" "Mozilla/5.0 (Windows NT 6.1) AppleWebKit/537.36 (KHTML, like Gecko) Chrome/87.0.4280.141 Safari/537.36 OPR/73.0.3856.344"
188.170.173.93 - - [13/Feb/2021:14:01:46 +0300] "GET /page/best-mistake?utm_source=vk&utm_medium=cpc&utm_campaign=best-mistake&utm_content=general HTTP/1.1" 301 194 "http://away.vk.com/" "Mozilla/5.0 (Linux; Android 9; SAMSUNG SM-A505FN) AppleWebKit/537.36 (KHTML, like Gecko) SamsungBrowser/13.2 Chrome/83.0.4103.106 Mobile Safari/537.36"
188.170.173.93 - - [13/Feb/2021:14:01:46 +0300] "GET /page/best-mistake?utm_source=vk&utm_medium=cpc&utm_campaign=best-mistake&utm_content=general HTTP/1.1" 200 13528 "http://away.vk.com/" "Mozilla/5.0 (Linux; Android 9; SAMSUNG SM-A505FN) AppleWebKit/537.36 (KHTML, like Gecko) SamsungBrowser/13.2 Chrome/83.0.4103.106 Mobile Safari/537.36"
188.170.173.93 - - [13/Feb/2021:14:01:50 +0300] "GET /Public/API?action=collection&id=356 HTTP/1.1" 200 1956 "https://chillvision.ru/" "Mozilla/5.0 (Linux; Android 9; SAMSUNG SM-A505FN) AppleWebKit/537.36 (KHTML, like Gecko) SamsungBrowser/13.2 Chrome/83.0.4103.106 Mobile Safari/537.36"
213.87.137.4 - - [13/Feb/2021:14:02:24 +0300] "GET /page/best-mistake?utm_source=vk&utm_medium=cpc&utm_campaign=best-mistake&utm_content=general HTTP/1.1" 301 194 "http://away.vk.com/" "Mozilla/5.0 (Linux; Android 10; SAMSUNG SM-A515F) AppleWebKit/537.36 (KHTML, like Gecko) SamsungBrowser/11.0 Chrome/75.0.3770.143 Mobile Safari/537.36"
213.87.137.4 - - [13/Feb/2021:14:02:24 +0300] "GET /page/best-mistake?utm_source=vk&utm_medium=cpc&utm_campaign=best-mistake&utm_content=general HTTP/1.1" 200 13528 "http://away.vk.com/" "Mozilla/5.0 (Linux; Android 10; SAMSUNG SM-A515F) AppleWebKit/537.36 (KHTML, like Gecko) SamsungBrowser/11.0 Chrome/75.0.3770.143 Mobile Safari/537.36"
213.87.137.4 - - [13/Feb/2021:14:02:29 +0300] "GET /Public/API?action=collection&id=356 HTTP/1.1" 200 1956 "https://chillvision.ru/" "Mozilla/5.0 (Linux; Android 10; SAMSUNG SM-A515F) AppleWebKit/537.36 (KHTML, like Gecko) SamsungBrowser/11.0 Chrome/75.0.3770.143 Mobile Safari/537.36"
213.87.137.4 - - [13/Feb/2021:14:02:51 +0300] "GET /Soap/1599 HTTP/1.1" 200 40197 "https://chillvision.ru/" "Mozilla/5.0 (Linux; Android 10; SAMSUNG SM-A515F) AppleWebKit/537.36 (KHTML, like Gecko) SamsungBrowser/11.0 Chrome/75.0.3770.143 Mobile Safari/537.36"
213.87.137.4 - - [13/Feb/2021:14:02:55 +0300] "GET /Info/API?action=check_user_access&content_id=1601 HTTP/1.1" 200 181 "https://chillvision.ru/" "Mozilla/5.0 (Linux; Android 10; SAMSUNG SM-A515F) AppleWebKit/537.36 (KHTML, like Gecko) SamsungBrowser/11.0 Chrome/75.0.3770.143 Mobile Safari/537.36"
213.87.137.4 - - [13/Feb/2021:14:02:56 +0300] "GET /page/best-mistake?utm_source=vk&utm_medium=cpc&utm_campaign=best-mistake&utm_content=general HTTP/1.1" 200 13532 "http://away.vk.com/" "Mozilla/5.0 (Linux; Android 10; SAMSUNG SM-A515F) AppleWebKit/537.36 (KHTML, like Gecko) SamsungBrowser/11.0 Chrome/75.0.3770.143 Mobile Safari/537.36"
213.87.137.4 - - [13/Feb/2021:14:02:57 +0300] "GET /Public/API?action=collection&id=356 HTTP/1.1" 200 1956 "https://chillvision.ru/" "Mozilla/5.0 (Linux; Android 10; SAMSUNG SM-A515F) AppleWebKit/537.36 (KHTML, like Gecko) SamsungBrowser/11.0 Chrome/75.0.3770.143 Mobile Safari/537.36"
213.87.137.4 - - [13/Feb/2021:14:03:19 +0300] "GET /page/best-mistake?utm_source=vk&utm_medium=cpc&utm_campaign=best-mistake&utm_content=general HTTP/1.1" 200 13528 "http://away.vk.com/" "Mozilla/5.0 (Linux; Android 10; SAMSUNG SM-A515F) AppleWebKit/537.36 (KHTML, like Gecko) SamsungBrowser/11.0 Chrome/75.0.3770.143 Mobile Safari/537.36"
213.87.137.4 - - [13/Feb/2021:14:03:19 +0300] "GET /Public/API?action=collection&id=356 HTTP/1.1" 200 1956 "https://chillvision.ru/" "Mozilla/5.0 (Linux; Android 10; SAMSUNG SM-A515F) AppleWebKit/537.36 (KHTML, like Gecko) SamsungBrowser/11.0 Chrome/75.0.3770.143 Mobile Safari/537.36"
213.87.137.4 - - [13/Feb/2021:14:03:53 +0300] "GET /Auth/Social_vk HTTP/1.1" 302 0 "https://chillvision.ru/" "Mozilla/5.0 (Linux; Android 10; SAMSUNG SM-A515F) AppleWebKit/537.36 (KHTML, like Gecko) SamsungBrowser/11.0 Chrome/75.0.3770.143 Mobile Safari/537.36"
213.87.137.4 - - [13/Feb/2021:14:04:32 +0300] "GET /Auth/Social_vk?code=8054b82b64614f7ac9&state=HA-PXJABRIEZUCMDT58V9Y1W0HK73426NSQGLFO HTTP/1.1" 200 889 "https://oauth.vk.com/authorize?client_id=7567371&redirect_uri=https%3A%2F%2Fchillvision.ru%2FAuth%2FSocial_vk&response_type=code&scope=4194304&v=&state=HA-PXJABRIEZUCMDT58V9Y1W0HK73426NSQGLFO&display=page&__q_hash=804920b190f0641fb260280e1939c5f1" "Mozilla/5.0 (Linux; Android 10; SAMSUNG SM-A515F) AppleWebKit/537.36 (KHTML, like Gecko) SamsungBrowser/11.0 Chrome/75.0.3770.143 Mobile Safari/537.36"
