178.176.165.133 - - [13/Feb/2021:10:24:05 +0300] "GET /Public/API?action=search&q=%D0%A1%D0%BF%D0%BE%D1%81%D0%BE HTTP/1.1" 200 297 "https://chillvision.ru/" "Mozilla/5.0 (Linux; U; Android 9; ru-ru; Redmi Note 7 Build/PKQ1.180904.001) AppleWebKit/537.36 (KHTML, like Gecko) Version/4.0 Chrome/71.0.3578.141 Mobile Safari/537.36 XiaoMi/MiuiBrowser/12.1.7-g"
178.176.165.133 - - [13/Feb/2021:10:24:05 +0300] "GET /Public/API?action=search&q=%D0%A1%D0%BF%D0%BE%D1%81 HTTP/1.1" 200 295 "https://chillvision.ru/" "Mozilla/5.0 (Linux; U; Android 9; ru-ru; Redmi Note 7 Build/PKQ1.180904.001) AppleWebKit/537.36 (KHTML, like Gecko) Version/4.0 Chrome/71.0.3578.141 Mobile Safari/537.36 XiaoMi/MiuiBrowser/12.1.7-g"
178.176.165.133 - - [13/Feb/2021:10:24:07 +0300] "GET /Profile HTTP/1.1" 200 18403 "https://chillvision.ru/" "Mozilla/5.0 (Linux; U; Android 9; ru-ru; Redmi Note 7 Build/PKQ1.180904.001) AppleWebKit/537.36 (KHTML, like Gecko) Version/4.0 Chrome/71.0.3578.141 Mobile Safari/537.36 XiaoMi/MiuiBrowser/12.1.7-g"
178.176.165.133 - - [13/Feb/2021:10:24:10 +0300] "GET /manifest.webmanifest HTTP/1.1" 200 569 "https://chillvision.ru/" "Mozilla/5.0 (Linux; U; Android 9; ru-ru; Redmi Note 7 Build/PKQ1.180904.001) AppleWebKit/537.36 (KHTML, like Gecko) Version/4.0 Chrome/71.0.3578.141 Mobile Safari/537.36 XiaoMi/MiuiBrowser/12.1.7-g"
13.66.139.134 - - [13/Feb/2021:10:24:43 +0300] "GET /chill-sitemap.xml HTTP/1.1" 200 833 "-" "Mozilla/5.0 (compatible; bingbot/2.0; +http://www.bing.com/bingbot.htm)"
94.25.237.122 - - [13/Feb/2021:10:24:51 +0300] "GET /page/best-mistake?utm_source=vk&utm_medium=cpc&utm_campaign=best-mistake&utm_content=general HTTP/1.1" 301 194 "http://away.vk.com/" "Mozilla/5.0 (Linux; Android 10; DNN-LX9; HMSCore 5.1.0.309) AppleWebKit/537.36 (KHTML, like Gecko) Chrome/83.0.4103.106 HuaweiBrowser/11.0.4.302 Mobile Safari/537.36"
94.25.237.122 - - [13/Feb/2021:10:24:51 +0300] "GET /page/best-mistake?utm_source=vk&utm_medium=cpc&utm_campaign=best-mistake&utm_content=general HTTP/1.1" 200 13530 "http://away.vk.com/" "Mozilla/5.0 (Linux; Android 10; DNN-LX9; HMSCore 5.1.0.309) AppleWebKit/537.36 (KHTML, like Gecko) Chrome/83.0.4103.106 HuaweiBrowser/11.0.4.302 Mobile Safari/537.36"
94.25.237.122 - - [13/Feb/2021:10:24:51 +0300] "GET /page/best-mistake?utm_source=vk&utm_medium=cpc&utm_campaign=best-mistake&utm_content=general HTTP/1.1" 200 13530 "http://away.vk.com/" "Mozilla/5.0 (Linux; Android 10; DNN-LX9; HMSCore 5.1.0.309) AppleWebKit/537.36 (KHTML, like Gecko) Chrome/83.0.4103.106 HuaweiBrowser/11.0.4.302 Mobile Safari/537.36"
94.25.237.122 - - [13/Feb/2021:10:24:52 +0300] "GET /Public/API?action=collection&id=356 HTTP/1.1" 200 1956 "https://chillvision.ru/" "Mozilla/5.0 (Linux; Android 10; DNN-LX9; HMSCore 5.1.0.309) AppleWebKit/537.36 (KHTML, like Gecko) Chrome/83.0.4103.106 HuaweiBrowser/11.0.4.302 Mobile Safari/537.36"
94.25.237.122 - - [13/Feb/2021:10:24:53 +0300] "GET /Public/API?action=collection&id=356 HTTP/1.1" 200 1956 "https://chillvision.ru/" "Mozilla/5.0 (Linux; Android 10; DNN-LX9; HMSCore 5.1.0.309) AppleWebKit/537.36 (KHTML, like Gecko) Chrome/83.0.4103.106 HuaweiBrowser/11.0.4.302 Mobile Safari/537.36"
178.69.158.72 - - [13/Feb/2021:10:24:54 +0300] "GET /collection/356 HTTP/1.1" 200 17148 "https://away.vk.com/" "Mozilla/5.0 (Windows NT 6.1) AppleWebKit/537.36 (KHTML, like Gecko) Chrome/88.0.4324.41 YaBrowser/21.2.0.1099 Yowser/2.5 Safari/537.36"
178.69.158.72 - - [13/Feb/2021:10:25:29 +0300] "GET /manifest.webmanifest HTTP/1.1" 200 569 "https://chillvision.ru/" "Mozilla/5.0 (Windows NT 6.1) AppleWebKit/537.36 (KHTML, like Gecko) Chrome/88.0.4324.41 YaBrowser/21.2.0.1099 Yowser/2.5 Safari/537.36"
94.103.94.113 - - [13/Feb/2021:10:25:32 +0300] "GET /bitrix/p3p.xml HTTP/1.1" 404 165263 "-" "Mozilla/5.0 (X11; Linux x86_64) AppleWebKit/537.36 (KHTML, like Gecko) Chrome/88.0.4147.105 Safari/537.36"
217.15.129.123 - - [13/Feb/2021:10:25:35 +0300] "GET /page/best-mistake?utm_source=vk&utm_medium=cpc&utm_campaign=best-mistake&utm_content=general HTTP/1.1" 301 194 "http://away.vk.com/" "Mozilla/5.0 (iPhone; CPU iPhone OS 12_3_1 like Mac OS X) AppleWebKit/605.1.15 (KHTML, like Gecko) Version/12.1.1 Mobile/15E148 Safari/604.1"
217.15.129.123 - - [13/Feb/2021:10:25:36 +0300] "GET /page/best-mistake?utm_source=vk&utm_medium=cpc&utm_campaign=best-mistake&utm_content=general HTTP/1.1" 200 13531 "http://away.vk.com/" "Mozilla/5.0 (iPhone; CPU iPhone OS 12_3_1 like Mac OS X) AppleWebKit/605.1.15 (KHTML, like Gecko) Version/12.1.1 Mobile/15E148 Safari/604.1"
5.45.207.164 - - [13/Feb/2021:10:25:40 +0300] "GET /?yclid=7710547526903176844 HTTP/1.1" 301 194 "-" "Mozilla/5.0 (compatible; YandexMetrika/2.0; +http://yandex.com/bots yabs01)"
5.255.231.18 - - [13/Feb/2021:10:25:55 +0300] "GET /collection/356 HTTP/1.1" 200 17147 "-" "Mozilla/5.0 (compatible; YandexBot/3.0; +http://yandex.com/bots)"
178.140.219.31 - - [13/Feb/2021:10:26:49 +0300] "GET /collection/356 HTTP/1.1" 200 17152 "https://away.vk.com/" "Mozilla/5.0 (Windows NT 10.0; Win64; x64) AppleWebKit/537.36 (KHTML, like Gecko) Chrome/88.0.4324.41 YaBrowser/21.2.0.1097 Yowser/2.5 Safari/537.36"
178.140.219.31 - - [13/Feb/2021:10:26:51 +0300] "GET /manifest.webmanifest HTTP/1.1" 200 569 "https://chillvision.ru/" "Mozilla/5.0 (Windows NT 10.0; Win64; x64) AppleWebKit/537.36 (KHTML, like Gecko) Chrome/88.0.4324.41 YaBrowser/21.2.0.1097 Yowser/2.5 Safari/537.36"
79.105.117.8 - - [13/Feb/2021:10:26:56 +0300] "GET /collection/356 HTTP/1.1" 200 17152 "https://vk.com/" "Mozilla/5.0 (Windows NT 10.0; Win64; x64) AppleWebKit/537.36 (KHTML, like Gecko) Chrome/88.0.4324.150 Safari/537.36"
79.105.117.8 - - [13/Feb/2021:10:27:01 +0300] "GET /manifest.webmanifest HTTP/1.1" 200 569 "https://chillvision.ru/" "Mozilla/5.0 (Windows NT 10.0; Win64; x64) AppleWebKit/537.36 (KHTML, like Gecko) Chrome/88.0.4324.150 Safari/537.36"
185.26.205.249 - - [13/Feb/2021:10:27:04 +0300] "GET /collection/356 HTTP/1.1" 200 17151 "https://away.vk.com/" "Mozilla/5.0 (Linux; arm_64; Android 8.0.0; LLD-L31) AppleWebKit/537.36 (KHTML, like Gecko) Chrome/87.0.4280.141 YaBrowser/20.12.0.141.00 SA/3 Mobile Safari/537.36"
185.26.205.249 - - [13/Feb/2021:10:27:05 +0300] "GET /manifest.webmanifest HTTP/1.1" 200 569 "-" "Mozilla/5.0 (Linux; arm_64; Android 8.0.0; LLD-L31) AppleWebKit/537.36 (KHTML, like Gecko) Chrome/87.0.4280.141 YaBrowser/20.12.0.141.00 SA/3 TA/7.1 Mobile Safari/537.36"
185.26.205.249 - - [13/Feb/2021:10:27:09 +0300] "GET /manifest.webmanifest HTTP/1.1" 200 569 "https://chillvision.ru/" "Mozilla/5.0 (Linux; arm_64; Android 8.0.0; LLD-L31) AppleWebKit/537.36 (KHTML, like Gecko) Chrome/87.0.4280.141 YaBrowser/20.12.0.141.00 SA/3 Mobile Safari/537.36"
217.118.90.233 - - [13/Feb/2021:10:27:26 +0300] "GET /page/best-mistake?utm_source=vk&utm_medium=cpc&utm_campaign=best-mistake&utm_content=general HTTP/1.1" 301 194 "http://away.vk.com/" "Mozilla/5.0 (Linux; Android 9; JSN-L21) AppleWebKit/537.36 (KHTML, like Gecko) Chrome/79.0.3945.116 Mobile Safari/537.36"
217.118.90.233 - - [13/Feb/2021:10:27:26 +0300] "GET /page/best-mistake?utm_source=vk&utm_medium=cpc&utm_campaign=best-mistake&utm_content=general HTTP/1.1" 200 13528 "http://away.vk.com/" "Mozilla/5.0 (Linux; Android 9; JSN-L21) AppleWebKit/537.36 (KHTML, like Gecko) Chrome/79.0.3945.116 Mobile Safari/537.36"
178.67.199.100 - - [13/Feb/2021:10:27:26 +0300] "GET /page/best-mistake?utm_source=vk&utm_medium=cpc&utm_campaign=best-mistake&utm_content=general HTTP/1.1" 301 194 "http://away.vk.com/" "Mozilla/5.0 (Linux; Android 7.0; Impress_Eagle) AppleWebKit/537.36 (KHTML, like Gecko) Chrome/88.0.4324.93 Mobile Safari/537.36"
178.67.199.100 - - [13/Feb/2021:10:27:27 +0300] "GET /page/best-mistake?utm_source=vk&utm_medium=cpc&utm_campaign=best-mistake&utm_content=general HTTP/1.1" 200 13531 "http://away.vk.com/" "Mozilla/5.0 (Linux; Android 7.0; Impress_Eagle) AppleWebKit/537.36 (KHTML, like Gecko) Chrome/88.0.4324.93 Mobile Safari/537.36"
217.118.90.233 - - [13/Feb/2021:10:27:28 +0300] "GET /Public/API?action=collection&id=356 HTTP/1.1" 200 1956 "https://chillvision.ru/" "Mozilla/5.0 (Linux; Android 9; JSN-L21) AppleWebKit/537.36 (KHTML, like Gecko) Chrome/79.0.3945.116 Mobile Safari/537.36"
85.140.2.215 - - [13/Feb/2021:10:27:28 +0300] "GET /page/best-mistake?utm_source=vk&utm_medium=cpc&utm_campaign=best-mistake&utm_content=general HTTP/1.1" 301 194 "http://away.vk.com/" "Mozilla/5.0 (Linux; Android 9; SM-A405FM) AppleWebKit/537.36 (KHTML, like Gecko) Chrome/72.0.3626.121 Mobile Safari/537.36"
85.140.2.215 - - [13/Feb/2021:10:27:28 +0300] "GET /page/best-mistake?utm_source=vk&utm_medium=cpc&utm_campaign=best-mistake&utm_content=general HTTP/1.1" 200 13527 "http://away.vk.com/" "Mozilla/5.0 (Linux; Android 9; SM-A405FM) AppleWebKit/537.36 (KHTML, like Gecko) Chrome/72.0.3626.121 Mobile Safari/537.36"
178.69.158.72 - - [13/Feb/2021:10:27:29 +0300] "GET /Soap/581 HTTP/1.1" 200 44488 "https://chillvision.ru/" "Mozilla/5.0 (Windows NT 6.1) AppleWebKit/537.36 (KHTML, like Gecko) Chrome/88.0.4324.41 YaBrowser/21.2.0.1099 Yowser/2.5 Safari/537.36"
85.140.2.215 - - [13/Feb/2021:10:27:30 +0300] "GET /Public/API?action=collection&id=356 HTTP/1.1" 200 1956 "https://chillvision.ru/" "Mozilla/5.0 (Linux; Android 9; SM-A405FM) AppleWebKit/537.36 (KHTML, like Gecko) Chrome/72.0.3626.121 Mobile Safari/537.36"
178.69.158.72 - - [13/Feb/2021:10:27:31 +0300] "GET /Info/API?action=check_user_access&content_id=1919 HTTP/1.1" 200 180 "https://chillvision.ru/" "Mozilla/5.0 (Windows NT 6.1) AppleWebKit/537.36 (KHTML, like Gecko) Chrome/88.0.4324.41 YaBrowser/21.2.0.1099 Yowser/2.5 Safari/537.36"
178.67.199.100 - - [13/Feb/2021:10:27:33 +0300] "GET /Public/API?action=collection&id=356 HTTP/1.1" 200 1956 "https://chillvision.ru/" "Mozilla/5.0 (Linux; Android 7.0; Impress_Eagle) AppleWebKit/537.36 (KHTML, like Gecko) Chrome/88.0.4324.93 Mobile Safari/537.36"
188.162.194.238 - - [13/Feb/2021:10:27:35 +0300] "GET /page/best-mistake?utm_source=vk&utm_medium=cpc&utm_campaign=best-mistake&utm_content=general HTTP/1.1" 301 194 "http://away.vk.com/" "Mozilla/5.0 (Linux; arm_64; Android 10; Redmi Note 9 Pro) AppleWebKit/537.36 (KHTML, like Gecko) Chrome/86.0.4240.198 YaBrowser/20.11.3.88.00 SA/3 Mobile Safari/537.36"
188.162.194.238 - - [13/Feb/2021:10:27:35 +0300] "GET /page/best-mistake?utm_source=vk&utm_medium=cpc&utm_campaign=best-mistake&utm_content=general HTTP/1.1" 200 13532 "http://away.vk.com/" "Mozilla/5.0 (Linux; arm_64; Android 10; Redmi Note 9 Pro) AppleWebKit/537.36 (KHTML, like Gecko) Chrome/86.0.4240.198 YaBrowser/20.11.3.88.00 SA/3 Mobile Safari/537.36"
188.162.194.238 - - [13/Feb/2021:10:27:37 +0300] "GET /Public/API?action=collection&id=356 HTTP/1.1" 200 1956 "https://chillvision.ru/" "Mozilla/5.0 (Linux; arm_64; Android 10; Redmi Note 9 Pro) AppleWebKit/537.36 (KHTML, like Gecko) Chrome/86.0.4240.198 YaBrowser/20.11.3.88.00 SA/3 Mobile Safari/537.36"
5.255.231.18 - - [13/Feb/2021:10:27:48 +0300] "GET /page/best-mistake HTTP/1.1" 200 13524 "-" "Mozilla/5.0 (compatible; YandexBot/3.0; +http://yandex.com/bots)"
79.105.117.8 - - [13/Feb/2021:10:27:55 +0300] "GET /Soap/1599 HTTP/1.1" 200 40200 "https://chillvision.ru/" "Mozilla/5.0 (Windows NT 10.0; Win64; x64) AppleWebKit/537.36 (KHTML, like Gecko) Chrome/88.0.4324.150 Safari/537.36"
79.105.117.8 - - [13/Feb/2021:10:27:57 +0300] "GET /Info/API?action=check_user_access&content_id=1601 HTTP/1.1" 200 180 "https://chillvision.ru/" "Mozilla/5.0 (Windows NT 10.0; Win64; x64) AppleWebKit/537.36 (KHTML, like Gecko) Chrome/88.0.4324.150 Safari/537.36"
91.215.23.32 - - [13/Feb/2021:10:28:39 +0300] "GET /page/best-mistake?utm_source=vk&utm_medium=cpc&utm_campaign=best-mistake&utm_content=general HTTP/1.1" 301 194 "http://away.vk.com/" "Mozilla/5.0 (Linux; Android 10; SM-A105F) AppleWebKit/537.36 (KHTML, like Gecko) Chrome/88.0.4324.93 Mobile Safari/537.36"
91.235.184.212 - - [13/Feb/2021:10:28:39 +0300] "GET /collection/356 HTTP/1.1" 200 17151 "https://away.vk.com/" "Mozilla/5.0 (Windows NT 6.3; WOW64) AppleWebKit/537.36 (KHTML, like Gecko) Chrome/85.0.4183.83 YaBrowser/20.9.1.10 Yowser/2.5 Safari/537.36"
91.215.23.32 - - [13/Feb/2021:10:28:40 +0300] "GET /page/best-mistake?utm_source=vk&utm_medium=cpc&utm_campaign=best-mistake&utm_content=general HTTP/1.1" 200 13527 "http://away.vk.com/" "Mozilla/5.0 (Linux; Android 10; SM-A105F) AppleWebKit/537.36 (KHTML, like Gecko) Chrome/88.0.4324.93 Mobile Safari/537.36"
91.235.184.212 - - [13/Feb/2021:10:28:47 +0300] "GET /manifest.webmanifest HTTP/1.1" 200 569 "https://chillvision.ru/" "Mozilla/5.0 (Windows NT 6.3; WOW64) AppleWebKit/537.36 (KHTML, like Gecko) Chrome/85.0.4183.83 YaBrowser/20.9.1.10 Yowser/2.5 Safari/537.36"
217.118.90.233 - - [13/Feb/2021:10:28:56 +0300] "GET /page/best-mistake?utm_source=vk&utm_medium=cpc&utm_campaign=best-mistake&utm_content=general HTTP/1.1" 200 13529 "http://away.vk.com/" "Mozilla/5.0 (Linux; Android 9; JSN-L21) AppleWebKit/537.36 (KHTML, like Gecko) Chrome/79.0.3945.116 Mobile Safari/537.36"
217.107.106.45 - - [13/Feb/2021:10:29:12 +0300] "GET /collection/356 HTTP/1.1" 200 17153 "https://away.vk.com/" "Mozilla/5.0 (Windows NT 10.0; WOW64) AppleWebKit/537.36 (KHTML, like Gecko) Chrome/88.0.4324.41 YaBrowser/21.2.0.1099 Yowser/2.5 Safari/537.36"
178.184.45.54 - - [13/Feb/2021:10:29:28 +0300] "GET /collection/356 HTTP/1.1" 200 17146 "https://away.vk.com/" "Mozilla/5.0 (Windows NT 10.0; WOW64) AppleWebKit/537.36 (KHTML, like Gecko) Chrome/87.0.4280.141 YaBrowser/20.12.3.138 Yowser/2.5 Safari/537.36"
178.184.45.54 - - [13/Feb/2021:10:29:32 +0300] "GET /manifest.webmanifest HTTP/1.1" 200 569 "-" "Mozilla/5.0 (Windows NT 10.0; WOW64) AppleWebKit/537.36 (KHTML, like Gecko) Chrome/87.0.4280.141 YaBrowser/20.12.3.138 Yowser/2.5 Safari/537.36"
217.107.106.45 - - [13/Feb/2021:10:29:35 +0300] "GET /manifest.webmanifest HTTP/1.1" 200 569 "https://chillvision.ru/" "Mozilla/5.0 (Windows NT 10.0; WOW64) AppleWebKit/537.36 (KHTML, like Gecko) Chrome/88.0.4324.41 YaBrowser/21.2.0.1099 Yowser/2.5 Safari/537.36"
46.39.231.240 - - [13/Feb/2021:10:29:36 +0300] "GET /collection/356 HTTP/1.1" 200 17144 "https://away.vk.com/" "Mozilla/5.0 (Windows NT 10.0; Win64; x64) AppleWebKit/537.36 (KHTML, like Gecko) Chrome/88.0.4324.150 Safari/537.36"
46.39.231.240 - - [13/Feb/2021:10:29:38 +0300] "GET /manifest.webmanifest HTTP/1.1" 200 569 "https://chillvision.ru/" "Mozilla/5.0 (Windows NT 10.0; Win64; x64) AppleWebKit/537.36 (KHTML, like Gecko) Chrome/88.0.4324.150 Safari/537.36"
178.184.45.54 - - [13/Feb/2021:10:29:42 +0300] "GET /manifest.webmanifest HTTP/1.1" 200 569 "https://chillvision.ru/" "Mozilla/5.0 (Windows NT 10.0; WOW64) AppleWebKit/537.36 (KHTML, like Gecko) Chrome/87.0.4280.141 YaBrowser/20.12.3.138 Yowser/2.5 Safari/537.36"
185.191.171.33 - - [13/Feb/2021:10:29:45 +0300] "GET /Soap/1599 HTTP/1.1" 200 40200 "-" "Mozilla/5.0 (compatible; SemrushBot/7~bl; +http://www.semrush.com/bot.html)"
178.184.45.54 - - [13/Feb/2021:10:30:03 +0300] "GET /Soap/1599 HTTP/1.1" 200 40202 "https://chillvision.ru/" "Mozilla/5.0 (Windows NT 10.0; WOW64) AppleWebKit/537.36 (KHTML, like Gecko) Chrome/87.0.4280.141 YaBrowser/20.12.3.138 Yowser/2.5 Safari/537.36"
178.184.45.54 - - [13/Feb/2021:10:30:03 +0300] "GET /manifest.webmanifest HTTP/1.1" 200 569 "-" "Mozilla/5.0 (Windows NT 10.0; WOW64) AppleWebKit/537.36 (KHTML, like Gecko) Chrome/87.0.4280.141 YaBrowser/20.12.3.138 Yowser/2.5 Safari/537.36"
178.184.45.54 - - [13/Feb/2021:10:30:07 +0300] "GET /Info/API?action=check_user_access&content_id=1601 HTTP/1.1" 200 180 "https://chillvision.ru/" "Mozilla/5.0 (Windows NT 10.0; WOW64) AppleWebKit/537.36 (KHTML, like Gecko) Chrome/87.0.4280.141 YaBrowser/20.12.3.138 Yowser/2.5 Safari/537.36"
46.39.231.240 - - [13/Feb/2021:10:30:09 +0300] "GET / HTTP/1.1" 200 25074 "https://chillvision.ru/" "Mozilla/5.0 (Windows NT 10.0; Win64; x64) AppleWebKit/537.36 (KHTML, like Gecko) Chrome/88.0.4324.150 Safari/537.36"
46.39.231.240 - - [13/Feb/2021:10:30:10 +0300] "GET /lent_v_2/more/1?sys_render_layout=raw HTTP/1.1" 200 3829 "https://chillvision.ru/" "Mozilla/5.0 (Windows NT 10.0; Win64; x64) AppleWebKit/537.36 (KHTML, like Gecko) Chrome/88.0.4324.150 Safari/537.36"
178.184.45.54 - - [13/Feb/2021:10:30:22 +0300] "GET /collection/356 HTTP/1.1" 200 17147 "-" "Mozilla/5.0 (Windows NT 10.0; WOW64) AppleWebKit/537.36 (KHTML, like Gecko) Chrome/87.0.4280.141 YaBrowser/20.12.3.138 Yowser/2.5 Safari/537.36"
178.184.45.54 - - [13/Feb/2021:10:30:22 +0300] "GET /manifest.webmanifest HTTP/1.1" 200 569 "-" "Mozilla/5.0 (Windows NT 10.0; WOW64) AppleWebKit/537.36 (KHTML, like Gecko) Chrome/87.0.4280.141 YaBrowser/20.12.3.138 Yowser/2.5 Safari/537.36"
5.255.231.18 - - [13/Feb/2021:10:30:24 +0300] "GET /Soap/581 HTTP/1.1" 200 44481 "-" "Mozilla/5.0 (compatible; YandexBot/3.0; +http://yandex.com/bots)"
5.255.231.18 - - [13/Feb/2021:10:30:34 +0300] "GET /Soap/1599 HTTP/1.1" 200 40205 "-" "Mozilla/5.0 (compatible; YandexBot/3.0; +http://yandex.com/bots)"
46.39.231.240 - - [13/Feb/2021:10:30:36 +0300] "GET /collection/356 HTTP/1.1" 200 17143 "-" "Mozilla/5.0 (Windows NT 10.0; Win64; x64) AppleWebKit/537.36 (KHTML, like Gecko) Chrome/88.0.4324.150 Safari/537.36"
46.39.231.240 - - [13/Feb/2021:10:30:50 +0300] "GET /Soap/1215 HTTP/1.1" 200 38677 "https://chillvision.ru/" "Mozilla/5.0 (Windows NT 10.0; Win64; x64) AppleWebKit/537.36 (KHTML, like Gecko) Chrome/88.0.4324.150 Safari/537.36"
46.39.231.240 - - [13/Feb/2021:10:30:51 +0300] "GET /Info/API?action=check_user_access&content_id=1217 HTTP/1.1" 200 180 "https://chillvision.ru/" "Mozilla/5.0 (Windows NT 10.0; Win64; x64) AppleWebKit/537.36 (KHTML, like Gecko) Chrome/88.0.4324.150 Safari/537.36"
176.193.178.164 - - [13/Feb/2021:10:31:51 +0300] "GET /collection/356 HTTP/1.1" 200 17149 "https://away.vk.com/" "Mozilla/5.0 (Windows NT 10.0; Win64; x64) AppleWebKit/537.36 (KHTML, like Gecko) Chrome/88.0.4324.150 Safari/537.36"
176.193.178.164 - - [13/Feb/2021:10:31:57 +0300] "GET /manifest.webmanifest HTTP/1.1" 200 569 "https://chillvision.ru/" "Mozilla/5.0 (Windows NT 10.0; Win64; x64) AppleWebKit/537.36 (KHTML, like Gecko) Chrome/88.0.4324.150 Safari/537.36"
90.151.38.36 - - [13/Feb/2021:10:32:08 +0300] "GET /collection/356 HTTP/1.1" 200 17147 "https://away.vk.com/" "Mozilla/5.0 (Windows NT 6.3; WOW64) AppleWebKit/537.36 (KHTML, like Gecko) Chrome/88.0.4324.41 YaBrowser/21.2.0.1099 Yowser/2.5 Safari/537.36"
90.151.38.36 - - [13/Feb/2021:10:32:12 +0300] "GET /manifest.webmanifest HTTP/1.1" 200 569 "https://chillvision.ru/" "Mozilla/5.0 (Windows NT 6.3; WOW64) AppleWebKit/537.36 (KHTML, like Gecko) Chrome/88.0.4324.41 YaBrowser/21.2.0.1099 Yowser/2.5 Safari/537.36"
109.184.227.189 - - [13/Feb/2021:10:32:45 +0300] "GET /page/best-mistake?utm_source=vk&utm_medium=cpc&utm_campaign=best-mistake&utm_content=general HTTP/1.1" 301 194 "http://away.vk.com/" "Mozilla/5.0 (Linux; U; Android 10; ru-ru; Redmi Note 8 Pro Build/QP1A.190711.020) AppleWebKit/537.36 (KHTML, like Gecko) Version/4.0 Chrome/71.0.3578.141 Mobile Safari/537.36 XiaoMi/MiuiBrowser/12.8.3-gn"
109.184.227.189 - - [13/Feb/2021:10:32:46 +0300] "GET /page/best-mistake?utm_source=vk&utm_medium=cpc&utm_campaign=best-mistake&utm_content=general HTTP/1.1" 200 13528 "http://away.vk.com/" "Mozilla/5.0 (Linux; U; Android 10; ru-ru; Redmi Note 8 Pro Build/QP1A.190711.020) AppleWebKit/537.36 (KHTML, like Gecko) Version/4.0 Chrome/71.0.3578.141 Mobile Safari/537.36 XiaoMi/MiuiBrowser/12.8.3-gn"
109.184.227.189 - - [13/Feb/2021:10:32:47 +0300] "GET /Public/API?action=collection&id=356 HTTP/1.1" 200 1956 "https://chillvision.ru/" "Mozilla/5.0 (Linux; U; Android 10; ru-ru; Redmi Note 8 Pro Build/QP1A.190711.020) AppleWebKit/537.36 (KHTML, like Gecko) Version/4.0 Chrome/71.0.3578.141 Mobile Safari/537.36 XiaoMi/MiuiBrowser/12.8.3-gn"
176.193.178.164 - - [13/Feb/2021:10:32:51 +0300] "GET /Soap/818 HTTP/1.1" 200 38718 "https://chillvision.ru/" "Mozilla/5.0 (Windows NT 10.0; Win64; x64) AppleWebKit/537.36 (KHTML, like Gecko) Chrome/88.0.4324.150 Safari/537.36"
176.193.178.164 - - [13/Feb/2021:10:32:55 +0300] "GET /Info/API?action=check_user_access&content_id=820 HTTP/1.1" 200 181 "https://chillvision.ru/" "Mozilla/5.0 (Windows NT 10.0; Win64; x64) AppleWebKit/537.36 (KHTML, like Gecko) Chrome/88.0.4324.150 Safari/537.36"
5.255.231.18 - - [13/Feb/2021:10:33:00 +0300] "GET /?yclid=7710547526903176844 HTTP/1.1" 200 25071 "-" "Mozilla/5.0 (compatible; YandexMetrika/2.0; +http://yandex.com/bots yabs01)"
5.255.231.18 - - [13/Feb/2021:10:33:36 +0300] "GET /soap/464 HTTP/1.1" 200 34108 "-" "Mozilla/5.0 (compatible; YandexBot/3.0; +http://yandex.com/bots)"
5.255.231.18 - - [13/Feb/2021:10:33:38 +0300] "GET /Soap/1215 HTTP/1.1" 200 38674 "-" "Mozilla/5.0 (compatible; YandexBot/3.0; +http://yandex.com/bots)"
212.35.180.60 - - [13/Feb/2021:10:35:05 +0300] "GET /?utm_source=yandex_direct&utm_medium=cpc&utm_campaign=brend&utm_content=9543500315&utm_term=chill&_openstat=ZGlyZWN0LnlhbmRleC5ydTs1NDQ3MjgwNTs5NTQzNTAwMzE1O3d3dy55YW5kZXgucnU6cHJlbWl1bQ&yclid=550739678734100932 HTTP/1.1" 301 194 "https://yabs.yandex.ru/count/WniejI_zOCm2ZHW0j2flBfoXKqkS1WK0p0Cn9O4dO000000u109mXCZHyC43W06AbQQ9nkwavq680ThfYSXHa06sYBADnu20W0AO0RQ8ier7k07-YU7r7y01NDW1mlRx8E01rCtx8EW17A02Yg6c6DW20l02ceIZeGJu0l3gyU2XnhZLvG6O0wQQ8v372FW4ZwUZ0OW5ZwUZ0P05u8te0g05dEang0MjmYcm1Qt2ARW5uCPRyD_zom6W1g2f0QW6eAa1k0OUoGQrWyo8pSrt07Efx4aGdgG7i0U0W9Wyk0U01V477Np0JPJRrqM020JG28I2W874nP2J3CaAvKk3H9GM-Z-g2n3Pp_UxSwa001MdPSeokmK0sGle2u-dem7m2mQ83DoPthu1gGpmFz4fnzpTF-WCfmBW3OE0WC206F8D969bC6DZCp5XBM8oPcOjD3SqDoqvCJXZBM4sDJKrCs4vE68oOe8E94KqGJD6E4H2BJWnDpKjD311HYquCpKoBJCpD3SpHZ0pD4OqC8aEKhWUXUjHyhM7iiROkVEx4w0Em8Gzs0u2eG_uFu0GvU3y6P0GcjBjuSR9uAexq13kZAzV-13p0f0H0fWHc9K7eHAw_bVR9tS_iHBCA2AQxYlbF-aIMv1A8i4sGRNm4lWI0mIe4_NylPUMWikJ5k0JuCPRe1JWnbke5E2DwDZ3n_a5w1IC0iWLuhEW_Dm4q1NOmyVv1TWLmOhsxAEFlFnZy9WMq92TW0QWoHRmFz0Mt9dUlW615vWN-9geAgWN2S0Nj0BO5y24FPaOe1WJi1Ystvs11j0O4FWOoCtPbE_VwF0XW1ccqVZZXvhPfuy1a1a1e1cWgG6m6RWP_m7I6H9vOM9pNtDbSdPbSYzoDJ0oBJJe6O320_0PWC83-1cAaFSVWHh__rDSEYEWmny0MIFOcwiKFycb8NE3ZgOo8bqs4fS-l2f3vZHbPkFamaxEGxAYPM85MYrGMbqd0C5vMEw1_2gnYoAXtmQGE4R2lkY6Mik7-1pC3EKv0sZYFlPmSnwWdytBqHWNCrSzU2oD44q0~1?from=www.yandex.ru%3Bsearch%26%23x2F%3B%3Bweb%3B%3B0%3B&q=chill&etext=2202.i0GjD3OCcch5JpCbSM58mHhrbWV4bHdjaXR4dWJ6Z3A.6b86e21d2a4fdec9f7fcc2d94c34e471c772ff84&baobab_event_id=kl3en5sf59" "Mozilla/5.0 (Macintosh; Intel Mac OS X 10_15_4) AppleWebKit/537.36 (KHTML, like Gecko) Chrome/88.0.4324.96 Safari/537.36"
212.35.180.60 - - [13/Feb/2021:10:35:06 +0300] "GET /?utm_source=yandex_direct&utm_medium=cpc&utm_campaign=brend&utm_content=9543500315&utm_term=chill&_openstat=ZGlyZWN0LnlhbmRleC5ydTs1NDQ3MjgwNTs5NTQzNTAwMzE1O3d3dy55YW5kZXgucnU6cHJlbWl1bQ&yclid=550739678734100932 HTTP/1.1" 200 25073 "https://yabs.yandex.ru/count/WniejI_zOCm2ZHW0j2flBfoXKqkS1WK0p0Cn9O4dO000000u109mXCZHyC43W06AbQQ9nkwavq680ThfYSXHa06sYBADnu20W0AO0RQ8ier7k07-YU7r7y01NDW1mlRx8E01rCtx8EW17A02Yg6c6DW20l02ceIZeGJu0l3gyU2XnhZLvG6O0wQQ8v372FW4ZwUZ0OW5ZwUZ0P05u8te0g05dEang0MjmYcm1Qt2ARW5uCPRyD_zom6W1g2f0QW6eAa1k0OUoGQrWyo8pSrt07Efx4aGdgG7i0U0W9Wyk0U01V477Np0JPJRrqM020JG28I2W874nP2J3CaAvKk3H9GM-Z-g2n3Pp_UxSwa001MdPSeokmK0sGle2u-dem7m2mQ83DoPthu1gGpmFz4fnzpTF-WCfmBW3OE0WC206F8D969bC6DZCp5XBM8oPcOjD3SqDoqvCJXZBM4sDJKrCs4vE68oOe8E94KqGJD6E4H2BJWnDpKjD311HYquCpKoBJCpD3SpHZ0pD4OqC8aEKhWUXUjHyhM7iiROkVEx4w0Em8Gzs0u2eG_uFu0GvU3y6P0GcjBjuSR9uAexq13kZAzV-13p0f0H0fWHc9K7eHAw_bVR9tS_iHBCA2AQxYlbF-aIMv1A8i4sGRNm4lWI0mIe4_NylPUMWikJ5k0JuCPRe1JWnbke5E2DwDZ3n_a5w1IC0iWLuhEW_Dm4q1NOmyVv1TWLmOhsxAEFlFnZy9WMq92TW0QWoHRmFz0Mt9dUlW615vWN-9geAgWN2S0Nj0BO5y24FPaOe1WJi1Ystvs11j0O4FWOoCtPbE_VwF0XW1ccqVZZXvhPfuy1a1a1e1cWgG6m6RWP_m7I6H9vOM9pNtDbSdPbSYzoDJ0oBJJe6O320_0PWC83-1cAaFSVWHh__rDSEYEWmny0MIFOcwiKFycb8NE3ZgOo8bqs4fS-l2f3vZHbPkFamaxEGxAYPM85MYrGMbqd0C5vMEw1_2gnYoAXtmQGE4R2lkY6Mik7-1pC3EKv0sZYFlPmSnwWdytBqHWNCrSzU2oD44q0~1?from=www.yandex.ru%3Bsearch%26%23x2F%3B%3Bweb%3B%3B0%3B&q=chill&etext=2202.i0GjD3OCcch5JpCbSM58mHhrbWV4bHdjaXR4dWJ6Z3A.6b86e21d2a4fdec9f7fcc2d94c34e471c772ff84&baobab_event_id=kl3en5sf59" "Mozilla/5.0 (Macintosh; Intel Mac OS X 10_15_4) AppleWebKit/537.36 (KHTML, like Gecko) Chrome/88.0.4324.96 Safari/537.36"
212.35.180.60 - - [13/Feb/2021:10:35:15 +0300] "GET /collection/1878 HTTP/1.1" 200 17772 "https://chillvision.ru/" "Mozilla/5.0 (Macintosh; Intel Mac OS X 10_15_4) AppleWebKit/537.36 (KHTML, like Gecko) Chrome/88.0.4324.96 Safari/537.36"
92.241.106.78 - - [13/Feb/2021:10:35:17 +0300] "GET /Soap/396 HTTP/1.1" 200 94742 "https://ok.ru/" "Mozilla/5.0 (Windows NT 5.1) AppleWebKit/537.36 (KHTML, like Gecko) Chrome/49.0.2623.112 Safari/537.36"
176.215.114.206 - - [13/Feb/2021:10:37:17 +0300] "GET /collection/356 HTTP/1.1" 200 17142 "https://away.vk.com/" "Mozilla/5.0 (Windows NT 6.1) AppleWebKit/537.36 (KHTML, like Gecko) Chrome/88.0.4324.41 YaBrowser/21.2.0.1099 Yowser/2.5 Safari/537.36"
5.43.240.91 - - [13/Feb/2021:10:37:32 +0300] "GET /collection/356 HTTP/1.1" 200 17148 "https://away.vk.com/" "Mozilla/5.0 (Windows NT 6.1; Win64; x64) AppleWebKit/537.36 (KHTML, like Gecko) Chrome/88.0.4324.150 Safari/537.36"
5.43.240.91 - - [13/Feb/2021:10:37:35 +0300] "GET /manifest.webmanifest HTTP/1.1" 200 569 "https://chillvision.ru/" "Mozilla/5.0 (Windows NT 6.1; Win64; x64) AppleWebKit/537.36 (KHTML, like Gecko) Chrome/88.0.4324.150 Safari/537.36"
176.215.114.206 - - [13/Feb/2021:10:37:35 +0300] "GET /manifest.webmanifest HTTP/1.1" 200 569 "https://chillvision.ru/" "Mozilla/5.0 (Windows NT 6.1) AppleWebKit/537.36 (KHTML, like Gecko) Chrome/88.0.4324.41 YaBrowser/21.2.0.1099 Yowser/2.5 Safari/537.36"
5.43.240.91 - - [13/Feb/2021:10:37:56 +0300] "GET /collection/356 HTTP/1.1" 200 17140 "https://away.vk.com/" "Mozilla/5.0 (Windows NT 6.1; Win64; x64) AppleWebKit/537.36 (KHTML, like Gecko) Chrome/88.0.4324.150 Safari/537.36"
185.191.171.36 - - [13/Feb/2021:10:38:11 +0300] "GET /Soap/1215 HTTP/1.1" 200 38676 "-" "Mozilla/5.0 (compatible; SemrushBot/7~bl; +http://www.semrush.com/bot.html)"
157.55.39.213 - - [13/Feb/2021:10:38:30 +0300] "GET /Soap/993 HTTP/1.1" 403 15053 "-" "Mozilla/5.0 (compatible; bingbot/2.0; +http://www.bing.com/bingbot.htm)"
95.163.255.218 - - [13/Feb/2021:10:39:26 +0300] "GET /page/o-nas HTTP/1.1" 200 12040 "-" "Mozilla/5.0 (compatible; Linux x86_64; Mail.RU_Bot/2.0; +http://go.mail.ru/help/robots)"
82.208.124.13 - - [13/Feb/2021:10:40:19 +0300] "GET /page/best-mistake?utm_source=vk&utm_medium=cpc&utm_campaign=best-mistake&utm_content=general HTTP/1.1" 301 194 "http://away.vk.com/" "Mozilla/5.0 (Linux; Android 11; SAMSUNG SM-G985F) AppleWebKit/537.36 (KHTML, like Gecko) SamsungBrowser/13.2 Chrome/83.0.4103.106 Mobile Safari/537.36"
82.208.124.13 - - [13/Feb/2021:10:40:19 +0300] "GET /page/best-mistake?utm_source=vk&utm_medium=cpc&utm_campaign=best-mistake&utm_content=general HTTP/1.1" 200 13524 "http://away.vk.com/" "Mozilla/5.0 (Linux; Android 11; SAMSUNG SM-G985F) AppleWebKit/537.36 (KHTML, like Gecko) SamsungBrowser/13.2 Chrome/83.0.4103.106 Mobile Safari/537.36"
82.208.124.13 - - [13/Feb/2021:10:40:20 +0300] "GET /Public/API?action=collection&id=356 HTTP/1.1" 200 1956 "https://chillvision.ru/" "Mozilla/5.0 (Linux; Android 11; SAMSUNG SM-G985F) AppleWebKit/537.36 (KHTML, like Gecko) SamsungBrowser/13.2 Chrome/83.0.4103.106 Mobile Safari/537.36"
82.208.124.13 - - [13/Feb/2021:10:40:26 +0300] "GET / HTTP/1.1" 200 25078 "https://chillvision.ru/" "Mozilla/5.0 (Linux; Android 11; SAMSUNG SM-G985F) AppleWebKit/537.36 (KHTML, like Gecko) SamsungBrowser/13.2 Chrome/83.0.4103.106 Mobile Safari/537.36"
109.252.93.119 - - [13/Feb/2021:10:40:54 +0300] "GET /page/best-mistake?utm_source=vk&utm_medium=cpc&utm_campaign=best-mistake&utm_content=general HTTP/1.1" 301 194 "http://away.vk.com/" "Mozilla/5.0 (Linux; Android 8.1.0; vivo 1820) AppleWebKit/537.36 (KHTML, like Gecko) Chrome/88.0.4324.152 Mobile Safari/537.36"
109.252.93.119 - - [13/Feb/2021:10:40:54 +0300] "GET /page/best-mistake?utm_source=vk&utm_medium=cpc&utm_campaign=best-mistake&utm_content=general HTTP/1.1" 200 13527 "http://away.vk.com/" "Mozilla/5.0 (Linux; Android 8.1.0; vivo 1820) AppleWebKit/537.36 (KHTML, like Gecko) Chrome/88.0.4324.152 Mobile Safari/537.36"
82.208.124.13 - - [13/Feb/2021:10:41:03 +0300] "GET /collection/1878 HTTP/1.1" 200 17779 "https://chillvision.ru/" "Mozilla/5.0 (Linux; Android 11; SAMSUNG SM-G985F) AppleWebKit/537.36 (KHTML, like Gecko) SamsungBrowser/13.2 Chrome/83.0.4103.106 Mobile Safari/537.36"
178.57.98.239 - - [13/Feb/2021:10:41:03 +0300] "GET /collection/356 HTTP/1.1" 200 17152 "https://away.vk.com/" "Mozilla/5.0 (Windows NT 6.3; Win64; x64) AppleWebKit/537.36 (KHTML, like Gecko) Chrome/88.0.4324.150 Safari/537.36"
178.57.98.239 - - [13/Feb/2021:10:41:08 +0300] "GET /manifest.webmanifest HTTP/1.1" 200 569 "https://chillvision.ru/" "Mozilla/5.0 (Windows NT 6.3; Win64; x64) AppleWebKit/537.36 (KHTML, like Gecko) Chrome/88.0.4324.150 Safari/537.36"
94.25.175.30 - - [13/Feb/2021:10:41:20 +0300] "GET /page/best-mistake?utm_source=vk&utm_medium=cpc&utm_campaign=best-mistake&utm_content=general HTTP/1.1" 301 194 "http://away.vk.com/" "Mozilla/5.0 (Linux; Android 10; SAMSUNG SM-A750FN) AppleWebKit/537.36 (KHTML, like Gecko) SamsungBrowser/13.2 Chrome/83.0.4103.106 Mobile Safari/537.36"
94.25.175.30 - - [13/Feb/2021:10:41:21 +0300] "GET /page/best-mistake?utm_source=vk&utm_medium=cpc&utm_campaign=best-mistake&utm_content=general HTTP/1.1" 200 13527 "http://away.vk.com/" "Mozilla/5.0 (Linux; Android 10; SAMSUNG SM-A750FN) AppleWebKit/537.36 (KHTML, like Gecko) SamsungBrowser/13.2 Chrome/83.0.4103.106 Mobile Safari/537.36"
94.25.175.30 - - [13/Feb/2021:10:41:23 +0300] "GET /Public/API?action=collection&id=356 HTTP/1.1" 200 1956 "https://chillvision.ru/" "Mozilla/5.0 (Linux; Android 10; SAMSUNG SM-A750FN) AppleWebKit/537.36 (KHTML, like Gecko) SamsungBrowser/13.2 Chrome/83.0.4103.106 Mobile Safari/537.36"
82.208.124.13 - - [13/Feb/2021:10:41:33 +0300] "GET /Soap/526 HTTP/1.1" 200 43539 "https://chillvision.ru/" "Mozilla/5.0 (Linux; Android 11; SAMSUNG SM-G985F) AppleWebKit/537.36 (KHTML, like Gecko) SamsungBrowser/13.2 Chrome/83.0.4103.106 Mobile Safari/537.36"
82.208.124.13 - - [13/Feb/2021:10:41:34 +0300] "GET /Info/API?action=check_user_access&content_id=528 HTTP/1.1" 200 181 "https://chillvision.ru/" "Mozilla/5.0 (Linux; Android 11; SAMSUNG SM-G985F) AppleWebKit/537.36 (KHTML, like Gecko) SamsungBrowser/13.2 Chrome/83.0.4103.106 Mobile Safari/537.36"
94.137.11.22 - - [13/Feb/2021:10:41:44 +0300] "GET /page/best-mistake?utm_source=vk&utm_medium=cpc&utm_campaign=best-mistake&utm_content=general HTTP/1.1" 301 194 "http://away.vk.com/" "Mozilla/5.0 (Linux; Android 9; ANE-LX1) AppleWebKit/537.36 (KHTML, like Gecko) Chrome/88.0.4324.152 Mobile Safari/537.36"
94.137.11.22 - - [13/Feb/2021:10:41:45 +0300] "GET /page/best-mistake?utm_source=vk&utm_medium=cpc&utm_campaign=best-mistake&utm_content=general HTTP/1.1" 200 13523 "http://away.vk.com/" "Mozilla/5.0 (Linux; Android 9; ANE-LX1) AppleWebKit/537.36 (KHTML, like Gecko) Chrome/88.0.4324.152 Mobile Safari/537.36"
92.55.31.62 - - [13/Feb/2021:10:41:46 +0300] "GET /page/best-mistake?utm_source=vk&utm_medium=cpc&utm_campaign=best-mistake&utm_content=general HTTP/1.1" 301 194 "http://away.vk.com/" "Mozilla/5.0 (iPhone; CPU iPhone OS 14_4 like Mac OS X) AppleWebKit/605.1.15 (KHTML, like Gecko) Version/14.0.3 Mobile/15E148 Safari/604.1"
92.55.31.62 - - [13/Feb/2021:10:41:47 +0300] "GET /page/best-mistake?utm_source=vk&utm_medium=cpc&utm_campaign=best-mistake&utm_content=general HTTP/1.1" 200 13525 "http://away.vk.com/" "Mozilla/5.0 (iPhone; CPU iPhone OS 14_4 like Mac OS X) AppleWebKit/605.1.15 (KHTML, like Gecko) Version/14.0.3 Mobile/15E148 Safari/604.1"
92.55.31.62 - - [13/Feb/2021:10:41:47 +0300] "GET /Public/API?action=collection&id=356 HTTP/1.1" 200 1956 "https://chillvision.ru/" "Mozilla/5.0 (iPhone; CPU iPhone OS 14_4 like Mac OS X) AppleWebKit/605.1.15 (KHTML, like Gecko) Version/14.0.3 Mobile/15E148 Safari/604.1"
82.208.124.13 - - [13/Feb/2021:10:41:48 +0300] "GET /Info/API?action=players_ids&vilg%5BA2171%5D%5B%5D=5f345ce60e47cf2c2fd7cc0a HTTP/1.1" 200 157 "https://chillvision.ru/" "Mozilla/5.0 (Linux; Android 11; SAMSUNG SM-G985F) AppleWebKit/537.36 (KHTML, like Gecko) SamsungBrowser/13.2 Chrome/83.0.4103.106 Mobile Safari/537.36"
94.137.11.22 - - [13/Feb/2021:10:41:49 +0300] "GET /Public/API?action=collection&id=356 HTTP/1.1" 200 1956 "https://chillvision.ru/" "Mozilla/5.0 (Linux; Android 9; ANE-LX1) AppleWebKit/537.36 (KHTML, like Gecko) Chrome/88.0.4324.152 Mobile Safari/537.36"
82.208.124.13 - - [13/Feb/2021:10:41:58 +0300] "GET /collection/1878 HTTP/1.1" 200 17781 "https://chillvision.ru/" "Mozilla/5.0 (Linux; Android 11; SAMSUNG SM-G985F) AppleWebKit/537.36 (KHTML, like Gecko) SamsungBrowser/13.2 Chrome/83.0.4103.106 Mobile Safari/537.36"
82.208.124.13 - - [13/Feb/2021:10:42:01 +0300] "GET /Soap/526 HTTP/1.1" 200 43543 "https://chillvision.ru/" "Mozilla/5.0 (Linux; Android 11; SAMSUNG SM-G985F) AppleWebKit/537.36 (KHTML, like Gecko) SamsungBrowser/13.2 Chrome/83.0.4103.106 Mobile Safari/537.36"
82.208.124.13 - - [13/Feb/2021:10:42:02 +0300] "GET /Info/API?action=check_user_access&content_id=528 HTTP/1.1" 200 180 "https://chillvision.ru/" "Mozilla/5.0 (Linux; Android 11; SAMSUNG SM-G985F) AppleWebKit/537.36 (KHTML, like Gecko) SamsungBrowser/13.2 Chrome/83.0.4103.106 Mobile Safari/537.36"
82.208.124.13 - - [13/Feb/2021:10:42:08 +0300] "GET /Info/API?action=request_access&content_id=528 HTTP/1.1" 200 151 "https://chillvision.ru/" "Mozilla/5.0 (Linux; Android 11; SAMSUNG SM-G985F) AppleWebKit/537.36 (KHTML, like Gecko) SamsungBrowser/13.2 Chrome/83.0.4103.106 Mobile Safari/537.36"
82.208.124.13 - - [13/Feb/2021:10:42:13 +0300] "GET /Info/API?action=check_user_access&content_id=528 HTTP/1.1" 200 180 "https://chillvision.ru/" "Mozilla/5.0 (Linux; Android 11; SAMSUNG SM-G985F) AppleWebKit/537.36 (KHTML, like Gecko) SamsungBrowser/13.2 Chrome/83.0.4103.106 Mobile Safari/537.36"
82.208.124.13 - - [13/Feb/2021:10:42:18 +0300] "GET /Info/API?action=check_user_access&content_id=528 HTTP/1.1" 200 180 "https://chillvision.ru/" "Mozilla/5.0 (Linux; Android 11; SAMSUNG SM-G985F) AppleWebKit/537.36 (KHTML, like Gecko) SamsungBrowser/13.2 Chrome/83.0.4103.106 Mobile Safari/537.36"
82.208.124.13 - - [13/Feb/2021:10:42:20 +0300] "GET /Info/API?action=check_user_access&content_id=528 HTTP/1.1" 200 180 "https://chillvision.ru/" "Mozilla/5.0 (Linux; Android 11; SAMSUNG SM-G985F) AppleWebKit/537.36 (KHTML, like Gecko) SamsungBrowser/13.2 Chrome/83.0.4103.106 Mobile Safari/537.36"
82.208.124.13 - - [13/Feb/2021:10:42:21 +0300] "GET /Info/API?action=check_user_access&content_id=528 HTTP/1.1" 200 180 "https://chillvision.ru/" "Mozilla/5.0 (Linux; Android 11; SAMSUNG SM-G985F) AppleWebKit/537.36 (KHTML, like Gecko) SamsungBrowser/13.2 Chrome/83.0.4103.106 Mobile Safari/537.36"
82.208.124.13 - - [13/Feb/2021:10:42:21 +0300] "GET /Info/API?action=check_user_access&content_id=528 HTTP/1.1" 200 180 "https://chillvision.ru/" "Mozilla/5.0 (Linux; Android 11; SAMSUNG SM-G985F) AppleWebKit/537.36 (KHTML, like Gecko) SamsungBrowser/13.2 Chrome/83.0.4103.106 Mobile Safari/537.36"
94.137.11.22 - - [13/Feb/2021:10:42:23 +0300] "GET /page/best-mistake?utm_source=vk&utm_medium=cpc&utm_campaign=best-mistake&utm_content=general HTTP/1.1" 200 13530 "http://away.vk.com/" "Mozilla/5.0 (Linux; Android 9; ANE-LX1) AppleWebKit/537.36 (KHTML, like Gecko) Chrome/88.0.4324.152 Mobile Safari/537.36"
82.208.124.13 - - [13/Feb/2021:10:42:24 +0300] "GET /collection/1878 HTTP/1.1" 200 17778 "https://chillvision.ru/" "Mozilla/5.0 (Linux; Android 11; SAMSUNG SM-G985F) AppleWebKit/537.36 (KHTML, like Gecko) SamsungBrowser/13.2 Chrome/83.0.4103.106 Mobile Safari/537.36"
82.208.124.13 - - [13/Feb/2021:10:42:24 +0300] "GET / HTTP/1.1" 200 25081 "https://chillvision.ru/" "Mozilla/5.0 (Linux; Android 11; SAMSUNG SM-G985F) AppleWebKit/537.36 (KHTML, like Gecko) SamsungBrowser/13.2 Chrome/83.0.4103.106 Mobile Safari/537.36"
82.208.124.13 - - [13/Feb/2021:10:42:25 +0300] "GET /page/best-mistake?utm_source=vk&utm_medium=cpc&utm_campaign=best-mistake&utm_content=general HTTP/1.1" 200 13523 "http://away.vk.com/" "Mozilla/5.0 (Linux; Android 11; SAMSUNG SM-G985F) AppleWebKit/537.36 (KHTML, like Gecko) SamsungBrowser/13.2 Chrome/83.0.4103.106 Mobile Safari/537.36"
217.114.224.67 - - [13/Feb/2021:10:43:27 +0300] "GET /collection/356 HTTP/1.1" 200 17150 "https://away.vk.com/" "Mozilla/5.0 (Windows NT 10.0; Win64; x64; rv:85.0) Gecko/20100101 Firefox/85.0"
92.55.31.62 - - [13/Feb/2021:10:44:04 +0300] "GET /Soap/2022 HTTP/1.1" 200 38373 "https://chillvision.ru/" "Mozilla/5.0 (iPhone; CPU iPhone OS 14_4 like Mac OS X) AppleWebKit/605.1.15 (KHTML, like Gecko) Version/14.0.3 Mobile/15E148 Safari/604.1"
92.55.31.62 - - [13/Feb/2021:10:44:05 +0300] "GET /media/media_content_poster/2057/.SW_200H_200CF_1PR_sq.jpg HTTP/1.1" 302 370 "https://chillvision.ru/" "Mozilla/5.0 (iPhone; CPU iPhone OS 14_4 like Mac OS X) AppleWebKit/605.1.15 (KHTML, like Gecko) Version/14.0.3 Mobile/15E148 Safari/604.1"
92.55.31.62 - - [13/Feb/2021:10:44:05 +0300] "GET /Info/API?action=check_user_access&content_id=2024 HTTP/1.1" 200 180 "https://chillvision.ru/" "Mozilla/5.0 (iPhone; CPU iPhone OS 14_4 like Mac OS X) AppleWebKit/605.1.15 (KHTML, like Gecko) Version/14.0.3 Mobile/15E148 Safari/604.1"
92.55.31.62 - - [13/Feb/2021:10:44:05 +0300] "GET /MediaAPI/ImageFly/get_image?rqi=media_content_poster/2057/.SW_200H_200CF_1PR_sq.jpg HTTP/1.1" 404 103 "https://chillvision.ru/" "Mozilla/5.0 (iPhone; CPU iPhone OS 14_4 like Mac OS X) AppleWebKit/605.1.15 (KHTML, like Gecko) Version/14.0.3 Mobile/15E148 Safari/604.1"
91.195.136.122 - - [13/Feb/2021:10:44:16 +0300] "GET /Info/API?action=check_user_access&content_id=1006 HTTP/1.1" 200 278 "https://chillvision.ru/" "Mozilla/5.0 (Windows NT 6.1; Win64; x64) AppleWebKit/537.36 (KHTML, like Gecko) Chrome/88.0.4324.150 Safari/537.36"
91.195.136.122 - - [13/Feb/2021:10:44:23 +0300] "GET /Info/API?action=request_access&content_id=1006 HTTP/1.1" 200 633 "https://chillvision.ru/" "Mozilla/5.0 (Windows NT 6.1; Win64; x64) AppleWebKit/537.36 (KHTML, like Gecko) Chrome/88.0.4324.150 Safari/537.36"
80.246.81.64 - - [13/Feb/2021:10:44:27 +0300] "GET /collection/356 HTTP/1.1" 200 17153 "https://away.vk.com/" "Mozilla/5.0 (Windows NT 6.1; WOW64) AppleWebKit/537.36 (KHTML, like Gecko) Chrome/87.0.4280.141 YaBrowser/20.12.3.138 Yowser/2.5 Safari/537.36"
80.246.81.64 - - [13/Feb/2021:10:44:30 +0300] "GET /manifest.webmanifest HTTP/1.1" 200 569 "https://chillvision.ru/" "Mozilla/5.0 (Windows NT 6.1; WOW64) AppleWebKit/537.36 (KHTML, like Gecko) Chrome/87.0.4280.141 YaBrowser/20.12.3.138 Yowser/2.5 Safari/537.36"
157.55.39.234 - - [13/Feb/2021:10:44:43 +0300] "GET /media/media_content_frame/857/9b403c04d2e4cdfd4ea85668a25715c6.SF_1.jpg HTTP/1.1" 302 384 "-" "Mozilla/5.0 (compatible; bingbot/2.0; +http://www.bing.com/bingbot.htm)"
157.55.39.234 - - [13/Feb/2021:10:44:43 +0300] "GET /MediaAPI/ImageFly/get_image?rqi=media_content_frame/857/9b403c04d2e4cdfd4ea85668a25715c6.SF_1.jpg HTTP/1.1" 301 0 "-" "Mozilla/5.0 (compatible; bingbot/2.0; +http://www.bing.com/bingbot.htm)"
188.32.1.35 - - [13/Feb/2021:10:45:16 +0300] "GET /?utm_source=yandex_direct&utm_medium=cpc&utm_campaign=brend&utm_content=9543500315&utm_term={PHRASE} HTTP/1.1" 301 194 "-" "Mozilla/5.0 (Linux; Android 9; JAT-LX1) AppleWebKit/537.36 (KHTML, like Gecko) Chrome/74.0.3729.136 Mobile Safari/537.36"
188.32.1.35 - - [13/Feb/2021:10:45:16 +0300] "GET /?utm_source=yandex_direct&utm_medium=cpc&utm_campaign=brend&utm_content=9543500315&utm_term={PHRASE} HTTP/1.1" 200 25080 "-" "Mozilla/5.0 (Linux; Android 9; JAT-LX1) AppleWebKit/537.36 (KHTML, like Gecko) Chrome/74.0.3729.136 Mobile Safari/537.36"
213.129.38.29 - - [13/Feb/2021:10:46:20 +0300] "GET /Soap/2581?utm_source=relap HTTP/1.1" 200 32485 "-" "Mozilla/5.0 (Linux; Android 10; SM-A505FN) AppleWebKit/537.36 (KHTML, like Gecko) Chrome/88.0.4324.152 Mobile Safari/537.36"
213.129.38.29 - - [13/Feb/2021:10:46:22 +0300] "GET /Info/API?action=check_user_access&content_id=2583 HTTP/1.1" 200 181 "https://chillvision.ru/" "Mozilla/5.0 (Linux; Android 10; SM-A505FN) AppleWebKit/537.36 (KHTML, like Gecko) Chrome/88.0.4324.152 Mobile Safari/537.36"
213.129.38.29 - - [13/Feb/2021:10:46:25 +0300] "GET /manifest.webmanifest HTTP/1.1" 200 569 "https://chillvision.ru/" "Mozilla/5.0 (Linux; Android 10; SM-A505FN) AppleWebKit/537.36 (KHTML, like Gecko) Chrome/88.0.4324.152 Mobile Safari/537.36"
46.172.200.3 - - [13/Feb/2021:10:46:30 +0300] "GET /collection/356 HTTP/1.1" 200 17149 "https://away.vk.com/" "Mozilla/5.0 (Windows NT 5.1) AppleWebKit/537.36 (KHTML, like Gecko) Chrome/49.0.2623.112 Safari/537.36"
178.45.130.39 - - [13/Feb/2021:10:46:33 +0300] "GET /collection/356 HTTP/1.1" 200 17145 "https://away.vk.com/" "Mozilla/5.0 (Windows NT 6.1) AppleWebKit/537.36 (KHTML, like Gecko) Chrome/69.0.3497.100 Safari/537.36"
213.24.135.235 - - [13/Feb/2021:10:46:33 +0300] "GET /collection/356 HTTP/1.1" 200 17145 "https://away.vk.com/" "Mozilla/5.0 (Windows NT 6.1; Win64; x64) AppleWebKit/537.36 (KHTML, like Gecko) Chrome/87.0.4280.141 Safari/537.36 OPR/73.0.3856.344 (Edition Yx 02)"
213.24.135.235 - - [13/Feb/2021:10:46:50 +0300] "GET /Soap/2027 HTTP/1.1" 200 39370 "https://chillvision.ru/" "Mozilla/5.0 (Windows NT 6.1; Win64; x64) AppleWebKit/537.36 (KHTML, like Gecko) Chrome/87.0.4280.141 Safari/537.36 OPR/73.0.3856.344 (Edition Yx 02)"
213.24.135.235 - - [13/Feb/2021:10:46:52 +0300] "GET /Info/API?action=check_user_access&content_id=2031 HTTP/1.1" 200 180 "https://chillvision.ru/" "Mozilla/5.0 (Windows NT 6.1; Win64; x64) AppleWebKit/537.36 (KHTML, like Gecko) Chrome/87.0.4280.141 Safari/537.36 OPR/73.0.3856.344 (Edition Yx 02)"
213.24.135.235 - - [13/Feb/2021:10:47:02 +0300] "GET /Info/API?action=players_ids&vilg%5BA2034%5D%5B%5D=5f2d23ebef3db559bcff67a4 HTTP/1.1" 200 156 "https://chillvision.ru/" "Mozilla/5.0 (Windows NT 6.1; Win64; x64) AppleWebKit/537.36 (KHTML, like Gecko) Chrome/87.0.4280.141 Safari/537.36 OPR/73.0.3856.344 (Edition Yx 02)"
213.24.135.235 - - [13/Feb/2021:10:47:11 +0300] "GET /page/policy HTTP/1.1" 200 15759 "https://chillvision.ru/" "Mozilla/5.0 (Windows NT 6.1; Win64; x64) AppleWebKit/537.36 (KHTML, like Gecko) Chrome/87.0.4280.141 Safari/537.36 OPR/73.0.3856.344 (Edition Yx 02)"
91.239.42.40 - - [13/Feb/2021:10:47:50 +0300] "GET /Soap/526 HTTP/1.1" 200 43533 "https://chillvision.ru/" "Mozilla/5.0 (Windows NT 6.1; WOW64) AppleWebKit/537.36 (KHTML, like Gecko) Chrome/80.0.3987.132 YaBrowser/20.3.2.242 Yowser/2.5 Safari/537.36"
91.239.42.40 - - [13/Feb/2021:10:47:55 +0300] "GET /Info/API?action=check_user_access&content_id=528 HTTP/1.1" 200 181 "https://chillvision.ru/" "Mozilla/5.0 (Windows NT 6.1; WOW64) AppleWebKit/537.36 (KHTML, like Gecko) Chrome/80.0.3987.132 YaBrowser/20.3.2.242 Yowser/2.5 Safari/537.36"
85.249.26.2 - - [13/Feb/2021:10:47:59 +0300] "GET /Soap/2264 HTTP/1.1" 200 47028 "https://www.google.com/" "Mozilla/5.0 (Linux; Android 10; M2010J19CG) AppleWebKit/537.36 (KHTML, like Gecko) Chrome/83.0.4103.101 Mobile Safari/537.36"
85.249.26.2 - - [13/Feb/2021:10:48:11 +0300] "GET /Info/API?action=check_user_access&content_id=2266 HTTP/1.1" 200 180 "https://chillvision.ru/" "Mozilla/5.0 (Linux; Android 10; M2010J19CG) AppleWebKit/537.36 (KHTML, like Gecko) Chrome/83.0.4103.101 Mobile Safari/537.36"
213.24.135.235 - - [13/Feb/2021:10:48:21 +0300] "GET /Soap/2027 HTTP/1.1" 200 39372 "https://chillvision.ru/" "Mozilla/5.0 (Windows NT 6.1; Win64; x64) AppleWebKit/537.36 (KHTML, like Gecko) Chrome/87.0.4280.141 Safari/537.36 OPR/73.0.3856.344 (Edition Yx 02)"
213.24.135.235 - - [13/Feb/2021:10:48:22 +0300] "GET /Info/API?action=check_user_access&content_id=2031 HTTP/1.1" 200 180 "https://chillvision.ru/" "Mozilla/5.0 (Windows NT 6.1; Win64; x64) AppleWebKit/537.36 (KHTML, like Gecko) Chrome/87.0.4280.141 Safari/537.36 OPR/73.0.3856.344 (Edition Yx 02)"
85.249.26.2 - - [13/Feb/2021:10:48:27 +0300] "GET /manifest.webmanifest HTTP/1.1" 200 569 "https://chillvision.ru/" "Mozilla/5.0 (Linux; Android 10; M2010J19CG) AppleWebKit/537.36 (KHTML, like Gecko) Chrome/83.0.4103.101 Mobile Safari/537.36"
5.255.231.18 - - [13/Feb/2021:10:48:28 +0300] "GET /Soap/526 HTTP/1.1" 200 43540 "-" "Mozilla/5.0 (compatible; YandexBot/3.0; +http://yandex.com/bots)"
85.249.192.53 - - [13/Feb/2021:10:48:40 +0300] "GET / HTTP/1.1" 200 25077 "-" "Mozilla/5.0 (Macintosh; Intel Mac OS X 10_15_6) AppleWebKit/605.1.15 (KHTML, like Gecko) Version/13.1.2 Safari/605.1.15"
85.249.192.53 - - [13/Feb/2021:10:49:00 +0300] "GET / HTTP/1.1" 200 25088 "-" "Mozilla/5.0 (Macintosh; Intel Mac OS X 10_15_6) AppleWebKit/605.1.15 (KHTML, like Gecko) Version/13.1.2 Safari/605.1.15"
213.24.135.235 - - [13/Feb/2021:10:49:04 +0300] "GET /collection/356 HTTP/1.1" 200 17152 "-" "Mozilla/5.0 (Windows NT 6.1; Win64; x64) AppleWebKit/537.36 (KHTML, like Gecko) Chrome/87.0.4280.141 Safari/537.36 OPR/73.0.3856.344 (Edition Yx 02)"
5.255.231.18 - - [13/Feb/2021:10:49:18 +0300] "GET /lent_v_2/more/1?sys_render_layout=raw HTTP/1.1" 200 3828 "https://chillvision.ru/" "Mozilla/5.0 (compatible; YandexBot/3.0; +http://yandex.com/bots) AppleWebKit/537.36 (KHTML, like Gecko) Chrome/81.0.4044.268"
89.113.139.236 - - [13/Feb/2021:10:49:33 +0300] "GET /page/best-mistake?utm_source=vk&utm_medium=cpc&utm_campaign=best-mistake&utm_content=general HTTP/1.1" 200 13530 "-" "Mozilla/5.0 (Linux; Android 7.0; BQ-5702 Build/NRD90M) AppleWebKit/537.36 (KHTML, like Gecko) Chrome/63.0.3239.111 Mobile Safari/537.36"
3.80.78.231 - - [13/Feb/2021:10:49:42 +0300] "GET / HTTP/1.1" 301 194 "-" "python-requests/2.18.1"
3.80.78.231 - - [13/Feb/2021:10:49:42 +0300] "GET / HTTP/1.1" 200 25076 "-" "python-requests/2.18.1"
89.113.139.236 - - [13/Feb/2021:10:49:42 +0300] "GET /Public/API?action=collection&id=356 HTTP/1.1" 200 1956 "https://chillvision.ru/" "Mozilla/5.0 (Linux; Android 7.0; BQ-5702 Build/NRD90M) AppleWebKit/537.36 (KHTML, like Gecko) Chrome/63.0.3239.111 Mobile Safari/537.36"
3.80.78.231 - - [13/Feb/2021:10:49:43 +0300] "GET / HTTP/1.1" 200 25080 "-" "python-requests/2.18.1"
3.80.78.231 - - [13/Feb/2021:10:49:43 +0300] "GET / HTTP/1.1" 200 25081 "-" "python-requests/2.18.1"
81.91.187.132 - - [13/Feb/2021:10:49:47 +0300] "GET /Soap/526 HTTP/1.1" 200 43542 "-" "Mozilla/5.0 (Linux; Android 4.4.4; Y635-L21) AppleWebKit/537.36 (KHTML, like Gecko) Chrome/81.0.4044.138 Mobile Safari/537.36"
89.113.139.236 - - [13/Feb/2021:10:50:00 +0300] "GET /android-chrome-192x192.png HTTP/1.1" 404 25263 "https://chillvision.ru/" "Mozilla/5.0 (Linux; Android 7.0; BQ-5702 Build/NRD90M) AppleWebKit/537.36 (KHTML, like Gecko) Chrome/63.0.3239.111 Mobile Safari/537.36"
89.113.139.236 - - [13/Feb/2021:10:50:01 +0300] "GET /android-chrome-256x256.png HTTP/1.1" 404 25259 "https://chillvision.ru/" "Mozilla/5.0 (Linux; Android 7.0; BQ-5702 Build/NRD90M) AppleWebKit/537.36 (KHTML, like Gecko) Chrome/63.0.3239.111 Mobile Safari/537.36"
91.243.255.120 - - [13/Feb/2021:10:50:16 +0300] "GET /collection/356 HTTP/1.1" 200 17151 "-" "Mozilla/5.0 (Windows NT 6.1; Win64; x64) AppleWebKit/537.36 (KHTML, like Gecko) Chrome/88.0.4324.150 Safari/537.36"
176.59.212.143 - - [13/Feb/2021:10:50:29 +0300] "GET /page/best-mistake?utm_source=vk&utm_medium=cpc&utm_campaign=best-mistake&utm_content=general HTTP/1.1" 301 194 "http://away.vk.com/" "Mozilla/5.0 (Linux; Android 9; Redmi Note 8T) AppleWebKit/537.36 (KHTML, like Gecko) Chrome/80.0.3987.132 Mobile Safari/537.36"
176.59.212.143 - - [13/Feb/2021:10:50:29 +0300] "GET /page/best-mistake?utm_source=vk&utm_medium=cpc&utm_campaign=best-mistake&utm_content=general HTTP/1.1" 200 13526 "http://away.vk.com/" "Mozilla/5.0 (Linux; Android 9; Redmi Note 8T) AppleWebKit/537.36 (KHTML, like Gecko) Chrome/80.0.3987.132 Mobile Safari/537.36"
176.59.212.143 - - [13/Feb/2021:10:50:31 +0300] "GET /Public/API?action=collection&id=356 HTTP/1.1" 200 1956 "https://chillvision.ru/" "Mozilla/5.0 (Linux; Android 9; Redmi Note 8T) AppleWebKit/537.36 (KHTML, like Gecko) Chrome/80.0.3987.132 Mobile Safari/537.36"
95.158.248.29 - - [13/Feb/2021:10:51:19 +0300] "GET /page/best-mistake?utm_source=vk&utm_medium=cpc&utm_campaign=best-mistake&utm_content=general HTTP/1.1" 301 194 "https://away.vk.com/" "Mozilla/5.0 (Linux; arm; Android 7.1.2; LM-X210) AppleWebKit/537.36 (KHTML, like Gecko) Chrome/87.0.4280.141 YaBrowser/20.12.1.98.00 SA/3 Mobile Safari/537.36"
95.158.248.29 - - [13/Feb/2021:10:51:20 +0300] "GET /page/best-mistake?utm_source=vk&utm_medium=cpc&utm_campaign=best-mistake&utm_content=general HTTP/1.1" 200 13533 "https://away.vk.com/" "Mozilla/5.0 (Linux; arm; Android 7.1.2; LM-X210) AppleWebKit/537.36 (KHTML, like Gecko) Chrome/87.0.4280.141 YaBrowser/20.12.1.98.00 SA/3 Mobile Safari/537.36"
95.158.248.29 - - [13/Feb/2021:10:51:29 +0300] "GET /Public/API?action=collection&id=356 HTTP/1.1" 200 1956 "https://chillvision.ru/" "Mozilla/5.0 (Linux; arm; Android 7.1.2; LM-X210) AppleWebKit/537.36 (KHTML, like Gecko) Chrome/87.0.4280.141 YaBrowser/20.12.1.98.00 SA/3 Mobile Safari/537.36"
85.115.248.131 - - [13/Feb/2021:10:51:47 +0300] "GET /page/best-mistake?utm_source=vk&utm_medium=cpc&utm_campaign=best-mistake&utm_content=general HTTP/1.1" 301 194 "http://away.vk.com/" "Mozilla/5.0 (Linux; Android 9; C17 Pro) AppleWebKit/537.36 (KHTML, like Gecko) Chrome/88.0.4324.152 Mobile Safari/537.36"
85.115.248.131 - - [13/Feb/2021:10:51:47 +0300] "GET /page/best-mistake?utm_source=vk&utm_medium=cpc&utm_campaign=best-mistake&utm_content=general HTTP/1.1" 200 13528 "http://away.vk.com/" "Mozilla/5.0 (Linux; Android 9; C17 Pro) AppleWebKit/537.36 (KHTML, like Gecko) Chrome/88.0.4324.152 Mobile Safari/537.36"
85.115.248.131 - - [13/Feb/2021:10:51:55 +0300] "GET /Public/API?action=collection&id=356 HTTP/1.1" 200 1956 "https://chillvision.ru/" "Mozilla/5.0 (Linux; Android 9; C17 Pro) AppleWebKit/537.36 (KHTML, like Gecko) Chrome/88.0.4324.152 Mobile Safari/537.36"
