213.87.130.221 - - [13/Feb/2021:15:16:06 +0300] "GET /page/best-mistake?utm_source=vk&utm_medium=cpc&utm_campaign=best-mistake&utm_content=general HTTP/1.1" 200 13524 "http://away.vk.com/" "Mozilla/5.0 (Linux; Android 9; JAT-LX1) AppleWebKit/537.36 (KHTML, like Gecko) Chrome/88.0.4324.152 Mobile Safari/537.36"
213.87.130.221 - - [13/Feb/2021:15:16:12 +0300] "GET /Public/API?action=collection&id=356 HTTP/1.1" 200 1956 "https://chillvision.ru/" "Mozilla/5.0 (Linux; Android 9; JAT-LX1) AppleWebKit/537.36 (KHTML, like Gecko) Chrome/88.0.4324.152 Mobile Safari/537.36"
128.74.169.158 - - [13/Feb/2021:15:16:16 +0300] "GET /Info/API?action=check_user_access&content_id=2057 HTTP/1.1" 200 505 "https://chillvision.ru/" "Mozilla/5.0 (Windows NT 10.0; WOW64) AppleWebKit/537.36 (KHTML, like Gecko) Chrome/88.0.4324.41 YaBrowser/21.2.0.1099 Yowser/2.5 Safari/537.36"
95.153.128.244 - - [13/Feb/2021:15:16:18 +0300] "GET /page/best-mistake?utm_source=vk&utm_medium=cpc&utm_campaign=best-mistake&utm_content=general HTTP/1.1" 301 194 "http://away.vk.com/" "Mozilla/5.0 (Linux; Android 7.1.2; Redmi 5) AppleWebKit/537.36 (KHTML, like Gecko) Chrome/88.0.4324.152 Mobile Safari/537.36"
128.74.169.158 - - [13/Feb/2021:15:16:20 +0300] "GET /Info/API?action=check_user_access&content_id=2058 HTTP/1.1" 200 278 "https://chillvision.ru/" "Mozilla/5.0 (Windows NT 10.0; WOW64) AppleWebKit/537.36 (KHTML, like Gecko) Chrome/88.0.4324.41 YaBrowser/21.2.0.1099 Yowser/2.5 Safari/537.36"
95.153.128.244 - - [13/Feb/2021:15:16:25 +0300] "GET /page/best-mistake?utm_source=vk&utm_medium=cpc&utm_campaign=best-mistake&utm_content=general HTTP/1.1" 200 13534 "http://away.vk.com/" "Mozilla/5.0 (Linux; Android 7.1.2; Redmi 5) AppleWebKit/537.36 (KHTML, like Gecko) Chrome/88.0.4324.152 Mobile Safari/537.36"
128.74.169.158 - - [13/Feb/2021:15:16:26 +0300] "GET /Info/API?action=request_access&content_id=2058 HTTP/1.1" 200 633 "https://chillvision.ru/" "Mozilla/5.0 (Windows NT 10.0; WOW64) AppleWebKit/537.36 (KHTML, like Gecko) Chrome/88.0.4324.41 YaBrowser/21.2.0.1099 Yowser/2.5 Safari/537.36"
185.24.58.240 - - [13/Feb/2021:15:16:33 +0300] "GET /collection/356 HTTP/1.1" 200 17139 "https://away.vk.com/" "Mozilla/5.0 (Windows NT 6.1) AppleWebKit/537.36 (KHTML, like Gecko) Chrome/87.0.4280.141 YaBrowser/20.12.3.138 Yowser/2.5 Safari/537.36"
92.39.218.117 - - [13/Feb/2021:15:16:35 +0300] "GET /Info/API?action=players_ids&vilg%5BA2034%5D%5B%5D=5f2d23ebef3db559bcff67a4 HTTP/1.1" 200 156 "https://chillvision.ru/" "Mozilla/5.0 (Windows NT 6.1; Win64; x64) AppleWebKit/537.36 (KHTML, like Gecko) Chrome/88.0.4324.150 Safari/537.36"
185.24.58.240 - - [13/Feb/2021:15:16:36 +0300] "GET /manifest.webmanifest HTTP/1.1" 200 569 "https://chillvision.ru/" "Mozilla/5.0 (Windows NT 6.1) AppleWebKit/537.36 (KHTML, like Gecko) Chrome/87.0.4280.141 YaBrowser/20.12.3.138 Yowser/2.5 Safari/537.36"
91.108.30.245 - - [13/Feb/2021:15:17:47 +0300] "GET /page/best-mistake?utm_source=vk&utm_medium=cpc&utm_campaign=best-mistake&utm_content=general HTTP/1.1" 301 194 "http://away.vk.com/" "Mozilla/5.0 (iPhone; CPU iPhone OS 13_5_1 like Mac OS X) AppleWebKit/605.1.15 (KHTML, like Gecko) Version/13.1.1 Mobile/15E148 Safari/604.1"
91.108.30.245 - - [13/Feb/2021:15:17:48 +0300] "GET /page/best-mistake?utm_source=vk&utm_medium=cpc&utm_campaign=best-mistake&utm_content=general HTTP/1.1" 200 13529 "http://away.vk.com/" "Mozilla/5.0 (iPhone; CPU iPhone OS 13_5_1 like Mac OS X) AppleWebKit/605.1.15 (KHTML, like Gecko) Version/13.1.1 Mobile/15E148 Safari/604.1"
91.108.30.245 - - [13/Feb/2021:15:17:49 +0300] "GET /Public/API?action=collection&id=356 HTTP/1.1" 200 1956 "https://chillvision.ru/" "Mozilla/5.0 (iPhone; CPU iPhone OS 13_5_1 like Mac OS X) AppleWebKit/605.1.15 (KHTML, like Gecko) Version/13.1.1 Mobile/15E148 Safari/604.1"
82.208.124.224 - - [13/Feb/2021:15:18:56 +0300] "GET /page/best-mistake?utm_source=vk&utm_medium=cpc&utm_campaign=best-mistake&utm_content=general HTTP/1.1" 301 194 "https://vk.com/" "Mozilla/5.0 (Linux; arm_64; Android 7.0; PRO 7-H) AppleWebKit/537.36 (KHTML, like Gecko) Chrome/87.0.4280.141 YaApp_Android/20.122.0 YaSearchBrowser/20.122.0 BroPP/1.0 SA/3 Mobile Safari/537.36"
82.208.124.224 - - [13/Feb/2021:15:18:56 +0300] "GET /page/best-mistake?utm_source=vk&utm_medium=cpc&utm_campaign=best-mistake&utm_content=general HTTP/1.1" 200 13525 "https://vk.com/" "Mozilla/5.0 (Linux; arm_64; Android 7.0; PRO 7-H) AppleWebKit/537.36 (KHTML, like Gecko) Chrome/87.0.4280.141 YaApp_Android/20.122.0 YaSearchBrowser/20.122.0 BroPP/1.0 SA/3 Mobile Safari/537.36"
82.208.124.224 - - [13/Feb/2021:15:18:58 +0300] "GET /Public/API?action=collection&id=356 HTTP/1.1" 200 1956 "https://chillvision.ru/" "Mozilla/5.0 (Linux; arm_64; Android 7.0; PRO 7-H) AppleWebKit/537.36 (KHTML, like Gecko) Chrome/87.0.4280.141 YaApp_Android/20.122.0 YaSearchBrowser/20.122.0 BroPP/1.0 SA/3 Mobile Safari/537.36"
95.153.128.244 - - [13/Feb/2021:15:19:04 +0300] "GET /Public/API?action=collection&id=356 HTTP/1.1" 200 1956 "https://chillvision.ru/" "Mozilla/5.0 (Linux; Android 7.1.2; Redmi 5) AppleWebKit/537.36 (KHTML, like Gecko) Chrome/88.0.4324.152 Mobile Safari/537.36"
95.54.106.178 - - [13/Feb/2021:15:19:37 +0300] "GET /collection/356 HTTP/1.1" 200 17146 "https://away.vk.com/" "Mozilla/5.0 (Windows NT 6.1; WOW64) AppleWebKit/537.36 (KHTML, like Gecko) Chrome/88.0.4324.150 Safari/537.36"
95.54.106.178 - - [13/Feb/2021:15:19:41 +0300] "GET /manifest.webmanifest HTTP/1.1" 200 569 "https://chillvision.ru/" "Mozilla/5.0 (Windows NT 6.1; WOW64) AppleWebKit/537.36 (KHTML, like Gecko) Chrome/88.0.4324.150 Safari/537.36"
95.182.82.107 - - [13/Feb/2021:15:21:08 +0300] "GET /collection/356 HTTP/1.1" 200 17148 "-" "Mozilla/5.0 (Windows NT 10.0; Win64; x64) AppleWebKit/537.36 (KHTML, like Gecko) Chrome/88.0.4324.150 Safari/537.36"
92.244.238.25 - - [13/Feb/2021:15:21:20 +0300] "GET /Soap/1487 HTTP/1.1" 200 40319 "https://www.google.com/" "Mozilla/5.0 (Windows NT 10.0; Win64; x64) AppleWebKit/537.36 (KHTML, like Gecko) Chrome/88.0.4324.150 Safari/537.36"
92.244.238.25 - - [13/Feb/2021:15:21:23 +0300] "GET /Info/API?action=check_user_access&content_id=1489 HTTP/1.1" 200 181 "https://chillvision.ru/" "Mozilla/5.0 (Windows NT 10.0; Win64; x64) AppleWebKit/537.36 (KHTML, like Gecko) Chrome/88.0.4324.150 Safari/537.36"
92.244.238.25 - - [13/Feb/2021:15:21:24 +0300] "GET /manifest.webmanifest HTTP/1.1" 200 569 "https://chillvision.ru/" "Mozilla/5.0 (Windows NT 10.0; Win64; x64) AppleWebKit/537.36 (KHTML, like Gecko) Chrome/88.0.4324.150 Safari/537.36"
213.87.130.221 - - [13/Feb/2021:15:21:25 +0300] "GET /Soap/526 HTTP/1.1" 200 43539 "https://chillvision.ru/" "Mozilla/5.0 (Linux; Android 9; JAT-LX1) AppleWebKit/537.36 (KHTML, like Gecko) Chrome/88.0.4324.152 Mobile Safari/537.36"
213.87.130.221 - - [13/Feb/2021:15:21:30 +0300] "GET /Info/API?action=check_user_access&content_id=528 HTTP/1.1" 200 180 "https://chillvision.ru/" "Mozilla/5.0 (Linux; Android 9; JAT-LX1) AppleWebKit/537.36 (KHTML, like Gecko) Chrome/88.0.4324.152 Mobile Safari/537.36"
213.87.130.221 - - [13/Feb/2021:15:21:36 +0300] "GET /manifest.webmanifest HTTP/1.1" 200 569 "https://chillvision.ru/" "Mozilla/5.0 (Linux; Android 9; JAT-LX1) AppleWebKit/537.36 (KHTML, like Gecko) Chrome/88.0.4324.152 Mobile Safari/537.36"
173.252.111.14 - - [13/Feb/2021:15:22:46 +0300] "GET /page/best-mistake?utm_source=trads&utm_medium=cpm&utm_campaign=best-mistake&utm_content=trads_3697888&utm_term=trads_360947024377417754 HTTP/1.1" 206 13525 "-" "facebookexternalhit/1.1 (+http://www.facebook.com/externalhit_uatext.php)"
173.252.111.14 - - [13/Feb/2021:15:22:47 +0300] "GET /page/best-mistake HTTP/1.1" 206 13533 "-" "facebookexternalhit/1.1 (+http://www.facebook.com/externalhit_uatext.php)"
173.252.111.17 - - [13/Feb/2021:15:22:52 +0300] "GET / HTTP/1.1" 206 25073 "-" "facebookexternalhit/1.1 (+http://www.facebook.com/externalhit_uatext.php)"
31.135.49.234 - - [13/Feb/2021:15:23:10 +0300] "GET /collection/356 HTTP/1.1" 200 17145 "https://away.vk.com/" "Mozilla/5.0 (X11; Linux x86_64) AppleWebKit/537.36 (KHTML, like Gecko) Chrome/71.0.3578.98 Safari/537.36"
188.66.32.192 - - [13/Feb/2021:15:23:25 +0300] "GET /collection/356 HTTP/1.1" 200 17143 "https://away.vk.com/" "Mozilla/5.0 (Windows NT 10.0; Win64; x64) AppleWebKit/537.36 (KHTML, like Gecko) Chrome/88.0.4324.150 Safari/537.36"
31.135.49.234 - - [13/Feb/2021:15:23:26 +0300] "GET /manifest.webmanifest HTTP/1.1" 200 569 "https://chillvision.ru/" "Mozilla/5.0 (X11; Linux x86_64) AppleWebKit/537.36 (KHTML, like Gecko) Chrome/71.0.3578.98 Safari/537.36"
46.166.105.33 - - [13/Feb/2021:15:23:45 +0300] "GET /Soap/754 HTTP/1.1" 200 36312 "https://yandex.ru/" "Mozilla/5.0 (Windows NT 6.1; WOW64) AppleWebKit/537.36 (KHTML, like Gecko) Chrome/87.0.4280.141 YaBrowser/20.12.3.138 Yowser/2.5 Safari/537.36"
46.166.105.33 - - [13/Feb/2021:15:23:47 +0300] "GET /Info/API?action=check_user_access&content_id=756 HTTP/1.1" 200 181 "https://chillvision.ru/" "Mozilla/5.0 (Windows NT 6.1; WOW64) AppleWebKit/537.36 (KHTML, like Gecko) Chrome/87.0.4280.141 YaBrowser/20.12.3.138 Yowser/2.5 Safari/537.36"
46.166.105.33 - - [13/Feb/2021:15:23:49 +0300] "GET /manifest.webmanifest HTTP/1.1" 200 569 "https://chillvision.ru/" "Mozilla/5.0 (Windows NT 6.1; WOW64) AppleWebKit/537.36 (KHTML, like Gecko) Chrome/87.0.4280.141 YaBrowser/20.12.3.138 Yowser/2.5 Safari/537.36"
46.166.105.33 - - [13/Feb/2021:15:23:55 +0300] "GET /Info/API?action=players_ids&vilg%5BA1435%5D%5B%5D=5f0f4eadef3db524a9e2a15c HTTP/1.1" 200 156 "https://chillvision.ru/" "Mozilla/5.0 (Windows NT 6.1; WOW64) AppleWebKit/537.36 (KHTML, like Gecko) Chrome/87.0.4280.141 YaBrowser/20.12.3.138 Yowser/2.5 Safari/537.36"
188.66.32.192 - - [13/Feb/2021:15:24:03 +0300] "GET /manifest.webmanifest HTTP/1.1" 200 569 "https://chillvision.ru/" "Mozilla/5.0 (Windows NT 10.0; Win64; x64) AppleWebKit/537.36 (KHTML, like Gecko) Chrome/88.0.4324.150 Safari/537.36"
5.255.231.18 - - [13/Feb/2021:15:24:11 +0300] "GET /Soap/754 HTTP/1.1" 200 36309 "-" "Mozilla/5.0 (compatible; YandexBot/3.0; +http://yandex.com/bots)"
213.87.122.37 - - [13/Feb/2021:15:25:26 +0300] "GET /page/best-mistake?utm_source=vk&utm_medium=cpc&utm_campaign=best-mistake&utm_content=general HTTP/1.1" 301 194 "http://away.vk.com/" "Mozilla/5.0 (iPhone; CPU iPhone OS 12_4_9 like Mac OS X) AppleWebKit/605.1.15 (KHTML, like Gecko) Version/12.1.2 Mobile/15E148 Safari/604.1"
213.87.122.37 - - [13/Feb/2021:15:25:27 +0300] "GET /page/best-mistake?utm_source=vk&utm_medium=cpc&utm_campaign=best-mistake&utm_content=general HTTP/1.1" 200 13527 "http://away.vk.com/" "Mozilla/5.0 (iPhone; CPU iPhone OS 12_4_9 like Mac OS X) AppleWebKit/605.1.15 (KHTML, like Gecko) Version/12.1.2 Mobile/15E148 Safari/604.1"
213.87.122.37 - - [13/Feb/2021:15:25:30 +0300] "GET /Public/API?action=collection&id=356 HTTP/1.1" 200 1956 "https://chillvision.ru/" "Mozilla/5.0 (iPhone; CPU iPhone OS 12_4_9 like Mac OS X) AppleWebKit/605.1.15 (KHTML, like Gecko) Version/12.1.2 Mobile/15E148 Safari/604.1"
31.135.49.234 - - [13/Feb/2021:15:25:50 +0300] "GET /Soap/818 HTTP/1.1" 200 38722 "https://chillvision.ru/" "Mozilla/5.0 (X11; Linux x86_64) AppleWebKit/537.36 (KHTML, like Gecko) Chrome/71.0.3578.98 Safari/537.36"
31.135.49.234 - - [13/Feb/2021:15:25:56 +0300] "GET /Info/API?action=check_user_access&content_id=820 HTTP/1.1" 200 180 "https://chillvision.ru/" "Mozilla/5.0 (X11; Linux x86_64) AppleWebKit/537.36 (KHTML, like Gecko) Chrome/71.0.3578.98 Safari/537.36"
176.59.36.110 - - [13/Feb/2021:15:27:27 +0300] "GET /page/best-mistake?utm_source=vk&utm_medium=cpc&utm_campaign=best-mistake&utm_content=general HTTP/1.1" 301 194 "http://away.vk.com/" "Mozilla/5.0 (Linux; Android 5.1.1; SM-J3110 Build/LMY47X) AppleWebKit/537.36 (KHTML, like Gecko) Chrome/50.0.2661.89 Mobile Safari/537.36"
176.59.36.110 - - [13/Feb/2021:15:27:27 +0300] "GET /page/best-mistake?utm_source=vk&utm_medium=cpc&utm_campaign=best-mistake&utm_content=general HTTP/1.1" 200 13527 "http://away.vk.com/" "Mozilla/5.0 (Linux; Android 5.1.1; SM-J3110 Build/LMY47X) AppleWebKit/537.36 (KHTML, like Gecko) Chrome/50.0.2661.89 Mobile Safari/537.36"
93.158.90.114 - - [13/Feb/2021:15:27:35 +0300] "GET / HTTP/1.1" 200 25081 "-" "Mozilla/5.0 (Macintosh; Intel Mac OS X 11.1; rv:84.0) Gecko/20100101 Firefox/84.0"
85.140.0.126 - - [13/Feb/2021:15:27:35 +0300] "GET /collection/356 HTTP/1.1" 200 17142 "https://away.vk.com/" "Mozilla/5.0 (X11; Linux x86_64) AppleWebKit/537.36 (KHTML, like Gecko) Chrome/80.0.3987.132 YaBrowser/20.3.2.282 (beta) Yowser/2.5 Safari/537.36"
95.71.68.233 - - [13/Feb/2021:15:28:39 +0300] "GET /Soap/1578 HTTP/1.1" 200 39377 "https://zen.yandex.ru/media/chill_online/7-krutyh-i-zreliscnyh-serialov-6001ae31d0d4386c9f5d0aad" "Mozilla/5.0 (Windows NT 10.0; WOW64) AppleWebKit/537.36 (KHTML, like Gecko) Chrome/88.0.4324.41 YaBrowser/21.2.0.1099 Yowser/2.5 Safari/537.36"
95.71.68.233 - - [13/Feb/2021:15:28:39 +0300] "GET /manifest.webmanifest HTTP/1.1" 200 569 "-" "Mozilla/5.0 (Windows NT 10.0; WOW64) AppleWebKit/537.36 (KHTML, like Gecko) Chrome/88.0.4324.41 YaBrowser/21.2.0.1099 Yowser/2.5 Safari/537.36"
95.71.68.233 - - [13/Feb/2021:15:28:40 +0300] "GET /Info/API?action=check_user_access&content_id=1584 HTTP/1.1" 200 182 "https://chillvision.ru/" "Mozilla/5.0 (Windows NT 10.0; WOW64) AppleWebKit/537.36 (KHTML, like Gecko) Chrome/88.0.4324.41 YaBrowser/21.2.0.1099 Yowser/2.5 Safari/537.36"
95.71.68.233 - - [13/Feb/2021:15:28:44 +0300] "GET /manifest.webmanifest HTTP/1.1" 200 569 "https://chillvision.ru/" "Mozilla/5.0 (Windows NT 10.0; WOW64) AppleWebKit/537.36 (KHTML, like Gecko) Chrome/88.0.4324.41 YaBrowser/21.2.0.1099 Yowser/2.5 Safari/537.36"
66.249.76.110 - - [13/Feb/2021:15:28:58 +0300] "GET /Soap/823 HTTP/1.1" 200 38596 "-" "Mozilla/5.0 (compatible; Googlebot/2.1; +http://www.google.com/bot.html)"
5.255.231.18 - - [13/Feb/2021:15:29:03 +0300] "GET /Soap/1578 HTTP/1.1" 200 39374 "-" "Mozilla/5.0 (compatible; YandexBot/3.0; +http://yandex.com/bots)"
85.140.0.126 - - [13/Feb/2021:15:29:10 +0300] "GET /Soap/757 HTTP/1.1" 200 34741 "https://chillvision.ru/" "Mozilla/5.0 (X11; Linux x86_64) AppleWebKit/537.36 (KHTML, like Gecko) Chrome/80.0.3987.132 YaBrowser/20.3.2.282 (beta) Yowser/2.5 Safari/537.36"
85.140.0.126 - - [13/Feb/2021:15:29:15 +0300] "GET /Info/API?action=check_user_access&content_id=760 HTTP/1.1" 200 181 "https://chillvision.ru/" "Mozilla/5.0 (X11; Linux x86_64) AppleWebKit/537.36 (KHTML, like Gecko) Chrome/80.0.3987.132 YaBrowser/20.3.2.282 (beta) Yowser/2.5 Safari/537.36"
213.180.203.10 - - [13/Feb/2021:15:29:44 +0300] "GET / HTTP/1.1" 200 25076 "-" "Mozilla/5.0 (compatible; YandexBot/3.0; +http://yandex.com/bots) AppleWebKit/537.36 (KHTML, like Gecko) Chrome/81.0.4044.268"
95.105.124.250 - - [13/Feb/2021:15:29:53 +0300] "GET /collection/356 HTTP/1.1" 200 17144 "https://away.vk.com/" "Mozilla/5.0 (Windows NT 6.1) AppleWebKit/537.36 (KHTML, like Gecko) Chrome/87.0.4280.141 Safari/537.36 OPR/73.0.3856.344"
213.180.203.10 - - [13/Feb/2021:15:30:22 +0300] "GET /lent_v_2/more/1?sys_render_layout=raw HTTP/1.1" 200 3828 "https://chillvision.ru/" "Mozilla/5.0 (compatible; YandexBot/3.0; +http://yandex.com/bots) AppleWebKit/537.36 (KHTML, like Gecko) Chrome/81.0.4044.268"
95.105.124.250 - - [13/Feb/2021:15:31:13 +0300] "GET /Soap/2027 HTTP/1.1" 200 39375 "https://chillvision.ru/" "Mozilla/5.0 (Windows NT 6.1) AppleWebKit/537.36 (KHTML, like Gecko) Chrome/87.0.4280.141 Safari/537.36 OPR/73.0.3856.344"
95.105.124.250 - - [13/Feb/2021:15:31:15 +0300] "GET /Info/API?action=check_user_access&content_id=2031 HTTP/1.1" 200 182 "https://chillvision.ru/" "Mozilla/5.0 (Windows NT 6.1) AppleWebKit/537.36 (KHTML, like Gecko) Chrome/87.0.4280.141 Safari/537.36 OPR/73.0.3856.344"
109.252.48.7 - - [13/Feb/2021:15:31:42 +0300] "GET /collection/356 HTTP/1.1" 200 17152 "https://away.vk.com/" "Mozilla/5.0 (Windows NT 6.1; WOW64) AppleWebKit/537.36 (KHTML, like Gecko) Chrome/88.0.4324.41 YaBrowser/21.2.0.1099 Yowser/2.5 Safari/537.36"
109.252.48.7 - - [13/Feb/2021:15:31:55 +0300] "GET /manifest.webmanifest HTTP/1.1" 200 569 "https://chillvision.ru/" "Mozilla/5.0 (Windows NT 6.1; WOW64) AppleWebKit/537.36 (KHTML, like Gecko) Chrome/88.0.4324.41 YaBrowser/21.2.0.1099 Yowser/2.5 Safari/537.36"
5.255.231.18 - - [13/Feb/2021:15:32:19 +0300] "GET /assets/chill/fonts/materialdesignicons-webfont.woff?v=4.7.95 HTTP/1.1" 200 386840 "https://chillvision.ru/assets/chill/css/materialdesignicons.min.css" "Mozilla/5.0 (compatible; YandexBot/3.0; +http://yandex.com/bots) AppleWebKit/537.36 (KHTML, like Gecko) Chrome/81.0.4044.268"
213.180.203.10 - - [13/Feb/2021:15:32:19 +0300] "GET /assets/chill/fonts/roboto/Roboto-Regular.woff HTTP/1.1" 200 61736 "https://chillvision.ru/assets/chill/css/materialize.min.css" "Mozilla/5.0 (compatible; YandexBot/3.0; +http://yandex.com/bots) AppleWebKit/537.36 (KHTML, like Gecko) Chrome/81.0.4044.268"
95.163.255.225 - - [13/Feb/2021:15:33:38 +0300] "GET /Soap/2586 HTTP/1.1" 200 35124 "-" "Mozilla/5.0 (compatible; Linux x86_64; Mail.RU_Bot/2.0; +http://go.mail.ru/help/robots)"
5.255.231.18 - - [13/Feb/2021:15:34:02 +0300] "GET /Soap/757 HTTP/1.1" 200 34741 "-" "Mozilla/5.0 (compatible; YandexBot/3.0; +http://yandex.com/bots)"
176.214.230.100 - - [13/Feb/2021:15:34:02 +0300] "GET /collection/356 HTTP/1.1" 200 17147 "https://away.vk.com/" "Mozilla/5.0 (Windows NT 6.1; Win64; x64) AppleWebKit/537.36 (KHTML, like Gecko) Chrome/88.0.4324.150 Safari/537.36"
176.214.230.100 - - [13/Feb/2021:15:34:10 +0300] "GET /manifest.webmanifest HTTP/1.1" 200 569 "https://chillvision.ru/" "Mozilla/5.0 (Windows NT 6.1; Win64; x64) AppleWebKit/537.36 (KHTML, like Gecko) Chrome/88.0.4324.150 Safari/537.36"
37.113.94.8 - - [13/Feb/2021:15:35:48 +0300] "GET /Soap/1578 HTTP/1.1" 200 39371 "https://yandex.ru/" "Mozilla/5.0 (Windows NT 10.0; Win64; x64) AppleWebKit/537.36 (KHTML, like Gecko) Chrome/87.0.4280.141 Safari/537.36 OPR/73.0.3856.344"
37.113.94.8 - - [13/Feb/2021:15:35:52 +0300] "GET /Info/API?action=check_user_access&content_id=1584 HTTP/1.1" 200 182 "https://chillvision.ru/" "Mozilla/5.0 (Windows NT 10.0; Win64; x64) AppleWebKit/537.36 (KHTML, like Gecko) Chrome/87.0.4280.141 Safari/537.36 OPR/73.0.3856.344"
91.246.124.43 - - [13/Feb/2021:15:36:13 +0300] "GET /collection/356 HTTP/1.1" 200 17153 "https://away.vk.com/" "Mozilla/5.0 (Windows NT 6.1; Win64; x64) AppleWebKit/537.36 (KHTML, like Gecko) Chrome/88.0.4324.150 Safari/537.36"
195.211.23.223 - - [13/Feb/2021:15:37:13 +0300] "GET /collection/356 HTTP/1.1" 200 17152 "-" "Mozilla/5.0 (compatible; vkShare; +http://vk.com/dev/Share)"
188.170.76.83 - - [13/Feb/2021:15:37:15 +0300] "GET /page/best-mistake?utm_source=vk&utm_medium=cpc&utm_campaign=best-mistake&utm_content=general HTTP/1.1" 301 194 "http://away.vk.com/" "Mozilla/5.0 (iPhone; CPU iPhone OS 14_4 like Mac OS X) AppleWebKit/605.1.15 (KHTML, like Gecko) Version/14.0.3 Mobile/15E148 Safari/604.1"
188.170.76.83 - - [13/Feb/2021:15:37:15 +0300] "GET /page/best-mistake?utm_source=vk&utm_medium=cpc&utm_campaign=best-mistake&utm_content=general HTTP/1.1" 200 13529 "http://away.vk.com/" "Mozilla/5.0 (iPhone; CPU iPhone OS 14_4 like Mac OS X) AppleWebKit/605.1.15 (KHTML, like Gecko) Version/14.0.3 Mobile/15E148 Safari/604.1"
188.170.76.83 - - [13/Feb/2021:15:37:16 +0300] "GET /Public/API?action=collection&id=356 HTTP/1.1" 200 1956 "https://chillvision.ru/" "Mozilla/5.0 (iPhone; CPU iPhone OS 14_4 like Mac OS X) AppleWebKit/605.1.15 (KHTML, like Gecko) Version/14.0.3 Mobile/15E148 Safari/604.1"
178.214.185.82 - - [13/Feb/2021:15:37:38 +0300] "GET /Soap/440 HTTP/1.1" 200 39903 "https://yandex.ua/" "Mozilla/5.0 (Windows NT 6.1; WOW64) AppleWebKit/537.36 (KHTML, like Gecko) Chrome/78.0.3904.97 YaBrowser/19.12.0.358 Yowser/2.5 Safari/537.36"
178.214.185.82 - - [13/Feb/2021:15:37:40 +0300] "GET /Info/API?action=check_user_access&content_id=449 HTTP/1.1" 200 181 "https://chillvision.ru/" "Mozilla/5.0 (Windows NT 6.1; WOW64) AppleWebKit/537.36 (KHTML, like Gecko) Chrome/78.0.3904.97 YaBrowser/19.12.0.358 Yowser/2.5 Safari/537.36"
5.255.231.18 - - [13/Feb/2021:15:38:00 +0300] "GET /Soap/440 HTTP/1.1" 200 39902 "-" "Mozilla/5.0 (compatible; YandexBot/3.0; +http://yandex.com/bots)"
188.232.189.137 - - [13/Feb/2021:15:39:23 +0300] "GET /collection/356 HTTP/1.1" 200 17147 "-" "Mozilla/5.0 (Windows NT 6.1) AppleWebKit/537.36 (KHTML, like Gecko) Chrome/87.0.4280.88 YaBrowser/20.12.2.105 Yowser/2.5 Safari/537.36"
188.232.189.137 - - [13/Feb/2021:15:39:31 +0300] "GET /manifest.webmanifest HTTP/1.1" 200 569 "https://chillvision.ru/" "Mozilla/5.0 (Windows NT 6.1) AppleWebKit/537.36 (KHTML, like Gecko) Chrome/87.0.4280.88 YaBrowser/20.12.2.105 Yowser/2.5 Safari/537.36"
5.255.231.18 - - [13/Feb/2021:15:39:52 +0300] "GET /collection/356 HTTP/1.1" 200 17151 "-" "Mozilla/5.0 (compatible; YandexBot/3.0; +http://yandex.com/bots)"
188.232.189.137 - - [13/Feb/2021:15:39:52 +0300] "GET /Soap/526 HTTP/1.1" 200 43537 "https://chillvision.ru/" "Mozilla/5.0 (Windows NT 6.1) AppleWebKit/537.36 (KHTML, like Gecko) Chrome/87.0.4280.88 YaBrowser/20.12.2.105 Yowser/2.5 Safari/537.36"
188.232.189.137 - - [13/Feb/2021:15:39:54 +0300] "GET /Info/API?action=check_user_access&content_id=528 HTTP/1.1" 200 181 "https://chillvision.ru/" "Mozilla/5.0 (Windows NT 6.1) AppleWebKit/537.36 (KHTML, like Gecko) Chrome/87.0.4280.88 YaBrowser/20.12.2.105 Yowser/2.5 Safari/537.36"
92.124.204.56 - - [13/Feb/2021:15:40:02 +0300] "GET /collection/356 HTTP/1.1" 200 17150 "https://away.vk.com/" "Mozilla/5.0 (Windows NT 10.0; Win64; x64) AppleWebKit/537.36 (KHTML, like Gecko) Chrome/88.0.4324.150 Safari/537.36"
92.124.204.56 - - [13/Feb/2021:15:40:17 +0300] "GET /manifest.webmanifest HTTP/1.1" 200 569 "https://chillvision.ru/" "Mozilla/5.0 (Windows NT 10.0; Win64; x64) AppleWebKit/537.36 (KHTML, like Gecko) Chrome/88.0.4324.150 Safari/537.36"
5.255.231.18 - - [13/Feb/2021:15:40:29 +0300] "GET /Soap/526 HTTP/1.1" 200 43541 "-" "Mozilla/5.0 (compatible; YandexBot/3.0; +http://yandex.com/bots)"
92.124.204.56 - - [13/Feb/2021:15:40:33 +0300] "GET /Soap/806 HTTP/1.1" 200 35225 "https://chillvision.ru/" "Mozilla/5.0 (Windows NT 10.0; Win64; x64) AppleWebKit/537.36 (KHTML, like Gecko) Chrome/88.0.4324.150 Safari/537.36"
92.124.204.56 - - [13/Feb/2021:15:40:34 +0300] "GET /Info/API?action=check_user_access&content_id=809 HTTP/1.1" 200 180 "https://chillvision.ru/" "Mozilla/5.0 (Windows NT 10.0; Win64; x64) AppleWebKit/537.36 (KHTML, like Gecko) Chrome/88.0.4324.150 Safari/537.36"
92.124.204.56 - - [13/Feb/2021:15:40:40 +0300] "GET /collection/356 HTTP/1.1" 200 17148 "-" "Mozilla/5.0 (Windows NT 10.0; Win64; x64) AppleWebKit/537.36 (KHTML, like Gecko) Chrome/88.0.4324.150 Safari/537.36"
188.232.189.137 - - [13/Feb/2021:15:40:49 +0300] "GET /collection/356 HTTP/1.1" 200 17151 "-" "Mozilla/5.0 (Windows NT 6.1) AppleWebKit/537.36 (KHTML, like Gecko) Chrome/87.0.4280.88 YaBrowser/20.12.2.105 Yowser/2.5 Safari/537.36"
92.124.204.56 - - [13/Feb/2021:15:41:01 +0300] "GET /Soap/1215 HTTP/1.1" 200 38674 "https://chillvision.ru/" "Mozilla/5.0 (Windows NT 10.0; Win64; x64) AppleWebKit/537.36 (KHTML, like Gecko) Chrome/88.0.4324.150 Safari/537.36"
92.124.204.56 - - [13/Feb/2021:15:41:02 +0300] "GET /Info/API?action=check_user_access&content_id=1217 HTTP/1.1" 200 181 "https://chillvision.ru/" "Mozilla/5.0 (Windows NT 10.0; Win64; x64) AppleWebKit/537.36 (KHTML, like Gecko) Chrome/88.0.4324.150 Safari/537.36"
188.232.189.137 - - [13/Feb/2021:15:41:11 +0300] "GET /Soap/874 HTTP/1.1" 200 39186 "https://chillvision.ru/" "Mozilla/5.0 (Windows NT 6.1) AppleWebKit/537.36 (KHTML, like Gecko) Chrome/87.0.4280.88 YaBrowser/20.12.2.105 Yowser/2.5 Safari/537.36"
188.232.189.137 - - [13/Feb/2021:15:41:13 +0300] "GET /Info/API?action=check_user_access&content_id=876 HTTP/1.1" 200 180 "https://chillvision.ru/" "Mozilla/5.0 (Windows NT 6.1) AppleWebKit/537.36 (KHTML, like Gecko) Chrome/87.0.4280.88 YaBrowser/20.12.2.105 Yowser/2.5 Safari/537.36"
136.169.168.149 - - [13/Feb/2021:15:41:57 +0300] "GET /Soap/2581?utm_source=relap HTTP/1.1" 200 32478 "https://relap.io/" "Mozilla/5.0 (Linux; Android 10; CPH2127) AppleWebKit/537.36 (KHTML, like Gecko) Chrome/74.0.3729.169 YaBrowser/19.6.4.366.00 Mobile Safari/537.36"
136.169.168.149 - - [13/Feb/2021:15:42:01 +0300] "GET /Info/API?action=check_user_access&content_id=2583 HTTP/1.1" 200 180 "https://chillvision.ru/" "Mozilla/5.0 (Linux; Android 10; CPH2127) AppleWebKit/537.36 (KHTML, like Gecko) Chrome/74.0.3729.169 YaBrowser/19.6.4.366.00 Mobile Safari/537.36"
136.169.168.149 - - [13/Feb/2021:15:42:06 +0300] "GET /manifest.webmanifest HTTP/1.1" 200 569 "https://chillvision.ru/" "Mozilla/5.0 (Linux; Android 10; CPH2127) AppleWebKit/537.36 (KHTML, like Gecko) Chrome/74.0.3729.169 YaBrowser/19.6.4.366.00 Mobile Safari/537.36"
213.87.122.37 - - [13/Feb/2021:15:43:53 +0300] "GET /Soap/526 HTTP/1.1" 200 43541 "https://chillvision.ru/" "Mozilla/5.0 (iPhone; CPU iPhone OS 12_4_9 like Mac OS X) AppleWebKit/605.1.15 (KHTML, like Gecko) Version/12.1.2 Mobile/15E148 Safari/604.1"
213.87.122.37 - - [13/Feb/2021:15:43:57 +0300] "GET /Info/API?action=check_user_access&content_id=528 HTTP/1.1" 200 181 "https://chillvision.ru/" "Mozilla/5.0 (iPhone; CPU iPhone OS 12_4_9 like Mac OS X) AppleWebKit/605.1.15 (KHTML, like Gecko) Version/12.1.2 Mobile/15E148 Safari/604.1"
213.87.122.37 - - [13/Feb/2021:15:44:12 +0300] "GET /Info/API?action=check_user_access&content_id=528 HTTP/1.1" 200 180 "https://chillvision.ru/" "Mozilla/5.0 (iPhone; CPU iPhone OS 12_4_9 like Mac OS X) AppleWebKit/605.1.15 (KHTML, like Gecko) Version/12.1.2 Mobile/15E148 Safari/604.1"
213.87.122.37 - - [13/Feb/2021:15:44:16 +0300] "GET /Info/API?action=request_access&content_id=528 HTTP/1.1" 200 151 "https://chillvision.ru/" "Mozilla/5.0 (iPhone; CPU iPhone OS 12_4_9 like Mac OS X) AppleWebKit/605.1.15 (KHTML, like Gecko) Version/12.1.2 Mobile/15E148 Safari/604.1"
5.255.231.87 - - [13/Feb/2021:15:44:32 +0300] "GET /?yclid=7710547526903176844 HTTP/1.1" 301 194 "-" "Mozilla/5.0 (compatible; YandexMetrika/2.0; +http://yandex.com/bots yabs01)"
213.180.203.10 - - [13/Feb/2021:15:44:33 +0300] "GET /?yclid=7710547526903176844 HTTP/1.1" 200 25081 "-" "Mozilla/5.0 (compatible; YandexMetrika/2.0; +http://yandex.com/bots yabs01)"
5.18.98.65 - - [13/Feb/2021:15:44:59 +0300] "GET /collection/356 HTTP/1.1" 200 17144 "https://vk.com/" "Mozilla/5.0 (Windows NT 10.0; Win64; x64; rv:85.0) Gecko/20100101 Firefox/85.0"
95.71.196.167 - - [13/Feb/2021:15:46:13 +0300] "GET /Soap/993 HTTP/1.1" 200 35709 "https://yandex.ru/" "Mozilla/5.0 (Windows NT 6.1) AppleWebKit/537.36 (KHTML, like Gecko) Chrome/87.0.4280.141 Safari/537.36 OPR/73.0.3856.344"
95.71.196.167 - - [13/Feb/2021:15:46:15 +0300] "GET /Info/API?action=check_user_access&content_id=995 HTTP/1.1" 200 180 "https://chillvision.ru/" "Mozilla/5.0 (Windows NT 6.1) AppleWebKit/537.36 (KHTML, like Gecko) Chrome/87.0.4280.141 Safari/537.36 OPR/73.0.3856.344"
5.18.98.65 - - [13/Feb/2021:15:46:32 +0300] "GET /Soap/757 HTTP/1.1" 200 34744 "https://chillvision.ru/" "Mozilla/5.0 (Windows NT 10.0; Win64; x64; rv:85.0) Gecko/20100101 Firefox/85.0"
5.18.98.65 - - [13/Feb/2021:15:46:34 +0300] "GET /Info/API?action=check_user_access&content_id=760 HTTP/1.1" 200 180 "https://chillvision.ru/" "Mozilla/5.0 (Windows NT 10.0; Win64; x64; rv:85.0) Gecko/20100101 Firefox/85.0"
95.71.196.167 - - [13/Feb/2021:15:46:41 +0300] "GET /Info/API?action=check_user_access&content_id=999 HTTP/1.1" 200 180 "https://chillvision.ru/" "Mozilla/5.0 (Windows NT 6.1) AppleWebKit/537.36 (KHTML, like Gecko) Chrome/87.0.4280.141 Safari/537.36 OPR/73.0.3856.344"
95.71.196.167 - - [13/Feb/2021:15:46:52 +0300] "GET /Info/API?action=request_access&content_id=999 HTTP/1.1" 200 151 "https://chillvision.ru/" "Mozilla/5.0 (Windows NT 6.1) AppleWebKit/537.36 (KHTML, like Gecko) Chrome/87.0.4280.141 Safari/537.36 OPR/73.0.3856.344"
5.18.98.65 - - [13/Feb/2021:15:47:31 +0300] "GET /collection/356 HTTP/1.1" 200 17151 "https://vk.com/" "Mozilla/5.0 (Windows NT 10.0; Win64; x64; rv:85.0) Gecko/20100101 Firefox/85.0"
62.148.157.77 - - [13/Feb/2021:15:48:05 +0300] "GET /collection/356 HTTP/1.1" 200 17147 "-" "Mozilla/5.0 (Windows NT 6.1; WOW64) AppleWebKit/537.36 (KHTML, like Gecko) Chrome/88.0.4324.41 YaBrowser/21.2.0.1099 Yowser/2.5 Safari/537.36"
5.18.98.65 - - [13/Feb/2021:15:48:09 +0300] "GET /Soap/1599 HTTP/1.1" 200 40202 "https://chillvision.ru/" "Mozilla/5.0 (Windows NT 10.0; Win64; x64; rv:85.0) Gecko/20100101 Firefox/85.0"
5.18.98.65 - - [13/Feb/2021:15:48:11 +0300] "GET /Info/API?action=check_user_access&content_id=1601 HTTP/1.1" 200 180 "https://chillvision.ru/" "Mozilla/5.0 (Windows NT 10.0; Win64; x64; rv:85.0) Gecko/20100101 Firefox/85.0"
5.18.98.65 - - [13/Feb/2021:15:49:00 +0300] "GET /collection/356 HTTP/1.1" 200 17150 "https://vk.com/" "Mozilla/5.0 (Windows NT 10.0; Win64; x64; rv:85.0) Gecko/20100101 Firefox/85.0"
194.50.14.116 - - [13/Feb/2021:15:49:06 +0300] "GET /Soap/2581?utm_source=relap HTTP/1.1" 403 15050 "https://relap.io/" "Mozilla/5.0 (Linux; Android 10; SM-J400F) AppleWebKit/537.36 (KHTML, like Gecko) Chrome/88.0.4324.152 Mobile Safari/537.36"
5.18.98.65 - - [13/Feb/2021:15:49:19 +0300] "GET /Soap/1126 HTTP/1.1" 200 60868 "https://chillvision.ru/" "Mozilla/5.0 (Windows NT 10.0; Win64; x64; rv:85.0) Gecko/20100101 Firefox/85.0"
66.249.76.109 - - [13/Feb/2021:15:49:20 +0300] "GET /page/policy HTTP/1.1" 200 15754 "-" "Mozilla/5.0 (Linux; Android 6.0.1; Nexus 5X Build/MMB29P) AppleWebKit/537.36 (KHTML, like Gecko) Chrome/88.0.4324.153 Mobile Safari/537.36 (compatible; Googlebot/2.1; +http://www.google.com/bot.html)"
5.18.98.65 - - [13/Feb/2021:15:49:20 +0300] "GET /Info/API?action=check_user_access&content_id=1143 HTTP/1.1" 200 180 "https://chillvision.ru/" "Mozilla/5.0 (Windows NT 10.0; Win64; x64; rv:85.0) Gecko/20100101 Firefox/85.0"
5.18.98.65 - - [13/Feb/2021:15:50:04 +0300] "GET /collection/356 HTTP/1.1" 200 17147 "https://vk.com/" "Mozilla/5.0 (Windows NT 10.0; Win64; x64; rv:85.0) Gecko/20100101 Firefox/85.0"
83.220.236.209 - - [13/Feb/2021:15:50:09 +0300] "GET /Soap/2586 HTTP/1.1" 200 35126 "https://l.instagram.com/?u=https%3A%2F%2Fchillvision.ru%2FSoap%2F2586&e=ATNd5FTFDcCNcbpQcor0GI4LI3JR0UmLfueJGSgMUkqsl1OfFrGndigllq3lWcicapGUE-IDcFGrvDz8Cjo_&s=1" "Mozilla/5.0 (iPhone; CPU iPhone OS 13_5_1 like Mac OS X) AppleWebKit/605.1.15 (KHTML, like Gecko) Mobile/15E148 Instagram 174.0.0.21.119 (iPhone11,8; iOS 13_5_1; ru_RU; ru-RU; scale=2.00; 828x1792; 271836321)"
83.220.236.209 - - [13/Feb/2021:15:50:17 +0300] "GET /Info/API?action=check_user_access&content_id=2588 HTTP/1.1" 200 182 "https://chillvision.ru/" "Mozilla/5.0 (iPhone; CPU iPhone OS 13_5_1 like Mac OS X) AppleWebKit/605.1.15 (KHTML, like Gecko) Mobile/15E148 Instagram 174.0.0.21.119 (iPhone11,8; iOS 13_5_1; ru_RU; ru-RU; scale=2.00; 828x1792; 271836321)"
5.18.98.65 - - [13/Feb/2021:15:50:18 +0300] "GET /Soap/806 HTTP/1.1" 200 35231 "https://chillvision.ru/" "Mozilla/5.0 (Windows NT 10.0; Win64; x64; rv:85.0) Gecko/20100101 Firefox/85.0"
5.18.98.65 - - [13/Feb/2021:15:50:20 +0300] "GET /Info/API?action=check_user_access&content_id=809 HTTP/1.1" 200 180 "https://chillvision.ru/" "Mozilla/5.0 (Windows NT 10.0; Win64; x64; rv:85.0) Gecko/20100101 Firefox/85.0"
5.18.186.169 - - [13/Feb/2021:15:50:23 +0300] "GET /collection/356 HTTP/1.1" 200 17146 "https://away.vk.com/" "Mozilla/5.0 (Windows NT 10.0; Win64; x64) AppleWebKit/537.36 (KHTML, like Gecko) Chrome/88.0.4324.41 YaBrowser/21.2.0.1097 Yowser/2.5 Safari/537.36"
5.18.186.169 - - [13/Feb/2021:15:50:25 +0300] "GET /manifest.webmanifest HTTP/1.1" 200 569 "https://chillvision.ru/" "Mozilla/5.0 (Windows NT 10.0; Win64; x64) AppleWebKit/537.36 (KHTML, like Gecko) Chrome/88.0.4324.41 YaBrowser/21.2.0.1097 Yowser/2.5 Safari/537.36"
5.18.98.65 - - [13/Feb/2021:15:51:01 +0300] "GET /collection/356 HTTP/1.1" 200 17145 "https://vk.com/" "Mozilla/5.0 (Windows NT 10.0; Win64; x64; rv:85.0) Gecko/20100101 Firefox/85.0"
5.18.98.65 - - [13/Feb/2021:15:51:04 +0300] "GET /Soap/2027 HTTP/1.1" 200 39371 "https://chillvision.ru/" "Mozilla/5.0 (Windows NT 10.0; Win64; x64; rv:85.0) Gecko/20100101 Firefox/85.0"
5.18.98.65 - - [13/Feb/2021:15:51:05 +0300] "GET /Info/API?action=check_user_access&content_id=2031 HTTP/1.1" 200 181 "https://chillvision.ru/" "Mozilla/5.0 (Windows NT 10.0; Win64; x64; rv:85.0) Gecko/20100101 Firefox/85.0"
176.213.61.10 - - [13/Feb/2021:15:51:06 +0300] "GET /collection/356 HTTP/1.1" 200 17145 "https://away.vk.com/" "Mozilla/5.0 (Windows NT 6.1; WOW64) AppleWebKit/537.36 (KHTML, like Gecko) Chrome/88.0.4324.41 YaBrowser/21.2.0.1099 Yowser/2.5 Safari/537.36"
176.213.61.10 - - [13/Feb/2021:15:51:10 +0300] "GET /manifest.webmanifest HTTP/1.1" 200 569 "https://chillvision.ru/" "Mozilla/5.0 (Windows NT 6.1; WOW64) AppleWebKit/537.36 (KHTML, like Gecko) Chrome/88.0.4324.41 YaBrowser/21.2.0.1099 Yowser/2.5 Safari/537.36"
188.170.79.159 - - [13/Feb/2021:15:51:18 +0300] "GET / HTTP/1.1" 301 194 "-" "Mozilla/5.0 (Linux; Android 8.1.0; CPH1803) AppleWebKit/537.36 (KHTML, like Gecko) Chrome/72.0.3626.121 Mobile Safari/537.36"
188.170.79.159 - - [13/Feb/2021:15:51:18 +0300] "GET / HTTP/1.1" 200 25079 "-" "Mozilla/5.0 (Linux; Android 8.1.0; CPH1803) AppleWebKit/537.36 (KHTML, like Gecko) Chrome/72.0.3626.121 Mobile Safari/537.36"
109.252.32.26 - - [13/Feb/2021:15:51:19 +0300] "GET /Soap/1487 HTTP/1.1" 200 40316 "https://yandex.ru/" "Mozilla/5.0 (Windows NT 6.3; Win64; x64) AppleWebKit/537.36 (KHTML, like Gecko) Chrome/87.0.4280.141 YaBrowser/20.12.3.140 Yowser/2.5 Safari/537.36"
109.252.32.26 - - [13/Feb/2021:15:51:21 +0300] "GET /Info/API?action=check_user_access&content_id=1489 HTTP/1.1" 200 180 "https://chillvision.ru/" "Mozilla/5.0 (Windows NT 6.3; Win64; x64) AppleWebKit/537.36 (KHTML, like Gecko) Chrome/87.0.4280.141 YaBrowser/20.12.3.140 Yowser/2.5 Safari/537.36"
109.252.32.26 - - [13/Feb/2021:15:51:25 +0300] "GET /manifest.webmanifest HTTP/1.1" 200 569 "https://chillvision.ru/" "Mozilla/5.0 (Windows NT 6.3; Win64; x64) AppleWebKit/537.36 (KHTML, like Gecko) Chrome/87.0.4280.141 YaBrowser/20.12.3.140 Yowser/2.5 Safari/537.36"
66.249.93.206 - - [13/Feb/2021:15:51:28 +0300] "GET / HTTP/1.1" 200 25079 "-" "Mozilla/5.0 (Linux; Android 7.0; Moto G (4)) AppleWebKit/537.36 (KHTML, like Gecko) Chrome/84.0.4143.7 Mobile Safari/537.36 Chrome-Lighthouse"
66.249.93.207 - - [13/Feb/2021:15:51:28 +0300] "GET / HTTP/1.1" 200 25079 "-" "Mozilla/5.0 (Macintosh; Intel Mac OS X 10_14_6) AppleWebKit/537.36 (KHTML, like Gecko) Chrome/84.0.4143.7 Safari/537.36 Chrome-Lighthouse"
66.249.93.207 - - [13/Feb/2021:15:51:29 +0300] "GET /lent_v_2/more/1?sys_render_layout=raw HTTP/1.1" 200 3828 "https://chillvision.ru/" "Mozilla/5.0 (Macintosh; Intel Mac OS X 10_14_6) AppleWebKit/537.36 (KHTML, like Gecko) Chrome/84.0.4143.7 Safari/537.36 Chrome-Lighthouse"
66.249.93.206 - - [13/Feb/2021:15:51:32 +0300] "GET /manifest.webmanifest HTTP/1.1" 200 569 "https://chillvision.ru/" "Mozilla/5.0 (Linux; Android 7.0; Moto G (4)) AppleWebKit/537.36 (KHTML, like Gecko) Chrome/84.0.4143.7 Mobile Safari/537.36 Chrome-Lighthouse"
66.249.93.206 - - [13/Feb/2021:15:51:32 +0300] "GET / HTTP/1.1" 200 25080 "-" "Mozilla/5.0 (Linux; Android 7.0; Moto G (4)) AppleWebKit/537.36 (KHTML, like Gecko) Chrome/84.0.4143.7 Mobile Safari/537.36 Chrome-Lighthouse"
66.249.93.205 - - [13/Feb/2021:15:51:32 +0300] "GET /media/lent_poster/3021/49e20b8766c85b92858bdf473be281af.SW_400H_520CF_1.j%E2%80%A6 HTTP/1.1" 302 395 "https://chillvision.ru/" "Mozilla/5.0 (Linux; Android 7.0; Moto G (4)) AppleWebKit/537.36 (KHTML, like Gecko) Chrome/84.0.4143.7 Mobile Safari/537.36 Chrome-Lighthouse"
66.249.93.206 - - [13/Feb/2021:15:51:32 +0300] "GET /media/lent_poster/1014/49e20b8766c85b92858bdf473be281af.SW_400H_520CF_1.j%E2%80%A6 HTTP/1.1" 302 395 "https://chillvision.ru/" "Mozilla/5.0 (Linux; Android 7.0; Moto G (4)) AppleWebKit/537.36 (KHTML, like Gecko) Chrome/84.0.4143.7 Mobile Safari/537.36 Chrome-Lighthouse"
66.249.93.207 - - [13/Feb/2021:15:51:32 +0300] "GET /media/lent_poster/2239/49e20b8766c85b92858bdf473be281af.SW_400H_520CF_1.j%E2%80%A6 HTTP/1.1" 302 395 "https://chillvision.ru/" "Mozilla/5.0 (Linux; Android 7.0; Moto G (4)) AppleWebKit/537.36 (KHTML, like Gecko) Chrome/84.0.4143.7 Mobile Safari/537.36 Chrome-Lighthouse"
66.249.93.205 - - [13/Feb/2021:15:51:32 +0300] "GET /media/lent_poster/2358/49e20b8766c85b92858bdf473be281af.SW_400H_520CF_1.j%E2%80%A6 HTTP/1.1" 302 395 "https://chillvision.ru/" "Mozilla/5.0 (Linux; Android 7.0; Moto G (4)) AppleWebKit/537.36 (KHTML, like Gecko) Chrome/84.0.4143.7 Mobile Safari/537.36 Chrome-Lighthouse"
66.249.93.207 - - [13/Feb/2021:15:51:32 +0300] "GET /media/lent_poster/2586/49e20b8766c85b92858bdf473be281af.SW_400H_520CF_1.j%E2%80%A6 HTTP/1.1" 302 395 "https://chillvision.ru/" "Mozilla/5.0 (Linux; Android 7.0; Moto G (4)) AppleWebKit/537.36 (KHTML, like Gecko) Chrome/84.0.4143.7 Mobile Safari/537.36 Chrome-Lighthouse"
66.249.93.207 - - [13/Feb/2021:15:51:32 +0300] "GET /MediaAPI/ImageFly/get_image?rqi=lent_poster/2239/49e20b8766c85b92858bdf473be281af.SW_400H_520CF_1.j%E2%80%A6 HTTP/1.1" 404 124 "https://chillvision.ru/" "Mozilla/5.0 (Linux; Android 7.0; Moto G (4)) AppleWebKit/537.36 (KHTML, like Gecko) Chrome/84.0.4143.7 Mobile Safari/537.36 Chrome-Lighthouse"
66.249.93.206 - - [13/Feb/2021:15:51:32 +0300] "GET /MediaAPI/ImageFly/get_image?rqi=lent_poster/3021/49e20b8766c85b92858bdf473be281af.SW_400H_520CF_1.j%E2%80%A6 HTTP/1.1" 404 126 "https://chillvision.ru/" "Mozilla/5.0 (Linux; Android 7.0; Moto G (4)) AppleWebKit/537.36 (KHTML, like Gecko) Chrome/84.0.4143.7 Mobile Safari/537.36 Chrome-Lighthouse"
66.249.93.205 - - [13/Feb/2021:15:51:32 +0300] "GET /MediaAPI/ImageFly/get_image?rqi=lent_poster/2358/49e20b8766c85b92858bdf473be281af.SW_400H_520CF_1.j%E2%80%A6 HTTP/1.1" 404 124 "https://chillvision.ru/" "Mozilla/5.0 (Linux; Android 7.0; Moto G (4)) AppleWebKit/537.36 (KHTML, like Gecko) Chrome/84.0.4143.7 Mobile Safari/537.36 Chrome-Lighthouse"
66.249.93.207 - - [13/Feb/2021:15:51:32 +0300] "GET /MediaAPI/ImageFly/get_image?rqi=lent_poster/1014/49e20b8766c85b92858bdf473be281af.SW_400H_520CF_1.j%E2%80%A6 HTTP/1.1" 404 124 "https://chillvision.ru/" "Mozilla/5.0 (Linux; Android 7.0; Moto G (4)) AppleWebKit/537.36 (KHTML, like Gecko) Chrome/84.0.4143.7 Mobile Safari/537.36 Chrome-Lighthouse"
66.249.93.206 - - [13/Feb/2021:15:51:32 +0300] "GET /MediaAPI/ImageFly/get_image?rqi=lent_poster/2586/49e20b8766c85b92858bdf473be281af.SW_400H_520CF_1.j%E2%80%A6 HTTP/1.1" 404 124 "https://chillvision.ru/" "Mozilla/5.0 (Linux; Android 7.0; Moto G (4)) AppleWebKit/537.36 (KHTML, like Gecko) Chrome/84.0.4143.7 Mobile Safari/537.36 Chrome-Lighthouse"
66.249.93.206 - - [13/Feb/2021:15:51:32 +0300] "GET /manifest.webmanifest HTTP/1.1" 200 569 "https://chillvision.ru/" "Mozilla/5.0 (Macintosh; Intel Mac OS X 10_14_6) AppleWebKit/537.36 (KHTML, like Gecko) Chrome/84.0.4143.7 Safari/537.36 Chrome-Lighthouse"
66.249.93.205 - - [13/Feb/2021:15:51:32 +0300] "GET / HTTP/1.1" 200 25077 "-" "Mozilla/5.0 (Macintosh; Intel Mac OS X 10_14_6) AppleWebKit/537.36 (KHTML, like Gecko) Chrome/84.0.4143.7 Safari/537.36 Chrome-Lighthouse"
66.249.93.206 - - [13/Feb/2021:15:51:33 +0300] "GET /media/lent_poster/3021/49e20b8766c85b92858bdf473be281af.SW_400H_520CF_1.j%E2%80%A6 HTTP/1.1" 302 395 "https://chillvision.ru/" "Mozilla/5.0 (Macintosh; Intel Mac OS X 10_14_6) AppleWebKit/537.36 (KHTML, like Gecko) Chrome/84.0.4143.7 Safari/537.36 Chrome-Lighthouse"
66.249.93.207 - - [13/Feb/2021:15:51:33 +0300] "GET /media/lent_poster/1014/49e20b8766c85b92858bdf473be281af.SW_400H_520CF_1.j%E2%80%A6 HTTP/1.1" 302 395 "https://chillvision.ru/" "Mozilla/5.0 (Macintosh; Intel Mac OS X 10_14_6) AppleWebKit/537.36 (KHTML, like Gecko) Chrome/84.0.4143.7 Safari/537.36 Chrome-Lighthouse"
66.249.93.205 - - [13/Feb/2021:15:51:33 +0300] "GET /media/lent_poster/2239/49e20b8766c85b92858bdf473be281af.SW_400H_520CF_1.j%E2%80%A6 HTTP/1.1" 302 395 "https://chillvision.ru/" "Mozilla/5.0 (Macintosh; Intel Mac OS X 10_14_6) AppleWebKit/537.36 (KHTML, like Gecko) Chrome/84.0.4143.7 Safari/537.36 Chrome-Lighthouse"
66.249.93.205 - - [13/Feb/2021:15:51:33 +0300] "GET /media/lent_poster/2358/49e20b8766c85b92858bdf473be281af.SW_400H_520CF_1.j%E2%80%A6 HTTP/1.1" 302 395 "https://chillvision.ru/" "Mozilla/5.0 (Macintosh; Intel Mac OS X 10_14_6) AppleWebKit/537.36 (KHTML, like Gecko) Chrome/84.0.4143.7 Safari/537.36 Chrome-Lighthouse"
66.249.93.206 - - [13/Feb/2021:15:51:33 +0300] "GET /media/lent_poster/2552/49e20b8766c85b92858bdf473be281af.SW_400H_520CF_1.j%E2%80%A6 HTTP/1.1" 302 395 "https://chillvision.ru/" "Mozilla/5.0 (Macintosh; Intel Mac OS X 10_14_6) AppleWebKit/537.36 (KHTML, like Gecko) Chrome/84.0.4143.7 Safari/537.36 Chrome-Lighthouse"
66.249.93.207 - - [13/Feb/2021:15:51:33 +0300] "GET /media/lent_poster/2581/49e20b8766c85b92858bdf473be281af.SW_400H_520CF_1.j%E2%80%A6 HTTP/1.1" 302 395 "https://chillvision.ru/" "Mozilla/5.0 (Macintosh; Intel Mac OS X 10_14_6) AppleWebKit/537.36 (KHTML, like Gecko) Chrome/84.0.4143.7 Safari/537.36 Chrome-Lighthouse"
66.249.93.205 - - [13/Feb/2021:15:51:33 +0300] "GET /media/lent_poster/2586/49e20b8766c85b92858bdf473be281af.SW_400H_520CF_1.j%E2%80%A6 HTTP/1.1" 302 395 "https://chillvision.ru/" "Mozilla/5.0 (Macintosh; Intel Mac OS X 10_14_6) AppleWebKit/537.36 (KHTML, like Gecko) Chrome/84.0.4143.7 Safari/537.36 Chrome-Lighthouse"
66.249.93.205 - - [13/Feb/2021:15:51:33 +0300] "GET /media/lent_poster/2219/49e20b8766c85b92858bdf473be281af.SW_400H_520CF_1.j%E2%80%A6 HTTP/1.1" 302 395 "https://chillvision.ru/" "Mozilla/5.0 (Macintosh; Intel Mac OS X 10_14_6) AppleWebKit/537.36 (KHTML, like Gecko) Chrome/84.0.4143.7 Safari/537.36 Chrome-Lighthouse"
66.249.93.207 - - [13/Feb/2021:15:51:33 +0300] "GET /media/lent_poster/2422/49e20b8766c85b92858bdf473be281af.SW_400H_520CF_1.j%E2%80%A6 HTTP/1.1" 302 395 "https://chillvision.ru/" "Mozilla/5.0 (Macintosh; Intel Mac OS X 10_14_6) AppleWebKit/537.36 (KHTML, like Gecko) Chrome/84.0.4143.7 Safari/537.36 Chrome-Lighthouse"
66.249.93.205 - - [13/Feb/2021:15:51:33 +0300] "GET /media/lent_poster/2747/49e20b8766c85b92858bdf473be281af.SW_400H_520CF_1.j%E2%80%A6 HTTP/1.1" 302 395 "https://chillvision.ru/" "Mozilla/5.0 (Macintosh; Intel Mac OS X 10_14_6) AppleWebKit/537.36 (KHTML, like Gecko) Chrome/84.0.4143.7 Safari/537.36 Chrome-Lighthouse"
66.249.93.206 - - [13/Feb/2021:15:51:33 +0300] "GET /media/lent_poster/2852/49e20b8766c85b92858bdf473be281af.SW_400H_520CF_1.j%E2%80%A6 HTTP/1.1" 302 395 "https://chillvision.ru/" "Mozilla/5.0 (Macintosh; Intel Mac OS X 10_14_6) AppleWebKit/537.36 (KHTML, like Gecko) Chrome/84.0.4143.7 Safari/537.36 Chrome-Lighthouse"
66.249.93.205 - - [13/Feb/2021:15:51:33 +0300] "GET /media/lent_poster/2307/49e20b8766c85b92858bdf473be281af.SW_400H_520CF_1.j%E2%80%A6 HTTP/1.1" 302 395 "https://chillvision.ru/" "Mozilla/5.0 (Macintosh; Intel Mac OS X 10_14_6) AppleWebKit/537.36 (KHTML, like Gecko) Chrome/84.0.4143.7 Safari/537.36 Chrome-Lighthouse"
66.249.93.205 - - [13/Feb/2021:15:51:33 +0300] "GET /media/lent_poster/2385/49e20b8766c85b92858bdf473be281af.SW_400H_520CF_1.j%E2%80%A6 HTTP/1.1" 302 395 "https://chillvision.ru/" "Mozilla/5.0 (Macintosh; Intel Mac OS X 10_14_6) AppleWebKit/537.36 (KHTML, like Gecko) Chrome/84.0.4143.7 Safari/537.36 Chrome-Lighthouse"
66.249.93.206 - - [13/Feb/2021:15:51:33 +0300] "GET /MediaAPI/ImageFly/get_image?rqi=lent_poster/2239/49e20b8766c85b92858bdf473be281af.SW_400H_520CF_1.j%E2%80%A6 HTTP/1.1" 404 124 "https://chillvision.ru/" "Mozilla/5.0 (Macintosh; Intel Mac OS X 10_14_6) AppleWebKit/537.36 (KHTML, like Gecko) Chrome/84.0.4143.7 Safari/537.36 Chrome-Lighthouse"
66.249.93.205 - - [13/Feb/2021:15:51:33 +0300] "GET /MediaAPI/ImageFly/get_image?rqi=lent_poster/3021/49e20b8766c85b92858bdf473be281af.SW_400H_520CF_1.j%E2%80%A6 HTTP/1.1" 404 126 "https://chillvision.ru/" "Mozilla/5.0 (Macintosh; Intel Mac OS X 10_14_6) AppleWebKit/537.36 (KHTML, like Gecko) Chrome/84.0.4143.7 Safari/537.36 Chrome-Lighthouse"
66.249.93.206 - - [13/Feb/2021:15:51:33 +0300] "GET /MediaAPI/ImageFly/get_image?rqi=lent_poster/2422/49e20b8766c85b92858bdf473be281af.SW_400H_520CF_1.j%E2%80%A6 HTTP/1.1" 404 123 "https://chillvision.ru/" "Mozilla/5.0 (Macintosh; Intel Mac OS X 10_14_6) AppleWebKit/537.36 (KHTML, like Gecko) Chrome/84.0.4143.7 Safari/537.36 Chrome-Lighthouse"
66.249.93.207 - - [13/Feb/2021:15:51:33 +0300] "GET /MediaAPI/ImageFly/get_image?rqi=lent_poster/2358/49e20b8766c85b92858bdf473be281af.SW_400H_520CF_1.j%E2%80%A6 HTTP/1.1" 404 124 "https://chillvision.ru/" "Mozilla/5.0 (Macintosh; Intel Mac OS X 10_14_6) AppleWebKit/537.36 (KHTML, like Gecko) Chrome/84.0.4143.7 Safari/537.36 Chrome-Lighthouse"
66.249.93.207 - - [13/Feb/2021:15:51:33 +0300] "GET /MediaAPI/ImageFly/get_image?rqi=lent_poster/1014/49e20b8766c85b92858bdf473be281af.SW_400H_520CF_1.j%E2%80%A6 HTTP/1.1" 404 124 "https://chillvision.ru/" "Mozilla/5.0 (Macintosh; Intel Mac OS X 10_14_6) AppleWebKit/537.36 (KHTML, like Gecko) Chrome/84.0.4143.7 Safari/537.36 Chrome-Lighthouse"
66.249.93.205 - - [13/Feb/2021:15:51:33 +0300] "GET /MediaAPI/ImageFly/get_image?rqi=lent_poster/2581/49e20b8766c85b92858bdf473be281af.SW_400H_520CF_1.j%E2%80%A6 HTTP/1.1" 404 124 "https://chillvision.ru/" "Mozilla/5.0 (Macintosh; Intel Mac OS X 10_14_6) AppleWebKit/537.36 (KHTML, like Gecko) Chrome/84.0.4143.7 Safari/537.36 Chrome-Lighthouse"
66.249.93.205 - - [13/Feb/2021:15:51:33 +0300] "GET /MediaAPI/ImageFly/get_image?rqi=lent_poster/2552/49e20b8766c85b92858bdf473be281af.SW_400H_520CF_1.j%E2%80%A6 HTTP/1.1" 404 125 "https://chillvision.ru/" "Mozilla/5.0 (Macintosh; Intel Mac OS X 10_14_6) AppleWebKit/537.36 (KHTML, like Gecko) Chrome/84.0.4143.7 Safari/537.36 Chrome-Lighthouse"
66.249.93.206 - - [13/Feb/2021:15:51:33 +0300] "GET /MediaAPI/ImageFly/get_image?rqi=lent_poster/2747/49e20b8766c85b92858bdf473be281af.SW_400H_520CF_1.j%E2%80%A6 HTTP/1.1" 404 124 "https://chillvision.ru/" "Mozilla/5.0 (Macintosh; Intel Mac OS X 10_14_6) AppleWebKit/537.36 (KHTML, like Gecko) Chrome/84.0.4143.7 Safari/537.36 Chrome-Lighthouse"
66.249.93.206 - - [13/Feb/2021:15:51:33 +0300] "GET /MediaAPI/ImageFly/get_image?rqi=lent_poster/2586/49e20b8766c85b92858bdf473be281af.SW_400H_520CF_1.j%E2%80%A6 HTTP/1.1" 404 124 "https://chillvision.ru/" "Mozilla/5.0 (Macintosh; Intel Mac OS X 10_14_6) AppleWebKit/537.36 (KHTML, like Gecko) Chrome/84.0.4143.7 Safari/537.36 Chrome-Lighthouse"
66.249.93.206 - - [13/Feb/2021:15:51:33 +0300] "GET /MediaAPI/ImageFly/get_image?rqi=lent_poster/2219/49e20b8766c85b92858bdf473be281af.SW_400H_520CF_1.j%E2%80%A6 HTTP/1.1" 404 126 "https://chillvision.ru/" "Mozilla/5.0 (Macintosh; Intel Mac OS X 10_14_6) AppleWebKit/537.36 (KHTML, like Gecko) Chrome/84.0.4143.7 Safari/537.36 Chrome-Lighthouse"
66.249.93.206 - - [13/Feb/2021:15:51:33 +0300] "GET /MediaAPI/ImageFly/get_image?rqi=lent_poster/2852/49e20b8766c85b92858bdf473be281af.SW_400H_520CF_1.j%E2%80%A6 HTTP/1.1" 404 124 "https://chillvision.ru/" "Mozilla/5.0 (Macintosh; Intel Mac OS X 10_14_6) AppleWebKit/537.36 (KHTML, like Gecko) Chrome/84.0.4143.7 Safari/537.36 Chrome-Lighthouse"
66.249.93.205 - - [13/Feb/2021:15:51:33 +0300] "GET /MediaAPI/ImageFly/get_image?rqi=lent_poster/2385/49e20b8766c85b92858bdf473be281af.SW_400H_520CF_1.j%E2%80%A6 HTTP/1.1" 404 124 "https://chillvision.ru/" "Mozilla/5.0 (Macintosh; Intel Mac OS X 10_14_6) AppleWebKit/537.36 (KHTML, like Gecko) Chrome/84.0.4143.7 Safari/537.36 Chrome-Lighthouse"
66.249.93.205 - - [13/Feb/2021:15:51:33 +0300] "GET /MediaAPI/ImageFly/get_image?rqi=lent_poster/2307/49e20b8766c85b92858bdf473be281af.SW_400H_520CF_1.j%E2%80%A6 HTTP/1.1" 404 127 "https://chillvision.ru/" "Mozilla/5.0 (Macintosh; Intel Mac OS X 10_14_6) AppleWebKit/537.36 (KHTML, like Gecko) Chrome/84.0.4143.7 Safari/537.36 Chrome-Lighthouse"
66.249.93.207 - - [13/Feb/2021:15:51:33 +0300] "GET /assets/chill/player/plyr/plyr.min.js.map HTTP/1.1" 404 25258 "https://chillvision.ru/" "Mozilla/5.0 (Linux; Android 7.0; Moto G (4)) AppleWebKit/537.36 (KHTML, like Gecko) Chrome/84.0.4143.7 Mobile Safari/537.36 Chrome-Lighthouse"
66.249.93.205 - - [13/Feb/2021:15:51:34 +0300] "GET /manifest.webmanifest HTTP/1.1" 200 569 "https://chillvision.ru/" "Mozilla/5.0 (Linux; Android 7.0; Moto G (4)) AppleWebKit/537.36 (KHTML, like Gecko) Chrome/84.0.4143.7 Mobile Safari/537.36 Chrome-Lighthouse"
66.249.93.206 - - [13/Feb/2021:15:51:34 +0300] "GET /asset-manifest.json HTTP/1.1" 404 25254 "https://chillvision.ru/" "Mozilla/5.0 (Linux; Android 7.0; Moto G (4)) AppleWebKit/537.36 (KHTML, like Gecko) Chrome/84.0.4143.7 Mobile Safari/537.36 Chrome-Lighthouse"
66.249.93.206 - - [13/Feb/2021:15:51:35 +0300] "GET /assets/chill/player/plyr/plyr.min.js.map HTTP/1.1" 404 25259 "https://chillvision.ru/" "Mozilla/5.0 (Macintosh; Intel Mac OS X 10_14_6) AppleWebKit/537.36 (KHTML, like Gecko) Chrome/84.0.4143.7 Safari/537.36 Chrome-Lighthouse"
66.249.93.205 - - [13/Feb/2021:15:51:35 +0300] "GET /manifest.webmanifest HTTP/1.1" 200 569 "https://chillvision.ru/" "Mozilla/5.0 (Macintosh; Intel Mac OS X 10_14_6) AppleWebKit/537.36 (KHTML, like Gecko) Chrome/84.0.4143.7 Safari/537.36 Chrome-Lighthouse"
66.249.93.207 - - [13/Feb/2021:15:51:35 +0300] "GET /asset-manifest.json HTTP/1.1" 404 25252 "https://chillvision.ru/" "Mozilla/5.0 (Macintosh; Intel Mac OS X 10_14_6) AppleWebKit/537.36 (KHTML, like Gecko) Chrome/84.0.4143.7 Safari/537.36 Chrome-Lighthouse"
5.255.231.18 - - [13/Feb/2021:15:51:49 +0300] "GET /Soap/993 HTTP/1.1" 200 35706 "-" "Mozilla/5.0 (compatible; YandexBot/3.0; +http://yandex.com/bots)"
31.173.103.217 - - [13/Feb/2021:15:54:29 +0300] "GET /page/best-mistake?utm_source=vk&utm_medium=cpc&utm_campaign=best-mistake&utm_content=general HTTP/1.1" 200 13527 "-" "Mozilla/5.0 (Linux; Android 10; Mi 9 SE) AppleWebKit/537.36 (KHTML, like Gecko) Chrome/88.0.4324.152 Mobile Safari/537.36"
