178.176.72.160 - - [20/Jan/2021:14:42:32 +0300] "GET /page/o-nas HTTP/1.1" 206 12143 "-" "WhatsApp/2.21.11.3 i"
176.215.104.190 - - [20/Jan/2021:14:42:38 +0300] "GET /Soap/2264 HTTP/1.1" 200 46809 "https://zen.yandex.ru/media/chill_online/7-krutyh-i-zreliscnyh-serialov-6001ae31d0d4386c9f5d0aad?&utm_campaign=dbr" "Mozilla/5.0 (Windows NT 6.3; WOW64) AppleWebKit/537.36 (KHTML, like Gecko) Chrome/87.0.4280.60 YaBrowser/20.12.0.966 Yowser/2.5 Safari/537.36"
95.132.134.197 - - [20/Jan/2021:14:42:39 +0300] "GET /page/promo-sister?utm_source=trads&utm_medium=cpm&utm_campaign=promo-sister&utm_content=trads_3642877&utm_term=trads_375569582355648532 HTTP/1.1" 200 13615 "https://3988635.trads.fun/t/awsme_dance/" "Mozilla/5.0 (iPhone; CPU iPhone OS 14_2 like Mac OS X) AppleWebKit/605.1.15 (KHTML, like Gecko) Mobile/15E148 Instagram 170.0.0.29.479 (iPhone9,3; iOS 14_2; ru_UA; ru; scale=2.34; 750x1331; 266894454)"
176.215.104.190 - - [20/Jan/2021:14:42:41 +0300] "GET /Info/API?action=check_user_access&content_id=2266 HTTP/1.1" 200 179 "https://chillvision.ru/" "Mozilla/5.0 (Windows NT 6.3; WOW64) AppleWebKit/537.36 (KHTML, like Gecko) Chrome/87.0.4280.60 YaBrowser/20.12.0.966 Yowser/2.5 Safari/537.36"
176.215.104.190 - - [20/Jan/2021:14:42:46 +0300] "GET /manifest.webmanifest HTTP/1.1" 200 569 "https://chillvision.ru/" "Mozilla/5.0 (Windows NT 6.3; WOW64) AppleWebKit/537.36 (KHTML, like Gecko) Chrome/87.0.4280.60 YaBrowser/20.12.0.966 Yowser/2.5 Safari/537.36"
93.80.130.85 - - [20/Jan/2021:14:42:47 +0300] "GET /page/o-nas HTTP/1.1" 200 12139 "-" "Mozilla/5.0 (iPhone; CPU iPhone OS 14_3 like Mac OS X) AppleWebKit/605.1.15 (KHTML, like Gecko) Version/14.0.2 Mobile/15E148 Safari/604.1"
95.27.117.191 - - [20/Jan/2021:14:42:58 +0300] "GET /page/o-nas HTTP/1.1" 200 12143 "-" "Mozilla/5.0 (Macintosh; Intel Mac OS X 10_14_6) AppleWebKit/537.36 (KHTML, like Gecko) Chrome/87.0.4280.88 Safari/537.36"
46.242.15.112 - - [20/Jan/2021:14:43:16 +0300] "GET /admin/Users/index HTTP/1.1" 200 2890 "https://chillvision.ru/admin/MediaContent/Index" "Mozilla/5.0 (Macintosh; Intel Mac OS X 11_1_0) AppleWebKit/537.36 (KHTML, like Gecko) Chrome/87.0.4280.141 Safari/537.36"
46.242.15.112 - - [20/Jan/2021:14:43:17 +0300] "GET /Util/ComponentManager/getComponent?fqcn=desktop.users.js HTTP/1.1" 200 4905 "https://chillvision.ru/admin/Users/index" "Mozilla/5.0 (Macintosh; Intel Mac OS X 11_1_0) AppleWebKit/537.36 (KHTML, like Gecko) Chrome/87.0.4280.141 Safari/537.36"
46.242.15.112 - - [20/Jan/2021:14:43:17 +0300] "POST /admin/Users/API?action=get_data HTTP/1.1" 200 2036 "https://chillvision.ru/admin/Users/index" "Mozilla/5.0 (Macintosh; Intel Mac OS X 11_1_0) AppleWebKit/537.36 (KHTML, like Gecko) Chrome/87.0.4280.141 Safari/537.36"
46.242.15.112 - - [20/Jan/2021:14:43:17 +0300] "GET /admin/MediaContent/Index HTTP/1.1" 200 2893 "https://chillvision.ru/admin/Users/index" "Mozilla/5.0 (Macintosh; Intel Mac OS X 11_1_0) AppleWebKit/537.36 (KHTML, like Gecko) Chrome/87.0.4280.141 Safari/537.36"
46.242.15.112 - - [20/Jan/2021:14:43:17 +0300] "GET /Util/ComponentManager/getComponent?fqcn=desktop.mediacontent.js HTTP/1.1" 200 9506 "https://chillvision.ru/admin/MediaContent/Index" "Mozilla/5.0 (Macintosh; Intel Mac OS X 11_1_0) AppleWebKit/537.36 (KHTML, like Gecko) Chrome/87.0.4280.141 Safari/537.36"
46.242.15.112 - - [20/Jan/2021:14:43:17 +0300] "GET /Util/ComponentManager/getComponent?fqcn=inline.inline_media_ribbon_lent.js HTTP/1.1" 200 6676 "https://chillvision.ru/admin/MediaContent/Index" "Mozilla/5.0 (Macintosh; Intel Mac OS X 11_1_0) AppleWebKit/537.36 (KHTML, like Gecko) Chrome/87.0.4280.141 Safari/537.36"
46.242.15.112 - - [20/Jan/2021:14:43:17 +0300] "POST /admin/MediaContent/API?action=list HTTP/1.1" 200 3967 "https://chillvision.ru/admin/MediaContent/Index" "Mozilla/5.0 (Macintosh; Intel Mac OS X 11_1_0) AppleWebKit/537.36 (KHTML, like Gecko) Chrome/87.0.4280.141 Safari/537.36"
46.242.15.112 - - [20/Jan/2021:14:43:17 +0300] "GET /admin/Users/index HTTP/1.1" 200 2890 "https://chillvision.ru/admin/MediaContent/Index" "Mozilla/5.0 (Macintosh; Intel Mac OS X 11_1_0) AppleWebKit/537.36 (KHTML, like Gecko) Chrome/87.0.4280.141 Safari/537.36"
46.242.15.112 - - [20/Jan/2021:14:43:18 +0300] "GET /Util/ComponentManager/getComponent?fqcn=desktop.users.js HTTP/1.1" 200 4905 "https://chillvision.ru/admin/Users/index" "Mozilla/5.0 (Macintosh; Intel Mac OS X 11_1_0) AppleWebKit/537.36 (KHTML, like Gecko) Chrome/87.0.4280.141 Safari/537.36"
46.242.15.112 - - [20/Jan/2021:14:43:18 +0300] "POST /admin/Users/API?action=get_data HTTP/1.1" 200 2037 "https://chillvision.ru/admin/Users/index" "Mozilla/5.0 (Macintosh; Intel Mac OS X 11_1_0) AppleWebKit/537.36 (KHTML, like Gecko) Chrome/87.0.4280.141 Safari/537.36"
2.92.199.21 - - [20/Jan/2021:14:43:37 +0300] "GET /page/promo-sister?utm_source=fb&utm_medium=cpc&utm_campaign=sisters&utm_content=storiz_1&fbclid=PAAaaEcYYhY4wqvFoMSC14duH7T6NnT6f_tTB2Z-QH2aEswE2efR12muWJoLs HTTP/1.1" 301 194 "http://instagram.com/" "Mozilla/5.0 (Linux; Android 10; SM-G973F Build/QP1A.190711.020; wv) AppleWebKit/537.36 (KHTML, like Gecko) Version/4.0 Chrome/87.0.4280.141 Mobile Safari/537.36 Instagram 170.2.0.30.474 Android (29/10; 560dpi; 1440x2891; samsung; SM-G973F; beyond1; exynos9820; ru_RU; 267925737)"
2.92.199.21 - - [20/Jan/2021:14:43:37 +0300] "GET /page/promo-sister?utm_source=fb&utm_medium=cpc&utm_campaign=sisters&utm_content=storiz_1&fbclid=PAAaaEcYYhY4wqvFoMSC14duH7T6NnT6f_tTB2Z-QH2aEswE2efR12muWJoLs HTTP/1.1" 200 13621 "http://instagram.com/" "Mozilla/5.0 (Linux; Android 10; SM-G973F Build/QP1A.190711.020; wv) AppleWebKit/537.36 (KHTML, like Gecko) Version/4.0 Chrome/87.0.4280.141 Mobile Safari/537.36 Instagram 170.2.0.30.474 Android (29/10; 560dpi; 1440x2891; samsung; SM-G973F; beyond1; exynos9820; ru_RU; 267925737)"
85.249.196.246 - - [20/Jan/2021:14:43:53 +0300] "GET /?utm_source=google&utm_medium=cpc&utm_campaign=brend&utm_content={ad_id}&utm_term= HTTP/1.1" 200 25018 "https://googleads.g.doubleclick.net/" "Mozilla/5.0 (Windows NT 10.0; Win64; x64) AppleWebKit/537.36 (KHTML, like Gecko) Chrome/87.0.4280.141 Safari/537.36 Edg/87.0.664.75"
85.249.196.246 - - [20/Jan/2021:14:43:55 +0300] "GET /manifest.webmanifest HTTP/1.1" 200 569 "https://chillvision.ru/" "Mozilla/5.0 (Windows NT 10.0; Win64; x64) AppleWebKit/537.36 (KHTML, like Gecko) Chrome/87.0.4280.141 Safari/537.36 Edg/87.0.664.75"
85.249.196.246 - - [20/Jan/2021:14:43:58 +0300] "GET /lent_v_2/more/1?sys_render_layout=raw HTTP/1.1" 200 3828 "https://chillvision.ru/" "Mozilla/5.0 (Windows NT 10.0; Win64; x64) AppleWebKit/537.36 (KHTML, like Gecko) Chrome/87.0.4280.141 Safari/537.36 Edg/87.0.664.75"
185.229.87.230 - - [20/Jan/2021:14:44:13 +0300] "GET /page/promo-sister?utm_source=trads&utm_medium=cpm&utm_campaign=promo-sister&utm_content=trads_3642877&utm_term=trads_375576772239958039 HTTP/1.1" 200 13615 "https://3988635.trads.fun/t/awsme_dance/" "Mozilla/5.0 (iPhone; CPU iPhone OS 13_6 like Mac OS X) AppleWebKit/605.1.15 (KHTML, like Gecko) Mobile/15E148 Instagram 171.0.0.13.120 (iPhone8,1; iOS 13_6; ru_KZ; ru-KZ; scale=2.00; 750x1334; 268179862)"
5.255.231.18 - - [20/Jan/2021:14:44:22 +0300] "GET /Soap/2264 HTTP/1.1" 200 46811 "-" "Mozilla/5.0 (compatible; YandexBot/3.0; +http://yandex.com/bots)"
91.79.62.78 - - [20/Jan/2021:14:44:33 +0300] "GET /page/o-nas HTTP/1.1" 200 12137 "-" "Mozilla/5.0 (iPhone; CPU iPhone OS 14_2 like Mac OS X) AppleWebKit/605.1.15 (KHTML, like Gecko) Version/14.0.1 Mobile/15E148 Safari/604.1"
46.242.15.112 - - [20/Jan/2021:14:44:34 +0300] "POST /admin/Users/API?action=get_data HTTP/1.1" 200 22878 "https://chillvision.ru/admin/Users/index" "Mozilla/5.0 (Macintosh; Intel Mac OS X 11_1_0) AppleWebKit/537.36 (KHTML, like Gecko) Chrome/87.0.4280.141 Safari/537.36"
46.242.15.112 - - [20/Jan/2021:14:45:19 +0300] "POST /admin/Users/API?action=get_data HTTP/1.1" 200 241 "https://chillvision.ru/admin/Users/index" "Mozilla/5.0 (Macintosh; Intel Mac OS X 11_1_0) AppleWebKit/537.36 (KHTML, like Gecko) Chrome/87.0.4280.141 Safari/537.36"
213.87.146.79 - - [20/Jan/2021:14:45:24 +0300] "GET /Soap/1578 HTTP/1.1" 200 39353 "https://m.zen.yandex.ru/media/chill_online/7-krutyh-i-zreliscnyh-serialov-6001ae31d0d4386c9f5d0aad" "Mozilla/5.0 (Linux; arm_64; Android 10; Redmi Note 8T) AppleWebKit/537.36 (KHTML, like Gecko) Chrome/86.0.4240.198 YaBrowser/20.11.5.113.00 SA/3 Mobile Safari/537.36"
46.242.15.112 - - [20/Jan/2021:14:45:25 +0300] "POST /admin/Users/API?action=get_data HTTP/1.1" 200 22879 "https://chillvision.ru/admin/Users/index" "Mozilla/5.0 (Macintosh; Intel Mac OS X 11_1_0) AppleWebKit/537.36 (KHTML, like Gecko) Chrome/87.0.4280.141 Safari/537.36"
213.87.146.79 - - [20/Jan/2021:14:45:26 +0300] "GET /manifest.webmanifest HTTP/1.1" 200 569 "-" "Mozilla/5.0 (Linux; arm_64; Android 10; Redmi Note 8T) AppleWebKit/537.36 (KHTML, like Gecko) Chrome/86.0.4240.198 YaBrowser/20.11.5.113.00 SA/3 TA/7.1 Mobile Safari/537.36"
213.87.146.79 - - [20/Jan/2021:14:45:26 +0300] "GET /Info/API?action=check_user_access&content_id=1584 HTTP/1.1" 200 180 "https://chillvision.ru/" "Mozilla/5.0 (Linux; arm_64; Android 10; Redmi Note 8T) AppleWebKit/537.36 (KHTML, like Gecko) Chrome/86.0.4240.198 YaBrowser/20.11.5.113.00 SA/3 Mobile Safari/537.36"
46.242.15.112 - - [20/Jan/2021:14:45:28 +0300] "GET /Util/ComponentManager/getComponent?fqcn=data_editor.user.js HTTP/1.1" 200 8436 "https://chillvision.ru/admin/Users/index" "Mozilla/5.0 (Macintosh; Intel Mac OS X 11_1_0) AppleWebKit/537.36 (KHTML, like Gecko) Chrome/87.0.4280.141 Safari/537.36"
46.242.15.112 - - [20/Jan/2021:14:45:28 +0300] "GET /admin/Users/API?action=get_user&id=5891 HTTP/1.1" 200 566 "https://chillvision.ru/admin/Users/index" "Mozilla/5.0 (Macintosh; Intel Mac OS X 11_1_0) AppleWebKit/537.36 (KHTML, like Gecko) Chrome/87.0.4280.141 Safari/537.36"
213.87.146.79 - - [20/Jan/2021:14:45:29 +0300] "GET /manifest.webmanifest HTTP/1.1" 200 569 "https://chillvision.ru/" "Mozilla/5.0 (Linux; arm_64; Android 10; Redmi Note 8T) AppleWebKit/537.36 (KHTML, like Gecko) Chrome/86.0.4240.198 YaBrowser/20.11.5.113.00 SA/3 Mobile Safari/537.36"
46.242.15.112 - - [20/Jan/2021:14:45:37 +0300] "POST /admin/Users/API?action=get_data HTTP/1.1" 200 1810 "https://chillvision.ru/admin/Users/index" "Mozilla/5.0 (Macintosh; Intel Mac OS X 11_1_0) AppleWebKit/537.36 (KHTML, like Gecko) Chrome/87.0.4280.141 Safari/537.36"
213.87.146.79 - - [20/Jan/2021:14:45:59 +0300] "GET /Soap/1578 HTTP/1.1" 200 39353 "https://m.zen.yandex.ru/media/chill_online/7-krutyh-i-zreliscnyh-serialov-6001ae31d0d4386c9f5d0aad" "Mozilla/5.0 (Linux; arm_64; Android 10; Redmi Note 8T) AppleWebKit/537.36 (KHTML, like Gecko) Chrome/86.0.4240.198 YaBrowser/20.11.5.113.00 SA/3 Mobile Safari/537.36"
213.87.146.79 - - [20/Jan/2021:14:46:00 +0300] "GET /manifest.webmanifest HTTP/1.1" 200 569 "-" "Mozilla/5.0 (Linux; arm_64; Android 10; Redmi Note 8T) AppleWebKit/537.36 (KHTML, like Gecko) Chrome/86.0.4240.198 YaBrowser/20.11.5.113.00 SA/3 TA/7.1 Mobile Safari/537.36"
213.87.146.79 - - [20/Jan/2021:14:46:01 +0300] "GET /Info/API?action=check_user_access&content_id=1584 HTTP/1.1" 200 180 "https://chillvision.ru/" "Mozilla/5.0 (Linux; arm_64; Android 10; Redmi Note 8T) AppleWebKit/537.36 (KHTML, like Gecko) Chrome/86.0.4240.198 YaBrowser/20.11.5.113.00 SA/3 Mobile Safari/537.36"
46.242.15.112 - - [20/Jan/2021:14:46:11 +0300] "POST /admin/Users/API?action=get_data HTTP/1.1" 200 2508 "https://chillvision.ru/admin/Users/index" "Mozilla/5.0 (Macintosh; Intel Mac OS X 11_1_0) AppleWebKit/537.36 (KHTML, like Gecko) Chrome/87.0.4280.141 Safari/537.36"
46.242.15.112 - - [20/Jan/2021:14:46:25 +0300] "POST /admin/Users/API?action=get_data HTTP/1.1" 200 2121 "https://chillvision.ru/admin/Users/index" "Mozilla/5.0 (Macintosh; Intel Mac OS X 11_1_0) AppleWebKit/537.36 (KHTML, like Gecko) Chrome/87.0.4280.141 Safari/537.36"
13.66.139.67 - - [20/Jan/2021:14:47:09 +0300] "GET /media/media_content_frame/1731/a7ac0889179f41e3761cd6958b8c0100.SF_1.jpg HTTP/1.1" 302 385 "-" "Mozilla/5.0 (compatible; bingbot/2.0; +http://www.bing.com/bingbot.htm)"
13.66.139.67 - - [20/Jan/2021:14:47:10 +0300] "GET /MediaAPI/ImageFly/get_image?rqi=media_content_frame/1731/a7ac0889179f41e3761cd6958b8c0100.SF_1.jpg HTTP/1.1" 301 0 "-" "Mozilla/5.0 (compatible; bingbot/2.0; +http://www.bing.com/bingbot.htm)"
213.87.146.79 - - [20/Jan/2021:14:47:25 +0300] "GET /Soap/1578 HTTP/1.1" 200 39350 "https://yandex.ru/" "Mozilla/5.0 (Linux; arm_64; Android 10; Redmi Note 8T) AppleWebKit/537.36 (KHTML, like Gecko) Chrome/86.0.4240.198 YaBrowser/20.11.5.113.00 SA/3 Mobile Safari/537.36"
213.87.146.79 - - [20/Jan/2021:14:47:25 +0300] "GET /manifest.webmanifest HTTP/1.1" 200 569 "-" "Mozilla/5.0 (Linux; arm_64; Android 10; Redmi Note 8T) AppleWebKit/537.36 (KHTML, like Gecko) Chrome/86.0.4240.198 YaBrowser/20.11.5.113.00 SA/3 TA/7.1 Mobile Safari/537.36"
213.87.146.79 - - [20/Jan/2021:14:47:26 +0300] "GET /Info/API?action=check_user_access&content_id=1584 HTTP/1.1" 200 180 "https://chillvision.ru/" "Mozilla/5.0 (Linux; arm_64; Android 10; Redmi Note 8T) AppleWebKit/537.36 (KHTML, like Gecko) Chrome/86.0.4240.198 YaBrowser/20.11.5.113.00 SA/3 Mobile Safari/537.36"
128.71.227.21 - - [20/Jan/2021:14:47:28 +0300] "GET /Soap/1059 HTTP/1.1" 200 37408 "https://zen.yandex.ru/media/chill_online/7-krutyh-i-zreliscnyh-serialov-6001ae31d0d4386c9f5d0aad" "Mozilla/5.0 (Windows NT 6.1; Win64; x64) AppleWebKit/537.36 (KHTML, like Gecko) Chrome/87.0.4280.60 YaBrowser/20.12.0.963 Yowser/2.5 Safari/537.36"
128.71.227.21 - - [20/Jan/2021:14:47:31 +0300] "GET /Info/API?action=check_user_access&content_id=2011 HTTP/1.1" 200 180 "https://chillvision.ru/" "Mozilla/5.0 (Windows NT 6.1; Win64; x64) AppleWebKit/537.36 (KHTML, like Gecko) Chrome/87.0.4280.60 YaBrowser/20.12.0.963 Yowser/2.5 Safari/537.36"
128.71.227.21 - - [20/Jan/2021:14:47:33 +0300] "GET /manifest.webmanifest HTTP/1.1" 200 569 "https://chillvision.ru/" "Mozilla/5.0 (Windows NT 6.1; Win64; x64) AppleWebKit/537.36 (KHTML, like Gecko) Chrome/87.0.4280.60 YaBrowser/20.12.0.963 Yowser/2.5 Safari/537.36"
46.242.15.112 - - [20/Jan/2021:14:47:46 +0300] "POST /admin/Users/API?action=get_data HTTP/1.1" 200 1537 "https://chillvision.ru/admin/Users/index" "Mozilla/5.0 (Macintosh; Intel Mac OS X 11_1_0) AppleWebKit/537.36 (KHTML, like Gecko) Chrome/87.0.4280.141 Safari/537.36"
46.242.15.112 - - [20/Jan/2021:14:47:59 +0300] "POST /admin/Users/API?action=get_data HTTP/1.1" 200 1483 "https://chillvision.ru/admin/Users/index" "Mozilla/5.0 (Macintosh; Intel Mac OS X 11_1_0) AppleWebKit/537.36 (KHTML, like Gecko) Chrome/87.0.4280.141 Safari/537.36"
31.202.23.23 - - [20/Jan/2021:14:48:08 +0300] "GET /page/promo-sister?utm_source=trads&utm_medium=cpm&utm_campaign=promo-sister&utm_content=trads_3642877&utm_term=trads_375569582355648533 HTTP/1.1" 200 13614 "https://3988635.trads.fun/" "Mozilla/5.0 (Linux; Android 9; SM-A920F Build/PPR1.180610.011; wv) AppleWebKit/537.36 (KHTML, like Gecko) Version/4.0 Chrome/87.0.4280.141 Mobile Safari/537.36 Instagram 171.0.0.29.121 Android (28/9; 420dpi; 1080x2094; samsung; SM-A920F; a9y18qlte; qcom; ru_RU; 268773287)"
46.242.15.112 - - [20/Jan/2021:14:48:12 +0300] "POST /admin/Users/API?action=get_data HTTP/1.1" 200 600 "https://chillvision.ru/admin/Users/index" "Mozilla/5.0 (Macintosh; Intel Mac OS X 11_1_0) AppleWebKit/537.36 (KHTML, like Gecko) Chrome/87.0.4280.141 Safari/537.36"
85.115.248.17 - - [20/Jan/2021:14:48:17 +0300] "GET /Soap/2232 HTTP/1.1" 200 34571 "https://www.google.com/" "Mozilla/5.0 (Linux; Android 10; HRY-LX1) AppleWebKit/537.36 (KHTML, like Gecko) Chrome/84.0.4147.105 Mobile Safari/537.36"
31.202.23.23 - - [20/Jan/2021:14:48:21 +0300] "GET / HTTP/1.1" 200 25014 "https://chillvision.ru/" "Mozilla/5.0 (Linux; Android 9; SM-A920F Build/PPR1.180610.011; wv) AppleWebKit/537.36 (KHTML, like Gecko) Version/4.0 Chrome/87.0.4280.141 Mobile Safari/537.36 Instagram 171.0.0.29.121 Android (28/9; 420dpi; 1080x2094; samsung; SM-A920F; a9y18qlte; qcom; ru_RU; 268773287)"
85.115.248.17 - - [20/Jan/2021:14:48:22 +0300] "GET /Info/API?action=check_user_access&content_id=2234 HTTP/1.1" 200 181 "https://chillvision.ru/" "Mozilla/5.0 (Linux; Android 10; HRY-LX1) AppleWebKit/537.36 (KHTML, like Gecko) Chrome/84.0.4147.105 Mobile Safari/537.36"
31.202.23.23 - - [20/Jan/2021:14:48:29 +0300] "GET /page/promo-sister?utm_source=trads&utm_medium=cpm&utm_campaign=promo-sister&utm_content=trads_3642877&utm_term=trads_375569582355648533 HTTP/1.1" 200 13619 "https://3988635.trads.fun/" "Mozilla/5.0 (Linux; Android 9; SM-A920F Build/PPR1.180610.011; wv) AppleWebKit/537.36 (KHTML, like Gecko) Version/4.0 Chrome/87.0.4280.141 Mobile Safari/537.36 Instagram 171.0.0.29.121 Android (28/9; 420dpi; 1080x2094; samsung; SM-A920F; a9y18qlte; qcom; ru_RU; 268773287)"
109.169.23.83 - - [20/Jan/2021:14:48:32 +0300] "GET / HTTP/1.1" 200 24995 "https://chillvision.ru/" "Mozilla/5.0 (Macintosh; Intel Mac OS X 10_15_6) AppleWebKit/537.36 (KHTML, like Gecko) Chrome/87.0.4280.88 Safari/537.36"
85.115.248.17 - - [20/Jan/2021:14:48:33 +0300] "GET /manifest.webmanifest HTTP/1.1" 200 569 "https://chillvision.ru/" "Mozilla/5.0 (Linux; Android 10; HRY-LX1) AppleWebKit/537.36 (KHTML, like Gecko) Chrome/84.0.4147.105 Mobile Safari/537.36"
109.169.23.83 - - [20/Jan/2021:14:48:37 +0300] "GET /Soap/2586 HTTP/1.1" 200 34418 "https://chillvision.ru/" "Mozilla/5.0 (Macintosh; Intel Mac OS X 10_15_6) AppleWebKit/537.36 (KHTML, like Gecko) Chrome/87.0.4280.88 Safari/537.36"
109.169.23.83 - - [20/Jan/2021:14:48:38 +0300] "GET /Info/API?action=check_user_access&content_id=2588 HTTP/1.1" 200 438 "https://chillvision.ru/" "Mozilla/5.0 (Macintosh; Intel Mac OS X 10_15_6) AppleWebKit/537.36 (KHTML, like Gecko) Chrome/87.0.4280.88 Safari/537.36"
5.228.59.35 - - [20/Jan/2021:14:49:18 +0300] "GET /Soap/1904 HTTP/1.1" 200 37980 "https://l.instagram.com/" "Mozilla/5.0 (Linux; Android 9; Mi 9 SE Build/PKQ1.181121.001; wv) AppleWebKit/537.36 (KHTML, like Gecko) Version/4.0 Chrome/87.0.4280.141 Mobile Safari/537.36 Instagram 170.2.0.30.474 Android (28/9; 480dpi; 1080x2129; Xiaomi; Mi 9 SE; grus; qcom; ru_RU; 267925737)"
5.228.59.35 - - [20/Jan/2021:14:49:20 +0300] "GET /Info/API?action=check_user_access&content_id=1907 HTTP/1.1" 200 180 "https://chillvision.ru/" "Mozilla/5.0 (Linux; Android 9; Mi 9 SE Build/PKQ1.181121.001; wv) AppleWebKit/537.36 (KHTML, like Gecko) Version/4.0 Chrome/87.0.4280.141 Mobile Safari/537.36 Instagram 170.2.0.30.474 Android (28/9; 480dpi; 1080x2129; Xiaomi; Mi 9 SE; grus; qcom; ru_RU; 267925737)"
178.46.118.20 - - [20/Jan/2021:14:50:53 +0300] "GET /Soap/440 HTTP/1.1" 200 39649 "https://zen.yandex.ru/media/chill_online/7-krutyh-i-zreliscnyh-serialov-6001ae31d0d4386c9f5d0aad?&utm_campaign=dbr" "Mozilla/5.0 (Windows NT 10.0; WOW64) AppleWebKit/537.36 (KHTML, like Gecko) Chrome/87.0.4280.60 YaBrowser/20.12.0.966 Yowser/2.5 Safari/537.36"
178.46.118.20 - - [20/Jan/2021:14:50:55 +0300] "GET /Info/API?action=check_user_access&content_id=449 HTTP/1.1" 200 180 "https://chillvision.ru/" "Mozilla/5.0 (Windows NT 10.0; WOW64) AppleWebKit/537.36 (KHTML, like Gecko) Chrome/87.0.4280.60 YaBrowser/20.12.0.966 Yowser/2.5 Safari/537.36"
178.46.118.20 - - [20/Jan/2021:14:50:56 +0300] "GET /manifest.webmanifest HTTP/1.1" 200 569 "https://chillvision.ru/" "Mozilla/5.0 (Windows NT 10.0; WOW64) AppleWebKit/537.36 (KHTML, like Gecko) Chrome/87.0.4280.60 YaBrowser/20.12.0.966 Yowser/2.5 Safari/537.36"
217.66.154.170 - - [20/Jan/2021:14:51:35 +0300] "GET /Soap/440 HTTP/1.1" 200 39645 "https://yandex.ru/search/?text=%D0%B3%D0%BE%D1%80%D0%B8%D0%B7%D0%BE%D0%BD%D1%82+%D0%B2%D0%B5%D0%B1+%D1%81%D0%B5%D1%80%D0%B8%D0%B0%D0%BB+%D1%81%D0%BC%D0%BE%D1%82%D1%80%D0%B5%D1%82%D1%8C+%D0%BE%D0%BD%D0%BB%D0%B0%D0%B9%D0%BD+%D0%B1%D0%B5%D1%81%D0%BF%D0%BB%D0%B0%D1%82%D0%BD%D0%BE&clid=1915752&lr=2" "Mozilla/5.0 (Linux; NetCast; U) AppleWebKit/537.31 (KHTML, like Gecko) Chrome/53.0.2785.34 Safari/537.31 SmartTV/6.0"
109.252.48.65 - - [20/Jan/2021:14:51:57 +0300] "GET /page/promo-sister?utm_source=fb&utm_medium=cpc&utm_campaign=sisters&utm_content=storiz_3&fbclid=PAAaZK_5E72962LmvTLh8J_BdtbboQ2VtAEJKX5Hq9-1LyQRlaEvh8pr4u1qs_aem_AV3zAlyJnW42Hxx2Ugek13U-jNK1kY1EBQkS6tVbKl7xlg8T7CjGPhWzLlG1V7wqnWT75Fc5GJVfiBI3zkGyJFP1on6rWYet6YJbFOOJUsZ7MFq_tOMf1rDb_JHOew1rH2k HTTP/1.1" 301 194 "-" "Mozilla/5.0 (iPhone; CPU iPhone OS 14_2 like Mac OS X) AppleWebKit/605.1.15 (KHTML, like Gecko) Mobile/15E148 Instagram 170.0.0.29.479 (iPhone10,6; iOS 14_2; ru_RU; ru-RU; scale=3.00; 1125x2436; 266894454)"
109.252.48.65 - - [20/Jan/2021:14:51:57 +0300] "GET /page/promo-sister?utm_source=fb&utm_medium=cpc&utm_campaign=sisters&utm_content=storiz_3&fbclid=PAAaZK_5E72962LmvTLh8J_BdtbboQ2VtAEJKX5Hq9-1LyQRlaEvh8pr4u1qs_aem_AV3zAlyJnW42Hxx2Ugek13U-jNK1kY1EBQkS6tVbKl7xlg8T7CjGPhWzLlG1V7wqnWT75Fc5GJVfiBI3zkGyJFP1on6rWYet6YJbFOOJUsZ7MFq_tOMf1rDb_JHOew1rH2k HTTP/1.1" 200 13612 "-" "Mozilla/5.0 (iPhone; CPU iPhone OS 14_2 like Mac OS X) AppleWebKit/605.1.15 (KHTML, like Gecko) Mobile/15E148 Instagram 170.0.0.29.479 (iPhone10,6; iOS 14_2; ru_RU; ru-RU; scale=3.00; 1125x2436; 266894454)"
185.52.29.197 - - [20/Jan/2021:14:52:10 +0300] "GET /Soap/1059 HTTP/1.1" 200 37410 "https://yandex.ru/" "Mozilla/5.0 (Windows NT 10.0; Win64; x64; rv:84.0) Gecko/20100101 Firefox/84.0"
185.52.29.197 - - [20/Jan/2021:14:52:10 +0300] "GET /Info/API?action=check_user_access&content_id=2011 HTTP/1.1" 200 181 "https://chillvision.ru/" "Mozilla/5.0 (Windows NT 10.0; Win64; x64; rv:84.0) Gecko/20100101 Firefox/84.0"
5.164.212.40 - - [20/Jan/2021:14:52:28 +0300] "GET /Soap/2264 HTTP/1.1" 200 46809 "https://yandex.ru/" "Mozilla/5.0 (Windows NT 6.1; Win64; x64) AppleWebKit/537.36 (KHTML, like Gecko) Chrome/87.0.4280.60 YaBrowser/20.12.0.963 Yowser/2.5 Safari/537.36"
5.164.212.40 - - [20/Jan/2021:14:52:29 +0300] "GET /Info/API?action=check_user_access&content_id=2266 HTTP/1.1" 200 181 "https://chillvision.ru/" "Mozilla/5.0 (Windows NT 6.1; Win64; x64) AppleWebKit/537.36 (KHTML, like Gecko) Chrome/87.0.4280.60 YaBrowser/20.12.0.963 Yowser/2.5 Safari/537.36"
5.164.212.40 - - [20/Jan/2021:14:52:30 +0300] "GET /manifest.webmanifest HTTP/1.1" 200 569 "https://chillvision.ru/" "Mozilla/5.0 (Windows NT 6.1; Win64; x64) AppleWebKit/537.36 (KHTML, like Gecko) Chrome/87.0.4280.60 YaBrowser/20.12.0.963 Yowser/2.5 Safari/537.36"
37.23.82.79 - - [20/Jan/2021:14:52:39 +0300] "GET /Soap/2264 HTTP/1.1" 200 46816 "https://zen.yandex.ru/media/chill_online/7-krutyh-i-zreliscnyh-serialov-6001ae31d0d4386c9f5d0aad?&utm_campaign=dbr" "Mozilla/5.0 (Windows NT 10.0; Win64; x64) AppleWebKit/537.36 (KHTML, like Gecko) Chrome/87.0.4280.88 YaBrowser/20.12.1.179 Yowser/2.5 Safari/537.36"
37.23.82.79 - - [20/Jan/2021:14:52:41 +0300] "GET /Info/API?action=check_user_access&content_id=2266 HTTP/1.1" 200 180 "https://chillvision.ru/" "Mozilla/5.0 (Windows NT 10.0; Win64; x64) AppleWebKit/537.36 (KHTML, like Gecko) Chrome/87.0.4280.88 YaBrowser/20.12.1.179 Yowser/2.5 Safari/537.36"
37.23.82.79 - - [20/Jan/2021:14:52:46 +0300] "GET /manifest.webmanifest HTTP/1.1" 200 569 "https://chillvision.ru/" "Mozilla/5.0 (Windows NT 10.0; Win64; x64) AppleWebKit/537.36 (KHTML, like Gecko) Chrome/87.0.4280.88 YaBrowser/20.12.1.179 Yowser/2.5 Safari/537.36"
82.208.115.58 - - [20/Jan/2021:14:53:02 +0300] "GET /Soap/2264 HTTP/1.1" 200 46809 "https://yandex.ru/" "Mozilla/5.0 (Windows NT 6.1; WOW64) AppleWebKit/537.36 (KHTML, like Gecko) Chrome/87.0.4280.60 YaBrowser/20.12.0.966 Yowser/2.5 Safari/537.36"
82.208.115.58 - - [20/Jan/2021:14:53:05 +0300] "GET /Info/API?action=check_user_access&content_id=2266 HTTP/1.1" 200 181 "https://chillvision.ru/" "Mozilla/5.0 (Windows NT 6.1; WOW64) AppleWebKit/537.36 (KHTML, like Gecko) Chrome/87.0.4280.60 YaBrowser/20.12.0.966 Yowser/2.5 Safari/537.36"
82.208.115.58 - - [20/Jan/2021:14:53:14 +0300] "GET /manifest.webmanifest HTTP/1.1" 200 569 "https://chillvision.ru/" "Mozilla/5.0 (Windows NT 6.1; WOW64) AppleWebKit/537.36 (KHTML, like Gecko) Chrome/87.0.4280.60 YaBrowser/20.12.0.966 Yowser/2.5 Safari/537.36"
31.173.86.24 - - [20/Jan/2021:14:53:30 +0300] "GET /Soap/440 HTTP/1.1" 200 39652 "https://zen.yandex.ru/media/chill_online/7-krutyh-i-zreliscnyh-serialov-6001ae31d0d4386c9f5d0aad" "Mozilla/5.0 (Windows NT 10.0; Win64; x64) AppleWebKit/537.36 (KHTML, like Gecko) Chrome/87.0.4280.141 Safari/537.36 OPR/73.0.3856.344"
31.173.86.24 - - [20/Jan/2021:14:53:32 +0300] "GET /Info/API?action=check_user_access&content_id=449 HTTP/1.1" 200 180 "https://chillvision.ru/" "Mozilla/5.0 (Windows NT 10.0; Win64; x64) AppleWebKit/537.36 (KHTML, like Gecko) Chrome/87.0.4280.141 Safari/537.36 OPR/73.0.3856.344"
66.249.76.19 - - [20/Jan/2021:14:53:33 +0300] "GET / HTTP/1.1" 301 194 "-" "Mozilla/5.0 (compatible; Googlebot/2.1; +http://www.google.com/bot.html)"
66.249.76.27 - - [20/Jan/2021:14:53:34 +0300] "GET / HTTP/1.1" 200 25013 "-" "Mozilla/5.0 (compatible; Googlebot/2.1; +http://www.google.com/bot.html)"
31.173.86.24 - - [20/Jan/2021:14:53:36 +0300] "GET /Info/API?action=request_access&content_id=449 HTTP/1.1" 200 151 "https://chillvision.ru/" "Mozilla/5.0 (Windows NT 10.0; Win64; x64) AppleWebKit/537.36 (KHTML, like Gecko) Chrome/87.0.4280.141 Safari/537.36 OPR/73.0.3856.344"
66.249.76.25 - - [20/Jan/2021:14:53:44 +0300] "GET /lent_v_2/more/1?sys_render_layout=raw HTTP/1.1" 200 3828 "https://chillvision.ru/" "Mozilla/5.0 AppleWebKit/537.36 (KHTML, like Gecko; compatible; Googlebot/2.1; +http://www.google.com/bot.html) Safari/537.36"
46.200.10.64 - - [20/Jan/2021:14:54:21 +0300] "GET / HTTP/1.1" 200 25010 "-" "Mozilla/5.0 (Windows NT 10.0; Win64; x64) AppleWebKit/537.36 (KHTML, like Gecko) Chrome/87.0.4280.141 Safari/537.36 Edg/87.0.664.75"
80.83.234.1 - - [20/Jan/2021:14:54:30 +0300] "GET /Soap/440 HTTP/1.1" 200 39650 "https://zen.yandex.ru/media/blackmariakino/ochen-strashnye-serialy-10-maloizvestnyh-proektov-5f991a84baf78e79e7fee094" "Mozilla/5.0 (Windows NT 6.1; Win64; x64) AppleWebKit/537.36 (KHTML, like Gecko) Chrome/86.0.4240.198 YaBrowser/20.11.3.183 Yowser/2.5 Safari/537.36"
5.45.207.175 - - [20/Jan/2021:14:54:34 +0300] "GET /Soap/1059 HTTP/1.1" 200 37407 "-" "Mozilla/5.0 (compatible; YandexBot/3.0; +http://yandex.com/bots)"
80.83.234.1 - - [20/Jan/2021:14:54:37 +0300] "GET /Info/API?action=check_user_access&content_id=449 HTTP/1.1" 200 180 "https://chillvision.ru/" "Mozilla/5.0 (Windows NT 6.1; Win64; x64) AppleWebKit/537.36 (KHTML, like Gecko) Chrome/86.0.4240.198 YaBrowser/20.11.3.183 Yowser/2.5 Safari/537.36"
13.66.139.163 - - [20/Jan/2021:14:54:37 +0300] "GET /media/media_content_frame/464/5ce8ebe936b049c98400b69fff8d0e32.SF_1.jpg HTTP/1.1" 302 384 "-" "Mozilla/5.0 (compatible; bingbot/2.0; +http://www.bing.com/bingbot.htm)"
13.66.139.163 - - [20/Jan/2021:14:54:38 +0300] "GET /MediaAPI/ImageFly/get_image?rqi=media_content_frame/464/5ce8ebe936b049c98400b69fff8d0e32.SF_1.jpg HTTP/1.1" 301 0 "-" "Mozilla/5.0 (compatible; bingbot/2.0; +http://www.bing.com/bingbot.htm)"
46.200.10.64 - - [20/Jan/2021:14:54:44 +0300] "GET /Info/API?action=player_id&vil%5B%5D=5f292691ef3db5124443566d HTTP/1.1" 200 148 "https://chillvision.ru/" "Mozilla/5.0 (Windows NT 10.0; Win64; x64) AppleWebKit/537.36 (KHTML, like Gecko) Chrome/87.0.4280.141 Safari/537.36 Edg/87.0.664.75"
46.200.10.64 - - [20/Jan/2021:14:54:47 +0300] "GET /manifest.webmanifest HTTP/1.1" 200 569 "https://chillvision.ru/" "Mozilla/5.0 (Windows NT 10.0; Win64; x64) AppleWebKit/537.36 (KHTML, like Gecko) Chrome/87.0.4280.141 Safari/537.36 Edg/87.0.664.75"
46.200.10.64 - - [20/Jan/2021:14:54:55 +0300] "GET /Soap/1014 HTTP/1.1" 200 34086 "https://chillvision.ru/" "Mozilla/5.0 (Windows NT 10.0; Win64; x64) AppleWebKit/537.36 (KHTML, like Gecko) Chrome/87.0.4280.141 Safari/537.36 Edg/87.0.664.75"
80.83.234.1 - - [20/Jan/2021:14:54:56 +0300] "GET /manifest.webmanifest HTTP/1.1" 200 569 "https://chillvision.ru/" "Mozilla/5.0 (Windows NT 6.1; Win64; x64) AppleWebKit/537.36 (KHTML, like Gecko) Chrome/86.0.4240.198 YaBrowser/20.11.3.183 Yowser/2.5 Safari/537.36"
46.200.10.64 - - [20/Jan/2021:14:54:56 +0300] "GET /Info/API?action=check_user_access&content_id=1016 HTTP/1.1" 200 179 "https://chillvision.ru/" "Mozilla/5.0 (Windows NT 10.0; Win64; x64) AppleWebKit/537.36 (KHTML, like Gecko) Chrome/87.0.4280.141 Safari/537.36 Edg/87.0.664.75"
46.200.10.64 - - [20/Jan/2021:14:55:11 +0300] "GET /lent_v_2/more/1?sys_render_layout=raw HTTP/1.1" 200 3826 "https://chillvision.ru/" "Mozilla/5.0 (Windows NT 10.0; Win64; x64) AppleWebKit/537.36 (KHTML, like Gecko) Chrome/87.0.4280.141 Safari/537.36 Edg/87.0.664.75"
46.200.10.64 - - [20/Jan/2021:14:55:13 +0300] "GET /Soap/2467 HTTP/1.1" 200 40457 "https://chillvision.ru/" "Mozilla/5.0 (Windows NT 10.0; Win64; x64) AppleWebKit/537.36 (KHTML, like Gecko) Chrome/87.0.4280.141 Safari/537.36 Edg/87.0.664.75"
46.200.10.64 - - [20/Jan/2021:14:55:14 +0300] "GET /Info/API?action=check_user_access&content_id=2469 HTTP/1.1" 200 181 "https://chillvision.ru/" "Mozilla/5.0 (Windows NT 10.0; Win64; x64) AppleWebKit/537.36 (KHTML, like Gecko) Chrome/87.0.4280.141 Safari/537.36 Edg/87.0.664.75"
46.200.10.64 - - [20/Jan/2021:14:55:23 +0300] "GET /Soap/2586 HTTP/1.1" 200 34483 "https://chillvision.ru/" "Mozilla/5.0 (Windows NT 10.0; Win64; x64) AppleWebKit/537.36 (KHTML, like Gecko) Chrome/87.0.4280.141 Safari/537.36 Edg/87.0.664.75"
46.200.10.64 - - [20/Jan/2021:14:55:24 +0300] "GET /Info/API?action=check_user_access&content_id=2588 HTTP/1.1" 200 182 "https://chillvision.ru/" "Mozilla/5.0 (Windows NT 10.0; Win64; x64) AppleWebKit/537.36 (KHTML, like Gecko) Chrome/87.0.4280.141 Safari/537.36 Edg/87.0.664.75"
46.200.10.64 - - [20/Jan/2021:14:55:42 +0300] "GET /Soap/2358 HTTP/1.1" 200 40960 "https://chillvision.ru/" "Mozilla/5.0 (Windows NT 10.0; Win64; x64) AppleWebKit/537.36 (KHTML, like Gecko) Chrome/87.0.4280.141 Safari/537.36 Edg/87.0.664.75"
46.200.10.64 - - [20/Jan/2021:14:55:43 +0300] "GET /Info/API?action=check_user_access&content_id=2766 HTTP/1.1" 200 181 "https://chillvision.ru/" "Mozilla/5.0 (Windows NT 10.0; Win64; x64) AppleWebKit/537.36 (KHTML, like Gecko) Chrome/87.0.4280.141 Safari/537.36 Edg/87.0.664.75"
178.173.119.50 - - [20/Jan/2021:14:55:48 +0300] "GET /Soap/1578 HTTP/1.1" 200 39354 "https://zen.yandex.ru/media/chill_online/7-krutyh-i-zreliscnyh-serialov-6001ae31d0d4386c9f5d0aad" "Mozilla/5.0 (Windows NT 6.1; WOW64) AppleWebKit/537.36 (KHTML, like Gecko) Chrome/87.0.4280.60 YaBrowser/20.12.0.966 Yowser/2.5 Safari/537.36"
178.173.119.50 - - [20/Jan/2021:14:55:51 +0300] "GET /Info/API?action=check_user_access&content_id=1584 HTTP/1.1" 200 180 "https://chillvision.ru/" "Mozilla/5.0 (Windows NT 6.1; WOW64) AppleWebKit/537.36 (KHTML, like Gecko) Chrome/87.0.4280.60 YaBrowser/20.12.0.966 Yowser/2.5 Safari/537.36"
178.173.119.50 - - [20/Jan/2021:14:55:53 +0300] "GET /manifest.webmanifest HTTP/1.1" 200 569 "https://chillvision.ru/" "Mozilla/5.0 (Windows NT 6.1; WOW64) AppleWebKit/537.36 (KHTML, like Gecko) Chrome/87.0.4280.60 YaBrowser/20.12.0.966 Yowser/2.5 Safari/537.36"
46.200.10.64 - - [20/Jan/2021:14:55:54 +0300] "GET /Soap/886 HTTP/1.1" 200 45947 "https://chillvision.ru/" "Mozilla/5.0 (Windows NT 10.0; Win64; x64) AppleWebKit/537.36 (KHTML, like Gecko) Chrome/87.0.4280.141 Safari/537.36 Edg/87.0.664.75"
46.200.10.64 - - [20/Jan/2021:14:55:54 +0300] "GET /Info/API?action=check_user_access&content_id=888 HTTP/1.1" 200 180 "https://chillvision.ru/" "Mozilla/5.0 (Windows NT 10.0; Win64; x64) AppleWebKit/537.36 (KHTML, like Gecko) Chrome/87.0.4280.141 Safari/537.36 Edg/87.0.664.75"
176.195.255.189 - - [20/Jan/2021:14:56:08 +0300] "GET /favicon.ico HTTP/1.1" 404 25163 "https://chillvision.ru/media/media_content_poster/440/47143551d10e1bb60f78d13f0b998668.SW_400H_520.jpg" "Mozilla/5.0 (Windows NT 6.1; rv:84.0) Gecko/20100101 Firefox/84.0"
185.52.29.197 - - [20/Jan/2021:14:56:20 +0300] "GET /favicon.ico HTTP/1.1" 404 25164 "https://chillvision.ru/media/media_content_poster/1059/3e01071eef813f1e173dac97b0258c77.SW_400H_520.jpg" "Mozilla/5.0 (Windows NT 10.0; Win64; x64; rv:84.0) Gecko/20100101 Firefox/84.0"
176.101.208.254 - - [20/Jan/2021:14:56:51 +0300] "GET /comments HTTP/1.1" 200 28874 "-" "Mozilla/5.0 (Linux; Android 10; SM-A315F) AppleWebKit/537.36 (KHTML, like Gecko) Chrome/87.0.4280.141 Mobile Safari/537.36"
46.200.10.64 - - [20/Jan/2021:14:57:23 +0300] "GET /Soap/886 HTTP/1.1" 200 45949 "https://chillvision.ru/" "Mozilla/5.0 (Windows NT 10.0; Win64; x64) AppleWebKit/537.36 (KHTML, like Gecko) Chrome/87.0.4280.141 Safari/537.36 Edg/87.0.664.75"
46.200.10.64 - - [20/Jan/2021:14:57:24 +0300] "GET /Info/API?action=check_user_access&content_id=888 HTTP/1.1" 200 180 "https://chillvision.ru/" "Mozilla/5.0 (Windows NT 10.0; Win64; x64) AppleWebKit/537.36 (KHTML, like Gecko) Chrome/87.0.4280.141 Safari/537.36 Edg/87.0.664.75"
46.200.10.64 - - [20/Jan/2021:14:57:30 +0300] "POST /Info/API HTTP/1.1" 200 150 "https://chillvision.ru/" "Mozilla/5.0 (Windows NT 10.0; Win64; x64) AppleWebKit/537.36 (KHTML, like Gecko) Chrome/87.0.4280.141 Safari/537.36 Edg/87.0.664.75"
217.66.157.154 - - [20/Jan/2021:14:57:35 +0300] "GET /Soap/1578 HTTP/1.1" 200 39351 "https://m.zen.yandex.ru/media/chill_online/7-krutyh-i-zreliscnyh-serialov-6001ae31d0d4386c9f5d0aad" "Mozilla/5.0 (Linux; arm_64; Android 10; JSN-L21) AppleWebKit/537.36 (KHTML, like Gecko) Chrome/86.0.4240.198 YaBrowser/20.11.5.124.00 SA/3 Mobile Safari/537.36"
217.66.157.154 - - [20/Jan/2021:14:57:36 +0300] "GET /manifest.webmanifest HTTP/1.1" 200 569 "-" "Mozilla/5.0 (Linux; arm_64; Android 10; JSN-L21) AppleWebKit/537.36 (KHTML, like Gecko) Chrome/86.0.4240.198 YaBrowser/20.11.5.124.00 SA/3 TA/7.1 Mobile Safari/537.36"
217.66.157.154 - - [20/Jan/2021:14:57:36 +0300] "GET /Info/API?action=check_user_access&content_id=1584 HTTP/1.1" 200 180 "https://chillvision.ru/" "Mozilla/5.0 (Linux; arm_64; Android 10; JSN-L21) AppleWebKit/537.36 (KHTML, like Gecko) Chrome/86.0.4240.198 YaBrowser/20.11.5.124.00 SA/3 Mobile Safari/537.36"
217.66.157.154 - - [20/Jan/2021:14:57:37 +0300] "GET /manifest.webmanifest HTTP/1.1" 200 569 "https://chillvision.ru/" "Mozilla/5.0 (Linux; arm_64; Android 10; JSN-L21) AppleWebKit/537.36 (KHTML, like Gecko) Chrome/86.0.4240.198 YaBrowser/20.11.5.124.00 SA/3 Mobile Safari/537.36"
46.200.10.64 - - [20/Jan/2021:14:57:43 +0300] "POST /Auth/API HTTP/1.1" 200 149 "https://chillvision.ru/" "Mozilla/5.0 (Windows NT 10.0; Win64; x64) AppleWebKit/537.36 (KHTML, like Gecko) Chrome/87.0.4280.141 Safari/537.36 Edg/87.0.664.75"
46.200.10.64 - - [20/Jan/2021:14:57:49 +0300] "POST /Auth/API HTTP/1.1" 200 149 "https://chillvision.ru/" "Mozilla/5.0 (Windows NT 10.0; Win64; x64) AppleWebKit/537.36 (KHTML, like Gecko) Chrome/87.0.4280.141 Safari/537.36 Edg/87.0.664.75"
5.45.207.83 - - [20/Jan/2021:14:58:39 +0300] "GET /Soap/1578 HTTP/1.1" 200 39350 "-" "Mozilla/5.0 (compatible; YandexBot/3.0; +http://yandex.com/bots)"
5.45.207.83 - - [20/Jan/2021:14:59:24 +0300] "GET /?yclid=7710547526903176844 HTTP/1.1" 301 194 "-" "Mozilla/5.0 (compatible; YandexMetrika/2.0; +http://yandex.com/bots yabs01)"
5.255.231.9 - - [20/Jan/2021:14:59:24 +0300] "GET /?yclid=7710547526903176844 HTTP/1.1" 200 25021 "-" "Mozilla/5.0 (compatible; YandexMetrika/2.0; +http://yandex.com/bots yabs01)"
178.141.216.171 - - [20/Jan/2021:14:59:37 +0300] "GET /Soap/1059 HTTP/1.1" 200 37403 "https://away.vk.com/" "Mozilla/5.0 (Windows NT 6.1; WOW64) AppleWebKit/537.36 (KHTML, like Gecko) Chrome/87.0.4280.141 Safari/537.36 OPR/73.0.3856.344"
178.141.216.171 - - [20/Jan/2021:14:59:38 +0300] "GET /Info/API?action=check_user_access&content_id=2011 HTTP/1.1" 200 181 "https://chillvision.ru/" "Mozilla/5.0 (Windows NT 6.1; WOW64) AppleWebKit/537.36 (KHTML, like Gecko) Chrome/87.0.4280.141 Safari/537.36 OPR/73.0.3856.344"
91.202.133.84 - - [20/Jan/2021:14:59:43 +0300] "GET /Soap/440 HTTP/1.1" 200 39650 "https://zen.yandex.ru/media/chill_online/7-krutyh-i-zreliscnyh-serialov-6001ae31d0d4386c9f5d0aad" "Mozilla/5.0 (Windows NT 6.1; rv:84.0) Gecko/20100101 Firefox/84.0"
91.202.133.84 - - [20/Jan/2021:14:59:45 +0300] "GET /Info/API?action=check_user_access&content_id=449 HTTP/1.1" 200 180 "https://chillvision.ru/" "Mozilla/5.0 (Windows NT 6.1; rv:84.0) Gecko/20100101 Firefox/84.0"
213.87.121.210 - - [20/Jan/2021:15:00:22 +0300] "GET /Soap/1578 HTTP/1.1" 200 39346 "-" "Mozilla/5.0 (Linux; arm_64; Android 7.0; JMM-L22) AppleWebKit/537.36 (KHTML, like Gecko) Chrome/86.0.4240.198 YaApp_Android/20.115.1 YaSearchBrowser/20.115.1 BroPP/1.0 SA/3 Mobile Safari/537.36"
213.87.121.210 - - [20/Jan/2021:15:00:23 +0300] "GET /manifest.webmanifest HTTP/1.1" 200 569 "-" "Mozilla/5.0 (Linux; arm_64; Android 7.0; JMM-L22) AppleWebKit/537.36 (KHTML, like Gecko) Chrome/86.0.4240.198 YaApp_Android/20.115.1 YaSearchBrowser/20.115.1 BroPP/1.0 SA/3 TA/7.1 Mobile Safari/537.36"
213.87.121.210 - - [20/Jan/2021:15:00:25 +0300] "GET /Info/API?action=check_user_access&content_id=1584 HTTP/1.1" 200 181 "https://chillvision.ru/" "Mozilla/5.0 (Linux; arm_64; Android 7.0; JMM-L22) AppleWebKit/537.36 (KHTML, like Gecko) Chrome/86.0.4240.198 YaApp_Android/20.115.1 YaSearchBrowser/20.115.1 BroPP/1.0 SA/3 Mobile Safari/537.36"
213.87.121.210 - - [20/Jan/2021:15:00:31 +0300] "GET /manifest.webmanifest HTTP/1.1" 200 569 "https://chillvision.ru/" "Mozilla/5.0 (Linux; arm_64; Android 7.0; JMM-L22) AppleWebKit/537.36 (KHTML, like Gecko) Chrome/86.0.4240.198 YaApp_Android/20.115.1 YaSearchBrowser/20.115.1 BroPP/1.0 SA/3 Mobile Safari/537.36"
95.82.200.224 - - [20/Jan/2021:15:00:41 +0300] "GET /Soap/440 HTTP/1.1" 200 39646 "https://zen.yandex.ru/media/chill_online/7-krutyh-i-zreliscnyh-serialov-6001ae31d0d4386c9f5d0aad" "Mozilla/5.0 (Windows NT 6.1; Win64; x64) AppleWebKit/537.36 (KHTML, like Gecko) Chrome/87.0.4280.141 Safari/537.36"
95.82.200.224 - - [20/Jan/2021:15:00:42 +0300] "GET /Info/API?action=check_user_access&content_id=449 HTTP/1.1" 200 180 "https://chillvision.ru/" "Mozilla/5.0 (Windows NT 6.1; Win64; x64) AppleWebKit/537.36 (KHTML, like Gecko) Chrome/87.0.4280.141 Safari/537.36"
95.82.200.224 - - [20/Jan/2021:15:00:43 +0300] "GET /manifest.webmanifest HTTP/1.1" 200 569 "https://chillvision.ru/" "Mozilla/5.0 (Windows NT 6.1; Win64; x64) AppleWebKit/537.36 (KHTML, like Gecko) Chrome/87.0.4280.141 Safari/537.36"
91.193.179.15 - - [20/Jan/2021:15:01:17 +0300] "GET /Soap/1578 HTTP/1.1" 200 39352 "https://yandex.ru/clck/jsredir?bu=eerq6f&from=yandex.ru%3Bsearch%2Ftouch%2F%3Bweb%3B%3B6040501&text=&etext=2202.RztTPA1nSH4m2mCZis_tJtdY3B2gD_A4g4lMSIsxw7a6PK4wvlkN502XOLJWG8UxlXj1qMzOOf5vDtKIvAxRy4Q-arP26OaUVAuCyQvpzm5yLrob3QFkLLrR5Li3v0cTrP5XrZRA2CunqoqmsJnt5G8TQJvf4V2coV8MM8Cn2NU48esFw3Oq_WYzIWeYGaIZaHRhZ3BsaXpscXBkd3BycQ.f0c24792b5977a84b4d12300a61e985f0bde320d&uuid=e617efd814ac60e68225be8dfc92e693&state=jLT9ScZ_wbo,&&cst=AiuY0DBWFJ5fN_r-AEszk3T8dN3Q0-SOfnkcqIMH4r25-bP0U8V-n2Qc1xZ7EN-tpTN3S1p0kqkhWCj_QKYO7M8uBsLFXTPWRY2dBhP3kNE_DncgVI-6Kc9k7aeF-m__KcJRzHSwz7s9ao-6p2aUa17qjELeIM1RUHtveWujVqB_EnCMm3q1oyUyKSoCXErANgCQ8to0jujwptD_idk4DBymYm3D7rwXK13MX5tZboA0mr02xMrIvMv9YyNUScwyuLLUhjmW3B-UY_gtMNwpIQDHF8-EcsjA0W0u8n5toAi5Mwrg55NraIZRX5Q_t5_sZ5axN-qCSCozr7YFmKL0--zw0OQHnAFLt26ZeJqMIVGEsvqi8e1T7AFb7ju_-6vfzBVgNZYiWvHtzhYQrRlKFmUo5CLMcU3puxe-iyVrB1flWrxzSsBmeSeIyw1V0_IwbAH3dVqhyBNEcJyNR-5a7vDSLqrsV8U5Alpsoq6NPskjDJGhDbjpbwsQRkYzt3aFyLoM8x7tU6Ds4ilHafZDOILqlxtFCVPjEw9e6Ht-GYjh479ZjnPnRooydPj6DqeazRaCASOgObKrWhwjMxJwXLBGGb37kC0FmDDIquu0xAUHJxWNp19E7V78jgFfmokMnpZLujxj-4t3nQFd74iuvfY-V1gBCo_2xQedvQJnurFpg5qSLHm4CHnQBlfK_YxR97K2aoUyOyon7NkIrtwWPmlrMCyYRZ0ER8V3BG4y0Zr10BytIVd6KM5exJYQxToQhy7tjXPJkw7IJZDE17VFO4J2vKYWrAkHSBIeTZjfXX4EZmIouo8DMuqeOfEScWBGFSWzpmly7ZBIPjX_OZPqJyLu22hrK37FL-ozC262kaQRN0mQPOHK72hctDNZjnA5fpZ5gGUs9Ak3vt11IK0jxHqjUSeSkrMEgkq1r4DhwbqMYCXPvTayzmocqEBp-k17iFmsYlWqq-ZHsk02TEcfKue70hnTSEX9nZb1BYW96tSfSw1vEFJL1pFuiy-PeRH7v-zu63NK2EiI7vbMqussLpFTDo3LCWksahvNmWIXvojT86rS0Mcw_ZKUkvgiNqnMcBQXjVnmxVED_SB8SVGgKYfkylSnl989W0nVuPRO4CPLT35Zv3HitcXVEQdtM-clu_1Cn0bMqI44yZX10Xy2Osf1c-iX4zHwJQRwU3mRgo02BosHQhiMtzh5spb70MKsym5JnnPtFSNYjswhT471Ngrv3LMvNHTugbqd23BaqKA8IDJBtV0-fXRwNJHrB9svN6c_uffIppBADIJi48wEJWjg67yHx__I170vWMXkVc-kDimK_bZv1Nl4-iC1jS1rYp4tJBK4-Jy5YPs-gCbdLzw8BEczje8KtCfjmN6yuzCZ55i7BJQ7xlPoLwW9zUMNjJMIq-8g-rGnufsUCT-dldCAj1uhpsKYDMnu4YTSO9-dDm9_jPYG27xLLTWljbkFZL-k-8IFbwccquSxAsQZmtmjwQm54t6Vaujlrqq3ud_YTUuEUiT8kQXxJYPbLfzkEn5mSx3R3SCaU8IH8urCDg,,&data=UlNrNmk5WktYejY4cHFySjRXSWhXSGoyZGRtQ09qc1ZHbExuYWFzOTYwOGxIRS1tSkRoMUNxSVBFRUFObm8yaVZtc1hnUC1rdVFMT2lReHE4MXJack96VFNvbXEzQzdKTWFUVVpYVU5TUXhPYkJQbGJhZnFqUSws&sign=33eb3e6886b549901c59055072f3e081&keyno=0&b64e=2&ref=orjY4mGPRjk5boDnW0uvlrrd71vZw9kpUUjPIVyzK_JLNjvJzYS2bm5oqeKZujLFaMBgng4tp039ZXfbnUCCTvaUb-0K3lwF_Zbsu5CvByjfoByQ9DWMMZTMfNP62ar4peQOFqtSBVN3rLrOmo8L4gtoB6DmeoOnkoaR2uDhkQUv_HQKCP08K_H1r1aemJ0gIizZvCgvyvgMqRdTixNWkPI61qnDnWR4dR9Q4UL3aLZJ00EUXCSIUXQD2dI4oZoDbEHF8yJI8BDwzq4CLg-1x1jTAkluuEyOwQOqp6wgKgWoDxUwwbT7bHDCNC4K5ZTCgN-tUJky_MwBHQ-GP-Y6HorlUPDGo654wkj23BQb0642lD-W_3i2JJs3HBn-AGcwkIisbuA3pxOGis74SE_gQQR7GAmLy6YeuxZLPt-HCgDzcxGwGYZzdYQeIHSytS1W5ZR8L3AUuqLVgh3_GT0s6A6N5KZ-_f5990Al9Rq-nBu5-49Jjb0J9kxUKM6dKN9wgrwEqOry47f4VrPBZ6xKAvdVPPJ_jNX7nEV3KJvHtWyBudnbOvgYywJBDjrOYCtvoFBcpv-k9OPg06nBoLaDV3MVlOdE20aU_k6E_UEitJlRKvJyzd30Uc3WNNog7zpcj61Kw8t6dIzvfnA17SyMvUSGsRd-vVCM44iMHcNn4s3P5hfnmgyec6zOMJ1LQ0o34S02lmidGFk7b-Se1DsnuUUBfs-ucLi_-hN802wve_VdeIsgeL_gRg2qRswvwFmgqQ7nfAY8839SvR50pKJtQFoW8dYekphWP7YY6Pr_JsXng7ZnKt0K4SNrQPze45Lgnv9LMg02Y9DTJRZ2HVNIh9ld7hIlRj5j_riVADQbRyjHiOsJx44oPXb02YVtHS5U96Ccmx1CcU2xFfKgLj__z9tLzgtXK6_ewH223uZfNxpbLPOFo3IakJSTG3B2fmgTDcpvveAXGC_ZHAhRmAjrM39Xjh7K0TTuafp6EqKi52uYMoWwcIt8a5Srxobj_t3O&l10n=ru" "Mozilla/5.0 (Linux; Android 7.0; SM-J330F Build/NRD90M; wv) AppleWebKit/537.36 (KHTML, like Gecko) Version/4.0 Chrome/62.0.3202.84 Mobile Safari/537.36 YandexSearch/6.45"
91.193.179.15 - - [20/Jan/2021:15:01:21 +0300] "GET /Info/API?action=check_user_access&content_id=1584 HTTP/1.1" 200 180 "https://chillvision.ru/" "Mozilla/5.0 (Linux; Android 7.0; SM-J330F Build/NRD90M; wv) AppleWebKit/537.36 (KHTML, like Gecko) Version/4.0 Chrome/62.0.3202.84 Mobile Safari/537.36 YandexSearch/6.45"
188.163.34.227 - - [20/Jan/2021:15:02:44 +0300] "GET /comments HTTP/1.1" 200 28870 "-" "Mozilla/5.0 (Linux; Android 10; Redmi Note 7) AppleWebKit/537.36 (KHTML, like Gecko) Chrome/88.0.4324.93 Mobile Safari/537.36"
188.163.34.227 - - [20/Jan/2021:15:02:56 +0300] "POST /Auth/API HTTP/1.1" 200 149 "https://chillvision.ru/" "Mozilla/5.0 (Linux; Android 10; Redmi Note 7) AppleWebKit/537.36 (KHTML, like Gecko) Chrome/88.0.4324.93 Mobile Safari/537.36"
188.163.34.227 - - [20/Jan/2021:15:03:03 +0300] "POST /Auth/API HTTP/1.1" 200 149 "https://chillvision.ru/" "Mozilla/5.0 (Linux; Android 10; Redmi Note 7) AppleWebKit/537.36 (KHTML, like Gecko) Chrome/88.0.4324.93 Mobile Safari/537.36"
188.163.34.227 - - [20/Jan/2021:15:03:30 +0300] "POST /Auth/API HTTP/1.1" 200 149 "https://chillvision.ru/" "Mozilla/5.0 (Linux; Android 10; Redmi Note 7) AppleWebKit/537.36 (KHTML, like Gecko) Chrome/88.0.4324.93 Mobile Safari/537.36"
188.163.34.227 - - [20/Jan/2021:15:03:34 +0300] "GET /Auth/Social_fb HTTP/1.1" 302 0 "https://chillvision.ru/" "Mozilla/5.0 (Linux; Android 10; Redmi Note 7) AppleWebKit/537.36 (KHTML, like Gecko) Chrome/88.0.4324.93 Mobile Safari/537.36"
80.83.234.166 - - [20/Jan/2021:15:03:36 +0300] "GET /Soap/1059 HTTP/1.1" 200 37409 "http://yandex.ru/searchapp?text=" "Mozilla/5.0 (Linux; arm_64; Android 10; SM-A505FN) AppleWebKit/537.36 (KHTML, like Gecko) Chrome/86.0.4240.198 YaApp_Android/20.115.0 YaSearchBrowser/20.115.0 BroPP/1.0 SA/3 Mobile Safari/537.36"
188.163.34.227 - - [20/Jan/2021:15:03:39 +0300] "GET /Auth/Social_gu HTTP/1.1" 302 0 "https://chillvision.ru/" "Mozilla/5.0 (Linux; Android 10; Redmi Note 7) AppleWebKit/537.36 (KHTML, like Gecko) Chrome/88.0.4324.93 Mobile Safari/537.36"
80.83.234.166 - - [20/Jan/2021:15:03:39 +0300] "GET /manifest.webmanifest HTTP/1.1" 200 569 "-" "Mozilla/5.0 (Linux; arm_64; Android 10; SM-A505FN) AppleWebKit/537.36 (KHTML, like Gecko) Chrome/86.0.4240.198 YaApp_Android/20.115.0 YaSearchBrowser/20.115.0 BroPP/1.0 SA/3 TA/7.1 Mobile Safari/537.36"
83.242.184.195 - - [20/Jan/2021:15:03:40 +0300] "GET / HTTP/1.1" 200 25024 "-" "Mozilla/5.0 (Macintosh; Intel Mac OS X 10_15_6) AppleWebKit/537.36 (KHTML, like Gecko) Chrome/86.0.4240.198 Safari/537.36"
83.242.184.195 - - [20/Jan/2021:15:03:40 +0300] "GET /lent_v_2/more/1?sys_render_layout=raw HTTP/1.1" 200 3828 "https://chillvision.ru/" "Mozilla/5.0 (Macintosh; Intel Mac OS X 10_15_6) AppleWebKit/537.36 (KHTML, like Gecko) Chrome/86.0.4240.198 Safari/537.36"
80.83.234.166 - - [20/Jan/2021:15:03:41 +0300] "GET /Info/API?action=check_user_access&content_id=2011 HTTP/1.1" 200 179 "https://chillvision.ru/" "Mozilla/5.0 (Linux; arm_64; Android 10; SM-A505FN) AppleWebKit/537.36 (KHTML, like Gecko) Chrome/86.0.4240.198 YaApp_Android/20.115.0 YaSearchBrowser/20.115.0 BroPP/1.0 SA/3 Mobile Safari/537.36"
188.163.34.227 - - [20/Jan/2021:15:03:43 +0300] "GET /Auth/Social_gu?state=HA-W9130V6P2NMAHYQ5EIURLB4XGCOZKDJF7TS8&code=4%2F0AY0e-g6BGrn1RJpoPKU0Pj1IaSZOBUglMY3od6gev_YcCmnFE0wmicMoBwgsdkzdHZCLLg&scope=email+profile+https%3A%2F%2Fwww.googleapis.com%2Fauth%2Fuserinfo.profile+https%3A%2F%2Fwww.googleapis.com%2Fauth%2Fuserinfo.email+openid&authuser=3&prompt=consent HTTP/1.1" 200 290 "https://accounts.google.com/" "Mozilla/5.0 (Linux; Android 10; Redmi Note 7) AppleWebKit/537.36 (KHTML, like Gecko) Chrome/88.0.4324.93 Mobile Safari/537.36"
188.163.34.227 - - [20/Jan/2021:15:03:43 +0300] "GET /comments HTTP/1.1" 200 28879 "https://chillvision.ru/" "Mozilla/5.0 (Linux; Android 10; Redmi Note 7) AppleWebKit/537.36 (KHTML, like Gecko) Chrome/88.0.4324.93 Mobile Safari/537.36"
80.83.234.166 - - [20/Jan/2021:15:03:45 +0300] "GET /manifest.webmanifest HTTP/1.1" 200 569 "https://chillvision.ru/" "Mozilla/5.0 (Linux; arm_64; Android 10; SM-A505FN) AppleWebKit/537.36 (KHTML, like Gecko) Chrome/86.0.4240.198 YaApp_Android/20.115.0 YaSearchBrowser/20.115.0 BroPP/1.0 SA/3 Mobile Safari/537.36"
178.206.139.221 - - [20/Jan/2021:15:03:51 +0300] "GET /Soap/2264 HTTP/1.1" 200 46811 "http://yandex.ru/searchapp?text=" "Mozilla/5.0 (Linux; arm; Android 10; HRY-LX1T) AppleWebKit/537.36 (KHTML, like Gecko) Chrome/86.0.4240.198 YaApp_Android/20.111.0 YaSearchBrowser/20.111.0 BroPP/1.0 SA/3 Mobile Safari/537.36"
178.206.139.221 - - [20/Jan/2021:15:03:51 +0300] "GET /manifest.webmanifest HTTP/1.1" 200 569 "-" "Mozilla/5.0 (Linux; arm; Android 10; HRY-LX1T) AppleWebKit/537.36 (KHTML, like Gecko) Chrome/86.0.4240.198 YaApp_Android/20.111.0 YaSearchBrowser/20.111.0 BroPP/1.0 SA/3 TA/7.1 Mobile Safari/537.36"
178.206.139.221 - - [20/Jan/2021:15:03:52 +0300] "GET /manifest.webmanifest HTTP/1.1" 200 569 "https://chillvision.ru/" "Mozilla/5.0 (Linux; arm; Android 10; HRY-LX1T) AppleWebKit/537.36 (KHTML, like Gecko) Chrome/86.0.4240.198 YaApp_Android/20.111.0 YaSearchBrowser/20.111.0 BroPP/1.0 SA/3 Mobile Safari/537.36"
178.206.139.221 - - [20/Jan/2021:15:03:54 +0300] "GET /Info/API?action=check_user_access&content_id=2266 HTTP/1.1" 200 180 "https://chillvision.ru/" "Mozilla/5.0 (Linux; arm; Android 10; HRY-LX1T) AppleWebKit/537.36 (KHTML, like Gecko) Chrome/86.0.4240.198 YaApp_Android/20.111.0 YaSearchBrowser/20.111.0 BroPP/1.0 SA/3 Mobile Safari/537.36"
83.242.184.195 - - [20/Jan/2021:15:03:58 +0300] "POST /Auth/API HTTP/1.1" 200 440 "https://chillvision.ru/" "Mozilla/5.0 (Macintosh; Intel Mac OS X 10_15_6) AppleWebKit/537.36 (KHTML, like Gecko) Chrome/86.0.4240.198 Safari/537.36"
83.242.184.195 - - [20/Jan/2021:15:03:58 +0300] "GET / HTTP/1.1" 200 25039 "https://chillvision.ru/" "Mozilla/5.0 (Macintosh; Intel Mac OS X 10_15_6) AppleWebKit/537.36 (KHTML, like Gecko) Chrome/86.0.4240.198 Safari/537.36"
83.242.184.195 - - [20/Jan/2021:15:03:58 +0300] "GET /lent_v_2/more/1?sys_render_layout=raw HTTP/1.1" 200 3843 "https://chillvision.ru/" "Mozilla/5.0 (Macintosh; Intel Mac OS X 10_15_6) AppleWebKit/537.36 (KHTML, like Gecko) Chrome/86.0.4240.198 Safari/537.36"
83.242.184.195 - - [20/Jan/2021:15:03:59 +0300] "GET /Profile HTTP/1.1" 200 18386 "https://chillvision.ru/" "Mozilla/5.0 (Macintosh; Intel Mac OS X 10_15_6) AppleWebKit/537.36 (KHTML, like Gecko) Chrome/86.0.4240.198 Safari/537.36"
188.163.34.227 - - [20/Jan/2021:15:04:14 +0300] "GET / HTTP/1.1" 200 25034 "https://chillvision.ru/" "Mozilla/5.0 (Linux; Android 10; Redmi Note 7) AppleWebKit/537.36 (KHTML, like Gecko) Chrome/88.0.4324.93 Mobile Safari/537.36"
45.12.223.134 - - [20/Jan/2021:15:04:14 +0300] "GET / HTTP/1.0" 301 194 "http://chillvision.ru/" "Mozilla/5.0 (Windows NT 10.0; Win64; x64) AppleWebKit/537.36 (KHTML, like Gecko) Chrome/65.0.3325.181 Safari/537.36"
45.12.223.134 - - [20/Jan/2021:15:04:15 +0300] "GET / HTTP/1.0" 200 164928 "https://chillvision.ru/" "Mozilla/5.0 (Windows NT 10.0; Win64; x64) AppleWebKit/537.36 (KHTML, like Gecko) Chrome/65.0.3325.181 Safari/537.36"
45.12.223.134 - - [20/Jan/2021:15:04:16 +0300] "POST / HTTP/1.0" 200 164928 "https://chillvision.ru/" "Mozilla/5.0 (Windows NT 10.0; Win64; x64) AppleWebKit/537.36 (KHTML, like Gecko) Chrome/65.0.3325.181 Safari/537.36"
176.101.208.254 - - [20/Jan/2021:15:04:19 +0300] "POST /ComChill/API HTTP/1.1" 200 351 "https://chillvision.ru/" "Mozilla/5.0 (Linux; Android 10; SM-A315F) AppleWebKit/537.36 (KHTML, like Gecko) Chrome/87.0.4280.141 Mobile Safari/537.36"
188.163.34.227 - - [20/Jan/2021:15:04:21 +0300] "GET /lent_v_2/more/1?sys_render_layout=raw HTTP/1.1" 200 3845 "https://chillvision.ru/" "Mozilla/5.0 (Linux; Android 10; Redmi Note 7) AppleWebKit/537.36 (KHTML, like Gecko) Chrome/88.0.4324.93 Mobile Safari/537.36"
188.163.34.227 - - [20/Jan/2021:15:04:22 +0300] "GET /Profile HTTP/1.1" 200 18390 "https://chillvision.ru/" "Mozilla/5.0 (Linux; Android 10; Redmi Note 7) AppleWebKit/537.36 (KHTML, like Gecko) Chrome/88.0.4324.93 Mobile Safari/537.36"
