95.24.21.123 - - [20/Jan/2021:10:43:54 +0300] "GET /Info/API?action=check_user_access&content_id=449 HTTP/1.1" 200 180 "https://chillvision.ru/" "Mozilla/5.0 (Windows NT 10.0; Win64; x64) AppleWebKit/537.36 (KHTML, like Gecko) Chrome/87.0.4280.88 YaBrowser/20.12.1.179 Yowser/2.5 Safari/537.36"
91.78.25.168 - - [20/Jan/2021:10:44:24 +0300] "GET /admin/CDNAPI/API?action=list&path=%2FSOAP%2F2935%2FSEASON_2936%2FSERIES_2939 HTTP/1.1" 200 1559 "https://chillvision.ru/admin/MediaContent/Index" "Mozilla/5.0 (Macintosh; Intel Mac OS X 10_15_4) AppleWebKit/537.36 (KHTML, like Gecko) Chrome/87.0.4280.141 Safari/537.36"
5.255.231.18 - - [20/Jan/2021:10:44:27 +0300] "GET /media/media_content_frame/2581/038564e5a0105cd981ecb005c519ee3f.SF_1.jpg HTTP/1.1" 302 385 "-" "Mozilla/5.0 (compatible; YandexImages/3.0; +http://yandex.com/bots)"
5.255.231.18 - - [20/Jan/2021:10:44:29 +0300] "GET /MediaAPI/ImageFly/get_image?rqi=media_content_frame/2581/038564e5a0105cd981ecb005c519ee3f.SF_1.jpg HTTP/1.1" 301 0 "-" "Mozilla/5.0 (compatible; YandexImages/3.0; +http://yandex.com/bots)"
91.78.25.168 - - [20/Jan/2021:10:44:36 +0300] "GET /admin/CDNAPI/API?action=subscribe_request&path=%2FSOAP%2F2935%2FSEASON_2936%2FSERIES_2939%2Fko_SoulDriver_Ep03_1920x1080_ProRes422HQ_30p_Stereo_15MB_1.mp4 HTTP/1.1" 200 432 "https://chillvision.ru/admin/MediaContent/Index" "Mozilla/5.0 (Macintosh; Intel Mac OS X 10_15_4) AppleWebKit/537.36 (KHTML, like Gecko) Chrome/87.0.4280.141 Safari/537.36"
40.77.167.1 - - [20/Jan/2021:10:45:02 +0300] "GET /Info/API?action=check_user_access&content_id=2508 HTTP/1.1" 200 181 "-" "Mozilla/5.0 (compatible; bingbot/2.0; +http://www.bing.com/bingbot.htm)"
95.57.103.209 - - [20/Jan/2021:10:45:50 +0300] "GET /Info/API?action=check_user_access&content_id=1763 HTTP/1.1" 200 279 "https://chillvision.ru/" "Mozilla/5.0 (Windows NT 10.0; Win64; x64) AppleWebKit/537.36 (KHTML, like Gecko) Chrome/87.0.4280.141 Safari/537.36"
95.57.103.209 - - [20/Jan/2021:10:45:50 +0300] "GET /media/media_content_poster/1763/c3d1386940f1210584f62bf4e3e639df.SW_996H_560CF_1.jpg HTTP/1.1" 302 397 "https://chillvision.ru/" "Mozilla/5.0 (Windows NT 10.0; Win64; x64) AppleWebKit/537.36 (KHTML, like Gecko) Chrome/87.0.4280.141 Safari/537.36"
95.57.103.209 - - [20/Jan/2021:10:45:51 +0300] "GET /MediaAPI/ImageFly/get_image?rqi=media_content_poster/1763/c3d1386940f1210584f62bf4e3e639df.SW_996H_560CF_1.jpg HTTP/1.1" 200 270691 "https://chillvision.ru/" "Mozilla/5.0 (Windows NT 10.0; Win64; x64) AppleWebKit/537.36 (KHTML, like Gecko) Chrome/87.0.4280.141 Safari/537.36"
95.57.103.209 - - [20/Jan/2021:10:45:55 +0300] "GET /Info/API?action=request_access&content_id=1763 HTTP/1.1" 200 624 "https://chillvision.ru/" "Mozilla/5.0 (Windows NT 10.0; Win64; x64) AppleWebKit/537.36 (KHTML, like Gecko) Chrome/87.0.4280.141 Safari/537.36"
5.255.231.18 - - [20/Jan/2021:10:46:46 +0300] "GET /Soap/440 HTTP/1.1" 200 39650 "-" "Mozilla/5.0 (compatible; YandexBot/3.0; +http://yandex.com/bots)"
92.255.236.252 - - [20/Jan/2021:10:47:57 +0300] "GET /Soap/1578 HTTP/1.1" 200 39349 "https://zen.yandex.ru/media/chill_online/7-krutyh-i-zreliscnyh-serialov-6001ae31d0d4386c9f5d0aad" "Mozilla/5.0 (Windows NT 6.1; WOW64) AppleWebKit/537.36 (KHTML, like Gecko) Chrome/87.0.4280.141 Safari/537.36"
92.255.236.252 - - [20/Jan/2021:10:48:00 +0300] "GET /Info/API?action=check_user_access&content_id=1584 HTTP/1.1" 200 181 "https://chillvision.ru/" "Mozilla/5.0 (Windows NT 6.1; WOW64) AppleWebKit/537.36 (KHTML, like Gecko) Chrome/87.0.4280.141 Safari/537.36"
92.255.236.252 - - [20/Jan/2021:10:48:05 +0300] "GET /manifest.webmanifest HTTP/1.1" 200 569 "https://chillvision.ru/" "Mozilla/5.0 (Windows NT 6.1; WOW64) AppleWebKit/537.36 (KHTML, like Gecko) Chrome/87.0.4280.141 Safari/537.36"
176.59.196.181 - - [20/Jan/2021:10:48:36 +0300] "GET /Soap/547 HTTP/1.1" 200 43001 "https://chillvision.ru/" "Mozilla/5.0 (Linux; Android 9; Redmi Note 8T) AppleWebKit/537.36 (KHTML, like Gecko) Chrome/87.0.4280.101 Mobile Safari/537.36"
176.59.196.181 - - [20/Jan/2021:10:48:43 +0300] "GET /Info/API?action=check_user_access&content_id=549 HTTP/1.1" 200 181 "https://chillvision.ru/" "Mozilla/5.0 (Linux; Android 9; Redmi Note 8T) AppleWebKit/537.36 (KHTML, like Gecko) Chrome/87.0.4280.101 Mobile Safari/537.36"
91.78.25.168 - - [20/Jan/2021:10:48:56 +0300] "GET /admin/CDNAPI/API?action=encoding_try_v2&id=6007df640e47cf321326fced HTTP/1.1" 200 243 "https://chillvision.ru/admin/MediaContent/Index" "Mozilla/5.0 (Macintosh; Intel Mac OS X 10_15_4) AppleWebKit/537.36 (KHTML, like Gecko) Chrome/87.0.4280.141 Safari/537.36"
91.78.25.168 - - [20/Jan/2021:10:48:56 +0300] "GET /admin/CDNAPI/API?action=list&path=%2FSOAP%2F2935%2FSEASON_2936%2FSERIES_2939 HTTP/1.1" 200 1723 "https://chillvision.ru/admin/MediaContent/Index" "Mozilla/5.0 (Macintosh; Intel Mac OS X 10_15_4) AppleWebKit/537.36 (KHTML, like Gecko) Chrome/87.0.4280.141 Safari/537.36"
5.255.36.44 - - [20/Jan/2021:10:50:30 +0300] "GET /page/promo-sister?utm_source=trads&utm_medium=cpm&utm_campaign=promo-sister&utm_content=trads_3642877&utm_term=trads_375478576100675659 HTTP/1.1" 200 13613 "https://3988635.trads.fun/" "Mozilla/5.0 (Linux; Android 9; Redmi Note 6 Pro Build/PKQ1.180904.001; wv) AppleWebKit/537.36 (KHTML, like Gecko) Version/4.0 Chrome/87.0.4280.141 Mobile Safari/537.36 Instagram 170.2.0.30.474 Android (28/9; 440dpi; 1080x2062; Xiaomi/xiaomi; Redmi Note 6 Pro; tulip; qcom; ru_RU; 267925737)"
66.249.76.15 - - [20/Jan/2021:10:51:02 +0300] "GET / HTTP/1.1" 301 194 "-" "Mozilla/5.0 (compatible; Googlebot/2.1; +http://www.google.com/bot.html)"
66.249.76.23 - - [20/Jan/2021:10:51:03 +0300] "GET / HTTP/1.1" 200 25022 "-" "Mozilla/5.0 (compatible; Googlebot/2.1; +http://www.google.com/bot.html)"
66.249.76.23 - - [20/Jan/2021:10:51:13 +0300] "GET /lent_v_2/more/1?sys_render_layout=raw HTTP/1.1" 200 3828 "https://chillvision.ru/" "Mozilla/5.0 AppleWebKit/537.36 (KHTML, like Gecko; compatible; Googlebot/2.1; +http://www.google.com/bot.html) Safari/537.36"
66.249.76.23 - - [20/Jan/2021:10:51:16 +0300] "GET /favicon.ico HTTP/1.1" 404 25152 "-" "Googlebot-Image/1.0"
185.3.32.187 - - [20/Jan/2021:10:51:21 +0300] "GET /Soap/1578 HTTP/1.1" 200 39352 "https://yandex.ru/" "Mozilla/5.0 (Linux; arm_64; Android 10; ELE-L29) AppleWebKit/537.36 (KHTML, like Gecko) Chrome/86.0.4240.198 YaBrowser/20.11.5.113.00 SA/3 Mobile Safari/537.36"
185.3.32.187 - - [20/Jan/2021:10:51:22 +0300] "GET /manifest.webmanifest HTTP/1.1" 200 569 "-" "Mozilla/5.0 (Linux; arm_64; Android 10; ELE-L29) AppleWebKit/537.36 (KHTML, like Gecko) Chrome/86.0.4240.198 YaBrowser/20.11.5.113.00 SA/3 TA/7.1 Mobile Safari/537.36"
185.3.32.187 - - [20/Jan/2021:10:51:22 +0300] "GET /Info/API?action=check_user_access&content_id=1584 HTTP/1.1" 200 181 "https://chillvision.ru/" "Mozilla/5.0 (Linux; arm_64; Android 10; ELE-L29) AppleWebKit/537.36 (KHTML, like Gecko) Chrome/86.0.4240.198 YaBrowser/20.11.5.113.00 SA/3 Mobile Safari/537.36"
176.101.208.254 - - [20/Jan/2021:10:51:23 +0300] "GET / HTTP/1.1" 200 25021 "-" "Mozilla/5.0 (Linux; Android 10; SAMSUNG SM-A315F) AppleWebKit/537.36 (KHTML, like Gecko) SamsungBrowser/13.0 Chrome/83.0.4103.106 Mobile Safari/537.36"
93.171.4.39 - - [20/Jan/2021:10:51:51 +0300] "GET /page/promo-sister?utm_source=trads&utm_medium=cpm&utm_campaign=promo-sister&utm_content=trads_3642877&utm_term=trads_375475201414013003 HTTP/1.1" 200 13609 "https://3988635.trads.fun/" "Mozilla/5.0 (Linux; Android 9; Redmi 7) AppleWebKit/537.36 (KHTML, like Gecko) Chrome/85.0.4183.101 Mobile Safari/537.36"
5.255.231.18 - - [20/Jan/2021:10:51:59 +0300] "GET /Soap/1578 HTTP/1.1" 200 39345 "-" "Mozilla/5.0 (compatible; YandexBot/3.0; +http://yandex.com/bots)"
213.180.203.108 - - [20/Jan/2021:10:52:02 +0300] "GET /?yclid=7710547526903176844 HTTP/1.1" 301 194 "-" "Mozilla/5.0 (compatible; YandexMetrika/2.0; +http://yandex.com/bots yabs01)"
5.255.231.18 - - [20/Jan/2021:10:52:02 +0300] "GET /?yclid=7710547526903176844 HTTP/1.1" 200 25016 "-" "Mozilla/5.0 (compatible; YandexMetrika/2.0; +http://yandex.com/bots yabs01)"
109.252.109.226 - - [20/Jan/2021:10:52:04 +0300] "GET /page/promo-sister?utm_source=trads&utm_medium=cpm&utm_campaign=promo-sister&utm_content=trads_3642877&utm_term=trads_375475201414013004 HTTP/1.1" 200 13621 "https://3988635.trads.fun/" "Mozilla/5.0 (Linux; Android 10; SM-A515F Build/QP1A.190711.020; wv) AppleWebKit/537.36 (KHTML, like Gecko) Version/4.0 Chrome/87.0.4280.141 Mobile Safari/537.36 Instagram 170.2.0.30.474 Android (29/10; 420dpi; 1080x2273; samsung; SM-A515F; a51; exynos9611; ru_RU; 267925737)"
93.171.4.39 - - [20/Jan/2021:10:52:30 +0300] "GET /page/promo-sister?utm_source=trads&utm_medium=cpm&utm_campaign=promo-sister&utm_content=trads_3642877&utm_term=trads_375475201414013005 HTTP/1.1" 200 13617 "https://3988635.trads.fun/" "Mozilla/5.0 (Linux; Android 9; Redmi 7) AppleWebKit/537.36 (KHTML, like Gecko) Chrome/85.0.4183.101 Mobile Safari/537.36"
94.232.21.223 - - [20/Jan/2021:10:53:04 +0300] "GET /Soap/440 HTTP/1.1" 200 39650 "https://yandex.ru/" "Mozilla/5.0 (Windows NT 6.1; Win64; x64) AppleWebKit/537.36 (KHTML, like Gecko) Chrome/87.0.4280.88 YaBrowser/20.12.1.179 Yowser/2.5 Safari/537.36"
94.232.21.223 - - [20/Jan/2021:10:53:06 +0300] "GET /Info/API?action=check_user_access&content_id=449 HTTP/1.1" 200 179 "https://chillvision.ru/" "Mozilla/5.0 (Windows NT 6.1; Win64; x64) AppleWebKit/537.36 (KHTML, like Gecko) Chrome/87.0.4280.88 YaBrowser/20.12.1.179 Yowser/2.5 Safari/537.36"
94.232.21.223 - - [20/Jan/2021:10:53:09 +0300] "GET /manifest.webmanifest HTTP/1.1" 200 569 "https://chillvision.ru/" "Mozilla/5.0 (Windows NT 6.1; Win64; x64) AppleWebKit/537.36 (KHTML, like Gecko) Chrome/87.0.4280.88 YaBrowser/20.12.1.179 Yowser/2.5 Safari/537.36"
46.48.219.192 - - [20/Jan/2021:10:53:15 +0300] "GET /Soap/1059 HTTP/1.1" 200 37410 "https://zen.yandex.ru/media/chill_online/7-krutyh-i-zreliscnyh-serialov-6001ae31d0d4386c9f5d0aad?&utm_campaign=dbr" "Mozilla/5.0 (Windows NT 10.0; WOW64) AppleWebKit/537.36 (KHTML, like Gecko) Chrome/87.0.4280.60 YaBrowser/20.12.0.966 Yowser/2.5 Safari/537.36"
37.112.25.70 - - [20/Jan/2021:10:53:15 +0300] "GET /?utm_source=google&utm_medium=cpc&utm_campaign=brend&utm_content={ad_id}&utm_term= HTTP/1.1" 200 25024 "https://ad.mail.ru/" "Mozilla/5.0 (Windows NT 6.1; Win64; x64; rv:84.0) Gecko/20100101 Firefox/84.0"
37.112.25.70 - - [20/Jan/2021:10:53:16 +0300] "GET /lent_v_2/more/1?sys_render_layout=raw HTTP/1.1" 200 3826 "https://chillvision.ru/" "Mozilla/5.0 (Windows NT 6.1; Win64; x64; rv:84.0) Gecko/20100101 Firefox/84.0"
46.48.219.192 - - [20/Jan/2021:10:53:16 +0300] "GET /Info/API?action=check_user_access&content_id=2011 HTTP/1.1" 200 179 "https://chillvision.ru/" "Mozilla/5.0 (Windows NT 10.0; WOW64) AppleWebKit/537.36 (KHTML, like Gecko) Chrome/87.0.4280.60 YaBrowser/20.12.0.966 Yowser/2.5 Safari/537.36"
46.48.219.192 - - [20/Jan/2021:10:53:18 +0300] "GET /manifest.webmanifest HTTP/1.1" 200 569 "https://chillvision.ru/" "Mozilla/5.0 (Windows NT 10.0; WOW64) AppleWebKit/537.36 (KHTML, like Gecko) Chrome/87.0.4280.60 YaBrowser/20.12.0.966 Yowser/2.5 Safari/537.36"
5.255.231.18 - - [20/Jan/2021:10:53:39 +0300] "GET /Soap/1059 HTTP/1.1" 200 37404 "-" "Mozilla/5.0 (compatible; YandexBot/3.0; +http://yandex.com/bots)"
91.78.25.168 - - [20/Jan/2021:10:54:40 +0300] "GET /admin/MediaContent/API?action=get&id=2939&content_type=ctSEASONSERIES HTTP/1.1" 200 1450 "https://chillvision.ru/admin/MediaContent/Index" "Mozilla/5.0 (Macintosh; Intel Mac OS X 10_15_4) AppleWebKit/537.36 (KHTML, like Gecko) Chrome/87.0.4280.141 Safari/537.36"
91.78.25.168 - - [20/Jan/2021:10:54:40 +0300] "GET /MediaAPI/ImageFly/API?action=list&context=media_content_poster&owner_id=2939 HTTP/1.1" 200 235 "https://chillvision.ru/admin/MediaContent/Index" "Mozilla/5.0 (Macintosh; Intel Mac OS X 10_15_4) AppleWebKit/537.36 (KHTML, like Gecko) Chrome/87.0.4280.141 Safari/537.36"
91.78.25.168 - - [20/Jan/2021:10:54:40 +0300] "GET /MediaAPI/ImageFly/API?action=list&context=media_content_preview&owner_id=2939 HTTP/1.1" 200 235 "https://chillvision.ru/admin/MediaContent/Index" "Mozilla/5.0 (Macintosh; Intel Mac OS X 10_15_4) AppleWebKit/537.36 (KHTML, like Gecko) Chrome/87.0.4280.141 Safari/537.36"
91.78.25.168 - - [20/Jan/2021:10:54:43 +0300] "GET /admin/CDNAPI/API?action=list&path=%2FSOAP%2F2935%2FSEASON_2936%2FSERIES_2939 HTTP/1.1" 200 2148 "https://chillvision.ru/admin/MediaContent/Index" "Mozilla/5.0 (Macintosh; Intel Mac OS X 10_15_4) AppleWebKit/537.36 (KHTML, like Gecko) Chrome/87.0.4280.141 Safari/537.36"
91.78.25.168 - - [20/Jan/2021:10:54:45 +0300] "GET /admin/CDNAPI/API?action=info&id=6007e15bef3db57f89f187a3 HTTP/1.1" 200 958 "https://chillvision.ru/admin/MediaContent/Index" "Mozilla/5.0 (Macintosh; Intel Mac OS X 10_15_4) AppleWebKit/537.36 (KHTML, like Gecko) Chrome/87.0.4280.141 Safari/537.36"
91.78.25.168 - - [20/Jan/2021:10:54:46 +0300] "GET /admin/CDNAPI/API?action=list&path=%2FSOAP%2F2935%2FSEASON_2936%2FSERIES_2939 HTTP/1.1" 200 2148 "https://chillvision.ru/admin/MediaContent/Index" "Mozilla/5.0 (Macintosh; Intel Mac OS X 10_15_4) AppleWebKit/537.36 (KHTML, like Gecko) Chrome/87.0.4280.141 Safari/537.36"
91.78.25.168 - - [20/Jan/2021:10:54:48 +0300] "GET /admin/CDNAPI/API?action=info&id=6007e0d3ef3db57f89f18792 HTTP/1.1" 200 959 "https://chillvision.ru/admin/MediaContent/Index" "Mozilla/5.0 (Macintosh; Intel Mac OS X 10_15_4) AppleWebKit/537.36 (KHTML, like Gecko) Chrome/87.0.4280.141 Safari/537.36"
91.78.25.168 - - [20/Jan/2021:10:54:49 +0300] "GET /admin/CDNAPI/API?action=list&path=%2FSOAP%2F2935%2FSEASON_2936%2FSERIES_2939 HTTP/1.1" 200 2149 "https://chillvision.ru/admin/MediaContent/Index" "Mozilla/5.0 (Macintosh; Intel Mac OS X 10_15_4) AppleWebKit/537.36 (KHTML, like Gecko) Chrome/87.0.4280.141 Safari/537.36"
91.78.25.168 - - [20/Jan/2021:10:54:51 +0300] "GET /admin/CDNAPI/API?action=info&id=6007e159ef3db57f89f187a2 HTTP/1.1" 200 960 "https://chillvision.ru/admin/MediaContent/Index" "Mozilla/5.0 (Macintosh; Intel Mac OS X 10_15_4) AppleWebKit/537.36 (KHTML, like Gecko) Chrome/87.0.4280.141 Safari/537.36"
91.78.25.168 - - [20/Jan/2021:10:55:22 +0300] "POST /admin/MediaContent/API HTTP/1.1" 200 1793 "https://chillvision.ru/admin/MediaContent/Index" "Mozilla/5.0 (Macintosh; Intel Mac OS X 10_15_4) AppleWebKit/537.36 (KHTML, like Gecko) Chrome/87.0.4280.141 Safari/537.36"
91.78.25.168 - - [20/Jan/2021:10:55:22 +0300] "GET /MediaAPI/ImageFly/API?action=list&context=media_content_poster&owner_id=2939 HTTP/1.1" 200 235 "https://chillvision.ru/admin/MediaContent/Index" "Mozilla/5.0 (Macintosh; Intel Mac OS X 10_15_4) AppleWebKit/537.36 (KHTML, like Gecko) Chrome/87.0.4280.141 Safari/537.36"
91.78.25.168 - - [20/Jan/2021:10:55:22 +0300] "GET /MediaAPI/ImageFly/API?action=list&context=media_content_preview&owner_id=2939 HTTP/1.1" 200 235 "https://chillvision.ru/admin/MediaContent/Index" "Mozilla/5.0 (Macintosh; Intel Mac OS X 10_15_4) AppleWebKit/537.36 (KHTML, like Gecko) Chrome/87.0.4280.141 Safari/537.36"
91.78.25.168 - - [20/Jan/2021:10:55:22 +0300] "POST /admin/MediaContent/API?action=list_season_series HTTP/1.1" 200 390 "https://chillvision.ru/admin/MediaContent/Index" "Mozilla/5.0 (Macintosh; Intel Mac OS X 10_15_4) AppleWebKit/537.36 (KHTML, like Gecko) Chrome/87.0.4280.141 Safari/537.36"
13.66.139.163 - - [20/Jan/2021:10:56:33 +0300] "GET /search/by_genre/30 HTTP/1.1" 200 15312 "-" "Mozilla/5.0 (compatible; bingbot/2.0; +http://www.bing.com/bingbot.htm)"
13.66.139.163 - - [20/Jan/2021:10:56:54 +0300] "GET /Soap/1123 HTTP/1.1" 200 34593 "-" "Mozilla/5.0 (compatible; bingbot/2.0; +http://www.bing.com/bingbot.htm)"
37.112.25.70 - - [20/Jan/2021:10:56:54 +0300] "GET /favicon.ico HTTP/1.1" 404 25150 "https://chillvision.ru/assets/chill/images/logo_out.jpg?v=1611129195" "Mozilla/5.0 (Windows NT 6.1; Win64; x64; rv:84.0) Gecko/20100101 Firefox/84.0"
13.66.139.163 - - [20/Jan/2021:10:56:54 +0300] "GET /Soap/1225 HTTP/1.1" 200 38418 "-" "Mozilla/5.0 (compatible; bingbot/2.0; +http://www.bing.com/bingbot.htm)"
91.78.25.168 - - [20/Jan/2021:10:57:30 +0300] "GET /admin/MediaContent/API?action=get&id=2940&content_type=ctSEASONSERIES HTTP/1.1" 200 1458 "https://chillvision.ru/admin/MediaContent/Index" "Mozilla/5.0 (Macintosh; Intel Mac OS X 10_15_4) AppleWebKit/537.36 (KHTML, like Gecko) Chrome/87.0.4280.141 Safari/537.36"
91.78.25.168 - - [20/Jan/2021:10:57:30 +0300] "GET /MediaAPI/ImageFly/API?action=list&context=media_content_poster&owner_id=2940 HTTP/1.1" 200 235 "https://chillvision.ru/admin/MediaContent/Index" "Mozilla/5.0 (Macintosh; Intel Mac OS X 10_15_4) AppleWebKit/537.36 (KHTML, like Gecko) Chrome/87.0.4280.141 Safari/537.36"
91.78.25.168 - - [20/Jan/2021:10:57:30 +0300] "GET /MediaAPI/ImageFly/API?action=list&context=media_content_preview&owner_id=2940 HTTP/1.1" 200 235 "https://chillvision.ru/admin/MediaContent/Index" "Mozilla/5.0 (Macintosh; Intel Mac OS X 10_15_4) AppleWebKit/537.36 (KHTML, like Gecko) Chrome/87.0.4280.141 Safari/537.36"
91.78.25.168 - - [20/Jan/2021:10:57:33 +0300] "GET /admin/CDNAPI/API?action=list&path=%2FSOAP%2F2935%2FSEASON_2936%2FSERIES_2940 HTTP/1.1" 200 1554 "https://chillvision.ru/admin/MediaContent/Index" "Mozilla/5.0 (Macintosh; Intel Mac OS X 10_15_4) AppleWebKit/537.36 (KHTML, like Gecko) Chrome/87.0.4280.141 Safari/537.36"
91.78.25.168 - - [20/Jan/2021:10:57:42 +0300] "GET /admin/CDNAPI/API?action=subscribe_request&path=%2FSOAP%2F2935%2FSEASON_2936%2FSERIES_2940%2Fko_SoulDriver_Ep04_1920x1080_ProRes422HQ_30p_Stereo_15MB_1.mp4 HTTP/1.1" 200 435 "https://chillvision.ru/admin/MediaContent/Index" "Mozilla/5.0 (Macintosh; Intel Mac OS X 10_15_4) AppleWebKit/537.36 (KHTML, like Gecko) Chrome/87.0.4280.141 Safari/537.36"
95.57.103.209 - - [20/Jan/2021:10:59:31 +0300] "GET /Info/API?action=check_user_access&content_id=1764 HTTP/1.1" 200 276 "https://chillvision.ru/" "Mozilla/5.0 (Windows NT 10.0; Win64; x64) AppleWebKit/537.36 (KHTML, like Gecko) Chrome/87.0.4280.141 Safari/537.36"
95.57.103.209 - - [20/Jan/2021:10:59:31 +0300] "GET /media/media_content_poster/1764/2812aeb692949a8db41ee577e64a1697.SW_996H_560CF_1.jpg HTTP/1.1" 302 397 "https://chillvision.ru/" "Mozilla/5.0 (Windows NT 10.0; Win64; x64) AppleWebKit/537.36 (KHTML, like Gecko) Chrome/87.0.4280.141 Safari/537.36"
95.57.103.209 - - [20/Jan/2021:10:59:31 +0300] "GET /MediaAPI/ImageFly/get_image?rqi=media_content_poster/1764/2812aeb692949a8db41ee577e64a1697.SW_996H_560CF_1.jpg HTTP/1.1" 200 287886 "https://chillvision.ru/" "Mozilla/5.0 (Windows NT 10.0; Win64; x64) AppleWebKit/537.36 (KHTML, like Gecko) Chrome/87.0.4280.141 Safari/537.36"
13.66.139.160 - - [20/Jan/2021:10:59:44 +0300] "GET /Soap/1748 HTTP/1.1" 200 36475 "-" "Mozilla/5.0 (compatible; bingbot/2.0; +http://www.bing.com/bingbot.htm)"
13.66.139.160 - - [20/Jan/2021:10:59:45 +0300] "GET /Soap/1758 HTTP/1.1" 200 34342 "-" "Mozilla/5.0 (compatible; bingbot/2.0; +http://www.bing.com/bingbot.htm)"
95.57.103.209 - - [20/Jan/2021:10:59:48 +0300] "GET /Info/API?action=request_access&content_id=1764 HTTP/1.1" 200 636 "https://chillvision.ru/" "Mozilla/5.0 (Windows NT 10.0; Win64; x64) AppleWebKit/537.36 (KHTML, like Gecko) Chrome/87.0.4280.141 Safari/537.36"
13.66.139.163 - - [20/Jan/2021:10:59:49 +0300] "GET /Soap/1312 HTTP/1.1" 200 37224 "-" "Mozilla/5.0 (compatible; bingbot/2.0; +http://www.bing.com/bingbot.htm)"
13.66.139.163 - - [20/Jan/2021:10:59:49 +0300] "GET /Soap/2848 HTTP/1.1" 200 29106 "-" "Mozilla/5.0 (compatible; bingbot/2.0; +http://www.bing.com/bingbot.htm)"
13.66.139.67 - - [20/Jan/2021:10:59:57 +0300] "GET /collection/360 HTTP/1.1" 200 15386 "-" "Mozilla/5.0 (compatible; bingbot/2.0; +http://www.bing.com/bingbot.htm)"
13.66.139.67 - - [20/Jan/2021:10:59:58 +0300] "GET /Soap/1439 HTTP/1.1" 200 41803 "-" "Mozilla/5.0 (compatible; bingbot/2.0; +http://www.bing.com/bingbot.htm)"
13.66.139.67 - - [20/Jan/2021:10:59:58 +0300] "GET /Soap/1059 HTTP/1.1" 200 37400 "-" "Mozilla/5.0 (compatible; bingbot/2.0; +http://www.bing.com/bingbot.htm)"
81.9.126.184 - - [20/Jan/2021:11:00:26 +0300] "GET /?utm_source=google&utm_medium=cpc&utm_campaign=brend&utm_content={ad_id}&utm_term= HTTP/1.1" 200 25019 "https://googleads.g.doubleclick.net/" "Mozilla/5.0 (Windows NT 6.1; Win64; x64) AppleWebKit/537.36 (KHTML, like Gecko) Chrome/87.0.4280.141 Safari/537.36"
91.78.25.168 - - [20/Jan/2021:11:01:51 +0300] "GET /admin/CDNAPI/API?action=encoding_try_v2&id=6007e2770e47cf321326fefc HTTP/1.1" 200 240 "https://chillvision.ru/admin/MediaContent/Index" "Mozilla/5.0 (Macintosh; Intel Mac OS X 10_15_4) AppleWebKit/537.36 (KHTML, like Gecko) Chrome/87.0.4280.141 Safari/537.36"
91.78.25.168 - - [20/Jan/2021:11:01:51 +0300] "GET /admin/CDNAPI/API?action=list&path=%2FSOAP%2F2935%2FSEASON_2936%2FSERIES_2940 HTTP/1.1" 200 1716 "https://chillvision.ru/admin/MediaContent/Index" "Mozilla/5.0 (Macintosh; Intel Mac OS X 10_15_4) AppleWebKit/537.36 (KHTML, like Gecko) Chrome/87.0.4280.141 Safari/537.36"
199.16.157.181 - - [20/Jan/2021:11:01:59 +0300] "GET /Soap/1904 HTTP/1.1" 200 37980 "-" "Twitterbot/1.0"
91.78.25.168 - - [20/Jan/2021:11:02:01 +0300] "GET /admin/CDNAPI/API?action=list&path=%2FSOAP%2F2935%2FSEASON_2936%2FSERIES_2940 HTTP/1.1" 200 1720 "https://chillvision.ru/admin/MediaContent/Index" "Mozilla/5.0 (Macintosh; Intel Mac OS X 10_15_4) AppleWebKit/537.36 (KHTML, like Gecko) Chrome/87.0.4280.141 Safari/537.36"
91.78.25.168 - - [20/Jan/2021:11:02:08 +0300] "GET /admin/MediaContent/API?action=get&id=2938&content_type=ctSEASONSERIES HTTP/1.1" 200 1797 "https://chillvision.ru/admin/MediaContent/Index" "Mozilla/5.0 (Macintosh; Intel Mac OS X 10_15_4) AppleWebKit/537.36 (KHTML, like Gecko) Chrome/87.0.4280.141 Safari/537.36"
91.78.25.168 - - [20/Jan/2021:11:02:08 +0300] "GET /MediaAPI/ImageFly/API?action=list&context=media_content_poster&owner_id=2938 HTTP/1.1" 200 233 "https://chillvision.ru/admin/MediaContent/Index" "Mozilla/5.0 (Macintosh; Intel Mac OS X 10_15_4) AppleWebKit/537.36 (KHTML, like Gecko) Chrome/87.0.4280.141 Safari/537.36"
91.78.25.168 - - [20/Jan/2021:11:02:08 +0300] "GET /MediaAPI/ImageFly/API?action=list&context=media_content_preview&owner_id=2938 HTTP/1.1" 200 233 "https://chillvision.ru/admin/MediaContent/Index" "Mozilla/5.0 (Macintosh; Intel Mac OS X 10_15_4) AppleWebKit/537.36 (KHTML, like Gecko) Chrome/87.0.4280.141 Safari/537.36"
91.78.25.168 - - [20/Jan/2021:11:02:34 +0300] "POST /admin/MediaContent/API HTTP/1.1" 200 1807 "https://chillvision.ru/admin/MediaContent/Index" "Mozilla/5.0 (Macintosh; Intel Mac OS X 10_15_4) AppleWebKit/537.36 (KHTML, like Gecko) Chrome/87.0.4280.141 Safari/537.36"
91.78.25.168 - - [20/Jan/2021:11:02:34 +0300] "GET /MediaAPI/ImageFly/API?action=list&context=media_content_poster&owner_id=2938 HTTP/1.1" 200 233 "https://chillvision.ru/admin/MediaContent/Index" "Mozilla/5.0 (Macintosh; Intel Mac OS X 10_15_4) AppleWebKit/537.36 (KHTML, like Gecko) Chrome/87.0.4280.141 Safari/537.36"
91.78.25.168 - - [20/Jan/2021:11:02:34 +0300] "GET /MediaAPI/ImageFly/API?action=list&context=media_content_preview&owner_id=2938 HTTP/1.1" 200 233 "https://chillvision.ru/admin/MediaContent/Index" "Mozilla/5.0 (Macintosh; Intel Mac OS X 10_15_4) AppleWebKit/537.36 (KHTML, like Gecko) Chrome/87.0.4280.141 Safari/537.36"
91.78.25.168 - - [20/Jan/2021:11:02:34 +0300] "POST /admin/MediaContent/API?action=list_season_series HTTP/1.1" 200 392 "https://chillvision.ru/admin/MediaContent/Index" "Mozilla/5.0 (Macintosh; Intel Mac OS X 10_15_4) AppleWebKit/537.36 (KHTML, like Gecko) Chrome/87.0.4280.141 Safari/537.36"
91.78.25.168 - - [20/Jan/2021:11:02:37 +0300] "GET /admin/MediaContent/API?action=get&id=2937&content_type=ctSEASONSERIES HTTP/1.1" 200 1806 "https://chillvision.ru/admin/MediaContent/Index" "Mozilla/5.0 (Macintosh; Intel Mac OS X 10_15_4) AppleWebKit/537.36 (KHTML, like Gecko) Chrome/87.0.4280.141 Safari/537.36"
91.78.25.168 - - [20/Jan/2021:11:02:37 +0300] "GET /MediaAPI/ImageFly/API?action=list&context=media_content_poster&owner_id=2937 HTTP/1.1" 200 233 "https://chillvision.ru/admin/MediaContent/Index" "Mozilla/5.0 (Macintosh; Intel Mac OS X 10_15_4) AppleWebKit/537.36 (KHTML, like Gecko) Chrome/87.0.4280.141 Safari/537.36"
91.78.25.168 - - [20/Jan/2021:11:02:37 +0300] "GET /MediaAPI/ImageFly/API?action=list&context=media_content_preview&owner_id=2937 HTTP/1.1" 200 233 "https://chillvision.ru/admin/MediaContent/Index" "Mozilla/5.0 (Macintosh; Intel Mac OS X 10_15_4) AppleWebKit/537.36 (KHTML, like Gecko) Chrome/87.0.4280.141 Safari/537.36"
91.78.25.168 - - [20/Jan/2021:11:02:41 +0300] "GET /admin/MediaContent/API?action=get&id=2939&content_type=ctSEASONSERIES HTTP/1.1" 200 1793 "https://chillvision.ru/admin/MediaContent/Index" "Mozilla/5.0 (Macintosh; Intel Mac OS X 10_15_4) AppleWebKit/537.36 (KHTML, like Gecko) Chrome/87.0.4280.141 Safari/537.36"
91.78.25.168 - - [20/Jan/2021:11:02:41 +0300] "GET /MediaAPI/ImageFly/API?action=list&context=media_content_poster&owner_id=2939 HTTP/1.1" 200 234 "https://chillvision.ru/admin/MediaContent/Index" "Mozilla/5.0 (Macintosh; Intel Mac OS X 10_15_4) AppleWebKit/537.36 (KHTML, like Gecko) Chrome/87.0.4280.141 Safari/537.36"
91.78.25.168 - - [20/Jan/2021:11:02:41 +0300] "GET /MediaAPI/ImageFly/API?action=list&context=media_content_preview&owner_id=2939 HTTP/1.1" 200 234 "https://chillvision.ru/admin/MediaContent/Index" "Mozilla/5.0 (Macintosh; Intel Mac OS X 10_15_4) AppleWebKit/537.36 (KHTML, like Gecko) Chrome/87.0.4280.141 Safari/537.36"
91.78.25.168 - - [20/Jan/2021:11:02:46 +0300] "GET /admin/MediaContent/API?action=get&id=2940&content_type=ctSEASONSERIES HTTP/1.1" 200 1459 "https://chillvision.ru/admin/MediaContent/Index" "Mozilla/5.0 (Macintosh; Intel Mac OS X 10_15_4) AppleWebKit/537.36 (KHTML, like Gecko) Chrome/87.0.4280.141 Safari/537.36"
91.78.25.168 - - [20/Jan/2021:11:02:46 +0300] "GET /MediaAPI/ImageFly/API?action=list&context=media_content_poster&owner_id=2940 HTTP/1.1" 200 234 "https://chillvision.ru/admin/MediaContent/Index" "Mozilla/5.0 (Macintosh; Intel Mac OS X 10_15_4) AppleWebKit/537.36 (KHTML, like Gecko) Chrome/87.0.4280.141 Safari/537.36"
91.78.25.168 - - [20/Jan/2021:11:02:46 +0300] "GET /MediaAPI/ImageFly/API?action=list&context=media_content_preview&owner_id=2940 HTTP/1.1" 200 234 "https://chillvision.ru/admin/MediaContent/Index" "Mozilla/5.0 (Macintosh; Intel Mac OS X 10_15_4) AppleWebKit/537.36 (KHTML, like Gecko) Chrome/87.0.4280.141 Safari/537.36"
91.78.25.168 - - [20/Jan/2021:11:02:48 +0300] "GET /admin/CDNAPI/API?action=list&path=%2FSOAP%2F2935%2FSEASON_2936%2FSERIES_2940 HTTP/1.1" 200 1720 "https://chillvision.ru/admin/MediaContent/Index" "Mozilla/5.0 (Macintosh; Intel Mac OS X 10_15_4) AppleWebKit/537.36 (KHTML, like Gecko) Chrome/87.0.4280.141 Safari/537.36"
46.181.19.195 - - [20/Jan/2021:11:04:16 +0300] "GET /Soap/1599 HTTP/1.1" 200 40180 "https://yandex.ru/" "Mozilla/5.0 (Windows NT 10.0; Win64; x64) AppleWebKit/537.36 (KHTML, like Gecko) Chrome/87.0.4280.141 Safari/537.36"
46.181.19.195 - - [20/Jan/2021:11:04:21 +0300] "GET /Info/API?action=check_user_access&content_id=1601 HTTP/1.1" 200 179 "https://chillvision.ru/" "Mozilla/5.0 (Windows NT 10.0; Win64; x64) AppleWebKit/537.36 (KHTML, like Gecko) Chrome/87.0.4280.141 Safari/537.36"
94.25.171.91 - - [20/Jan/2021:11:04:29 +0300] "GET /Soap/2239 HTTP/1.1" 200 39555 "-" "Mozilla/5.0 (Windows NT 10.0; Win64; x64) AppleWebKit/537.36 (KHTML, like Gecko) Chrome/87.0.4280.141 Safari/537.36"
46.181.19.195 - - [20/Jan/2021:11:04:30 +0300] "GET /manifest.webmanifest HTTP/1.1" 200 569 "https://chillvision.ru/" "Mozilla/5.0 (Windows NT 10.0; Win64; x64) AppleWebKit/537.36 (KHTML, like Gecko) Chrome/87.0.4280.141 Safari/537.36"
35.245.188.175 - - [20/Jan/2021:11:04:31 +0300] "GET / HTTP/1.1" 301 194 "-" "Mozilla/5.0 (Windows NT 6.1; WOW64; Trident/7.0; rv:11.0) like Gecko"
94.25.171.91 - - [20/Jan/2021:11:04:31 +0300] "GET /Info/API?action=check_user_access&content_id=2241 HTTP/1.1" 200 180 "https://chillvision.ru/" "Mozilla/5.0 (Windows NT 10.0; Win64; x64) AppleWebKit/537.36 (KHTML, like Gecko) Chrome/87.0.4280.141 Safari/537.36"
35.245.188.175 - - [20/Jan/2021:11:04:32 +0300] "GET / HTTP/1.1" 200 165013 "-" "Mozilla/5.0 (Windows NT 6.1; WOW64; Trident/7.0; rv:11.0) like Gecko"
94.25.171.91 - - [20/Jan/2021:11:04:33 +0300] "GET /manifest.webmanifest HTTP/1.1" 200 569 "https://chillvision.ru/" "Mozilla/5.0 (Windows NT 10.0; Win64; x64) AppleWebKit/537.36 (KHTML, like Gecko) Chrome/87.0.4280.141 Safari/537.36"
46.181.19.195 - - [20/Jan/2021:11:05:03 +0300] "GET /Info/API?action=check_user_access&content_id=1601 HTTP/1.1" 200 180 "https://chillvision.ru/" "Mozilla/5.0 (Windows NT 10.0; Win64; x64) AppleWebKit/537.36 (KHTML, like Gecko) Chrome/87.0.4280.141 Safari/537.36"
37.110.50.143 - - [20/Jan/2021:11:05:04 +0300] "GET / HTTP/1.1" 200 25031 "-" "Mozilla/5.0 (Macintosh; Intel Mac OS X 11_0_1) AppleWebKit/537.36 (KHTML, like Gecko) Chrome/87.0.4280.141 Safari/537.36"
37.110.50.143 - - [20/Jan/2021:11:05:08 +0300] "GET /admin/MediaContent/Index HTTP/1.1" 200 2894 "-" "Mozilla/5.0 (Macintosh; Intel Mac OS X 11_0_1) AppleWebKit/537.36 (KHTML, like Gecko) Chrome/87.0.4280.141 Safari/537.36"
37.110.50.143 - - [20/Jan/2021:11:05:08 +0300] "GET /Util/ComponentManager/getComponent?fqcn=desktop.mediacontent.js HTTP/1.1" 200 9506 "https://chillvision.ru/admin/MediaContent/Index" "Mozilla/5.0 (Macintosh; Intel Mac OS X 11_0_1) AppleWebKit/537.36 (KHTML, like Gecko) Chrome/87.0.4280.141 Safari/537.36"
37.110.50.143 - - [20/Jan/2021:11:05:08 +0300] "GET /Util/ComponentManager/getComponent?fqcn=inline.inline_media_ribbon_lent.js HTTP/1.1" 200 6676 "https://chillvision.ru/admin/MediaContent/Index" "Mozilla/5.0 (Macintosh; Intel Mac OS X 11_0_1) AppleWebKit/537.36 (KHTML, like Gecko) Chrome/87.0.4280.141 Safari/537.36"
37.110.50.143 - - [20/Jan/2021:11:05:08 +0300] "POST /admin/MediaContent/API?action=list HTTP/1.1" 200 6945 "https://chillvision.ru/admin/MediaContent/Index" "Mozilla/5.0 (Macintosh; Intel Mac OS X 11_0_1) AppleWebKit/537.36 (KHTML, like Gecko) Chrome/87.0.4280.141 Safari/537.36"
37.110.50.143 - - [20/Jan/2021:11:05:09 +0300] "GET /favicon.ico HTTP/1.1" 404 25171 "https://chillvision.ru/admin/MediaContent/Index" "Mozilla/5.0 (Macintosh; Intel Mac OS X 11_0_1) AppleWebKit/537.36 (KHTML, like Gecko) Chrome/87.0.4280.141 Safari/537.36"
37.110.50.143 - - [20/Jan/2021:11:05:16 +0300] "GET /admin/GenreList/Index HTTP/1.1" 200 2898 "https://chillvision.ru/admin/MediaContent/Index" "Mozilla/5.0 (Macintosh; Intel Mac OS X 11_0_1) AppleWebKit/537.36 (KHTML, like Gecko) Chrome/87.0.4280.141 Safari/537.36"
37.110.50.143 - - [20/Jan/2021:11:05:16 +0300] "GET /Util/ComponentManager/getComponent?fqcn=desktop.genre_list.js HTTP/1.1" 200 4080 "https://chillvision.ru/admin/GenreList/Index" "Mozilla/5.0 (Macintosh; Intel Mac OS X 11_0_1) AppleWebKit/537.36 (KHTML, like Gecko) Chrome/87.0.4280.141 Safari/537.36"
37.110.50.143 - - [20/Jan/2021:11:05:16 +0300] "POST /admin/GenreList/API?action=list HTTP/1.1" 200 464 "https://chillvision.ru/admin/GenreList/Index" "Mozilla/5.0 (Macintosh; Intel Mac OS X 11_0_1) AppleWebKit/537.36 (KHTML, like Gecko) Chrome/87.0.4280.141 Safari/537.36"
37.110.50.143 - - [20/Jan/2021:11:05:18 +0300] "GET /Util/ComponentManager/getComponent?fqcn=data_editor.genre.js HTTP/1.1" 200 5079 "https://chillvision.ru/admin/GenreList/Index" "Mozilla/5.0 (Macintosh; Intel Mac OS X 11_0_1) AppleWebKit/537.36 (KHTML, like Gecko) Chrome/87.0.4280.141 Safari/537.36"
37.110.50.143 - - [20/Jan/2021:11:05:18 +0300] "GET /admin/GenreList/API?action=get&id=31 HTTP/1.1" 200 404 "https://chillvision.ru/admin/GenreList/Index" "Mozilla/5.0 (Macintosh; Intel Mac OS X 11_0_1) AppleWebKit/537.36 (KHTML, like Gecko) Chrome/87.0.4280.141 Safari/537.36"
37.110.50.143 - - [20/Jan/2021:11:05:27 +0300] "GET /admin/GenreList/API?action=get&id=29 HTTP/1.1" 200 392 "https://chillvision.ru/admin/GenreList/Index" "Mozilla/5.0 (Macintosh; Intel Mac OS X 11_0_1) AppleWebKit/537.36 (KHTML, like Gecko) Chrome/87.0.4280.141 Safari/537.36"
37.110.50.143 - - [20/Jan/2021:11:05:47 +0300] "GET /admin/GenreList/API?action=get&id=31 HTTP/1.1" 200 405 "https://chillvision.ru/admin/GenreList/Index" "Mozilla/5.0 (Macintosh; Intel Mac OS X 11_0_1) AppleWebKit/537.36 (KHTML, like Gecko) Chrome/87.0.4280.141 Safari/537.36"
188.170.82.16 - - [20/Jan/2021:11:06:24 +0300] "GET /apple-touch-icon.png HTTP/1.1" 404 25144 "https://zen.yandex.ru/media/chill_online/7-krutyh-i-zreliscnyh-serialov-6001ae31d0d4386c9f5d0aad" "Mozilla/5.0 (Linux; Android 7.0; arm_64; Redmi Note 4) AppleWebKit/537.36 (KHTML, like Gecko) Chrome/83.0.4103.116 YaBrowser/20.7.4.108.00 SA/1 Mobile Safari/537.36"
188.170.82.16 - - [20/Jan/2021:11:06:24 +0300] "GET /Soap/440 HTTP/1.1" 200 39642 "https://zen.yandex.ru/media/chill_online/7-krutyh-i-zreliscnyh-serialov-6001ae31d0d4386c9f5d0aad" "Mozilla/5.0 (Linux; Android 7.0; arm_64; Redmi Note 4) AppleWebKit/537.36 (KHTML, like Gecko) Chrome/83.0.4103.116 YaBrowser/20.7.4.108.00 SA/1 Mobile Safari/537.36"
45.91.163.175 - - [20/Jan/2021:11:07:23 +0300] "GET /page/best-mistake?utm_source=vk&utm_medium=cpc&utm_campaign=best-mistake&utm_content=general HTTP/1.1" 200 13502 "-" "Mozilla/5.0 (Linux; Android 10; MAR-LX1M) AppleWebKit/537.36 (KHTML, like Gecko) Chrome/87.0.4280.141 Mobile Safari/537.36"
45.91.163.175 - - [20/Jan/2021:11:07:26 +0300] "GET /Public/API?action=collection&id=356 HTTP/1.1" 200 1956 "https://chillvision.ru/" "Mozilla/5.0 (Linux; Android 10; MAR-LX1M) AppleWebKit/537.36 (KHTML, like Gecko) Chrome/87.0.4280.141 Mobile Safari/537.36"
91.78.25.168 - - [20/Jan/2021:11:07:31 +0300] "GET /admin/MediaContent/API?action=get&id=2939&content_type=ctSEASONSERIES HTTP/1.1" 200 1794 "https://chillvision.ru/admin/MediaContent/Index" "Mozilla/5.0 (Macintosh; Intel Mac OS X 10_15_4) AppleWebKit/537.36 (KHTML, like Gecko) Chrome/87.0.4280.141 Safari/537.36"
91.78.25.168 - - [20/Jan/2021:11:07:31 +0300] "GET /MediaAPI/ImageFly/API?action=list&context=media_content_poster&owner_id=2939 HTTP/1.1" 200 235 "https://chillvision.ru/admin/MediaContent/Index" "Mozilla/5.0 (Macintosh; Intel Mac OS X 10_15_4) AppleWebKit/537.36 (KHTML, like Gecko) Chrome/87.0.4280.141 Safari/537.36"
91.78.25.168 - - [20/Jan/2021:11:07:32 +0300] "GET /MediaAPI/ImageFly/API?action=list&context=media_content_preview&owner_id=2939 HTTP/1.1" 200 234 "https://chillvision.ru/admin/MediaContent/Index" "Mozilla/5.0 (Macintosh; Intel Mac OS X 10_15_4) AppleWebKit/537.36 (KHTML, like Gecko) Chrome/87.0.4280.141 Safari/537.36"
91.78.25.168 - - [20/Jan/2021:11:07:35 +0300] "GET /admin/MediaContent/API?action=get&id=2940&content_type=ctSEASONSERIES HTTP/1.1" 200 1459 "https://chillvision.ru/admin/MediaContent/Index" "Mozilla/5.0 (Macintosh; Intel Mac OS X 10_15_4) AppleWebKit/537.36 (KHTML, like Gecko) Chrome/87.0.4280.141 Safari/537.36"
91.78.25.168 - - [20/Jan/2021:11:07:35 +0300] "GET /MediaAPI/ImageFly/API?action=list&context=media_content_poster&owner_id=2940 HTTP/1.1" 200 235 "https://chillvision.ru/admin/MediaContent/Index" "Mozilla/5.0 (Macintosh; Intel Mac OS X 10_15_4) AppleWebKit/537.36 (KHTML, like Gecko) Chrome/87.0.4280.141 Safari/537.36"
91.78.25.168 - - [20/Jan/2021:11:07:35 +0300] "GET /MediaAPI/ImageFly/API?action=list&context=media_content_preview&owner_id=2940 HTTP/1.1" 200 235 "https://chillvision.ru/admin/MediaContent/Index" "Mozilla/5.0 (Macintosh; Intel Mac OS X 10_15_4) AppleWebKit/537.36 (KHTML, like Gecko) Chrome/87.0.4280.141 Safari/537.36"
91.78.25.168 - - [20/Jan/2021:11:07:37 +0300] "GET /admin/CDNAPI/API?action=list&path=%2FSOAP%2F2935%2FSEASON_2936%2FSERIES_2940 HTTP/1.1" 200 2146 "https://chillvision.ru/admin/MediaContent/Index" "Mozilla/5.0 (Macintosh; Intel Mac OS X 10_15_4) AppleWebKit/537.36 (KHTML, like Gecko) Chrome/87.0.4280.141 Safari/537.36"
91.78.25.168 - - [20/Jan/2021:11:07:39 +0300] "GET /admin/CDNAPI/API?action=info&id=6007e4580e47cf5d81bfac08 HTTP/1.1" 200 958 "https://chillvision.ru/admin/MediaContent/Index" "Mozilla/5.0 (Macintosh; Intel Mac OS X 10_15_4) AppleWebKit/537.36 (KHTML, like Gecko) Chrome/87.0.4280.141 Safari/537.36"
91.78.25.168 - - [20/Jan/2021:11:07:41 +0300] "GET /admin/CDNAPI/API?action=list&path=%2FSOAP%2F2935%2FSEASON_2936%2FSERIES_2940 HTTP/1.1" 200 2148 "https://chillvision.ru/admin/MediaContent/Index" "Mozilla/5.0 (Macintosh; Intel Mac OS X 10_15_4) AppleWebKit/537.36 (KHTML, like Gecko) Chrome/87.0.4280.141 Safari/537.36"
91.78.25.168 - - [20/Jan/2021:11:07:43 +0300] "GET /admin/CDNAPI/API?action=info&id=6007e44f0e47cf5d81bfac00 HTTP/1.1" 200 965 "https://chillvision.ru/admin/MediaContent/Index" "Mozilla/5.0 (Macintosh; Intel Mac OS X 10_15_4) AppleWebKit/537.36 (KHTML, like Gecko) Chrome/87.0.4280.141 Safari/537.36"
91.78.25.168 - - [20/Jan/2021:11:07:44 +0300] "GET /admin/CDNAPI/API?action=list&path=%2FSOAP%2F2935%2FSEASON_2936%2FSERIES_2940 HTTP/1.1" 200 2148 "https://chillvision.ru/admin/MediaContent/Index" "Mozilla/5.0 (Macintosh; Intel Mac OS X 10_15_4) AppleWebKit/537.36 (KHTML, like Gecko) Chrome/87.0.4280.141 Safari/537.36"
91.78.25.168 - - [20/Jan/2021:11:07:47 +0300] "GET /admin/CDNAPI/API?action=info&id=6007e3d5ef3db57f89f187c2 HTTP/1.1" 200 963 "https://chillvision.ru/admin/MediaContent/Index" "Mozilla/5.0 (Macintosh; Intel Mac OS X 10_15_4) AppleWebKit/537.36 (KHTML, like Gecko) Chrome/87.0.4280.141 Safari/537.36"
13.66.139.67 - - [20/Jan/2021:11:08:28 +0300] "GET /media/media_content_frame/1262/586be1c52ea47dc099cb99ded2e78925.SF_1.jpg HTTP/1.1" 302 385 "-" "Mozilla/5.0 (compatible; bingbot/2.0; +http://www.bing.com/bingbot.htm)"
13.66.139.67 - - [20/Jan/2021:11:08:29 +0300] "GET /MediaAPI/ImageFly/get_image?rqi=media_content_frame/1262/586be1c52ea47dc099cb99ded2e78925.SF_1.jpg HTTP/1.1" 301 0 "-" "Mozilla/5.0 (compatible; bingbot/2.0; +http://www.bing.com/bingbot.htm)"
91.78.25.168 - - [20/Jan/2021:11:08:30 +0300] "POST /admin/MediaContent/API HTTP/1.1" 200 1825 "https://chillvision.ru/admin/MediaContent/Index" "Mozilla/5.0 (Macintosh; Intel Mac OS X 10_15_4) AppleWebKit/537.36 (KHTML, like Gecko) Chrome/87.0.4280.141 Safari/537.36"
91.78.25.168 - - [20/Jan/2021:11:08:30 +0300] "GET /MediaAPI/ImageFly/API?action=list&context=media_content_poster&owner_id=2940 HTTP/1.1" 200 233 "https://chillvision.ru/admin/MediaContent/Index" "Mozilla/5.0 (Macintosh; Intel Mac OS X 10_15_4) AppleWebKit/537.36 (KHTML, like Gecko) Chrome/87.0.4280.141 Safari/537.36"
91.78.25.168 - - [20/Jan/2021:11:08:30 +0300] "GET /MediaAPI/ImageFly/API?action=list&context=media_content_preview&owner_id=2940 HTTP/1.1" 200 233 "https://chillvision.ru/admin/MediaContent/Index" "Mozilla/5.0 (Macintosh; Intel Mac OS X 10_15_4) AppleWebKit/537.36 (KHTML, like Gecko) Chrome/87.0.4280.141 Safari/537.36"
91.78.25.168 - - [20/Jan/2021:11:08:30 +0300] "POST /admin/MediaContent/API?action=list_season_series HTTP/1.1" 200 391 "https://chillvision.ru/admin/MediaContent/Index" "Mozilla/5.0 (Macintosh; Intel Mac OS X 10_15_4) AppleWebKit/537.36 (KHTML, like Gecko) Chrome/87.0.4280.141 Safari/537.36"
91.78.25.168 - - [20/Jan/2021:11:08:34 +0300] "GET /admin/MediaContent/API?action=get&id=2941&content_type=ctSEASONSERIES HTTP/1.1" 200 1455 "https://chillvision.ru/admin/MediaContent/Index" "Mozilla/5.0 (Macintosh; Intel Mac OS X 10_15_4) AppleWebKit/537.36 (KHTML, like Gecko) Chrome/87.0.4280.141 Safari/537.36"
91.78.25.168 - - [20/Jan/2021:11:08:37 +0300] "GET /MediaAPI/ImageFly/API?action=list&context=media_content_poster&owner_id=2941 HTTP/1.1" 200 236 "https://chillvision.ru/admin/MediaContent/Index" "Mozilla/5.0 (Macintosh; Intel Mac OS X 10_15_4) AppleWebKit/537.36 (KHTML, like Gecko) Chrome/87.0.4280.141 Safari/537.36"
91.78.25.168 - - [20/Jan/2021:11:08:37 +0300] "GET /MediaAPI/ImageFly/API?action=list&context=media_content_preview&owner_id=2941 HTTP/1.1" 200 236 "https://chillvision.ru/admin/MediaContent/Index" "Mozilla/5.0 (Macintosh; Intel Mac OS X 10_15_4) AppleWebKit/537.36 (KHTML, like Gecko) Chrome/87.0.4280.141 Safari/537.36"
91.78.25.168 - - [20/Jan/2021:11:08:39 +0300] "GET /admin/CDNAPI/API?action=list&path=%2FSOAP%2F2935%2FSEASON_2936%2FSERIES_2941 HTTP/1.1" 200 1558 "https://chillvision.ru/admin/MediaContent/Index" "Mozilla/5.0 (Macintosh; Intel Mac OS X 10_15_4) AppleWebKit/537.36 (KHTML, like Gecko) Chrome/87.0.4280.141 Safari/537.36"
78.25.72.74 - - [20/Jan/2021:11:09:06 +0300] "GET /Soap/1578 HTTP/1.1" 200 39342 "https://zen.yandex.ru/media/chill_online/7-krutyh-i-zreliscnyh-serialov-6001ae31d0d4386c9f5d0aad" "Mozilla/5.0 (Windows NT 10.0; Win64; x64) AppleWebKit/537.36 (KHTML, like Gecko) Chrome/87.0.4280.141 Safari/537.36 OPR/73.0.3856.344"
78.25.72.74 - - [20/Jan/2021:11:09:07 +0300] "GET /Info/API?action=check_user_access&content_id=1584 HTTP/1.1" 200 181 "https://chillvision.ru/" "Mozilla/5.0 (Windows NT 10.0; Win64; x64) AppleWebKit/537.36 (KHTML, like Gecko) Chrome/87.0.4280.141 Safari/537.36 OPR/73.0.3856.344"
95.106.91.57 - - [20/Jan/2021:11:09:39 +0300] "GET /Soap/1599 HTTP/1.1" 200 40180 "https://chillvision.ru/" "Mozilla/5.0 (Windows NT 6.1; WOW64) AppleWebKit/537.36 (KHTML, like Gecko) Chrome/87.0.4280.141 Safari/537.36"
95.106.91.57 - - [20/Jan/2021:11:09:43 +0300] "GET /Info/API?action=check_user_access&content_id=1601 HTTP/1.1" 200 180 "https://chillvision.ru/" "Mozilla/5.0 (Windows NT 6.1; WOW64) AppleWebKit/537.36 (KHTML, like Gecko) Chrome/87.0.4280.141 Safari/537.36"
95.106.91.57 - - [20/Jan/2021:11:09:45 +0300] "GET /manifest.webmanifest HTTP/1.1" 200 569 "https://chillvision.ru/" "Mozilla/5.0 (Windows NT 6.1; WOW64) AppleWebKit/537.36 (KHTML, like Gecko) Chrome/87.0.4280.141 Safari/537.36"
85.26.165.204 - - [20/Jan/2021:11:12:11 +0300] "GET /page/promo-sister?utm_source=trads&utm_medium=cpm&utm_campaign=promo-sister&utm_content=trads_3642877&utm_term=trads_375478576100675661 HTTP/1.1" 200 13612 "https://3988635.trads.fun/" "Mozilla/5.0 (Linux; Android 10; MAR-LX1H Build/HUAWEIMAR-L21H; wv) AppleWebKit/537.36 (KHTML, like Gecko) Version/4.0 Chrome/87.0.4280.141 Mobile Safari/537.36 Instagram 171.0.0.29.121 Android (29/10; 480dpi; 1080x2107; HUAWEI/HONOR; MAR-LX1H; HWMAR; kirin710; ru_RU; 268773287)"
95.106.91.57 - - [20/Jan/2021:11:12:18 +0300] "GET /Soap/1599 HTTP/1.1" 200 40177 "https://chillvision.ru/" "Mozilla/5.0 (Windows NT 6.1; WOW64) AppleWebKit/537.36 (KHTML, like Gecko) Chrome/87.0.4280.141 Safari/537.36"
95.106.91.57 - - [20/Jan/2021:11:12:22 +0300] "GET /Info/API?action=check_user_access&content_id=1601 HTTP/1.1" 200 180 "https://chillvision.ru/" "Mozilla/5.0 (Windows NT 6.1; WOW64) AppleWebKit/537.36 (KHTML, like Gecko) Chrome/87.0.4280.141 Safari/537.36"
188.66.32.46 - - [20/Jan/2021:11:13:20 +0300] "GET /?utm_term=letter&utm_medium=email&utm_source=carrotquest&utm_campaign=welcome_trigger HTTP/1.1" 200 25029 "-" "Mozilla/5.0 (Linux; Android 10; RMX2020) AppleWebKit/537.36 (KHTML, like Gecko) Chrome/87.0.4280.101 Mobile Safari/537.36"
188.66.32.46 - - [20/Jan/2021:11:13:33 +0300] "GET /Soap/2239 HTTP/1.1" 200 39554 "https://chillvision.ru/" "Mozilla/5.0 (Linux; Android 10; RMX2020) AppleWebKit/537.36 (KHTML, like Gecko) Chrome/87.0.4280.101 Mobile Safari/537.36"
188.66.32.46 - - [20/Jan/2021:11:13:35 +0300] "GET /Info/API?action=check_user_access&content_id=2241 HTTP/1.1" 200 278 "https://chillvision.ru/" "Mozilla/5.0 (Linux; Android 10; RMX2020) AppleWebKit/537.36 (KHTML, like Gecko) Chrome/87.0.4280.101 Mobile Safari/537.36"
95.78.48.9 - - [20/Jan/2021:11:14:00 +0300] "GET / HTTP/1.1" 200 25024 "-" "Mozilla/5.0 (Linux; Android 11; SAMSUNG SM-G780F) AppleWebKit/537.36 (KHTML, like Gecko) SamsungBrowser/13.2 Chrome/83.0.4103.106 Mobile Safari/537.36"
95.78.48.9 - - [20/Jan/2021:11:14:04 +0300] "GET /lent_v_2/more/1?sys_render_layout=raw HTTP/1.1" 200 3829 "https://chillvision.ru/" "Mozilla/5.0 (Linux; Android 11; SAMSUNG SM-G780F) AppleWebKit/537.36 (KHTML, like Gecko) SamsungBrowser/13.2 Chrome/83.0.4103.106 Mobile Safari/537.36"
95.78.48.9 - - [20/Jan/2021:11:14:06 +0300] "GET /lent_v_2/more/2?sys_render_layout=raw HTTP/1.1" 200 3715 "https://chillvision.ru/" "Mozilla/5.0 (Linux; Android 11; SAMSUNG SM-G780F) AppleWebKit/537.36 (KHTML, like Gecko) SamsungBrowser/13.2 Chrome/83.0.4103.106 Mobile Safari/537.36"
81.24.82.92 - - [20/Jan/2021:11:14:06 +0300] "GET / HTTP/1.1" 301 194 "-" "Mozilla/5.0 (iPhone; CPU iPhone OS 13_7 like Mac OS X) AppleWebKit/605.1.15 (KHTML, like Gecko) Version/13.1.2 Mobile/15E148 Safari/604.1"
81.24.82.92 - - [20/Jan/2021:11:14:07 +0300] "GET / HTTP/1.1" 200 25017 "-" "Mozilla/5.0 (iPhone; CPU iPhone OS 13_7 like Mac OS X) AppleWebKit/605.1.15 (KHTML, like Gecko) Version/13.1.2 Mobile/15E148 Safari/604.1"
81.24.82.92 - - [20/Jan/2021:11:14:07 +0300] "GET /apple-touch-icon-120x120-precomposed.png HTTP/1.1" 404 25166 "-" "MobileSafari/604.1 CFNetwork/1128.0.1 Darwin/19.6.0"
81.24.82.92 - - [20/Jan/2021:11:14:07 +0300] "GET /apple-touch-icon-120x120.png HTTP/1.1" 404 25157 "-" "MobileSafari/604.1 CFNetwork/1128.0.1 Darwin/19.6.0"
95.78.48.9 - - [20/Jan/2021:11:14:08 +0300] "GET /Soap/2297 HTTP/1.1" 200 39345 "https://chillvision.ru/" "Mozilla/5.0 (Linux; Android 11; SAMSUNG SM-G780F) AppleWebKit/537.36 (KHTML, like Gecko) SamsungBrowser/13.2 Chrome/83.0.4103.106 Mobile Safari/537.36"
95.78.48.9 - - [20/Jan/2021:11:14:09 +0300] "GET /Info/API?action=check_user_access&content_id=2299 HTTP/1.1" 200 181 "https://chillvision.ru/" "Mozilla/5.0 (Linux; Android 11; SAMSUNG SM-G780F) AppleWebKit/537.36 (KHTML, like Gecko) SamsungBrowser/13.2 Chrome/83.0.4103.106 Mobile Safari/537.36"
95.37.140.34 - - [20/Jan/2021:11:15:29 +0300] "GET / HTTP/1.1" 200 25020 "-" "Mozilla/5.0 (Macintosh; Intel Mac OS X 10_13_6) AppleWebKit/605.1.15 (KHTML, like Gecko)"
95.37.140.34 - - [20/Jan/2021:11:15:29 +0300] "GET / HTTP/1.1" 200 25019 "-" "Mozilla/5.0 (iPhone; CPU iPhone OS 13_1_3 like Mac OS X) AppleWebKit/605.1.15 (KHTML, like Gecko) Version/13.0.1 Mobile/15E148 Safari/604.1"
95.78.48.9 - - [20/Jan/2021:11:15:55 +0300] "POST /Info/API HTTP/1.1" 200 150 "https://chillvision.ru/" "Mozilla/5.0 (Linux; Android 11; SAMSUNG SM-G780F) AppleWebKit/537.36 (KHTML, like Gecko) SamsungBrowser/13.2 Chrome/83.0.4103.106 Mobile Safari/537.36"
95.78.48.9 - - [20/Jan/2021:11:15:57 +0300] "GET /Auth/Social_gu HTTP/1.1" 302 0 "https://chillvision.ru/" "Mozilla/5.0 (Linux; Android 11; SAMSUNG SM-G780F) AppleWebKit/537.36 (KHTML, like Gecko) SamsungBrowser/13.2 Chrome/83.0.4103.106 Mobile Safari/537.36"
95.78.48.9 - - [20/Jan/2021:11:16:00 +0300] "GET /Auth/Social_gu?state=HA-D6SULG1QMBCVA0KWT7RXN2HF43Z5I8J9PYOE&code=4%2F0AY0e-g4qxmLGdByzssfscq08W6ocgMpiDT2BXJUTxznbySOkmjDNO_LDzwAKp_37BUspzg&scope=email+profile+https%3A%2F%2Fwww.googleapis.com%2Fauth%2Fuserinfo.profile+https%3A%2F%2Fwww.googleapis.com%2Fauth%2Fuserinfo.email+openid&authuser=1&prompt=consent HTTP/1.1" 200 290 "https://accounts.google.com/o/oauth2/auth/oauthchooseaccount?response_type=code&client_id=1039689109070-mj5hp4bq6hnql4800lnb4a6dhlak5rh4.apps.googleusercontent.com&redirect_uri=https%3A%2F%2Fchillvision.ru%2FAuth%2FSocial_gu&scope=https%3A%2F%2Fwww.googleapis.com%2Fauth%2Fuserinfo.profile%20%20https%3A%2F%2Fwww.googleapis.com%2Fauth%2Fuserinfo.email&access_type=offline&approval_prompt=force&state=HA-D6SULG1QMBCVA0KWT7RXN2HF43Z5I8J9PYOE&flowName=GeneralOAuthFlow" "Mozilla/5.0 (Linux; Android 11; SAMSUNG SM-G780F) AppleWebKit/537.36 (KHTML, like Gecko) SamsungBrowser/13.2 Chrome/83.0.4103.106 Mobile Safari/537.36"
95.78.48.9 - - [20/Jan/2021:11:16:01 +0300] "GET /Soap/2297 HTTP/1.1" 200 39347 "https://chillvision.ru/" "Mozilla/5.0 (Linux; Android 11; SAMSUNG SM-G780F) AppleWebKit/537.36 (KHTML, like Gecko) SamsungBrowser/13.2 Chrome/83.0.4103.106 Mobile Safari/537.36"
95.78.48.9 - - [20/Jan/2021:11:16:01 +0300] "GET /Info/API?action=check_user_access&content_id=2299 HTTP/1.1" 200 277 "https://chillvision.ru/" "Mozilla/5.0 (Linux; Android 11; SAMSUNG SM-G780F) AppleWebKit/537.36 (KHTML, like Gecko) SamsungBrowser/13.2 Chrome/83.0.4103.106 Mobile Safari/537.36"
95.78.48.9 - - [20/Jan/2021:11:16:02 +0300] "GET /Info/API?action=check_user_access&content_id=2299 HTTP/1.1" 200 278 "https://chillvision.ru/" "Mozilla/5.0 (Linux; Android 11; SAMSUNG SM-G780F) AppleWebKit/537.36 (KHTML, like Gecko) SamsungBrowser/13.2 Chrome/83.0.4103.106 Mobile Safari/537.36"
95.78.48.9 - - [20/Jan/2021:11:16:08 +0300] "POST /Info/API HTTP/1.1" 200 218 "https://chillvision.ru/" "Mozilla/5.0 (Linux; Android 11; SAMSUNG SM-G780F) AppleWebKit/537.36 (KHTML, like Gecko) SamsungBrowser/13.2 Chrome/83.0.4103.106 Mobile Safari/537.36"
185.3.32.187 - - [20/Jan/2021:11:17:31 +0300] "GET / HTTP/1.1" 200 25016 "https://yandex.ru/" "Mozilla/5.0 (Windows NT 10.0; Win64; x64) AppleWebKit/537.36 (KHTML, like Gecko) Chrome/87.0.4280.141 Safari/537.36"
185.3.32.187 - - [20/Jan/2021:11:17:36 +0300] "GET /manifest.webmanifest HTTP/1.1" 200 569 "https://chillvision.ru/" "Mozilla/5.0 (Windows NT 10.0; Win64; x64) AppleWebKit/537.36 (KHTML, like Gecko) Chrome/87.0.4280.141 Safari/537.36"
188.65.134.154 - - [20/Jan/2021:11:17:42 +0300] "GET / HTTP/1.1" 200 25014 "https://www.google.com/" "Mozilla/5.0 (Macintosh; Intel Mac OS X 10_15_7) AppleWebKit/605.1.15 (KHTML, like Gecko) Version/14.0 Safari/605.1.15"
188.65.134.154 - - [20/Jan/2021:11:17:50 +0300] "GET /lent_v_2/more/1?sys_render_layout=raw HTTP/1.1" 200 3829 "https://chillvision.ru/" "Mozilla/5.0 (Macintosh; Intel Mac OS X 10_15_7) AppleWebKit/605.1.15 (KHTML, like Gecko) Version/14.0 Safari/605.1.15"
188.65.134.154 - - [20/Jan/2021:11:17:56 +0300] "GET /Soap/2358 HTTP/1.1" 200 40949 "https://chillvision.ru/" "Mozilla/5.0 (Macintosh; Intel Mac OS X 10_15_7) AppleWebKit/605.1.15 (KHTML, like Gecko) Version/14.0 Safari/605.1.15"
188.65.134.154 - - [20/Jan/2021:11:17:56 +0300] "GET /Info/API?action=check_user_access&content_id=2766 HTTP/1.1" 200 180 "https://chillvision.ru/" "Mozilla/5.0 (Macintosh; Intel Mac OS X 10_15_7) AppleWebKit/605.1.15 (KHTML, like Gecko) Version/14.0 Safari/605.1.15"
