5.255.231.18 - - [13/Feb/2021:14:46:34 +0300] "GET /page/best-mistake HTTP/1.1" 200 13526 "-" "Mozilla/5.0 (compatible; YandexBot/3.0; +http://yandex.com/bots)"
178.67.96.171 - - [13/Feb/2021:14:46:35 +0300] "GET /collection/356 HTTP/1.1" 200 17151 "https://away.vk.com/" "Mozilla/5.0 (Windows NT 10.0; Win64; x64) AppleWebKit/537.36 (KHTML, like Gecko) Chrome/88.0.4324.150 Safari/537.36"
95.153.129.28 - - [13/Feb/2021:14:46:38 +0300] "GET /Auth/Social_fb HTTP/1.1" 302 0 "-" "Mozilla/5.0 (Linux; Android 9; Redmi 7A) AppleWebKit/537.36 (KHTML, like Gecko) Chrome/80.0.3987.99 Mobile Safari/537.36"
178.67.96.171 - - [13/Feb/2021:14:46:39 +0300] "GET /manifest.webmanifest HTTP/1.1" 200 569 "https://chillvision.ru/" "Mozilla/5.0 (Windows NT 10.0; Win64; x64) AppleWebKit/537.36 (KHTML, like Gecko) Chrome/88.0.4324.150 Safari/537.36"
188.234.20.14 - - [13/Feb/2021:14:46:42 +0300] "GET /collection/356 HTTP/1.1" 200 17144 "https://away.vk.com/" "Mozilla/5.0 (Windows NT 6.3; Win64; x64) AppleWebKit/537.36 (KHTML, like Gecko) Chrome/88.0.4324.150 Safari/537.36"
178.176.178.249 - - [13/Feb/2021:14:46:46 +0300] "GET /Public/API?action=collection&id=356 HTTP/1.1" 200 1956 "https://chillvision.ru/" "Mozilla/5.0 (Linux; arm_64; Android 6.0; M5c) AppleWebKit/537.36 (KHTML, like Gecko) Chrome/87.0.4280.141 YaApp_Android/20.122.1 YaSearchBrowser/20.122.1 BroPP/1.0 SA/3 Mobile Safari/537.36"
188.234.20.14 - - [13/Feb/2021:14:46:48 +0300] "GET /manifest.webmanifest HTTP/1.1" 200 569 "https://chillvision.ru/" "Mozilla/5.0 (Windows NT 6.3; Win64; x64) AppleWebKit/537.36 (KHTML, like Gecko) Chrome/88.0.4324.150 Safari/537.36"
188.162.48.42 - - [13/Feb/2021:14:46:56 +0300] "GET /collection/356 HTTP/1.1" 200 17153 "https://away.vk.com/" "Mozilla/5.0 (X11; Linux x86_64) AppleWebKit/537.36 (KHTML, like Gecko) Chrome/88.0.4324.150 Safari/537.36"
91.216.126.102 - - [13/Feb/2021:14:46:59 +0300] "GET /collection/356 HTTP/1.1" 200 17149 "https://away.vk.com/" "Mozilla/5.0 (Windows NT 6.1; Win64; x64; rv:85.0) Gecko/20100101 Firefox/85.0"
188.162.48.42 - - [13/Feb/2021:14:47:00 +0300] "GET /manifest.webmanifest HTTP/1.1" 200 569 "https://chillvision.ru/" "Mozilla/5.0 (X11; Linux x86_64) AppleWebKit/537.36 (KHTML, like Gecko) Chrome/88.0.4324.150 Safari/537.36"
91.216.126.102 - - [13/Feb/2021:14:47:11 +0300] "GET /Soap/1720 HTTP/1.1" 200 35297 "https://chillvision.ru/" "Mozilla/5.0 (Windows NT 6.1; Win64; x64; rv:85.0) Gecko/20100101 Firefox/85.0"
91.216.126.102 - - [13/Feb/2021:14:47:12 +0300] "GET /Info/API?action=check_user_access&content_id=1722 HTTP/1.1" 200 180 "https://chillvision.ru/" "Mozilla/5.0 (Windows NT 6.1; Win64; x64; rv:85.0) Gecko/20100101 Firefox/85.0"
95.153.129.28 - - [13/Feb/2021:14:47:13 +0300] "GET /Auth/Social_fb HTTP/1.1" 302 0 "-" "Mozilla/5.0 (Linux; Android 9; Redmi 7A) AppleWebKit/537.36 (KHTML, like Gecko) Chrome/80.0.3987.99 Mobile Safari/537.36"
82.208.101.140 - - [13/Feb/2021:14:47:15 +0300] "GET /collection/356 HTTP/1.1" 200 17155 "https://away.vk.com/" "Mozilla/5.0 (Windows NT 10.0; Win64; x64) AppleWebKit/537.36 (KHTML, like Gecko) Chrome/88.0.4324.150 Safari/537.36"
95.153.129.28 - - [13/Feb/2021:14:47:17 +0300] "GET /Auth/Social_vk HTTP/1.1" 302 0 "-" "Mozilla/5.0 (Linux; Android 9; Redmi 7A) AppleWebKit/537.36 (KHTML, like Gecko) Chrome/80.0.3987.99 Mobile Safari/537.36"
194.28.63.170 - - [13/Feb/2021:14:47:17 +0300] "GET /Soap/823 HTTP/1.1" 200 38602 "https://chillvision.ru/" "Mozilla/5.0 (Windows NT 6.1; Win64; x64) AppleWebKit/537.36 (KHTML, like Gecko) Chrome/88.0.4324.41 YaBrowser/21.2.0.1097 Yowser/2.5 Safari/537.36"
82.208.101.140 - - [13/Feb/2021:14:47:18 +0300] "GET /manifest.webmanifest HTTP/1.1" 200 569 "https://chillvision.ru/" "Mozilla/5.0 (Windows NT 10.0; Win64; x64) AppleWebKit/537.36 (KHTML, like Gecko) Chrome/88.0.4324.150 Safari/537.36"
95.153.129.28 - - [13/Feb/2021:14:47:20 +0300] "GET /Auth/Social_vk?code=98c259d70badfa4294&state=HA-6XJ5TUACOLMBNY3S9Q1VPGFDEK4H2W87RIZ0 HTTP/1.1" 200 895 "https://oauth.vk.com/authorize?response_type=code&client_id=7567371&redirect_uri=https%3A%2F%2Fchillvision.ru%2FAuth%2FSocial_vk&scope=email&state=HA-6XJ5TUACOLMBNY3S9Q1VPGFDEK4H2W87RIZ0" "Mozilla/5.0 (Linux; Android 9; Redmi 7A) AppleWebKit/537.36 (KHTML, like Gecko) Chrome/80.0.3987.99 Mobile Safari/537.36"
95.153.129.28 - - [13/Feb/2021:14:47:20 +0300] "GET /favicon.ico HTTP/1.1" 404 25246 "https://chillvision.ru/Auth/Social_vk?code=98c259d70badfa4294&state=HA-6XJ5TUACOLMBNY3S9Q1VPGFDEK4H2W87RIZ0" "Mozilla/5.0 (Linux; Android 9; Redmi 7A) AppleWebKit/537.36 (KHTML, like Gecko) Chrome/80.0.3987.99 Mobile Safari/537.36"
194.28.63.170 - - [13/Feb/2021:14:47:20 +0300] "GET /Info/API?action=check_user_access&content_id=825 HTTP/1.1" 200 181 "https://chillvision.ru/" "Mozilla/5.0 (Windows NT 6.1; Win64; x64) AppleWebKit/537.36 (KHTML, like Gecko) Chrome/88.0.4324.41 YaBrowser/21.2.0.1097 Yowser/2.5 Safari/537.36"
194.28.63.170 - - [13/Feb/2021:14:47:27 +0300] "GET /manifest.webmanifest HTTP/1.1" 200 569 "https://chillvision.ru/" "Mozilla/5.0 (Windows NT 6.1; Win64; x64) AppleWebKit/537.36 (KHTML, like Gecko) Chrome/88.0.4324.41 YaBrowser/21.2.0.1097 Yowser/2.5 Safari/537.36"
188.234.20.14 - - [13/Feb/2021:14:47:43 +0300] "GET /Soap/1870 HTTP/1.1" 200 34939 "https://chillvision.ru/" "Mozilla/5.0 (Windows NT 6.3; Win64; x64) AppleWebKit/537.36 (KHTML, like Gecko) Chrome/88.0.4324.150 Safari/537.36"
188.234.20.14 - - [13/Feb/2021:14:47:47 +0300] "GET /Info/API?action=check_user_access&content_id=1872 HTTP/1.1" 200 181 "https://chillvision.ru/" "Mozilla/5.0 (Windows NT 6.3; Win64; x64) AppleWebKit/537.36 (KHTML, like Gecko) Chrome/88.0.4324.150 Safari/537.36"
188.234.20.14 - - [13/Feb/2021:14:47:56 +0300] "GET /Soap/1720 HTTP/1.1" 200 35301 "https://chillvision.ru/" "Mozilla/5.0 (Windows NT 6.3; Win64; x64) AppleWebKit/537.36 (KHTML, like Gecko) Chrome/88.0.4324.150 Safari/537.36"
188.234.20.14 - - [13/Feb/2021:14:47:58 +0300] "GET /Info/API?action=check_user_access&content_id=1722 HTTP/1.1" 200 181 "https://chillvision.ru/" "Mozilla/5.0 (Windows NT 6.3; Win64; x64) AppleWebKit/537.36 (KHTML, like Gecko) Chrome/88.0.4324.150 Safari/537.36"
217.107.106.95 - - [13/Feb/2021:14:47:58 +0300] "GET /collection/356 HTTP/1.1" 200 17152 "https://away.vk.com/" "Mozilla/5.0 (Windows NT 10.0; WOW64) AppleWebKit/537.36 (KHTML, like Gecko) Chrome/88.0.4324.41 YaBrowser/21.2.0.1099 Yowser/2.5 Safari/537.36"
91.216.126.102 - - [13/Feb/2021:14:48:05 +0300] "GET /collection/356 HTTP/1.1" 200 17148 "https://away.vk.com/" "Mozilla/5.0 (Windows NT 6.1; Win64; x64; rv:85.0) Gecko/20100101 Firefox/85.0"
188.234.20.14 - - [13/Feb/2021:14:48:09 +0300] "GET /Soap/2027 HTTP/1.1" 200 39372 "https://chillvision.ru/" "Mozilla/5.0 (Windows NT 6.3; Win64; x64) AppleWebKit/537.36 (KHTML, like Gecko) Chrome/88.0.4324.150 Safari/537.36"
188.234.20.14 - - [13/Feb/2021:14:48:10 +0300] "GET /Info/API?action=check_user_access&content_id=2031 HTTP/1.1" 200 180 "https://chillvision.ru/" "Mozilla/5.0 (Windows NT 6.3; Win64; x64) AppleWebKit/537.36 (KHTML, like Gecko) Chrome/88.0.4324.150 Safari/537.36"
95.153.129.28 - - [13/Feb/2021:14:48:12 +0300] "GET /Auth/Social_vk?code=4bcc147746887bfb61&state=HA-6XJ5TUACOLMBNY3S9Q1VPGFDEK4H2W87RIZ0 HTTP/1.1" 200 895 "-" "Mozilla/5.0 (Linux; Android 9; Redmi 7A) AppleWebKit/537.36 (KHTML, like Gecko) Chrome/80.0.3987.99 Mobile Safari/537.36"
217.107.106.95 - - [13/Feb/2021:14:48:21 +0300] "GET /manifest.webmanifest HTTP/1.1" 200 569 "https://chillvision.ru/" "Mozilla/5.0 (Windows NT 10.0; WOW64) AppleWebKit/537.36 (KHTML, like Gecko) Chrome/88.0.4324.41 YaBrowser/21.2.0.1099 Yowser/2.5 Safari/537.36"
85.249.170.23 - - [13/Feb/2021:14:48:22 +0300] "GET /page/best-mistake?utm_source=vk&utm_medium=cpc&utm_campaign=best-mistake&utm_content=general HTTP/1.1" 301 194 "http://away.vk.com/" "Mozilla/5.0 (Linux; Android 9; ANE-LX1) AppleWebKit/537.36 (KHTML, like Gecko) Chrome/88.0.4324.152 Mobile Safari/537.36"
91.216.126.102 - - [13/Feb/2021:14:48:28 +0300] "GET /Soap/757 HTTP/1.1" 200 34740 "https://chillvision.ru/" "Mozilla/5.0 (Windows NT 6.1; Win64; x64; rv:85.0) Gecko/20100101 Firefox/85.0"
91.216.126.102 - - [13/Feb/2021:14:48:28 +0300] "GET /Info/API?action=check_user_access&content_id=760 HTTP/1.1" 200 180 "https://chillvision.ru/" "Mozilla/5.0 (Windows NT 6.1; Win64; x64; rv:85.0) Gecko/20100101 Firefox/85.0"
217.107.106.95 - - [13/Feb/2021:14:48:32 +0300] "GET /page/policy HTTP/1.1" 200 15759 "https://chillvision.ru/" "Mozilla/5.0 (Windows NT 10.0; WOW64) AppleWebKit/537.36 (KHTML, like Gecko) Chrome/88.0.4324.41 YaBrowser/21.2.0.1099 Yowser/2.5 Safari/537.36"
95.153.129.28 - - [13/Feb/2021:14:48:32 +0300] "GET /Auth/Social_gu HTTP/1.1" 302 0 "-" "Mozilla/5.0 (Linux; Android 9; Redmi 7A) AppleWebKit/537.36 (KHTML, like Gecko) Chrome/80.0.3987.99 Mobile Safari/537.36"
95.153.129.28 - - [13/Feb/2021:14:48:37 +0300] "GET /Auth/Social_gu?state=HA-WYK98U0DXN17GVT6S3QCFHEBA2RZ5OJ4MPIL&code=4%2F0AY0e-g6uFy_lWp9iv-tsULhyUGNtJkRwAevD8d_UxLR4CcauY7t2748XZswPSjRBtZo7tg&scope=email+profile+https%3A%2F%2Fwww.googleapis.com%2Fauth%2Fuserinfo.profile+https%3A%2F%2Fwww.googleapis.com%2Fauth%2Fuserinfo.email+openid&authuser=0&prompt=consent HTTP/1.1" 200 291 "https://accounts.google.com/o/oauth2/auth/oauthchooseaccount?response_type=code&client_id=1039689109070-mj5hp4bq6hnql4800lnb4a6dhlak5rh4.apps.googleusercontent.com&redirect_uri=https%3A%2F%2Fchillvision.ru%2FAuth%2FSocial_gu&scope=https%3A%2F%2Fwww.googleapis.com%2Fauth%2Fuserinfo.profile%20%20https%3A%2F%2Fwww.googleapis.com%2Fauth%2Fuserinfo.email&access_type=offline&approval_prompt=force&state=HA-WYK98U0DXN17GVT6S3QCFHEBA2RZ5OJ4MPIL&flowName=GeneralOAuthFlow" "Mozilla/5.0 (Linux; Android 9; Redmi 7A) AppleWebKit/537.36 (KHTML, like Gecko) Chrome/80.0.3987.99 Mobile Safari/537.36"
95.153.129.28 - - [13/Feb/2021:14:48:38 +0300] "GET /Info/API?action=check_user_access&content_id=528 HTTP/1.1" 200 277 "https://chillvision.ru/" "Mozilla/5.0 (Linux; Android 9; Redmi 7A) AppleWebKit/537.36 (KHTML, like Gecko) Chrome/80.0.3987.99 Mobile Safari/537.36"
95.153.129.28 - - [13/Feb/2021:14:48:38 +0300] "GET /Soap/526 HTTP/1.1" 200 43540 "https://chillvision.ru/" "Mozilla/5.0 (Linux; Android 9; Redmi 7A) AppleWebKit/537.36 (KHTML, like Gecko) Chrome/80.0.3987.99 Mobile Safari/537.36"
95.153.129.28 - - [13/Feb/2021:14:48:40 +0300] "GET /Info/API?action=check_user_access&content_id=528 HTTP/1.1" 200 278 "https://chillvision.ru/" "Mozilla/5.0 (Linux; Android 9; Redmi 7A) AppleWebKit/537.36 (KHTML, like Gecko) Chrome/80.0.3987.99 Mobile Safari/537.36"
95.153.129.28 - - [13/Feb/2021:14:48:46 +0300] "GET /Info/API?action=request_access&content_id=528 HTTP/1.1" 200 633 "https://chillvision.ru/" "Mozilla/5.0 (Linux; Android 9; Redmi 7A) AppleWebKit/537.36 (KHTML, like Gecko) Chrome/80.0.3987.99 Mobile Safari/537.36"
5.255.231.18 - - [13/Feb/2021:14:49:02 +0300] "GET /page/policy HTTP/1.1" 200 15756 "-" "Mozilla/5.0 (compatible; YandexBot/3.0; +http://yandex.com/bots)"
94.143.46.28 - - [13/Feb/2021:14:49:21 +0300] "GET /Soap/2239?utm_source=relap HTTP/1.1" 200 39551 "-" "Mozilla/5.0 (Linux; arm; Android 10; SM-J400F) AppleWebKit/537.36 (KHTML, like Gecko) Chrome/87.0.4280.141 YaApp_Android/20.123.0 YaSearchBrowser/20.123.0 BroPP/1.0 SA/3 Mobile Safari/537.36"
217.107.106.95 - - [13/Feb/2021:14:49:36 +0300] "POST /Util/Lang/API?action=post_tokens HTTP/1.1" 200 113 "https://chillvision.ru/" "Mozilla/5.0 (Windows NT 10.0; WOW64) AppleWebKit/537.36 (KHTML, like Gecko) Chrome/88.0.4324.41 YaBrowser/21.2.0.1099 Yowser/2.5 Safari/537.36"
217.107.106.95 - - [13/Feb/2021:14:49:42 +0300] "GET /collection/356 HTTP/1.1" 200 17151 "-" "Mozilla/5.0 (Windows NT 10.0; WOW64) AppleWebKit/537.36 (KHTML, like Gecko) Chrome/88.0.4324.41 YaBrowser/21.2.0.1099 Yowser/2.5 Safari/537.36"
91.212.68.230 - - [13/Feb/2021:14:50:48 +0300] "GET /Soap/806 HTTP/1.1" 200 35222 "https://chillvision.ru/" "Mozilla/5.0 (Windows NT 10.0; WOW64) AppleWebKit/537.36 (KHTML, like Gecko) Chrome/88.0.4324.41 YaBrowser/21.2.0.1099 Yowser/2.5 Safari/537.36"
91.212.68.230 - - [13/Feb/2021:14:50:49 +0300] "GET /Info/API?action=check_user_access&content_id=809 HTTP/1.1" 200 181 "https://chillvision.ru/" "Mozilla/5.0 (Windows NT 10.0; WOW64) AppleWebKit/537.36 (KHTML, like Gecko) Chrome/88.0.4324.41 YaBrowser/21.2.0.1099 Yowser/2.5 Safari/537.36"
91.212.68.230 - - [13/Feb/2021:14:51:00 +0300] "GET /collection/356 HTTP/1.1" 200 17145 "-" "Mozilla/5.0 (Windows NT 10.0; WOW64) AppleWebKit/537.36 (KHTML, like Gecko) Chrome/88.0.4324.41 YaBrowser/21.2.0.1099 Yowser/2.5 Safari/537.36"
213.180.203.10 - - [13/Feb/2021:14:51:17 +0300] "GET /Soap/806 HTTP/1.1" 200 35228 "-" "Mozilla/5.0 (compatible; YandexBot/3.0; +http://yandex.com/bots)"
5.255.231.18 - - [13/Feb/2021:14:51:47 +0300] "GET /lent_v_2/more/1?sys_render_layout=raw HTTP/1.1" 200 3829 "https://chillvision.ru/" "Mozilla/5.0 (compatible; YandexBot/3.0; +http://yandex.com/bots) AppleWebKit/537.36 (KHTML, like Gecko) Chrome/81.0.4044.268"
13.66.139.124 - - [13/Feb/2021:14:53:01 +0300] "GET /page/use_rules HTTP/1.1" 200 24609 "-" "Mozilla/5.0 (compatible; bingbot/2.0; +http://www.bing.com/bingbot.htm)"
212.3.142.233 - - [13/Feb/2021:14:54:04 +0300] "GET /collection/356 HTTP/1.1" 200 17149 "https://away.vk.com/" "Mozilla/5.0 (Windows NT 10.0; Win64; x64) AppleWebKit/537.36 (KHTML, like Gecko) Chrome/88.0.4324.150 Safari/537.36 Edg/88.0.705.68"
212.3.142.233 - - [13/Feb/2021:14:54:17 +0300] "GET /manifest.webmanifest HTTP/1.1" 200 569 "https://chillvision.ru/" "Mozilla/5.0 (Windows NT 10.0; Win64; x64) AppleWebKit/537.36 (KHTML, like Gecko) Chrome/88.0.4324.150 Safari/537.36 Edg/88.0.705.68"
212.3.142.233 - - [13/Feb/2021:14:54:22 +0300] "GET /Soap/2027 HTTP/1.1" 200 39372 "https://chillvision.ru/" "Mozilla/5.0 (Windows NT 10.0; Win64; x64) AppleWebKit/537.36 (KHTML, like Gecko) Chrome/88.0.4324.150 Safari/537.36 Edg/88.0.705.68"
212.3.142.233 - - [13/Feb/2021:14:54:24 +0300] "GET /Info/API?action=check_user_access&content_id=2031 HTTP/1.1" 200 181 "https://chillvision.ru/" "Mozilla/5.0 (Windows NT 10.0; Win64; x64) AppleWebKit/537.36 (KHTML, like Gecko) Chrome/88.0.4324.150 Safari/537.36 Edg/88.0.705.68"
212.3.142.233 - - [13/Feb/2021:14:54:35 +0300] "GET /Soap/1215 HTTP/1.1" 200 38673 "https://chillvision.ru/" "Mozilla/5.0 (Windows NT 10.0; Win64; x64) AppleWebKit/537.36 (KHTML, like Gecko) Chrome/88.0.4324.150 Safari/537.36 Edg/88.0.705.68"
5.255.231.79 - - [13/Feb/2021:14:54:36 +0300] "GET / HTTP/1.1" 301 194 "-" "Mozilla/5.0 (iPhone; CPU iPhone OS 8_1 like Mac OS X) AppleWebKit/600.1.4 (KHTML, like Gecko) Version/8.0 Mobile/12B411 Safari/600.1.4 (compatible; YandexMobileBot/3.0; +http://yandex.com/bots)"
213.180.203.41 - - [13/Feb/2021:14:54:36 +0300] "GET / HTTP/1.1" 200 25080 "-" "Mozilla/5.0 (iPhone; CPU iPhone OS 8_1 like Mac OS X) AppleWebKit/600.1.4 (KHTML, like Gecko) Version/8.0 Mobile/12B411 Safari/600.1.4 (compatible; YandexMobileBot/3.0; +http://yandex.com/bots)"
212.3.142.233 - - [13/Feb/2021:14:54:37 +0300] "GET /Info/API?action=check_user_access&content_id=1217 HTTP/1.1" 200 179 "https://chillvision.ru/" "Mozilla/5.0 (Windows NT 10.0; Win64; x64) AppleWebKit/537.36 (KHTML, like Gecko) Chrome/88.0.4324.150 Safari/537.36 Edg/88.0.705.68"
212.3.142.233 - - [13/Feb/2021:14:54:42 +0300] "GET /Soap/1126 HTTP/1.1" 200 60872 "https://chillvision.ru/" "Mozilla/5.0 (Windows NT 10.0; Win64; x64) AppleWebKit/537.36 (KHTML, like Gecko) Chrome/88.0.4324.150 Safari/537.36 Edg/88.0.705.68"
212.3.142.233 - - [13/Feb/2021:14:54:44 +0300] "GET /Info/API?action=check_user_access&content_id=1143 HTTP/1.1" 200 181 "https://chillvision.ru/" "Mozilla/5.0 (Windows NT 10.0; Win64; x64) AppleWebKit/537.36 (KHTML, like Gecko) Chrome/88.0.4324.150 Safari/537.36 Edg/88.0.705.68"
212.3.142.233 - - [13/Feb/2021:14:54:54 +0300] "GET /Soap/1599 HTTP/1.1" 200 40204 "https://chillvision.ru/" "Mozilla/5.0 (Windows NT 10.0; Win64; x64) AppleWebKit/537.36 (KHTML, like Gecko) Chrome/88.0.4324.150 Safari/537.36 Edg/88.0.705.68"
212.3.142.233 - - [13/Feb/2021:14:54:57 +0300] "GET /Info/API?action=check_user_access&content_id=1601 HTTP/1.1" 200 181 "https://chillvision.ru/" "Mozilla/5.0 (Windows NT 10.0; Win64; x64) AppleWebKit/537.36 (KHTML, like Gecko) Chrome/88.0.4324.150 Safari/537.36 Edg/88.0.705.68"
212.3.142.233 - - [13/Feb/2021:14:55:39 +0300] "GET /assets/chill/css/images/controls.png HTTP/1.1" 404 25269 "https://chillvision.ru/assets/chill/css/colorbox.css" "Mozilla/5.0 (Windows NT 10.0; Win64; x64) AppleWebKit/537.36 (KHTML, like Gecko) Chrome/88.0.4324.150 Safari/537.36 Edg/88.0.705.68"
212.3.142.233 - - [13/Feb/2021:14:55:39 +0300] "GET /assets/chill/css/images/loading_background.png HTTP/1.1" 404 25267 "https://chillvision.ru/assets/chill/css/colorbox.css" "Mozilla/5.0 (Windows NT 10.0; Win64; x64) AppleWebKit/537.36 (KHTML, like Gecko) Chrome/88.0.4324.150 Safari/537.36 Edg/88.0.705.68"
212.3.142.233 - - [13/Feb/2021:14:55:39 +0300] "GET /assets/chill/css/images/border.png HTTP/1.1" 404 25266 "https://chillvision.ru/assets/chill/css/colorbox.css" "Mozilla/5.0 (Windows NT 10.0; Win64; x64) AppleWebKit/537.36 (KHTML, like Gecko) Chrome/88.0.4324.150 Safari/537.36 Edg/88.0.705.68"
212.3.142.233 - - [13/Feb/2021:14:55:39 +0300] "GET /assets/chill/css/images/loading.gif HTTP/1.1" 404 25263 "https://chillvision.ru/assets/chill/css/colorbox.css" "Mozilla/5.0 (Windows NT 10.0; Win64; x64) AppleWebKit/537.36 (KHTML, like Gecko) Chrome/88.0.4324.150 Safari/537.36 Edg/88.0.705.68"
212.3.142.233 - - [13/Feb/2021:14:56:27 +0300] "GET /Info/API?action=check_user_access&content_id=2031 HTTP/1.1" 200 181 "https://chillvision.ru/" "Mozilla/5.0 (Windows NT 10.0; Win64; x64) AppleWebKit/537.36 (KHTML, like Gecko) Chrome/88.0.4324.150 Safari/537.36 Edg/88.0.705.68"
128.71.223.73 - - [13/Feb/2021:14:56:31 +0300] "GET /collection/356 HTTP/1.1" 200 17146 "https://away.vk.com/" "Mozilla/5.0 (Windows NT 6.1; Win64; x64) AppleWebKit/537.36 (KHTML, like Gecko) Chrome/88.0.4324.150 Safari/537.36"
128.71.223.73 - - [13/Feb/2021:14:56:38 +0300] "GET /manifest.webmanifest HTTP/1.1" 200 569 "https://chillvision.ru/" "Mozilla/5.0 (Windows NT 6.1; Win64; x64) AppleWebKit/537.36 (KHTML, like Gecko) Chrome/88.0.4324.150 Safari/537.36"
212.3.142.233 - - [13/Feb/2021:14:57:10 +0300] "POST /Auth/API HTTP/1.1" 200 441 "https://chillvision.ru/" "Mozilla/5.0 (Windows NT 10.0; Win64; x64) AppleWebKit/537.36 (KHTML, like Gecko) Chrome/88.0.4324.150 Safari/537.36 Edg/88.0.705.68"
212.3.142.233 - - [13/Feb/2021:14:57:10 +0300] "GET /Soap/2027 HTTP/1.1" 200 39379 "https://chillvision.ru/" "Mozilla/5.0 (Windows NT 10.0; Win64; x64) AppleWebKit/537.36 (KHTML, like Gecko) Chrome/88.0.4324.150 Safari/537.36 Edg/88.0.705.68"
212.3.142.233 - - [13/Feb/2021:14:57:10 +0300] "GET /Info/API?action=check_user_access&content_id=2031 HTTP/1.1" 200 279 "https://chillvision.ru/" "Mozilla/5.0 (Windows NT 10.0; Win64; x64) AppleWebKit/537.36 (KHTML, like Gecko) Chrome/88.0.4324.150 Safari/537.36 Edg/88.0.705.68"
212.3.142.233 - - [13/Feb/2021:14:57:12 +0300] "GET /Info/API?action=check_user_access&content_id=2031 HTTP/1.1" 200 278 "https://chillvision.ru/" "Mozilla/5.0 (Windows NT 10.0; Win64; x64) AppleWebKit/537.36 (KHTML, like Gecko) Chrome/88.0.4324.150 Safari/537.36 Edg/88.0.705.68"
91.212.68.230 - - [13/Feb/2021:14:57:25 +0300] "GET /Soap/1599 HTTP/1.1" 200 40201 "https://chillvision.ru/" "Mozilla/5.0 (Windows NT 10.0; WOW64) AppleWebKit/537.36 (KHTML, like Gecko) Chrome/88.0.4324.41 YaBrowser/21.2.0.1099 Yowser/2.5 Safari/537.36"
91.212.68.230 - - [13/Feb/2021:14:57:26 +0300] "GET /Info/API?action=check_user_access&content_id=1601 HTTP/1.1" 200 180 "https://chillvision.ru/" "Mozilla/5.0 (Windows NT 10.0; WOW64) AppleWebKit/537.36 (KHTML, like Gecko) Chrome/88.0.4324.41 YaBrowser/21.2.0.1099 Yowser/2.5 Safari/537.36"
212.3.142.233 - - [13/Feb/2021:14:57:32 +0300] "GET /Info/API?action=request_access&content_id=2031 HTTP/1.1" 200 636 "https://chillvision.ru/" "Mozilla/5.0 (Windows NT 10.0; Win64; x64) AppleWebKit/537.36 (KHTML, like Gecko) Chrome/88.0.4324.150 Safari/537.36 Edg/88.0.705.68"
5.255.231.18 - - [13/Feb/2021:14:57:54 +0300] "GET /Soap/1599 HTTP/1.1" 200 40201 "-" "Mozilla/5.0 (compatible; YandexBot/3.0; +http://yandex.com/bots)"
85.174.201.160 - - [13/Feb/2021:14:58:55 +0300] "GET /collection/356 HTTP/1.1" 200 17151 "https://away.vk.com/" "Mozilla/5.0 (Windows NT 6.1; Win64; x64) AppleWebKit/537.36 (KHTML, like Gecko) Chrome/88.0.4324.150 Safari/537.36"
85.174.201.160 - - [13/Feb/2021:14:59:02 +0300] "GET /manifest.webmanifest HTTP/1.1" 200 569 "https://chillvision.ru/" "Mozilla/5.0 (Windows NT 6.1; Win64; x64) AppleWebKit/537.36 (KHTML, like Gecko) Chrome/88.0.4324.150 Safari/537.36"
85.174.201.160 - - [13/Feb/2021:14:59:26 +0300] "GET /collection/356 HTTP/1.1" 200 17150 "https://away.vk.com/" "Mozilla/5.0 (Windows NT 6.1; Win64; x64) AppleWebKit/537.36 (KHTML, like Gecko) Chrome/88.0.4324.150 Safari/537.36"
176.215.104.175 - - [13/Feb/2021:15:01:31 +0300] "GET /Soap/2581?utm_source=relap HTTP/1.1" 200 32481 "-" "Mozilla/5.0 (Linux; arm_64; Android 8.1.0; DUA-L22) AppleWebKit/537.36 (KHTML, like Gecko) Chrome/87.0.4280.141 YaApp_Android/20.122.0 YaSearchBrowser/20.122.0 BroPP/1.0 SA/3 Mobile Safari/537.36"
176.215.104.175 - - [13/Feb/2021:15:01:32 +0300] "GET /manifest.webmanifest HTTP/1.1" 200 569 "-" "Mozilla/5.0 (Linux; arm_64; Android 8.1.0; DUA-L22) AppleWebKit/537.36 (KHTML, like Gecko) Chrome/87.0.4280.141 YaApp_Android/20.122.0 YaSearchBrowser/20.122.0 BroPP/1.0 SA/3 TA/7.1 Mobile Safari/537.36"
176.215.104.175 - - [13/Feb/2021:15:01:35 +0300] "GET /Info/API?action=check_user_access&content_id=2583 HTTP/1.1" 200 182 "https://chillvision.ru/" "Mozilla/5.0 (Linux; arm_64; Android 8.1.0; DUA-L22) AppleWebKit/537.36 (KHTML, like Gecko) Chrome/87.0.4280.141 YaApp_Android/20.122.0 YaSearchBrowser/20.122.0 BroPP/1.0 SA/3 Mobile Safari/537.36"
176.59.197.139 - - [13/Feb/2021:15:02:19 +0300] "GET /page/best-mistake?utm_source=vk&utm_medium=cpc&utm_campaign=best-mistake&utm_content=general HTTP/1.1" 301 194 "http://away.vk.com/" "Mozilla/5.0 (Linux; Android 9; vivo 1915) AppleWebKit/537.36 (KHTML, like Gecko) Chrome/80.0.3987.162 Mobile Safari/537.36"
176.59.197.139 - - [13/Feb/2021:15:02:20 +0300] "GET /page/best-mistake?utm_source=vk&utm_medium=cpc&utm_campaign=best-mistake&utm_content=general HTTP/1.1" 200 13527 "http://away.vk.com/" "Mozilla/5.0 (Linux; Android 9; vivo 1915) AppleWebKit/537.36 (KHTML, like Gecko) Chrome/80.0.3987.162 Mobile Safari/537.36"
176.59.197.139 - - [13/Feb/2021:15:02:22 +0300] "GET /Public/API?action=collection&id=356 HTTP/1.1" 200 1956 "https://chillvision.ru/" "Mozilla/5.0 (Linux; Android 9; vivo 1915) AppleWebKit/537.36 (KHTML, like Gecko) Chrome/80.0.3987.162 Mobile Safari/537.36"
195.58.63.21 - - [13/Feb/2021:15:02:34 +0300] "GET /page/best-mistake?utm_source=vk&utm_medium=cpc&utm_campaign=best-mistake&utm_content=general HTTP/1.1" 301 194 "http://away.vk.com/" "Mozilla/5.0 (Linux; U; Android 7.0; ru-ru; Redmi Note 4 Build/NRD90M) AppleWebKit/537.36 (KHTML, like Gecko) Version/4.0 Chrome/71.0.3578.141 Mobile Safari/537.36 XiaoMi/MiuiBrowser/12.7.5-go"
195.58.63.21 - - [13/Feb/2021:15:02:35 +0300] "GET /page/best-mistake?utm_source=vk&utm_medium=cpc&utm_campaign=best-mistake&utm_content=general HTTP/1.1" 200 13529 "http://away.vk.com/" "Mozilla/5.0 (Linux; U; Android 7.0; ru-ru; Redmi Note 4 Build/NRD90M) AppleWebKit/537.36 (KHTML, like Gecko) Version/4.0 Chrome/71.0.3578.141 Mobile Safari/537.36 XiaoMi/MiuiBrowser/12.7.5-go"
92.39.218.117 - - [13/Feb/2021:15:02:38 +0300] "GET /collection/356 HTTP/1.1" 200 17143 "https://away.vk.com/" "Mozilla/5.0 (Windows NT 6.1; Win64; x64) AppleWebKit/537.36 (KHTML, like Gecko) Chrome/88.0.4324.150 Safari/537.36"
92.39.218.117 - - [13/Feb/2021:15:02:41 +0300] "GET /manifest.webmanifest HTTP/1.1" 200 569 "https://chillvision.ru/" "Mozilla/5.0 (Windows NT 6.1; Win64; x64) AppleWebKit/537.36 (KHTML, like Gecko) Chrome/88.0.4324.150 Safari/537.36"
195.58.63.21 - - [13/Feb/2021:15:02:43 +0300] "GET /Public/API?action=collection&id=356 HTTP/1.1" 200 1956 "https://chillvision.ru/" "Mozilla/5.0 (Linux; U; Android 7.0; ru-ru; Redmi Note 4 Build/NRD90M) AppleWebKit/537.36 (KHTML, like Gecko) Version/4.0 Chrome/71.0.3578.141 Mobile Safari/537.36 XiaoMi/MiuiBrowser/12.7.5-go"
199.16.157.180 - - [13/Feb/2021:15:03:08 +0300] "GET /Soap/1904 HTTP/1.1" 403 15046 "-" "Twitterbot/1.0"
78.109.36.91 - - [13/Feb/2021:15:03:08 +0300] "GET /Soap/1578 HTTP/1.1" 200 39375 "https://www.google.com/" "Mozilla/5.0 (Windows NT 10.0; Win64; x64) AppleWebKit/537.36 (KHTML, like Gecko) Chrome/88.0.4324.150 Safari/537.36"
78.109.36.91 - - [13/Feb/2021:15:03:10 +0300] "GET /Info/API?action=check_user_access&content_id=1584 HTTP/1.1" 200 182 "https://chillvision.ru/" "Mozilla/5.0 (Windows NT 10.0; Win64; x64) AppleWebKit/537.36 (KHTML, like Gecko) Chrome/88.0.4324.150 Safari/537.36"
78.109.36.91 - - [13/Feb/2021:15:03:12 +0300] "GET /manifest.webmanifest HTTP/1.1" 200 569 "https://chillvision.ru/" "Mozilla/5.0 (Windows NT 10.0; Win64; x64) AppleWebKit/537.36 (KHTML, like Gecko) Chrome/88.0.4324.150 Safari/537.36"
85.140.7.75 - - [13/Feb/2021:15:03:15 +0300] "GET /page/best-mistake?utm_source=vk&utm_medium=cpc&utm_campaign=best-mistake&utm_content=general HTTP/1.1" 301 194 "http://away.vk.com/" "Mozilla/5.0 (iPhone; CPU iPhone OS 14_2 like Mac OS X) AppleWebKit/605.1.15 (KHTML, like Gecko) Version/14.0.1 Mobile/15E148 Safari/604.1"
85.140.7.75 - - [13/Feb/2021:15:03:15 +0300] "GET /page/best-mistake?utm_source=vk&utm_medium=cpc&utm_campaign=best-mistake&utm_content=general HTTP/1.1" 200 13529 "http://away.vk.com/" "Mozilla/5.0 (iPhone; CPU iPhone OS 14_2 like Mac OS X) AppleWebKit/605.1.15 (KHTML, like Gecko) Version/14.0.1 Mobile/15E148 Safari/604.1"
85.140.7.75 - - [13/Feb/2021:15:03:16 +0300] "GET /Public/API?action=collection&id=356 HTTP/1.1" 200 1956 "https://chillvision.ru/" "Mozilla/5.0 (iPhone; CPU iPhone OS 14_2 like Mac OS X) AppleWebKit/605.1.15 (KHTML, like Gecko) Version/14.0.1 Mobile/15E148 Safari/604.1"
92.39.218.117 - - [13/Feb/2021:15:03:29 +0300] "GET /page/policy HTTP/1.1" 200 15761 "https://chillvision.ru/" "Mozilla/5.0 (Windows NT 6.1; Win64; x64) AppleWebKit/537.36 (KHTML, like Gecko) Chrome/88.0.4324.150 Safari/537.36"
176.59.197.139 - - [13/Feb/2021:15:03:56 +0300] "GET /Soap/757 HTTP/1.1" 200 34737 "https://chillvision.ru/" "Mozilla/5.0 (Linux; Android 9; vivo 1915) AppleWebKit/537.36 (KHTML, like Gecko) Chrome/80.0.3987.162 Mobile Safari/537.36"
176.59.197.139 - - [13/Feb/2021:15:03:57 +0300] "GET /Info/API?action=check_user_access&content_id=760 HTTP/1.1" 200 180 "https://chillvision.ru/" "Mozilla/5.0 (Linux; Android 9; vivo 1915) AppleWebKit/537.36 (KHTML, like Gecko) Chrome/80.0.3987.162 Mobile Safari/537.36"
176.59.197.139 - - [13/Feb/2021:15:04:02 +0300] "GET /manifest.webmanifest HTTP/1.1" 200 569 "https://chillvision.ru/" "Mozilla/5.0 (Linux; Android 9; vivo 1915) AppleWebKit/537.36 (KHTML, like Gecko) Chrome/80.0.3987.162 Mobile Safari/537.36"
5.18.247.240 - - [13/Feb/2021:15:04:24 +0300] "GET /Info/API?action=check_user_access&content_id=2515 HTTP/1.1" 200 278 "https://chillvision.ru/" "Mozilla/5.0 (Windows NT 10.0; Win64; x64) AppleWebKit/537.36 (KHTML, like Gecko) Chrome/88.0.4324.150 Safari/537.36"
5.18.247.240 - - [13/Feb/2021:15:04:26 +0300] "GET /Info/API?action=request_access&content_id=2515 HTTP/1.1" 200 547 "https://chillvision.ru/" "Mozilla/5.0 (Windows NT 10.0; Win64; x64) AppleWebKit/537.36 (KHTML, like Gecko) Chrome/88.0.4324.150 Safari/537.36"
128.74.169.158 - - [13/Feb/2021:15:04:31 +0300] "GET /Info/API?action=check_user_access&content_id=2057 HTTP/1.1" 200 279 "https://chillvision.ru/" "Mozilla/5.0 (Windows NT 10.0; WOW64) AppleWebKit/537.36 (KHTML, like Gecko) Chrome/88.0.4324.41 YaBrowser/21.2.0.1099 Yowser/2.5 Safari/537.36"
128.74.169.158 - - [13/Feb/2021:15:04:31 +0300] "GET /media/media_content_poster/2022/e7ac94ee061a627d1e601eddb14306ff.SW_996H_560CF_1.jpg HTTP/1.1" 302 397 "https://chillvision.ru/" "Mozilla/5.0 (Windows NT 10.0; WOW64) AppleWebKit/537.36 (KHTML, like Gecko) Chrome/88.0.4324.41 YaBrowser/21.2.0.1099 Yowser/2.5 Safari/537.36"
128.74.169.158 - - [13/Feb/2021:15:04:31 +0300] "GET /MediaAPI/ImageFly/get_image?rqi=media_content_poster/2022/e7ac94ee061a627d1e601eddb14306ff.SW_996H_560CF_1.jpg HTTP/1.1" 200 414975 "https://chillvision.ru/" "Mozilla/5.0 (Windows NT 10.0; WOW64) AppleWebKit/537.36 (KHTML, like Gecko) Chrome/88.0.4324.41 YaBrowser/21.2.0.1099 Yowser/2.5 Safari/537.36"
195.58.60.233 - - [13/Feb/2021:15:04:33 +0300] "GET /favicon.ico HTTP/1.1" 404 25247 "https://chillvision.ru/media/fallback/1/social_fallback.SW_300H_300.jpg" "Mozilla/5.0 (Windows NT 10.0; Win64; x64; rv:85.0) Gecko/20100101 Firefox/85.0"
128.74.169.158 - - [13/Feb/2021:15:04:33 +0300] "GET /Info/API?action=request_access&content_id=2057 HTTP/1.1" 200 641 "https://chillvision.ru/" "Mozilla/5.0 (Windows NT 10.0; WOW64) AppleWebKit/537.36 (KHTML, like Gecko) Chrome/88.0.4324.41 YaBrowser/21.2.0.1099 Yowser/2.5 Safari/537.36"
176.59.197.139 - - [13/Feb/2021:15:04:47 +0300] "GET /page/best-mistake?utm_source=vk&utm_medium=cpc&utm_campaign=best-mistake&utm_content=general HTTP/1.1" 200 13528 "http://away.vk.com/" "Mozilla/5.0 (Linux; Android 9; vivo 1915) AppleWebKit/537.36 (KHTML, like Gecko) Chrome/80.0.3987.162 Mobile Safari/537.36"
176.59.197.139 - - [13/Feb/2021:15:04:47 +0300] "GET /Public/API?action=collection&id=356 HTTP/1.1" 200 1956 "https://chillvision.ru/" "Mozilla/5.0 (Linux; Android 9; vivo 1915) AppleWebKit/537.36 (KHTML, like Gecko) Chrome/80.0.3987.162 Mobile Safari/537.36"
176.59.197.139 - - [13/Feb/2021:15:05:01 +0300] "GET /Soap/806 HTTP/1.1" 200 35223 "https://chillvision.ru/" "Mozilla/5.0 (Linux; Android 9; vivo 1915) AppleWebKit/537.36 (KHTML, like Gecko) Chrome/80.0.3987.162 Mobile Safari/537.36"
176.59.197.139 - - [13/Feb/2021:15:05:02 +0300] "GET /Info/API?action=check_user_access&content_id=809 HTTP/1.1" 200 180 "https://chillvision.ru/" "Mozilla/5.0 (Linux; Android 9; vivo 1915) AppleWebKit/537.36 (KHTML, like Gecko) Chrome/80.0.3987.162 Mobile Safari/537.36"
176.59.38.168 - - [13/Feb/2021:15:05:04 +0300] "GET /page/best-mistake?utm_source=vk&utm_medium=cpc&utm_campaign=best-mistake&utm_content=general HTTP/1.1" 301 194 "http://away.vk.com/" "Mozilla/5.0 (Linux; U; Android 10; ru-ru; Redmi Note 7 Build/QKQ1.190910.002) AppleWebKit/537.36 (KHTML, like Gecko) Version/4.0 Chrome/71.0.3578.141 Mobile Safari/537.36 XiaoMi/MiuiBrowser/12.4.1-g"
176.59.38.168 - - [13/Feb/2021:15:05:04 +0300] "GET /page/best-mistake?utm_source=vk&utm_medium=cpc&utm_campaign=best-mistake&utm_content=general HTTP/1.1" 200 13530 "http://away.vk.com/" "Mozilla/5.0 (Linux; U; Android 10; ru-ru; Redmi Note 7 Build/QKQ1.190910.002) AppleWebKit/537.36 (KHTML, like Gecko) Version/4.0 Chrome/71.0.3578.141 Mobile Safari/537.36 XiaoMi/MiuiBrowser/12.4.1-g"
89.189.177.78 - - [13/Feb/2021:15:05:10 +0300] "GET /collection/356 HTTP/1.1" 200 17152 "https://away.vk.com/" "Mozilla/5.0 (Windows NT 10.0; Win64; x64) AppleWebKit/537.36 (KHTML, like Gecko) Chrome/88.0.4324.150 Safari/537.36"
176.59.197.139 - - [13/Feb/2021:15:05:11 +0300] "GET /page/best-mistake?utm_source=vk&utm_medium=cpc&utm_campaign=best-mistake&utm_content=general HTTP/1.1" 200 13530 "https://chillvision.ru/" "Mozilla/5.0 (Linux; Android 9; vivo 1915) AppleWebKit/537.36 (KHTML, like Gecko) Chrome/80.0.3987.162 Mobile Safari/537.36"
176.59.197.139 - - [13/Feb/2021:15:05:14 +0300] "GET /Public/API?action=collection&id=356 HTTP/1.1" 200 1956 "https://chillvision.ru/" "Mozilla/5.0 (Linux; Android 9; vivo 1915) AppleWebKit/537.36 (KHTML, like Gecko) Chrome/80.0.3987.162 Mobile Safari/537.36"
89.189.177.78 - - [13/Feb/2021:15:05:15 +0300] "GET /manifest.webmanifest HTTP/1.1" 200 569 "https://chillvision.ru/" "Mozilla/5.0 (Windows NT 10.0; Win64; x64) AppleWebKit/537.36 (KHTML, like Gecko) Chrome/88.0.4324.150 Safari/537.36"
176.59.197.139 - - [13/Feb/2021:15:05:20 +0300] "GET /Soap/1870 HTTP/1.1" 200 34940 "https://chillvision.ru/" "Mozilla/5.0 (Linux; Android 9; vivo 1915) AppleWebKit/537.36 (KHTML, like Gecko) Chrome/80.0.3987.162 Mobile Safari/537.36"
176.59.197.139 - - [13/Feb/2021:15:05:21 +0300] "GET /Info/API?action=check_user_access&content_id=1872 HTTP/1.1" 200 180 "https://chillvision.ru/" "Mozilla/5.0 (Linux; Android 9; vivo 1915) AppleWebKit/537.36 (KHTML, like Gecko) Chrome/80.0.3987.162 Mobile Safari/537.36"
128.74.169.158 - - [13/Feb/2021:15:05:21 +0300] "GET /Info/API?action=check_user_access&content_id=2056 HTTP/1.1" 200 279 "https://chillvision.ru/" "Mozilla/5.0 (Windows NT 10.0; WOW64) AppleWebKit/537.36 (KHTML, like Gecko) Chrome/88.0.4324.41 YaBrowser/21.2.0.1099 Yowser/2.5 Safari/537.36"
128.74.169.158 - - [13/Feb/2021:15:05:22 +0300] "GET /media/media_content_poster/2056/906bb20263af4493f8363a9bb05c6534.SW_996H_560CF_1.jpg HTTP/1.1" 302 397 "https://chillvision.ru/" "Mozilla/5.0 (Windows NT 10.0; WOW64) AppleWebKit/537.36 (KHTML, like Gecko) Chrome/88.0.4324.41 YaBrowser/21.2.0.1099 Yowser/2.5 Safari/537.36"
128.74.169.158 - - [13/Feb/2021:15:05:22 +0300] "GET /MediaAPI/ImageFly/get_image?rqi=media_content_poster/2056/906bb20263af4493f8363a9bb05c6534.SW_996H_560CF_1.jpg HTTP/1.1" 200 323401 "https://chillvision.ru/" "Mozilla/5.0 (Windows NT 10.0; WOW64) AppleWebKit/537.36 (KHTML, like Gecko) Chrome/88.0.4324.41 YaBrowser/21.2.0.1099 Yowser/2.5 Safari/537.36"
128.74.169.158 - - [13/Feb/2021:15:05:23 +0300] "GET /Info/API?action=request_access&content_id=2056 HTTP/1.1" 200 637 "https://chillvision.ru/" "Mozilla/5.0 (Windows NT 10.0; WOW64) AppleWebKit/537.36 (KHTML, like Gecko) Chrome/88.0.4324.41 YaBrowser/21.2.0.1099 Yowser/2.5 Safari/537.36"
176.59.197.139 - - [13/Feb/2021:15:05:24 +0300] "GET /page/best-mistake?utm_source=vk&utm_medium=cpc&utm_campaign=best-mistake&utm_content=general HTTP/1.1" 200 13524 "https://chillvision.ru/" "Mozilla/5.0 (Linux; Android 9; vivo 1915) AppleWebKit/537.36 (KHTML, like Gecko) Chrome/80.0.3987.162 Mobile Safari/537.36"
176.59.197.139 - - [13/Feb/2021:15:05:26 +0300] "GET /Public/API?action=collection&id=356 HTTP/1.1" 200 1956 "https://chillvision.ru/" "Mozilla/5.0 (Linux; Android 9; vivo 1915) AppleWebKit/537.36 (KHTML, like Gecko) Chrome/80.0.3987.162 Mobile Safari/537.36"
176.59.197.139 - - [13/Feb/2021:15:05:30 +0300] "GET /Soap/1215 HTTP/1.1" 200 38675 "https://chillvision.ru/" "Mozilla/5.0 (Linux; Android 9; vivo 1915) AppleWebKit/537.36 (KHTML, like Gecko) Chrome/80.0.3987.162 Mobile Safari/537.36"
176.59.197.139 - - [13/Feb/2021:15:05:31 +0300] "GET /Info/API?action=check_user_access&content_id=1217 HTTP/1.1" 200 179 "https://chillvision.ru/" "Mozilla/5.0 (Linux; Android 9; vivo 1915) AppleWebKit/537.36 (KHTML, like Gecko) Chrome/80.0.3987.162 Mobile Safari/537.36"
176.59.197.139 - - [13/Feb/2021:15:05:41 +0300] "GET /page/best-mistake?utm_source=vk&utm_medium=cpc&utm_campaign=best-mistake&utm_content=general HTTP/1.1" 200 13524 "https://chillvision.ru/" "Mozilla/5.0 (Linux; Android 9; vivo 1915) AppleWebKit/537.36 (KHTML, like Gecko) Chrome/80.0.3987.162 Mobile Safari/537.36"
46.211.57.36 - - [13/Feb/2021:15:06:30 +0300] "GET /Soap/464?utm_source=tg&utm_medium=partner&utm_campaign=kinoklyacha&utm_content=neighbors HTTP/1.1" 301 194 "android-app://org.telegram.messenger" "Mozilla/5.0 (Linux; Android 8.0.0; G3212) AppleWebKit/537.36 (KHTML, like Gecko) Chrome/79.0.3945.136 Mobile Safari/537.36"
46.211.57.36 - - [13/Feb/2021:15:06:30 +0300] "GET /Soap/464?utm_source=tg&utm_medium=partner&utm_campaign=kinoklyacha&utm_content=neighbors HTTP/1.1" 200 34113 "android-app://org.telegram.messenger" "Mozilla/5.0 (Linux; Android 8.0.0; G3212) AppleWebKit/537.36 (KHTML, like Gecko) Chrome/79.0.3945.136 Mobile Safari/537.36"
46.211.57.36 - - [13/Feb/2021:15:06:32 +0300] "GET /Info/API?action=check_user_access&content_id=470 HTTP/1.1" 200 181 "https://chillvision.ru/" "Mozilla/5.0 (Linux; Android 8.0.0; G3212) AppleWebKit/537.36 (KHTML, like Gecko) Chrome/79.0.3945.136 Mobile Safari/537.36"
46.211.57.36 - - [13/Feb/2021:15:06:48 +0300] "GET /manifest.webmanifest HTTP/1.1" 200 569 "https://chillvision.ru/" "Mozilla/5.0 (Linux; Android 8.0.0; G3212) AppleWebKit/537.36 (KHTML, like Gecko) Chrome/79.0.3945.136 Mobile Safari/537.36"
88.200.215.71 - - [13/Feb/2021:15:07:09 +0300] "GET /collection/356 HTTP/1.1" 200 17145 "https://away.vk.com/" "Mozilla/5.0 (Windows NT 6.3; Win64; x64) AppleWebKit/537.36 (KHTML, like Gecko) Chrome/88.0.4324.150 Safari/537.36"
88.200.215.71 - - [13/Feb/2021:15:07:11 +0300] "GET /manifest.webmanifest HTTP/1.1" 200 569 "https://chillvision.ru/" "Mozilla/5.0 (Windows NT 6.3; Win64; x64) AppleWebKit/537.36 (KHTML, like Gecko) Chrome/88.0.4324.150 Safari/537.36"
213.180.203.41 - - [13/Feb/2021:15:08:49 +0300] "GET /?yclid=7710547526903176844 HTTP/1.1" 301 194 "-" "Mozilla/5.0 (compatible; YandexMetrika/2.0; +http://yandex.com/bots yabs01)"
5.255.231.18 - - [13/Feb/2021:15:08:49 +0300] "GET /?yclid=7710547526903176844 HTTP/1.1" 200 25076 "-" "Mozilla/5.0 (compatible; YandexMetrika/2.0; +http://yandex.com/bots yabs01)"
37.194.61.41 - - [13/Feb/2021:15:09:13 +0300] "GET /collection/356 HTTP/1.1" 200 17147 "https://away.vk.com/" "Mozilla/5.0 (Windows NT 10.0; Win64; x64) AppleWebKit/537.36 (KHTML, like Gecko) Chrome/88.0.4324.41 YaBrowser/21.2.0.1097 Yowser/2.5 Safari/537.36"
37.194.61.41 - - [13/Feb/2021:15:09:14 +0300] "GET /manifest.webmanifest HTTP/1.1" 200 569 "https://chillvision.ru/" "Mozilla/5.0 (Windows NT 10.0; Win64; x64) AppleWebKit/537.36 (KHTML, like Gecko) Chrome/88.0.4324.41 YaBrowser/21.2.0.1097 Yowser/2.5 Safari/537.36"
5.255.231.18 - - [13/Feb/2021:15:09:38 +0300] "GET /collection/356 HTTP/1.1" 200 17154 "-" "Mozilla/5.0 (compatible; YandexBot/3.0; +http://yandex.com/bots)"
185.12.124.78 - - [13/Feb/2021:15:09:43 +0300] "GET / HTTP/1.1" 301 194 "CHILLVISION.RU" "Mozilla/5.0 (compatible; BackupLand/1.0; https://go.backupland.com/; Domain check for viruses;)"
185.12.124.78 - - [13/Feb/2021:15:09:43 +0300] "GET / HTTP/1.1" 200 25082 "CHILLVISION.RU" "Mozilla/5.0 (compatible; BackupLand/1.0; https://go.backupland.com/; Domain check for viruses;)"
37.194.61.41 - - [13/Feb/2021:15:10:02 +0300] "GET /Soap/2027 HTTP/1.1" 200 39372 "https://chillvision.ru/" "Mozilla/5.0 (Windows NT 10.0; Win64; x64) AppleWebKit/537.36 (KHTML, like Gecko) Chrome/88.0.4324.41 YaBrowser/21.2.0.1097 Yowser/2.5 Safari/537.36"
37.194.61.41 - - [13/Feb/2021:15:10:03 +0300] "GET /Info/API?action=check_user_access&content_id=2031 HTTP/1.1" 200 179 "https://chillvision.ru/" "Mozilla/5.0 (Windows NT 10.0; Win64; x64) AppleWebKit/537.36 (KHTML, like Gecko) Chrome/88.0.4324.41 YaBrowser/21.2.0.1097 Yowser/2.5 Safari/537.36"
5.255.231.18 - - [13/Feb/2021:15:10:24 +0300] "GET /Soap/2027 HTTP/1.1" 200 39368 "-" "Mozilla/5.0 (compatible; YandexBot/3.0; +http://yandex.com/bots)"
37.194.61.41 - - [13/Feb/2021:15:10:32 +0300] "GET /assets/chill/css/images/border.png HTTP/1.1" 404 25258 "https://chillvision.ru/assets/chill/css/colorbox.css" "Mozilla/5.0 (Windows NT 10.0; Win64; x64) AppleWebKit/537.36 (KHTML, like Gecko) Chrome/88.0.4324.41 YaBrowser/21.2.0.1097 Yowser/2.5 Safari/537.36"
37.194.61.41 - - [13/Feb/2021:15:10:32 +0300] "GET /assets/chill/css/images/loading.gif HTTP/1.1" 404 25256 "https://chillvision.ru/assets/chill/css/colorbox.css" "Mozilla/5.0 (Windows NT 10.0; Win64; x64) AppleWebKit/537.36 (KHTML, like Gecko) Chrome/88.0.4324.41 YaBrowser/21.2.0.1097 Yowser/2.5 Safari/537.36"
37.194.61.41 - - [13/Feb/2021:15:10:32 +0300] "GET /assets/chill/css/images/loading_background.png HTTP/1.1" 404 25257 "https://chillvision.ru/assets/chill/css/colorbox.css" "Mozilla/5.0 (Windows NT 10.0; Win64; x64) AppleWebKit/537.36 (KHTML, like Gecko) Chrome/88.0.4324.41 YaBrowser/21.2.0.1097 Yowser/2.5 Safari/537.36"
37.194.61.41 - - [13/Feb/2021:15:10:32 +0300] "GET /assets/chill/css/images/controls.png HTTP/1.1" 404 25260 "https://chillvision.ru/assets/chill/css/colorbox.css" "Mozilla/5.0 (Windows NT 10.0; Win64; x64) AppleWebKit/537.36 (KHTML, like Gecko) Chrome/88.0.4324.41 YaBrowser/21.2.0.1097 Yowser/2.5 Safari/537.36"
46.237.1.140 - - [13/Feb/2021:15:10:35 +0300] "GET /collection/356 HTTP/1.1" 200 17149 "https://away.vk.com/" "Mozilla/5.0 (Windows NT 6.3; WOW64) AppleWebKit/537.36 (KHTML, like Gecko) Chrome/88.0.4324.41 YaBrowser/21.2.0.1099 Yowser/2.5 Safari/537.36"
46.237.1.140 - - [13/Feb/2021:15:10:39 +0300] "GET /manifest.webmanifest HTTP/1.1" 200 569 "https://chillvision.ru/" "Mozilla/5.0 (Windows NT 6.3; WOW64) AppleWebKit/537.36 (KHTML, like Gecko) Chrome/88.0.4324.41 YaBrowser/21.2.0.1099 Yowser/2.5 Safari/537.36"
46.237.1.140 - - [13/Feb/2021:15:10:53 +0300] "GET /Soap/1870 HTTP/1.1" 200 34942 "https://chillvision.ru/" "Mozilla/5.0 (Windows NT 6.3; WOW64) AppleWebKit/537.36 (KHTML, like Gecko) Chrome/88.0.4324.41 YaBrowser/21.2.0.1099 Yowser/2.5 Safari/537.36"
46.237.1.140 - - [13/Feb/2021:15:10:55 +0300] "GET /Info/API?action=check_user_access&content_id=1872 HTTP/1.1" 200 181 "https://chillvision.ru/" "Mozilla/5.0 (Windows NT 6.3; WOW64) AppleWebKit/537.36 (KHTML, like Gecko) Chrome/88.0.4324.41 YaBrowser/21.2.0.1099 Yowser/2.5 Safari/537.36"
37.194.61.41 - - [13/Feb/2021:15:10:59 +0300] "GET /collection/356 HTTP/1.1" 200 17148 "-" "Mozilla/5.0 (Windows NT 10.0; Win64; x64) AppleWebKit/537.36 (KHTML, like Gecko) Chrome/88.0.4324.41 YaBrowser/21.2.0.1097 Yowser/2.5 Safari/537.36"
37.194.61.41 - - [13/Feb/2021:15:11:10 +0300] "GET /Soap/1720 HTTP/1.1" 200 35298 "https://chillvision.ru/" "Mozilla/5.0 (Windows NT 10.0; Win64; x64) AppleWebKit/537.36 (KHTML, like Gecko) Chrome/88.0.4324.41 YaBrowser/21.2.0.1097 Yowser/2.5 Safari/537.36"
37.194.61.41 - - [13/Feb/2021:15:11:10 +0300] "GET /Info/API?action=check_user_access&content_id=1722 HTTP/1.1" 200 181 "https://chillvision.ru/" "Mozilla/5.0 (Windows NT 10.0; Win64; x64) AppleWebKit/537.36 (KHTML, like Gecko) Chrome/88.0.4324.41 YaBrowser/21.2.0.1097 Yowser/2.5 Safari/537.36"
213.135.159.180 - - [13/Feb/2021:15:11:24 +0300] "GET /page/best-mistake?utm_source=vk&utm_medium=cpc&utm_campaign=best-mistake&utm_content=general HTTP/1.1" 301 194 "http://away.vk.com/" "Mozilla/5.0 (Linux; Android 8.1.0; DUA-L22) AppleWebKit/537.36 (KHTML, like Gecko) Chrome/84.0.4147.111 Mobile Safari/537.36"
213.135.159.180 - - [13/Feb/2021:15:11:24 +0300] "GET /page/best-mistake?utm_source=vk&utm_medium=cpc&utm_campaign=best-mistake&utm_content=general HTTP/1.1" 200 13527 "http://away.vk.com/" "Mozilla/5.0 (Linux; Android 8.1.0; DUA-L22) AppleWebKit/537.36 (KHTML, like Gecko) Chrome/84.0.4147.111 Mobile Safari/537.36"
213.135.159.180 - - [13/Feb/2021:15:11:25 +0300] "GET /page/best-mistake?utm_source=vk&utm_medium=cpc&utm_campaign=best-mistake&utm_content=general HTTP/1.1" 200 13527 "http://away.vk.com/" "Mozilla/5.0 (Linux; Android 8.1.0; DUA-L22) AppleWebKit/537.36 (KHTML, like Gecko) Chrome/84.0.4147.111 Mobile Safari/537.36"
5.255.231.18 - - [13/Feb/2021:15:11:27 +0300] "GET /Soap/1720 HTTP/1.1" 200 35306 "-" "Mozilla/5.0 (compatible; YandexBot/3.0; +http://yandex.com/bots)"
213.135.159.180 - - [13/Feb/2021:15:11:28 +0300] "GET /Public/API?action=collection&id=356 HTTP/1.1" 200 1956 "https://chillvision.ru/" "Mozilla/5.0 (Linux; Android 8.1.0; DUA-L22) AppleWebKit/537.36 (KHTML, like Gecko) Chrome/84.0.4147.111 Mobile Safari/537.36"
213.135.159.180 - - [13/Feb/2021:15:11:29 +0300] "GET /Public/API?action=collection&id=356 HTTP/1.1" 200 1956 "https://chillvision.ru/" "Mozilla/5.0 (Linux; Android 8.1.0; DUA-L22) AppleWebKit/537.36 (KHTML, like Gecko) Chrome/84.0.4147.111 Mobile Safari/537.36"
37.194.61.41 - - [13/Feb/2021:15:11:30 +0300] "GET /collection/356 HTTP/1.1" 200 17152 "https://chillvision.ru/" "Mozilla/5.0 (Windows NT 10.0; Win64; x64) AppleWebKit/537.36 (KHTML, like Gecko) Chrome/88.0.4324.41 YaBrowser/21.2.0.1097 Yowser/2.5 Safari/537.36"
37.194.61.41 - - [13/Feb/2021:15:11:36 +0300] "GET /Soap/2027 HTTP/1.1" 200 39374 "https://chillvision.ru/" "Mozilla/5.0 (Windows NT 10.0; Win64; x64) AppleWebKit/537.36 (KHTML, like Gecko) Chrome/88.0.4324.41 YaBrowser/21.2.0.1097 Yowser/2.5 Safari/537.36"
37.194.61.41 - - [13/Feb/2021:15:11:36 +0300] "GET /Info/API?action=check_user_access&content_id=2031 HTTP/1.1" 200 181 "https://chillvision.ru/" "Mozilla/5.0 (Windows NT 10.0; Win64; x64) AppleWebKit/537.36 (KHTML, like Gecko) Chrome/88.0.4324.41 YaBrowser/21.2.0.1097 Yowser/2.5 Safari/537.36"
37.194.61.41 - - [13/Feb/2021:15:11:43 +0300] "GET /Info/API?action=request_access&content_id=2031 HTTP/1.1" 200 151 "https://chillvision.ru/" "Mozilla/5.0 (Windows NT 10.0; Win64; x64) AppleWebKit/537.36 (KHTML, like Gecko) Chrome/88.0.4324.41 YaBrowser/21.2.0.1097 Yowser/2.5 Safari/537.36"
37.194.61.41 - - [13/Feb/2021:15:12:02 +0300] "GET /collection/356 HTTP/1.1" 200 17152 "https://chillvision.ru/" "Mozilla/5.0 (Windows NT 10.0; Win64; x64) AppleWebKit/537.36 (KHTML, like Gecko) Chrome/88.0.4324.41 YaBrowser/21.2.0.1097 Yowser/2.5 Safari/537.36"
81.163.252.160 - - [13/Feb/2021:15:12:43 +0300] "GET /Soap/1487 HTTP/1.1" 200 40317 "https://yandex.ru/" "Mozilla/5.0 (Windows NT 10.0; WOW64) AppleWebKit/537.36 (KHTML, like Gecko) Chrome/88.0.4324.41 YaBrowser/21.2.0.1099 Yowser/2.5 Safari/537.36"
81.163.252.160 - - [13/Feb/2021:15:12:49 +0300] "GET /Info/API?action=check_user_access&content_id=1489 HTTP/1.1" 200 181 "https://chillvision.ru/" "Mozilla/5.0 (Windows NT 10.0; WOW64) AppleWebKit/537.36 (KHTML, like Gecko) Chrome/88.0.4324.41 YaBrowser/21.2.0.1099 Yowser/2.5 Safari/537.36"
81.163.252.160 - - [13/Feb/2021:15:12:53 +0300] "GET /manifest.webmanifest HTTP/1.1" 200 569 "https://chillvision.ru/" "Mozilla/5.0 (Windows NT 10.0; WOW64) AppleWebKit/537.36 (KHTML, like Gecko) Chrome/88.0.4324.41 YaBrowser/21.2.0.1099 Yowser/2.5 Safari/537.36"
213.135.159.180 - - [13/Feb/2021:15:13:17 +0300] "GET /Soap/2027 HTTP/1.1" 200 39370 "https://chillvision.ru/" "Mozilla/5.0 (Linux; Android 8.1.0; DUA-L22) AppleWebKit/537.36 (KHTML, like Gecko) Chrome/84.0.4147.111 Mobile Safari/537.36"
213.135.159.180 - - [13/Feb/2021:15:13:21 +0300] "GET /Info/API?action=check_user_access&content_id=2031 HTTP/1.1" 200 180 "https://chillvision.ru/" "Mozilla/5.0 (Linux; Android 8.1.0; DUA-L22) AppleWebKit/537.36 (KHTML, like Gecko) Chrome/84.0.4147.111 Mobile Safari/537.36"
213.135.159.180 - - [13/Feb/2021:15:13:26 +0300] "GET /manifest.webmanifest HTTP/1.1" 200 569 "https://chillvision.ru/" "Mozilla/5.0 (Linux; Android 8.1.0; DUA-L22) AppleWebKit/537.36 (KHTML, like Gecko) Chrome/84.0.4147.111 Mobile Safari/537.36"
213.135.159.180 - - [13/Feb/2021:15:13:57 +0300] "GET /page/best-mistake?utm_source=vk&utm_medium=cpc&utm_campaign=best-mistake&utm_content=general HTTP/1.1" 200 13525 "http://away.vk.com/" "Mozilla/5.0 (Linux; Android 8.1.0; DUA-L22) AppleWebKit/537.36 (KHTML, like Gecko) Chrome/84.0.4147.111 Mobile Safari/537.36"
213.135.159.180 - - [13/Feb/2021:15:13:58 +0300] "GET /Public/API?action=collection&id=356 HTTP/1.1" 200 1956 "https://chillvision.ru/" "Mozilla/5.0 (Linux; Android 8.1.0; DUA-L22) AppleWebKit/537.36 (KHTML, like Gecko) Chrome/84.0.4147.111 Mobile Safari/537.36"
91.107.98.61 - - [13/Feb/2021:15:14:42 +0300] "GET /page/best-mistake?utm_source=vk&utm_medium=cpc&utm_campaign=best-mistake&utm_content=general HTTP/1.1" 301 194 "http://away.vk.com/" "Mozilla/5.0 (Linux; Android 10; LRA-LX1; HMSCore 5.1.1.300) AppleWebKit/537.36 (KHTML, like Gecko) Chrome/83.0.4103.106 HuaweiBrowser/11.0.5.306 Mobile Safari/537.36"
91.107.98.61 - - [13/Feb/2021:15:14:43 +0300] "GET /page/best-mistake?utm_source=vk&utm_medium=cpc&utm_campaign=best-mistake&utm_content=general HTTP/1.1" 200 13529 "http://away.vk.com/" "Mozilla/5.0 (Linux; Android 10; LRA-LX1; HMSCore 5.1.1.300) AppleWebKit/537.36 (KHTML, like Gecko) Chrome/83.0.4103.106 HuaweiBrowser/11.0.5.306 Mobile Safari/537.36"
188.18.237.58 - - [13/Feb/2021:15:15:14 +0300] "GET /collection/356 HTTP/1.1" 200 17151 "https://away.vk.com/" "Mozilla/5.0 (Windows NT 6.3) AppleWebKit/537.36 (KHTML, like Gecko) Chrome/88.0.4324.150 Safari/537.36 OPR/74.0.3911.107"
13.66.139.124 - - [13/Feb/2021:15:15:53 +0300] "GET /Soap/1904 HTTP/1.1" 403 15049 "-" "Mozilla/5.0 (compatible; bingbot/2.0; +http://www.bing.com/bingbot.htm)"
92.39.218.117 - - [13/Feb/2021:15:15:57 +0300] "GET /collection/356 HTTP/1.1" 200 17148 "https://away.vk.com/" "Mozilla/5.0 (Windows NT 6.1; Win64; x64) AppleWebKit/537.36 (KHTML, like Gecko) Chrome/88.0.4324.150 Safari/537.36"
188.18.237.58 - - [13/Feb/2021:15:16:00 +0300] "GET /Soap/765 HTTP/1.1" 200 34551 "https://chillvision.ru/" "Mozilla/5.0 (Windows NT 6.3) AppleWebKit/537.36 (KHTML, like Gecko) Chrome/88.0.4324.150 Safari/537.36 OPR/74.0.3911.107"
188.18.237.58 - - [13/Feb/2021:15:16:02 +0300] "GET /Info/API?action=check_user_access&content_id=767 HTTP/1.1" 200 180 "https://chillvision.ru/" "Mozilla/5.0 (Windows NT 6.3) AppleWebKit/537.36 (KHTML, like Gecko) Chrome/88.0.4324.150 Safari/537.36 OPR/74.0.3911.107"
92.39.218.117 - - [13/Feb/2021:15:16:05 +0300] "GET /Soap/2027 HTTP/1.1" 200 39372 "https://chillvision.ru/" "Mozilla/5.0 (Windows NT 6.1; Win64; x64) AppleWebKit/537.36 (KHTML, like Gecko) Chrome/88.0.4324.150 Safari/537.36"
213.87.130.221 - - [13/Feb/2021:15:16:06 +0300] "GET /page/best-mistake?utm_source=vk&utm_medium=cpc&utm_campaign=best-mistake&utm_content=general HTTP/1.1" 301 194 "http://away.vk.com/" "Mozilla/5.0 (Linux; Android 9; JAT-LX1) AppleWebKit/537.36 (KHTML, like Gecko) Chrome/88.0.4324.152 Mobile Safari/537.36"
92.39.218.117 - - [13/Feb/2021:15:16:06 +0300] "GET /Info/API?action=check_user_access&content_id=2031 HTTP/1.1" 200 181 "https://chillvision.ru/" "Mozilla/5.0 (Windows NT 6.1; Win64; x64) AppleWebKit/537.36 (KHTML, like Gecko) Chrome/88.0.4324.150 Safari/537.36"
