46.242.15.112 - - [20/Jan/2021:13:44:58 +0300] "GET /admin/GenreList/API?action=get&id=13 HTTP/1.1" 200 461 "https://chillvision.ru/admin/GenreList/Index" "Mozilla/5.0 (Macintosh; Intel Mac OS X 11_1_0) AppleWebKit/537.36 (KHTML, like Gecko) Chrome/87.0.4280.141 Safari/537.36"
46.242.15.112 - - [20/Jan/2021:13:45:23 +0300] "GET /search/by_genre/13 HTTP/1.1" 200 15348 "-" "Mozilla/5.0 (Macintosh; Intel Mac OS X 11_1_0) AppleWebKit/537.36 (KHTML, like Gecko) Chrome/87.0.4280.141 Safari/537.36"
46.34.153.122 - - [20/Jan/2021:13:46:03 +0300] "GET /admin/ChillComment/Index HTTP/1.1" 200 2899 "https://chillvision.ru/admin/Reviews/Index" "Mozilla/5.0 (Macintosh; Intel Mac OS X 10_15_1) AppleWebKit/605.1.15 (KHTML, like Gecko) Version/13.0.3 Safari/605.1.15"
46.34.153.122 - - [20/Jan/2021:13:46:03 +0300] "GET /assets/com_cache/desktop.CommentList.js HTTP/1.1" 301 373 "https://chillvision.ru/admin/ChillComment/Index" "Mozilla/5.0 (Macintosh; Intel Mac OS X 10_15_1) AppleWebKit/605.1.15 (KHTML, like Gecko) Version/13.0.3 Safari/605.1.15"
46.34.153.122 - - [20/Jan/2021:13:46:04 +0300] "GET /Util/ComponentManager/getComponent?fqcn=desktop.CommentList.js HTTP/1.1" 200 4529 "https://chillvision.ru/admin/ChillComment/Index" "Mozilla/5.0 (Macintosh; Intel Mac OS X 10_15_1) AppleWebKit/605.1.15 (KHTML, like Gecko) Version/13.0.3 Safari/605.1.15"
46.34.153.122 - - [20/Jan/2021:13:46:04 +0300] "POST /admin/ChillComment/API?action=list HTTP/1.1" 200 45611 "https://chillvision.ru/admin/ChillComment/Index" "Mozilla/5.0 (Macintosh; Intel Mac OS X 10_15_1) AppleWebKit/605.1.15 (KHTML, like Gecko) Version/13.0.3 Safari/605.1.15"
178.202.191.105 - - [20/Jan/2021:13:46:05 +0300] "GET / HTTP/1.1" 200 25019 "https://www.google.ru/" "Mozilla/5.0 (iPhone; CPU iPhone OS 14_3 like Mac OS X) AppleWebKit/605.1.15 (KHTML, like Gecko) Version/14.0.2 Mobile/15E148 Safari/604.1"
46.34.153.122 - - [20/Jan/2021:13:46:10 +0300] "GET /Util/ComponentManager/getComponent?fqcn=data_editor.chill_comment_editor.js HTTP/1.1" 200 6456 "https://chillvision.ru/admin/ChillComment/Index" "Mozilla/5.0 (Macintosh; Intel Mac OS X 10_15_1) AppleWebKit/605.1.15 (KHTML, like Gecko) Version/13.0.3 Safari/605.1.15"
46.34.153.122 - - [20/Jan/2021:13:46:10 +0300] "GET /admin/ChillComment/API?action=get&id=984 HTTP/1.1" 200 530 "https://chillvision.ru/admin/ChillComment/Index" "Mozilla/5.0 (Macintosh; Intel Mac OS X 10_15_1) AppleWebKit/605.1.15 (KHTML, like Gecko) Version/13.0.3 Safari/605.1.15"
46.34.153.122 - - [20/Jan/2021:13:46:22 +0300] "POST /admin/ChillComment/API HTTP/1.1" 200 531 "https://chillvision.ru/admin/ChillComment/Index" "Mozilla/5.0 (Macintosh; Intel Mac OS X 10_15_1) AppleWebKit/605.1.15 (KHTML, like Gecko) Version/13.0.3 Safari/605.1.15"
46.34.153.122 - - [20/Jan/2021:13:46:22 +0300] "POST /admin/ChillComment/API?action=list HTTP/1.1" 200 45613 "https://chillvision.ru/admin/ChillComment/Index" "Mozilla/5.0 (Macintosh; Intel Mac OS X 10_15_1) AppleWebKit/605.1.15 (KHTML, like Gecko) Version/13.0.3 Safari/605.1.15"
46.34.153.122 - - [20/Jan/2021:13:46:25 +0300] "GET /admin/ChillComment/API?action=get&id=983 HTTP/1.1" 200 590 "https://chillvision.ru/admin/ChillComment/Index" "Mozilla/5.0 (Macintosh; Intel Mac OS X 10_15_1) AppleWebKit/605.1.15 (KHTML, like Gecko) Version/13.0.3 Safari/605.1.15"
46.242.15.112 - - [20/Jan/2021:13:46:41 +0300] "GET /search/by_genre/13 HTTP/1.1" 200 15347 "-" "Mozilla/5.0 (Macintosh; Intel Mac OS X 11_1_0) AppleWebKit/537.36 (KHTML, like Gecko) Chrome/87.0.4280.141 Safari/537.36"
178.202.191.105 - - [20/Jan/2021:13:46:51 +0300] "GET /lent_v_2/more/1?sys_render_layout=raw HTTP/1.1" 200 3829 "https://chillvision.ru/" "Mozilla/5.0 (iPhone; CPU iPhone OS 14_3 like Mac OS X) AppleWebKit/605.1.15 (KHTML, like Gecko) Version/14.0.2 Mobile/15E148 Safari/604.1"
178.202.191.105 - - [20/Jan/2021:13:46:53 +0300] "GET /lent_v_2/more/2?sys_render_layout=raw HTTP/1.1" 200 3713 "https://chillvision.ru/" "Mozilla/5.0 (iPhone; CPU iPhone OS 14_3 like Mac OS X) AppleWebKit/605.1.15 (KHTML, like Gecko) Version/14.0.2 Mobile/15E148 Safari/604.1"
178.202.191.105 - - [20/Jan/2021:13:46:55 +0300] "GET /lent_v_2/more/3?sys_render_layout=raw HTTP/1.1" 200 3569 "https://chillvision.ru/" "Mozilla/5.0 (iPhone; CPU iPhone OS 14_3 like Mac OS X) AppleWebKit/605.1.15 (KHTML, like Gecko) Version/14.0.2 Mobile/15E148 Safari/604.1"
178.202.191.105 - - [20/Jan/2021:13:46:57 +0300] "GET /lent_v_2/more/4?sys_render_layout=raw HTTP/1.1" 200 3620 "https://chillvision.ru/" "Mozilla/5.0 (iPhone; CPU iPhone OS 14_3 like Mac OS X) AppleWebKit/605.1.15 (KHTML, like Gecko) Version/14.0.2 Mobile/15E148 Safari/604.1"
178.202.191.105 - - [20/Jan/2021:13:47:00 +0300] "GET /lent_v_2/more/5?sys_render_layout=raw HTTP/1.1" 200 3590 "https://chillvision.ru/" "Mozilla/5.0 (iPhone; CPU iPhone OS 14_3 like Mac OS X) AppleWebKit/605.1.15 (KHTML, like Gecko) Version/14.0.2 Mobile/15E148 Safari/604.1"
178.202.191.105 - - [20/Jan/2021:13:47:02 +0300] "GET /lent_v_2/more/6?sys_render_layout=raw HTTP/1.1" 200 3828 "https://chillvision.ru/" "Mozilla/5.0 (iPhone; CPU iPhone OS 14_3 like Mac OS X) AppleWebKit/605.1.15 (KHTML, like Gecko) Version/14.0.2 Mobile/15E148 Safari/604.1"
178.202.191.105 - - [20/Jan/2021:13:47:03 +0300] "GET /lent_v_2/more/7?sys_render_layout=raw HTTP/1.1" 200 3834 "https://chillvision.ru/" "Mozilla/5.0 (iPhone; CPU iPhone OS 14_3 like Mac OS X) AppleWebKit/605.1.15 (KHTML, like Gecko) Version/14.0.2 Mobile/15E148 Safari/604.1"
178.202.191.105 - - [20/Jan/2021:13:47:05 +0300] "GET /lent_v_2/more/8?sys_render_layout=raw HTTP/1.1" 200 3636 "https://chillvision.ru/" "Mozilla/5.0 (iPhone; CPU iPhone OS 14_3 like Mac OS X) AppleWebKit/605.1.15 (KHTML, like Gecko) Version/14.0.2 Mobile/15E148 Safari/604.1"
178.202.191.105 - - [20/Jan/2021:13:47:07 +0300] "GET /lent_v_2/more/9?sys_render_layout=raw HTTP/1.1" 200 3678 "https://chillvision.ru/" "Mozilla/5.0 (iPhone; CPU iPhone OS 14_3 like Mac OS X) AppleWebKit/605.1.15 (KHTML, like Gecko) Version/14.0.2 Mobile/15E148 Safari/604.1"
46.242.15.112 - - [20/Jan/2021:13:47:19 +0300] "GET /search/by_genre/13 HTTP/1.1" 200 15340 "-" "Mozilla/5.0 (Macintosh; Intel Mac OS X 11_1_0) AppleWebKit/537.36 (KHTML, like Gecko) Chrome/87.0.4280.141 Safari/537.36"
213.180.203.10 - - [20/Jan/2021:13:47:29 +0300] "GET /?yclid=7710547526903176844 HTTP/1.1" 301 194 "-" "Mozilla/5.0 (compatible; YandexMetrika/2.0; +http://yandex.com/bots yabs01)"
5.255.231.79 - - [20/Jan/2021:13:47:29 +0300] "GET /?yclid=7710547526903176844 HTTP/1.1" 200 25017 "-" "Mozilla/5.0 (compatible; YandexMetrika/2.0; +http://yandex.com/bots yabs01)"
46.242.15.112 - - [20/Jan/2021:13:47:33 +0300] "GET /search/by_genre/13 HTTP/1.1" 200 15350 "-" "Mozilla/5.0 (Macintosh; Intel Mac OS X 11_1_0) AppleWebKit/537.36 (KHTML, like Gecko) Chrome/87.0.4280.141 Safari/537.36"
217.66.154.170 - - [20/Jan/2021:13:48:36 +0300] "GET /Soap/440 HTTP/1.1" 200 39650 "https://zen.yandex.ru/media/blackmariakino/ochen-strashnye-serialy-10-maloizvestnyh-proektov-5f991a84baf78e79e7fee094" "Mozilla/5.0 (Linux; NetCast; U) AppleWebKit/537.31 (KHTML, like Gecko) Chrome/53.0.2785.34 Safari/537.31 SmartTV/6.0"
178.173.114.84 - - [20/Jan/2021:13:48:45 +0300] "GET /Soap/2264 HTTP/1.1" 200 46809 "https://zen.yandex.ru/media/chill_online/7-krutyh-i-zreliscnyh-serialov-6001ae31d0d4386c9f5d0aad?&utm_campaign=dbr" "Mozilla/5.0 (Windows NT 10.0; Win64; x64) AppleWebKit/537.36 (KHTML, like Gecko) Chrome/87.0.4280.60 YaBrowser/20.12.0.963 Yowser/2.5 Safari/537.36"
178.173.114.84 - - [20/Jan/2021:13:48:47 +0300] "GET /Info/API?action=check_user_access&content_id=2266 HTTP/1.1" 200 181 "https://chillvision.ru/" "Mozilla/5.0 (Windows NT 10.0; Win64; x64) AppleWebKit/537.36 (KHTML, like Gecko) Chrome/87.0.4280.60 YaBrowser/20.12.0.963 Yowser/2.5 Safari/537.36"
217.66.154.170 - - [20/Jan/2021:13:48:48 +0300] "GET /Info/API?action=check_user_access&content_id=449 HTTP/1.1" 200 181 "https://chillvision.ru/" "Mozilla/5.0 (Linux; NetCast; U) AppleWebKit/537.31 (KHTML, like Gecko) Chrome/53.0.2785.34 Safari/537.31 SmartTV/6.0"
178.173.114.84 - - [20/Jan/2021:13:48:51 +0300] "GET /manifest.webmanifest HTTP/1.1" 200 569 "https://chillvision.ru/" "Mozilla/5.0 (Windows NT 10.0; Win64; x64) AppleWebKit/537.36 (KHTML, like Gecko) Chrome/87.0.4280.60 YaBrowser/20.12.0.963 Yowser/2.5 Safari/537.36"
195.239.115.222 - - [20/Jan/2021:13:48:52 +0300] "GET /Soap/1578 HTTP/1.1" 200 39350 "https://zen.yandex.ru/media/chill_online/7-krutyh-i-zreliscnyh-serialov-6001ae31d0d4386c9f5d0aad?&utm_campaign=dbr" "Mozilla/5.0 (Windows NT 6.1; WOW64) AppleWebKit/537.36 (KHTML, like Gecko) Chrome/87.0.4280.60 YaBrowser/20.12.0.966 Yowser/2.5 Safari/537.36"
195.239.115.222 - - [20/Jan/2021:13:48:54 +0300] "GET /Info/API?action=check_user_access&content_id=1584 HTTP/1.1" 200 181 "https://chillvision.ru/" "Mozilla/5.0 (Windows NT 6.1; WOW64) AppleWebKit/537.36 (KHTML, like Gecko) Chrome/87.0.4280.60 YaBrowser/20.12.0.966 Yowser/2.5 Safari/537.36"
195.239.115.222 - - [20/Jan/2021:13:48:56 +0300] "GET /manifest.webmanifest HTTP/1.1" 200 569 "https://chillvision.ru/" "Mozilla/5.0 (Windows NT 6.1; WOW64) AppleWebKit/537.36 (KHTML, like Gecko) Chrome/87.0.4280.60 YaBrowser/20.12.0.966 Yowser/2.5 Safari/537.36"
217.66.154.170 - - [20/Jan/2021:13:49:02 +0300] "GET /Info/API?action=request_access&content_id=449 HTTP/1.1" 200 151 "https://chillvision.ru/" "Mozilla/5.0 (Linux; NetCast; U) AppleWebKit/537.31 (KHTML, like Gecko) Chrome/53.0.2785.34 Safari/537.31 SmartTV/6.0"
5.45.207.175 - - [20/Jan/2021:13:49:10 +0300] "GET /Soap/1578 HTTP/1.1" 200 39349 "-" "Mozilla/5.0 (compatible; YandexBot/3.0; +http://yandex.com/bots)"
88.200.136.147 - - [20/Jan/2021:13:50:14 +0300] "GET /Profile HTTP/1.1" 200 18379 "https://chillvision.ru/" "Mozilla/5.0 (Windows NT 6.1; Win64; x64) AppleWebKit/537.36 (KHTML, like Gecko) Chrome/86.0.4240.111 Safari/537.36"
66.249.76.23 - - [20/Jan/2021:13:50:48 +0300] "GET /page/o-nas HTTP/1.1" 200 12141 "-" "Mozilla/5.0 (Linux; Android 6.0.1; Nexus 5X Build/MMB29P) AppleWebKit/537.36 (KHTML, like Gecko) Chrome/87.0.4280.90 Mobile Safari/537.36 (compatible; Googlebot/2.1; +http://www.google.com/bot.html)"
185.211.158.27 - - [20/Jan/2021:13:52:29 +0300] "GET /Soap/2581 HTTP/1.1" 200 32451 "https://chillvision.ru/" "Mozilla/5.0 (Linux; Android 10; Redmi Note 8 Pro Build/QP1A.190711.020; wv) AppleWebKit/537.36 (KHTML, like Gecko) Version/4.0 Chrome/87.0.4280.101 Mobile Safari/537.36 Instagram 170.2.0.30.474 Android (29/10; 440dpi; 1080x2220; Xiaomi/Redmi; Redmi Note 8 Pro; begonia; mt6785; ru_RU; 267925737)"
185.211.158.27 - - [20/Jan/2021:13:52:30 +0300] "GET /Info/API?action=check_user_access&content_id=2583 HTTP/1.1" 200 181 "https://chillvision.ru/" "Mozilla/5.0 (Linux; Android 10; Redmi Note 8 Pro Build/QP1A.190711.020; wv) AppleWebKit/537.36 (KHTML, like Gecko) Version/4.0 Chrome/87.0.4280.101 Mobile Safari/537.36 Instagram 170.2.0.30.474 Android (29/10; 440dpi; 1080x2220; Xiaomi/Redmi; Redmi Note 8 Pro; begonia; mt6785; ru_RU; 267925737)"
80.93.117.54 - - [20/Jan/2021:13:53:28 +0300] "GET /comments HTTP/1.1" 200 28872 "-" "Mozilla/5.0 (Windows NT 10.0; Win64; x64) AppleWebKit/537.36 (KHTML, like Gecko) Chrome/87.0.4280.141 Safari/537.36"
5.255.231.18 - - [20/Jan/2021:13:53:34 +0300] "GET /Soap/440 HTTP/1.1" 200 39653 "-" "Mozilla/5.0 (compatible; YandexBot/3.0; +http://yandex.com/bots)"
80.93.117.54 - - [20/Jan/2021:13:53:46 +0300] "GET /Soap/2581 HTTP/1.1" 200 32465 "-" "Mozilla/5.0 (Windows NT 10.0; Win64; x64) AppleWebKit/537.36 (KHTML, like Gecko) Chrome/87.0.4280.141 Safari/537.36"
80.93.117.54 - - [20/Jan/2021:13:53:48 +0300] "GET /Info/API?action=check_user_access&content_id=2583 HTTP/1.1" 200 278 "https://chillvision.ru/" "Mozilla/5.0 (Windows NT 10.0; Win64; x64) AppleWebKit/537.36 (KHTML, like Gecko) Chrome/87.0.4280.141 Safari/537.36"
91.109.128.60 - - [20/Jan/2021:13:53:55 +0300] "GET /page/promo-sister?utm_source=trads&utm_medium=cpm&utm_campaign=promo-sister&utm_content=trads_3642877&utm_term=trads_375576772239958027 HTTP/1.1" 200 13621 "https://3988635.trads.fun/t/awsme_dance/" "Mozilla/5.0 (Windows NT 6.1; Win64; x64; rv:84.0) Gecko/20100101 Firefox/84.0"
91.109.128.60 - - [20/Jan/2021:13:54:02 +0300] "GET /assets/chill/fonts/roboto/Roboto-Light.woff HTTP/1.1" 200 62316 "https://chillvision.ru/assets/chill/css/materialize.min.css" "Mozilla/5.0 (Windows NT 6.1; Win64; x64; rv:84.0) Gecko/20100101 Firefox/84.0"
91.109.128.60 - - [20/Jan/2021:13:54:02 +0300] "GET /assets/chill/fonts/roboto/Roboto-Bold.woff HTTP/1.1" 200 62876 "https://chillvision.ru/assets/chill/css/materialize.min.css" "Mozilla/5.0 (Windows NT 6.1; Win64; x64; rv:84.0) Gecko/20100101 Firefox/84.0"
46.34.153.122 - - [20/Jan/2021:13:55:11 +0300] "GET /admin/ChillComment/Index HTTP/1.1" 200 2899 "https://chillvision.ru/admin/Reviews/Index" "Mozilla/5.0 (Macintosh; Intel Mac OS X 10_15_1) AppleWebKit/605.1.15 (KHTML, like Gecko) Version/13.0.3 Safari/605.1.15"
46.34.153.122 - - [20/Jan/2021:13:55:11 +0300] "GET /assets/com_cache/desktop.CommentList.js HTTP/1.1" 301 373 "https://chillvision.ru/admin/ChillComment/Index" "Mozilla/5.0 (Macintosh; Intel Mac OS X 10_15_1) AppleWebKit/605.1.15 (KHTML, like Gecko) Version/13.0.3 Safari/605.1.15"
46.34.153.122 - - [20/Jan/2021:13:55:11 +0300] "GET /Util/ComponentManager/getComponent?fqcn=desktop.CommentList.js HTTP/1.1" 200 4529 "https://chillvision.ru/admin/ChillComment/Index" "Mozilla/5.0 (Macintosh; Intel Mac OS X 10_15_1) AppleWebKit/605.1.15 (KHTML, like Gecko) Version/13.0.3 Safari/605.1.15"
159.69.1.180 - - [20/Jan/2021:13:55:11 +0300] "GET /comments HTTP/1.1" 200 28872 "-" "Mozilla/5.0 (X11; Linux x86_64) AppleWebKit/537.36 (KHTML, like Gecko) Chrome/86.0.4240.198 Safari/537.36 OPR/61.2.3076.56749"
46.34.153.122 - - [20/Jan/2021:13:55:12 +0300] "POST /admin/ChillComment/API?action=list HTTP/1.1" 200 45610 "https://chillvision.ru/admin/ChillComment/Index" "Mozilla/5.0 (Macintosh; Intel Mac OS X 10_15_1) AppleWebKit/605.1.15 (KHTML, like Gecko) Version/13.0.3 Safari/605.1.15"
66.249.76.19 - - [20/Jan/2021:13:55:21 +0300] "GET / HTTP/1.1" 301 194 "-" "Mozilla/5.0 (compatible; Googlebot/2.1; +http://www.google.com/bot.html)"
66.249.76.27 - - [20/Jan/2021:13:55:22 +0300] "GET / HTTP/1.1" 200 25015 "-" "Mozilla/5.0 (compatible; Googlebot/2.1; +http://www.google.com/bot.html)"
176.101.208.254 - - [20/Jan/2021:13:55:22 +0300] "GET /comments HTTP/1.1" 200 28873 "-" "Mozilla/5.0 (Linux; Android 10; SM-A315F) AppleWebKit/537.36 (KHTML, like Gecko) Chrome/87.0.4280.141 Mobile Safari/537.36"
159.69.1.180 - - [20/Jan/2021:13:56:00 +0300] "GET /manifest.webmanifest HTTP/1.1" 200 569 "https://chillvision.ru/" "Mozilla/5.0 (X11; Linux x86_64) AppleWebKit/537.36 (KHTML, like Gecko) Chrome/86.0.4240.198 Safari/537.36 OPR/61.2.3076.56749"
95.153.134.104 - - [20/Jan/2021:13:57:22 +0300] "GET /Soap/440 HTTP/1.1" 200 39653 "https://zen.yandex.ru/media/chill_online/7-krutyh-i-zreliscnyh-serialov-6001ae31d0d4386c9f5d0aad" "Mozilla/5.0 (Linux; Android 10; SM-A105F Build/QP1A.190711.020; wv) AppleWebKit/537.36 (KHTML, like Gecko) Version/4.0 Chrome/80.0.3987.99 Mobile Safari/537.36 com.yandex.zen/4.6.0.2379 (samsung SM-A105F; Android 10) ZenKit/1.40.6.0-internalNewdesign-Zen.7936"
95.153.134.104 - - [20/Jan/2021:13:57:47 +0300] "GET /Info/API?action=check_user_access&content_id=449 HTTP/1.1" 200 180 "https://chillvision.ru/" "Mozilla/5.0 (Linux; Android 10; SM-A105F Build/QP1A.190711.020; wv) AppleWebKit/537.36 (KHTML, like Gecko) Version/4.0 Chrome/80.0.3987.99 Mobile Safari/537.36 com.yandex.zen/4.6.0.2379 (samsung SM-A105F; Android 10) ZenKit/1.40.6.0-internalNewdesign-Zen.7936"
5.255.231.18 - - [20/Jan/2021:13:58:23 +0300] "GET /media/media_content_frame/1067/7c7bd3ea8c10c1dfaa1d038fb1148ef7.SF_1.jpg HTTP/1.1" 302 385 "-" "Mozilla/5.0 (compatible; YandexImages/3.0; +http://yandex.com/bots)"
5.45.207.175 - - [20/Jan/2021:13:58:24 +0300] "GET /MediaAPI/ImageFly/get_image?rqi=media_content_frame/1067/7c7bd3ea8c10c1dfaa1d038fb1148ef7.SF_1.jpg HTTP/1.1" 301 0 "-" "Mozilla/5.0 (compatible; YandexImages/3.0; +http://yandex.com/bots)"
159.69.1.180 - - [20/Jan/2021:13:59:20 +0300] "POST /ComChill/API HTTP/1.1" 200 149 "https://chillvision.ru/" "Mozilla/5.0 (X11; Linux x86_64) AppleWebKit/537.36 (KHTML, like Gecko) Chrome/86.0.4240.198 Safari/537.36 OPR/61.2.3076.56749"
159.69.1.180 - - [20/Jan/2021:13:59:32 +0300] "POST /Auth/API HTTP/1.1" 200 426 "https://chillvision.ru/" "Mozilla/5.0 (X11; Linux x86_64) AppleWebKit/537.36 (KHTML, like Gecko) Chrome/86.0.4240.198 Safari/537.36 OPR/61.2.3076.56749"
159.69.1.180 - - [20/Jan/2021:13:59:36 +0300] "POST /Util/Lang/API?action=post_tokens HTTP/1.1" 200 113 "https://chillvision.ru/" "Mozilla/5.0 (X11; Linux x86_64) AppleWebKit/537.36 (KHTML, like Gecko) Chrome/86.0.4240.198 Safari/537.36 OPR/61.2.3076.56749"
159.69.1.180 - - [20/Jan/2021:13:59:36 +0300] "GET /comments HTTP/1.1" 200 28872 "https://chillvision.ru/" "Mozilla/5.0 (X11; Linux x86_64) AppleWebKit/537.36 (KHTML, like Gecko) Chrome/86.0.4240.198 Safari/537.36 OPR/61.2.3076.56749"
176.193.5.245 - - [20/Jan/2021:14:00:05 +0300] "GET /Soap/1578 HTTP/1.1" 200 39353 "https://yandex.ru/" "Mozilla/5.0 (Windows NT 6.2; Win64; x64) AppleWebKit/537.36 (KHTML, like Gecko) Chrome/87.0.4280.60 YaBrowser/20.12.0.963 Yowser/2.5 Safari/537.36"
176.193.5.245 - - [20/Jan/2021:14:00:05 +0300] "GET /Info/API?action=check_user_access&content_id=1584 HTTP/1.1" 200 180 "https://chillvision.ru/" "Mozilla/5.0 (Windows NT 6.2; Win64; x64) AppleWebKit/537.36 (KHTML, like Gecko) Chrome/87.0.4280.60 YaBrowser/20.12.0.963 Yowser/2.5 Safari/537.36"
176.193.5.245 - - [20/Jan/2021:14:00:07 +0300] "GET /manifest.webmanifest HTTP/1.1" 200 569 "https://chillvision.ru/" "Mozilla/5.0 (Windows NT 6.2; Win64; x64) AppleWebKit/537.36 (KHTML, like Gecko) Chrome/87.0.4280.60 YaBrowser/20.12.0.963 Yowser/2.5 Safari/537.36"
159.69.1.180 - - [20/Jan/2021:14:00:18 +0300] "POST /ComChill/API HTTP/1.1" 200 221 "https://chillvision.ru/" "Mozilla/5.0 (X11; Linux x86_64) AppleWebKit/537.36 (KHTML, like Gecko) Chrome/86.0.4240.198 Safari/537.36 OPR/61.2.3076.56749"
176.193.5.245 - - [20/Jan/2021:14:01:29 +0300] "GET /Soap/1578 HTTP/1.1" 200 39349 "https://zen.yandex.ru/media/vseofilmax/top10-vebserialov-ot-kotoryh-stynet-krov-5f9c80a41f9f7379925123b2" "Mozilla/5.0 (Windows NT 6.2; Win64; x64) AppleWebKit/537.36 (KHTML, like Gecko) Chrome/87.0.4280.60 YaBrowser/20.12.0.963 Yowser/2.5 Safari/537.36"
176.193.5.245 - - [20/Jan/2021:14:01:30 +0300] "GET /Info/API?action=check_user_access&content_id=1584 HTTP/1.1" 200 181 "https://chillvision.ru/" "Mozilla/5.0 (Windows NT 6.2; Win64; x64) AppleWebKit/537.36 (KHTML, like Gecko) Chrome/87.0.4280.60 YaBrowser/20.12.0.963 Yowser/2.5 Safari/537.36"
188.235.32.162 - - [20/Jan/2021:14:02:04 +0300] "GET /Soap/1578 HTTP/1.1" 200 39353 "https://zen.yandex.ru/media/chill_online/7-krutyh-i-zreliscnyh-serialov-6001ae31d0d4386c9f5d0aad" "Mozilla/5.0 (Windows NT 6.1; WOW64) AppleWebKit/537.36 (KHTML, like Gecko) Chrome/87.0.4280.60 YaBrowser/20.12.0.966 Yowser/2.5 Safari/537.36"
188.235.32.162 - - [20/Jan/2021:14:02:06 +0300] "GET /Info/API?action=check_user_access&content_id=1584 HTTP/1.1" 200 180 "https://chillvision.ru/" "Mozilla/5.0 (Windows NT 6.1; WOW64) AppleWebKit/537.36 (KHTML, like Gecko) Chrome/87.0.4280.60 YaBrowser/20.12.0.966 Yowser/2.5 Safari/537.36"
188.235.32.162 - - [20/Jan/2021:14:02:10 +0300] "GET /manifest.webmanifest HTTP/1.1" 200 569 "https://chillvision.ru/" "Mozilla/5.0 (Windows NT 6.1; WOW64) AppleWebKit/537.36 (KHTML, like Gecko) Chrome/87.0.4280.60 YaBrowser/20.12.0.966 Yowser/2.5 Safari/537.36"
188.235.32.162 - - [20/Jan/2021:14:02:20 +0300] "GET /Info/API?action=request_access&content_id=1584 HTTP/1.1" 200 151 "https://chillvision.ru/" "Mozilla/5.0 (Windows NT 6.1; WOW64) AppleWebKit/537.36 (KHTML, like Gecko) Chrome/87.0.4280.60 YaBrowser/20.12.0.966 Yowser/2.5 Safari/537.36"
31.13.103.120 - - [20/Jan/2021:14:03:10 +0300] "GET /Soap/1578 HTTP/1.1" 206 39351 "-" "facebookexternalhit/1.1 (+http://www.facebook.com/externalhit_uatext.php)"
92.252.141.103 - - [20/Jan/2021:14:04:43 +0300] "GET /Soap/1578 HTTP/1.1" 200 39352 "http://yandex.ru/searchapp?text=" "Mozilla/5.0 (Linux; arm_64; Android 10; HRY-LX1) AppleWebKit/537.36 (KHTML, like Gecko) Chrome/86.0.4240.198 YaApp_Android/20.115.0 YaSearchBrowser/20.115.0 BroPP/1.0 SA/3 Mobile Safari/537.36"
92.252.141.103 - - [20/Jan/2021:14:04:44 +0300] "GET /manifest.webmanifest HTTP/1.1" 200 569 "-" "Mozilla/5.0 (Linux; arm_64; Android 10; HRY-LX1) AppleWebKit/537.36 (KHTML, like Gecko) Chrome/86.0.4240.198 YaApp_Android/20.115.0 YaSearchBrowser/20.115.0 BroPP/1.0 SA/3 TA/7.1 Mobile Safari/537.36"
92.252.141.103 - - [20/Jan/2021:14:04:46 +0300] "GET /Info/API?action=check_user_access&content_id=1584 HTTP/1.1" 200 180 "https://chillvision.ru/" "Mozilla/5.0 (Linux; arm_64; Android 10; HRY-LX1) AppleWebKit/537.36 (KHTML, like Gecko) Chrome/86.0.4240.198 YaApp_Android/20.115.0 YaSearchBrowser/20.115.0 BroPP/1.0 SA/3 Mobile Safari/537.36"
92.252.141.103 - - [20/Jan/2021:14:04:50 +0300] "GET /manifest.webmanifest HTTP/1.1" 200 569 "https://chillvision.ru/" "Mozilla/5.0 (Linux; arm_64; Android 10; HRY-LX1) AppleWebKit/537.36 (KHTML, like Gecko) Chrome/86.0.4240.198 YaApp_Android/20.115.0 YaSearchBrowser/20.115.0 BroPP/1.0 SA/3 Mobile Safari/537.36"
88.200.136.147 - - [20/Jan/2021:14:05:35 +0300] "GET /Profile HTTP/1.1" 200 18372 "https://chillvision.ru/" "Mozilla/5.0 (Windows NT 6.1; Win64; x64) AppleWebKit/537.36 (KHTML, like Gecko) Chrome/86.0.4240.111 Safari/537.36"
88.200.136.147 - - [20/Jan/2021:14:05:54 +0300] "GET /Soap/2793 HTTP/1.1" 200 28966 "https://chillvision.ru/" "Mozilla/5.0 (Windows NT 6.1; Win64; x64) AppleWebKit/537.36 (KHTML, like Gecko) Chrome/86.0.4240.111 Safari/537.36"
88.200.136.147 - - [20/Jan/2021:14:05:56 +0300] "GET /Info/API?action=check_user_access&content_id=2795 HTTP/1.1" 200 444 "https://chillvision.ru/" "Mozilla/5.0 (Windows NT 6.1; Win64; x64) AppleWebKit/537.36 (KHTML, like Gecko) Chrome/86.0.4240.111 Safari/537.36"
88.200.136.147 - - [20/Jan/2021:14:06:12 +0300] "GET /Profile HTTP/1.1" 200 18376 "https://chillvision.ru/" "Mozilla/5.0 (Windows NT 6.1; Win64; x64) AppleWebKit/537.36 (KHTML, like Gecko) Chrome/86.0.4240.111 Safari/537.36"
46.188.125.39 - - [20/Jan/2021:14:06:22 +0300] "GET /Soap/2239?utm_source=giraff.io&utm_medium=cpc&utm_campaign=Soap_2239&utm_content=ad-11195762&utm_term=directadvert_src_FA11344944 HTTP/1.1" 200 39554 "-" "Mozilla/5.0 (iPad; CPU OS 14_2 like Mac OS X) AppleWebKit/605.1.15 (KHTML, like Gecko) Version/14.0.1 Mobile/15E148 Safari/604.1"
46.188.125.39 - - [20/Jan/2021:14:06:27 +0300] "GET /Info/API?action=check_user_access&content_id=2241 HTTP/1.1" 200 181 "https://chillvision.ru/" "Mozilla/5.0 (iPad; CPU OS 14_2 like Mac OS X) AppleWebKit/605.1.15 (KHTML, like Gecko) Version/14.0.1 Mobile/15E148 Safari/604.1"
188.66.32.46 - - [20/Jan/2021:14:07:43 +0300] "GET /page/promo-sister?utm_source=trads&utm_medium=cpm&utm_campaign=promo-sister&utm_content=trads_3830251&utm_term=trads_375569582355648526 HTTP/1.1" 200 13616 "https://3988635.trads.fun/" "Mozilla/5.0 (Linux; Android 10; RMX2020 Build/QP1A.190711.020; wv) AppleWebKit/537.36 (KHTML, like Gecko) Version/4.0 Chrome/87.0.4280.101 Mobile Safari/537.36 Instagram 169.3.0.30.135 Android (29/10; 320dpi; 720x1456; realme; RMX2020; RMX2020; mt6768; ru_RU; 264009030)"
31.42.172.13 - - [20/Jan/2021:14:07:47 +0300] "GET /page/promo-sister?utm_source=trads&utm_medium=cpm&utm_campaign=promo-sister&utm_content=trads_3642877&utm_term=trads_375576772239958031 HTTP/1.1" 200 13616 "https://3988635.trads.fun/" "Mozilla/5.0 (Linux; Android 9; Redmi Note 8T Build/PKQ1.190616.001; wv) AppleWebKit/537.36 (KHTML, like Gecko) Version/4.0 Chrome/87.0.4280.141 Mobile Safari/537.36 Instagram 170.2.0.30.474 Android (28/9; 440dpi; 1080x2130; Xiaomi/xiaomi; Redmi Note 8T; willow; qcom; ru_RU; 267925737)"
91.193.177.90 - - [20/Jan/2021:14:08:47 +0300] "GET /page/promo-sister?utm_source=fb&utm_medium=cpc&utm_campaign=sisters&utm_content=storiz_3&fbclid=PAAaY9FoaTNozajjVtiqJx42hcKSj8oo53kJuZK8lgKdzpNo5l2zLm_tZOjgM_aem_AV1NA_LAbLp-lYH2xcDCltvYuZKLDP7TpNkFmwom5WbMxFOkJfX5sOEmnszQ1KwWmN090PAmKdlmDPSsxYbOGr1WwJwn9Eki5vCCG9UJb-5spymgACXVyxbzfCvverw82Vs HTTP/1.1" 301 194 "-" "Mozilla/5.0 (iPhone; CPU iPhone OS 14_2 like Mac OS X) AppleWebKit/605.1.15 (KHTML, like Gecko) Mobile/15E148 Instagram 170.0.0.29.479 (iPhone11,8; iOS 14_2; ru_RU; ru-RU; scale=2.00; 828x1792; 266894454)"
91.193.177.90 - - [20/Jan/2021:14:08:47 +0300] "GET /page/promo-sister?utm_source=fb&utm_medium=cpc&utm_campaign=sisters&utm_content=storiz_3&fbclid=PAAaY9FoaTNozajjVtiqJx42hcKSj8oo53kJuZK8lgKdzpNo5l2zLm_tZOjgM_aem_AV1NA_LAbLp-lYH2xcDCltvYuZKLDP7TpNkFmwom5WbMxFOkJfX5sOEmnszQ1KwWmN090PAmKdlmDPSsxYbOGr1WwJwn9Eki5vCCG9UJb-5spymgACXVyxbzfCvverw82Vs HTTP/1.1" 200 13624 "-" "Mozilla/5.0 (iPhone; CPU iPhone OS 14_2 like Mac OS X) AppleWebKit/605.1.15 (KHTML, like Gecko) Mobile/15E148 Instagram 170.0.0.29.479 (iPhone11,8; iOS 14_2; ru_RU; ru-RU; scale=2.00; 828x1792; 266894454)"
173.252.107.118 - - [20/Jan/2021:14:08:58 +0300] "GET /page/promo-sister HTTP/1.1" 301 194 "-" "facebookexternalhit/1.1 (+http://www.facebook.com/externalhit_uatext.php)"
173.252.107.118 - - [20/Jan/2021:14:08:59 +0300] "GET /page/promo-sister HTTP/1.1" 206 13620 "-" "facebookexternalhit/1.1 (+http://www.facebook.com/externalhit_uatext.php)"
109.238.80.86 - - [20/Jan/2021:14:09:29 +0300] "GET /Soap/1578 HTTP/1.1" 200 39347 "https://zen.yandex.ru/media/chill_online/7-krutyh-i-zreliscnyh-serialov-6001ae31d0d4386c9f5d0aad" "Mozilla/5.0 (Windows NT 10.0) AppleWebKit/537.36 (KHTML, like Gecko) Chrome/87.0.4280.141 Safari/537.36"
109.238.80.86 - - [20/Jan/2021:14:09:35 +0300] "GET /Info/API?action=check_user_access&content_id=1584 HTTP/1.1" 200 181 "https://chillvision.ru/" "Mozilla/5.0 (Windows NT 10.0) AppleWebKit/537.36 (KHTML, like Gecko) Chrome/87.0.4280.141 Safari/537.36"
109.238.80.86 - - [20/Jan/2021:14:09:39 +0300] "GET /manifest.webmanifest HTTP/1.1" 200 569 "https://chillvision.ru/" "Mozilla/5.0 (Windows NT 10.0) AppleWebKit/537.36 (KHTML, like Gecko) Chrome/87.0.4280.141 Safari/537.36"
78.37.16.62 - - [20/Jan/2021:14:09:46 +0300] "GET /Soap/1578 HTTP/1.1" 200 39352 "https://zen.yandex.ru/media/chill_online/7-krutyh-i-zreliscnyh-serialov-6001ae31d0d4386c9f5d0aad" "Mozilla/5.0 (Windows NT 6.1; Win64; x64) AppleWebKit/537.36 (KHTML, like Gecko) Chrome/87.0.4280.141 Safari/537.36"
78.37.16.62 - - [20/Jan/2021:14:09:51 +0300] "GET /Info/API?action=check_user_access&content_id=1584 HTTP/1.1" 200 180 "https://chillvision.ru/" "Mozilla/5.0 (Windows NT 6.1; Win64; x64) AppleWebKit/537.36 (KHTML, like Gecko) Chrome/87.0.4280.141 Safari/537.36"
109.238.80.86 - - [20/Jan/2021:14:09:52 +0300] "GET /Info/API?action=request_access&content_id=1584 HTTP/1.1" 200 151 "https://chillvision.ru/" "Mozilla/5.0 (Windows NT 10.0) AppleWebKit/537.36 (KHTML, like Gecko) Chrome/87.0.4280.141 Safari/537.36"
78.37.16.62 - - [20/Jan/2021:14:09:58 +0300] "GET /manifest.webmanifest HTTP/1.1" 200 569 "https://chillvision.ru/" "Mozilla/5.0 (Windows NT 6.1; Win64; x64) AppleWebKit/537.36 (KHTML, like Gecko) Chrome/87.0.4280.141 Safari/537.36"
91.193.178.146 - - [20/Jan/2021:14:10:44 +0300] "GET /Soap/1578 HTTP/1.1" 200 39352 "https://www.google.com/" "Mozilla/5.0 (Linux; Android 11; SM-G985F) AppleWebKit/537.36 (KHTML, like Gecko) Chrome/87.0.4280.141 Mobile Safari/537.36"
91.193.178.146 - - [20/Jan/2021:14:10:45 +0300] "GET /Info/API?action=check_user_access&content_id=1584 HTTP/1.1" 200 180 "https://chillvision.ru/" "Mozilla/5.0 (Linux; Android 11; SM-G985F) AppleWebKit/537.36 (KHTML, like Gecko) Chrome/87.0.4280.141 Mobile Safari/537.36"
91.193.178.146 - - [20/Jan/2021:14:10:48 +0300] "GET /manifest.webmanifest HTTP/1.1" 200 569 "https://chillvision.ru/" "Mozilla/5.0 (Linux; Android 11; SM-G985F) AppleWebKit/537.36 (KHTML, like Gecko) Chrome/87.0.4280.141 Mobile Safari/537.36"
5.255.231.18 - - [20/Jan/2021:14:11:02 +0300] "GET /media/media_content_frame/383/ac8f620ed7b65fd12a6b372d62a4a3a5.SF_1.jpg HTTP/1.1" 302 384 "-" "Mozilla/5.0 (compatible; YandexImages/3.0; +http://yandex.com/bots)"
5.255.231.18 - - [20/Jan/2021:14:11:02 +0300] "GET /MediaAPI/ImageFly/get_image?rqi=media_content_frame/383/ac8f620ed7b65fd12a6b372d62a4a3a5.SF_1.jpg HTTP/1.1" 301 0 "-" "Mozilla/5.0 (compatible; YandexImages/3.0; +http://yandex.com/bots)"
46.159.125.38 - - [20/Jan/2021:14:11:48 +0300] "GET /Soap/1578 HTTP/1.1" 200 39351 "https://yandex.ru/" "Mozilla/5.0 (Windows NT 10.0; Win64; x64) AppleWebKit/537.36 (KHTML, like Gecko) Chrome/87.0.4280.60 YaBrowser/20.12.0.963 Yowser/2.5 Safari/537.36"
46.159.125.38 - - [20/Jan/2021:14:11:49 +0300] "GET /manifest.webmanifest HTTP/1.1" 200 569 "-" "Mozilla/5.0 (Windows NT 10.0; Win64; x64) AppleWebKit/537.36 (KHTML, like Gecko) Chrome/87.0.4280.60 YaBrowser/20.12.0.963 Yowser/2.5 Safari/537.36"
46.159.125.38 - - [20/Jan/2021:14:11:49 +0300] "GET /Info/API?action=check_user_access&content_id=1584 HTTP/1.1" 200 180 "https://chillvision.ru/" "Mozilla/5.0 (Windows NT 10.0; Win64; x64) AppleWebKit/537.36 (KHTML, like Gecko) Chrome/87.0.4280.60 YaBrowser/20.12.0.963 Yowser/2.5 Safari/537.36"
46.159.125.38 - - [20/Jan/2021:14:11:51 +0300] "GET /manifest.webmanifest HTTP/1.1" 200 569 "https://chillvision.ru/" "Mozilla/5.0 (Windows NT 10.0; Win64; x64) AppleWebKit/537.36 (KHTML, like Gecko) Chrome/87.0.4280.60 YaBrowser/20.12.0.963 Yowser/2.5 Safari/537.36"
46.242.15.112 - - [20/Jan/2021:14:12:56 +0300] "GET /search/by_genre/13 HTTP/1.1" 200 15347 "-" "Mozilla/5.0 (Macintosh; Intel Mac OS X 11_1_0) AppleWebKit/537.36 (KHTML, like Gecko) Chrome/87.0.4280.141 Safari/537.36"
145.255.9.152 - - [20/Jan/2021:14:13:11 +0300] "GET /Soap/2264 HTTP/1.1" 200 46812 "https://zen.yandex.ru/media/vseofilmax/top10-vebserialov-ot-kotoryh-stynet-krov-5f9c80a41f9f7379925123b2" "Mozilla/5.0 (Windows NT 10.0; Win64; x64) AppleWebKit/537.36 (KHTML, like Gecko) Chrome/87.0.4280.60 YaBrowser/20.12.0.963 Yowser/2.5 Safari/537.36"
145.255.9.152 - - [20/Jan/2021:14:13:12 +0300] "GET /Info/API?action=check_user_access&content_id=2266 HTTP/1.1" 200 180 "https://chillvision.ru/" "Mozilla/5.0 (Windows NT 10.0; Win64; x64) AppleWebKit/537.36 (KHTML, like Gecko) Chrome/87.0.4280.60 YaBrowser/20.12.0.963 Yowser/2.5 Safari/537.36"
145.255.9.152 - - [20/Jan/2021:14:13:13 +0300] "GET /manifest.webmanifest HTTP/1.1" 200 569 "https://chillvision.ru/" "Mozilla/5.0 (Windows NT 10.0; Win64; x64) AppleWebKit/537.36 (KHTML, like Gecko) Chrome/87.0.4280.60 YaBrowser/20.12.0.963 Yowser/2.5 Safari/537.36"
46.159.125.38 - - [20/Jan/2021:14:13:30 +0300] "GET /Soap/1578 HTTP/1.1" 200 39352 "https://ok.ru/" "Mozilla/5.0 (Windows NT 10.0; Win64; x64) AppleWebKit/537.36 (KHTML, like Gecko) Chrome/87.0.4280.60 YaBrowser/20.12.0.963 Yowser/2.5 Safari/537.36"
46.159.125.38 - - [20/Jan/2021:14:13:30 +0300] "GET /manifest.webmanifest HTTP/1.1" 200 569 "-" "Mozilla/5.0 (Windows NT 10.0; Win64; x64) AppleWebKit/537.36 (KHTML, like Gecko) Chrome/87.0.4280.60 YaBrowser/20.12.0.963 Yowser/2.5 Safari/537.36"
46.159.125.38 - - [20/Jan/2021:14:13:30 +0300] "GET /Info/API?action=check_user_access&content_id=1584 HTTP/1.1" 200 180 "https://chillvision.ru/" "Mozilla/5.0 (Windows NT 10.0; Win64; x64) AppleWebKit/537.36 (KHTML, like Gecko) Chrome/87.0.4280.60 YaBrowser/20.12.0.963 Yowser/2.5 Safari/537.36"
46.242.15.112 - - [20/Jan/2021:14:13:33 +0300] "GET /search/by_genre/13 HTTP/1.1" 200 15344 "-" "Mozilla/5.0 (Macintosh; Intel Mac OS X 11_1_0) AppleWebKit/537.36 (KHTML, like Gecko) Chrome/87.0.4280.141 Safari/537.36"
109.120.30.134 - - [20/Jan/2021:14:13:37 +0300] "GET /Soap/2264 HTTP/1.1" 200 46803 "https://yandex.ru/" "Mozilla/5.0 (Windows NT 10.0; Win64; x64) AppleWebKit/537.36 (KHTML, like Gecko) Chrome/87.0.4280.141 Safari/537.36 Edg/87.0.664.75"
109.120.30.134 - - [20/Jan/2021:14:13:38 +0300] "GET /Info/API?action=check_user_access&content_id=2266 HTTP/1.1" 200 180 "https://chillvision.ru/" "Mozilla/5.0 (Windows NT 10.0; Win64; x64) AppleWebKit/537.36 (KHTML, like Gecko) Chrome/87.0.4280.141 Safari/537.36 Edg/87.0.664.75"
109.120.30.134 - - [20/Jan/2021:14:13:39 +0300] "GET /manifest.webmanifest HTTP/1.1" 200 569 "https://chillvision.ru/" "Mozilla/5.0 (Windows NT 10.0; Win64; x64) AppleWebKit/537.36 (KHTML, like Gecko) Chrome/87.0.4280.141 Safari/537.36 Edg/87.0.664.75"
5.255.231.18 - - [20/Jan/2021:14:13:44 +0300] "GET /Soap/2264 HTTP/1.1" 200 46806 "-" "Mozilla/5.0 (compatible; YandexBot/3.0; +http://yandex.com/bots)"
46.242.15.112 - - [20/Jan/2021:14:13:46 +0300] "GET /search/by_genre/13 HTTP/1.1" 200 15352 "-" "Mozilla/5.0 (Macintosh; Intel Mac OS X 11_1_0) AppleWebKit/537.36 (KHTML, like Gecko) Chrome/87.0.4280.141 Safari/537.36"
193.142.146.231 - - [20/Jan/2021:14:14:31 +0300] "GET /adminer.php HTTP/1.1" 404 165080 "-" "Mozilla/5.0 (Windows NT 10.0; Win64; x64; rv:83.0) Gecko/20100101 Firefox/83.0"
145.255.9.152 - - [20/Jan/2021:14:14:46 +0300] "GET /Soap/2264 HTTP/1.1" 200 46812 "https://yandex.ru/" "Mozilla/5.0 (Windows NT 10.0; Win64; x64) AppleWebKit/537.36 (KHTML, like Gecko) Chrome/87.0.4280.60 YaBrowser/20.12.0.963 Yowser/2.5 Safari/537.36"
145.255.9.152 - - [20/Jan/2021:14:14:47 +0300] "GET /Info/API?action=check_user_access&content_id=2266 HTTP/1.1" 200 180 "https://chillvision.ru/" "Mozilla/5.0 (Windows NT 10.0; Win64; x64) AppleWebKit/537.36 (KHTML, like Gecko) Chrome/87.0.4280.60 YaBrowser/20.12.0.963 Yowser/2.5 Safari/537.36"
54.36.148.223 - - [20/Jan/2021:14:14:51 +0300] "GET /Soap/1067 HTTP/1.1" 200 36022 "-" "Mozilla/5.0 (compatible; AhrefsBot/7.0; +http://ahrefs.com/robot/)"
145.255.9.152 - - [20/Jan/2021:14:14:55 +0300] "GET /Info/API?action=request_access&content_id=2266 HTTP/1.1" 200 151 "https://chillvision.ru/" "Mozilla/5.0 (Windows NT 10.0; Win64; x64) AppleWebKit/537.36 (KHTML, like Gecko) Chrome/87.0.4280.60 YaBrowser/20.12.0.963 Yowser/2.5 Safari/537.36"
46.242.14.203 - - [20/Jan/2021:14:16:21 +0300] "GET /Soap/440 HTTP/1.1" 200 39653 "https://zen.yandex.ru/media/chill_online/7-krutyh-i-zreliscnyh-serialov-6001ae31d0d4386c9f5d0aad" "Mozilla/5.0 (Windows NT 10.0; Win64; x64) AppleWebKit/537.36 (KHTML, like Gecko) Chrome/87.0.4280.88 YaBrowser/20.12.1.179 Yowser/2.5 Safari/537.36"
46.242.14.203 - - [20/Jan/2021:14:16:22 +0300] "GET /Info/API?action=check_user_access&content_id=449 HTTP/1.1" 200 180 "https://chillvision.ru/" "Mozilla/5.0 (Windows NT 10.0; Win64; x64) AppleWebKit/537.36 (KHTML, like Gecko) Chrome/87.0.4280.88 YaBrowser/20.12.1.179 Yowser/2.5 Safari/537.36"
46.242.14.203 - - [20/Jan/2021:14:16:23 +0300] "GET /manifest.webmanifest HTTP/1.1" 200 569 "https://chillvision.ru/" "Mozilla/5.0 (Windows NT 10.0; Win64; x64) AppleWebKit/537.36 (KHTML, like Gecko) Chrome/87.0.4280.88 YaBrowser/20.12.1.179 Yowser/2.5 Safari/537.36"
37.252.83.116 - - [20/Jan/2021:14:18:31 +0300] "GET / HTTP/1.1" 200 25016 "-" "Mozilla/5.0 (iPhone; CPU iPhone OS 14_3 like Mac OS X) AppleWebKit/605.1.15 (KHTML, like Gecko) Version/14.0.2 Mobile/15E148 Safari/604.1"
37.252.83.116 - - [20/Jan/2021:14:19:23 +0300] "GET / HTTP/1.1" 200 25011 "-" "Mozilla/5.0 (iPhone; CPU iPhone OS 14_3 like Mac OS X) AppleWebKit/605.1.15 (KHTML, like Gecko) Version/14.0.2 Mobile/15E148 Safari/604.1"
90.154.71.245 - - [20/Jan/2021:14:19:37 +0300] "GET /Soap/1578 HTTP/1.1" 200 39350 "https://zen.yandex.ru/media/chill_online/7-krutyh-i-zreliscnyh-serialov-6001ae31d0d4386c9f5d0aad" "Mozilla/5.0 (Windows NT 10.0; Win64; x64; rv:84.0) Gecko/20100101 Firefox/84.0"
90.154.71.245 - - [20/Jan/2021:14:19:39 +0300] "GET /Info/API?action=check_user_access&content_id=1584 HTTP/1.1" 200 181 "https://chillvision.ru/" "Mozilla/5.0 (Windows NT 10.0; Win64; x64; rv:84.0) Gecko/20100101 Firefox/84.0"
46.242.15.112 - - [20/Jan/2021:14:19:50 +0300] "GET /search/by_genre/13 HTTP/1.1" 200 15339 "-" "Mozilla/5.0 (Macintosh; Intel Mac OS X 11_1_0) AppleWebKit/537.36 (KHTML, like Gecko) Chrome/87.0.4280.141 Safari/537.36"
46.242.15.112 - - [20/Jan/2021:14:20:27 +0300] "GET /search/by_emoji/12 HTTP/1.1" 200 16448 "-" "Mozilla/5.0 (Macintosh; Intel Mac OS X 11_1_0) AppleWebKit/537.36 (KHTML, like Gecko) Chrome/87.0.4280.141 Safari/537.36"
46.242.15.112 - - [20/Jan/2021:14:21:44 +0300] "GET /search/by_emoji/12 HTTP/1.1" 200 16441 "-" "Mozilla/5.0 (Macintosh; Intel Mac OS X 11_1_0) AppleWebKit/537.36 (KHTML, like Gecko) Chrome/87.0.4280.141 Safari/537.36"
46.242.15.112 - - [20/Jan/2021:14:21:54 +0300] "GET /collection/363 HTTP/1.1" 200 16333 "-" "Mozilla/5.0 (Macintosh; Intel Mac OS X 11_1_0) AppleWebKit/537.36 (KHTML, like Gecko) Chrome/87.0.4280.141 Safari/537.36"
90.154.71.245 - - [20/Jan/2021:14:22:59 +0300] "GET /favicon.ico HTTP/1.1" 404 25164 "https://chillvision.ru/media/media_content_poster/1578/e6bd9246209c003bcdfa2e46b8a70194.SW_400H_520.jpg" "Mozilla/5.0 (Windows NT 10.0; Win64; x64; rv:84.0) Gecko/20100101 Firefox/84.0"
91.235.220.188 - - [20/Jan/2021:14:23:03 +0300] "GET /Soap/440 HTTP/1.1" 200 39649 "https://zen.yandex.ru/media/chill_online/7-krutyh-i-zreliscnyh-serialov-6001ae31d0d4386c9f5d0aad" "Mozilla/5.0 (Windows NT 6.1; WOW64) AppleWebKit/537.36 (KHTML, like Gecko) Chrome/87.0.4280.141 Safari/537.36"
91.235.220.188 - - [20/Jan/2021:14:23:10 +0300] "GET /Info/API?action=check_user_access&content_id=449 HTTP/1.1" 200 180 "https://chillvision.ru/" "Mozilla/5.0 (Windows NT 6.1; WOW64) AppleWebKit/537.36 (KHTML, like Gecko) Chrome/87.0.4280.141 Safari/537.36"
91.235.220.188 - - [20/Jan/2021:14:23:23 +0300] "GET /manifest.webmanifest HTTP/1.1" 200 569 "https://chillvision.ru/" "Mozilla/5.0 (Windows NT 6.1; WOW64) AppleWebKit/537.36 (KHTML, like Gecko) Chrome/87.0.4280.141 Safari/537.36"
77.74.31.246 - - [20/Jan/2021:14:23:24 +0300] "GET /Soap/440 HTTP/1.1" 200 39651 "https://zen.yandex.ru/media/chill_online/7-krutyh-i-zreliscnyh-serialov-6001ae31d0d4386c9f5d0aad" "Mozilla/5.0 (Windows NT 6.3; Win64; x64; rv:84.0) Gecko/20100101 Firefox/84.0"
77.74.31.246 - - [20/Jan/2021:14:23:28 +0300] "GET /Info/API?action=check_user_access&content_id=449 HTTP/1.1" 200 180 "https://chillvision.ru/" "Mozilla/5.0 (Windows NT 6.3; Win64; x64; rv:84.0) Gecko/20100101 Firefox/84.0"
212.74.203.239 - - [20/Jan/2021:14:23:50 +0300] "GET /Soap/440 HTTP/1.1" 200 39650 "https://zen.yandex.ru/media/blackmariakino/ochen-strashnye-serialy-10-maloizvestnyh-proektov-5f991a84baf78e79e7fee094" "Mozilla/5.0 (Windows NT 10.0; WOW64) AppleWebKit/537.36 (KHTML, like Gecko) Chrome/87.0.4280.88 YaBrowser/20.12.1.178 Yowser/2.5 Safari/537.36"
212.74.203.239 - - [20/Jan/2021:14:23:52 +0300] "GET /Info/API?action=check_user_access&content_id=449 HTTP/1.1" 200 180 "https://chillvision.ru/" "Mozilla/5.0 (Windows NT 10.0; WOW64) AppleWebKit/537.36 (KHTML, like Gecko) Chrome/87.0.4280.88 YaBrowser/20.12.1.178 Yowser/2.5 Safari/537.36"
212.74.203.239 - - [20/Jan/2021:14:23:54 +0300] "GET /manifest.webmanifest HTTP/1.1" 200 569 "https://chillvision.ru/" "Mozilla/5.0 (Windows NT 10.0; WOW64) AppleWebKit/537.36 (KHTML, like Gecko) Chrome/87.0.4280.88 YaBrowser/20.12.1.178 Yowser/2.5 Safari/537.36"
213.180.203.41 - - [20/Jan/2021:14:24:05 +0300] "GET /?yclid=7710547526903176844 HTTP/1.1" 301 194 "-" "Mozilla/5.0 (compatible; YandexMetrika/2.0; +http://yandex.com/bots yabs01)"
5.45.207.175 - - [20/Jan/2021:14:24:06 +0300] "GET /?yclid=7710547526903176844 HTTP/1.1" 200 25018 "-" "Mozilla/5.0 (compatible; YandexMetrika/2.0; +http://yandex.com/bots yabs01)"
5.255.231.18 - - [20/Jan/2021:14:24:30 +0300] "GET /Soap/440 HTTP/1.1" 200 39653 "-" "Mozilla/5.0 (compatible; YandexBot/3.0; +http://yandex.com/bots)"
46.242.15.112 - - [20/Jan/2021:14:25:09 +0300] "GET /collection/363 HTTP/1.1" 200 16324 "-" "Mozilla/5.0 (Macintosh; Intel Mac OS X 11_1_0) AppleWebKit/537.36 (KHTML, like Gecko) Chrome/87.0.4280.141 Safari/537.36"
46.242.15.112 - - [20/Jan/2021:14:25:15 +0300] "GET /admin/MediaContent/Index HTTP/1.1" 200 2893 "https://chillvision.ru/admin/GenreList/Index" "Mozilla/5.0 (Macintosh; Intel Mac OS X 11_1_0) AppleWebKit/537.36 (KHTML, like Gecko) Chrome/87.0.4280.141 Safari/537.36"
46.242.15.112 - - [20/Jan/2021:14:25:15 +0300] "GET /Util/ComponentManager/getComponent?fqcn=desktop.mediacontent.js HTTP/1.1" 200 9506 "https://chillvision.ru/admin/MediaContent/Index" "Mozilla/5.0 (Macintosh; Intel Mac OS X 11_1_0) AppleWebKit/537.36 (KHTML, like Gecko) Chrome/87.0.4280.141 Safari/537.36"
46.242.15.112 - - [20/Jan/2021:14:25:15 +0300] "GET /Util/ComponentManager/getComponent?fqcn=inline.inline_media_ribbon_lent.js HTTP/1.1" 200 6676 "https://chillvision.ru/admin/MediaContent/Index" "Mozilla/5.0 (Macintosh; Intel Mac OS X 11_1_0) AppleWebKit/537.36 (KHTML, like Gecko) Chrome/87.0.4280.141 Safari/537.36"
46.242.15.112 - - [20/Jan/2021:14:25:15 +0300] "POST /admin/MediaContent/API?action=list HTTP/1.1" 200 3967 "https://chillvision.ru/admin/MediaContent/Index" "Mozilla/5.0 (Macintosh; Intel Mac OS X 11_1_0) AppleWebKit/537.36 (KHTML, like Gecko) Chrome/87.0.4280.141 Safari/537.36"
46.242.15.112 - - [20/Jan/2021:14:25:20 +0300] "GET /Util/ComponentManager/getComponent?fqcn=data_editor.mediacontent.type_editor.collection_editor.js HTTP/1.1" 200 9924 "https://chillvision.ru/admin/MediaContent/Index" "Mozilla/5.0 (Macintosh; Intel Mac OS X 11_1_0) AppleWebKit/537.36 (KHTML, like Gecko) Chrome/87.0.4280.141 Safari/537.36"
46.242.15.112 - - [20/Jan/2021:14:25:20 +0300] "GET /Util/ComponentManager/getComponent?fqcn=inline.mce_cm_html.js HTTP/1.1" 200 2906 "https://chillvision.ru/admin/MediaContent/Index" "Mozilla/5.0 (Macintosh; Intel Mac OS X 11_1_0) AppleWebKit/537.36 (KHTML, like Gecko) Chrome/87.0.4280.141 Safari/537.36"
46.242.15.112 - - [20/Jan/2021:14:25:20 +0300] "GET /Util/ComponentManager/getComponent?fqcn=media.image_uploader.js HTTP/1.1" 200 10762 "https://chillvision.ru/admin/MediaContent/Index" "Mozilla/5.0 (Macintosh; Intel Mac OS X 11_1_0) AppleWebKit/537.36 (KHTML, like Gecko) Chrome/87.0.4280.141 Safari/537.36"
46.242.15.112 - - [20/Jan/2021:14:25:20 +0300] "GET /admin/MediaContent/API?action=get&id=363&content_type=ctCOLLECTION HTTP/1.1" 200 2100 "https://chillvision.ru/admin/MediaContent/Index" "Mozilla/5.0 (Macintosh; Intel Mac OS X 11_1_0) AppleWebKit/537.36 (KHTML, like Gecko) Chrome/87.0.4280.141 Safari/537.36"
46.242.15.112 - - [20/Jan/2021:14:25:20 +0300] "GET /MediaAPI/ImageFly/API?action=list&context=media_content_poster&owner_id=363 HTTP/1.1" 200 340 "https://chillvision.ru/admin/MediaContent/Index" "Mozilla/5.0 (Macintosh; Intel Mac OS X 11_1_0) AppleWebKit/537.36 (KHTML, like Gecko) Chrome/87.0.4280.141 Safari/537.36"
46.242.15.112 - - [20/Jan/2021:14:25:31 +0300] "POST /admin/MediaContent/API HTTP/1.1" 200 2103 "https://chillvision.ru/admin/MediaContent/Index" "Mozilla/5.0 (Macintosh; Intel Mac OS X 11_1_0) AppleWebKit/537.36 (KHTML, like Gecko) Chrome/87.0.4280.141 Safari/537.36"
46.242.15.112 - - [20/Jan/2021:14:25:31 +0300] "GET /MediaAPI/ImageFly/API?action=list&context=media_content_poster&owner_id=363 HTTP/1.1" 200 340 "https://chillvision.ru/admin/MediaContent/Index" "Mozilla/5.0 (Macintosh; Intel Mac OS X 11_1_0) AppleWebKit/537.36 (KHTML, like Gecko) Chrome/87.0.4280.141 Safari/537.36"
46.242.15.112 - - [20/Jan/2021:14:25:31 +0300] "POST /admin/MediaContent/API?action=list HTTP/1.1" 200 3966 "https://chillvision.ru/admin/MediaContent/Index" "Mozilla/5.0 (Macintosh; Intel Mac OS X 11_1_0) AppleWebKit/537.36 (KHTML, like Gecko) Chrome/87.0.4280.141 Safari/537.36"
46.242.15.112 - - [20/Jan/2021:14:25:33 +0300] "GET /collection/363 HTTP/1.1" 200 16331 "-" "Mozilla/5.0 (Macintosh; Intel Mac OS X 11_1_0) AppleWebKit/537.36 (KHTML, like Gecko) Chrome/87.0.4280.141 Safari/537.36"
46.242.15.112 - - [20/Jan/2021:14:25:52 +0300] "POST /admin/MediaContent/API HTTP/1.1" 200 2107 "https://chillvision.ru/admin/MediaContent/Index" "Mozilla/5.0 (Macintosh; Intel Mac OS X 11_1_0) AppleWebKit/537.36 (KHTML, like Gecko) Chrome/87.0.4280.141 Safari/537.36"
46.242.15.112 - - [20/Jan/2021:14:25:52 +0300] "GET /MediaAPI/ImageFly/API?action=list&context=media_content_poster&owner_id=363 HTTP/1.1" 200 340 "https://chillvision.ru/admin/MediaContent/Index" "Mozilla/5.0 (Macintosh; Intel Mac OS X 11_1_0) AppleWebKit/537.36 (KHTML, like Gecko) Chrome/87.0.4280.141 Safari/537.36"
46.242.15.112 - - [20/Jan/2021:14:25:52 +0300] "POST /admin/MediaContent/API?action=list HTTP/1.1" 200 3968 "https://chillvision.ru/admin/MediaContent/Index" "Mozilla/5.0 (Macintosh; Intel Mac OS X 11_1_0) AppleWebKit/537.36 (KHTML, like Gecko) Chrome/87.0.4280.141 Safari/537.36"
46.242.15.112 - - [20/Jan/2021:14:25:54 +0300] "GET /collection/363 HTTP/1.1" 200 16339 "-" "Mozilla/5.0 (Macintosh; Intel Mac OS X 11_1_0) AppleWebKit/537.36 (KHTML, like Gecko) Chrome/87.0.4280.141 Safari/537.36"
46.242.15.112 - - [20/Jan/2021:14:26:01 +0300] "POST /admin/MediaContent/API HTTP/1.1" 200 2104 "https://chillvision.ru/admin/MediaContent/Index" "Mozilla/5.0 (Macintosh; Intel Mac OS X 11_1_0) AppleWebKit/537.36 (KHTML, like Gecko) Chrome/87.0.4280.141 Safari/537.36"
46.242.15.112 - - [20/Jan/2021:14:26:01 +0300] "GET /MediaAPI/ImageFly/API?action=list&context=media_content_poster&owner_id=363 HTTP/1.1" 200 338 "https://chillvision.ru/admin/MediaContent/Index" "Mozilla/5.0 (Macintosh; Intel Mac OS X 11_1_0) AppleWebKit/537.36 (KHTML, like Gecko) Chrome/87.0.4280.141 Safari/537.36"
46.242.15.112 - - [20/Jan/2021:14:26:01 +0300] "POST /admin/MediaContent/API?action=list HTTP/1.1" 200 3966 "https://chillvision.ru/admin/MediaContent/Index" "Mozilla/5.0 (Macintosh; Intel Mac OS X 11_1_0) AppleWebKit/537.36 (KHTML, like Gecko) Chrome/87.0.4280.141 Safari/537.36"
46.242.15.112 - - [20/Jan/2021:14:26:04 +0300] "GET /collection/363 HTTP/1.1" 200 16328 "-" "Mozilla/5.0 (Macintosh; Intel Mac OS X 11_1_0) AppleWebKit/537.36 (KHTML, like Gecko) Chrome/87.0.4280.141 Safari/537.36"
217.66.154.170 - - [20/Jan/2021:14:26:09 +0300] "GET /Soap/440 HTTP/1.1" 200 39652 "https://yandex.ru/clck/jsredir?bu=1ot5&from=yandex.ru%3Bsearch%2F%3Bweb%3B%3B&text=&etext=2202.WOh56sPYh5lnVqaPPaRa6H5-686oc1VLJdMOJ2i-x2zD4RpydChLVy5ibEsStTDnBnKFidAVjzscQu2mplRXJggA-dhn5oluQb7ZoI8246L09-TAt9IApvrYaiE92GURG27ut7bClAfGa6BouI4Y6RU2TJMXRqbPMYT-xbrWPUNycnh6YnR1Z2ticHh4cXpp.9f4649e0d954dcd40afac789fa853563a7243cce&uuid=&state=PEtFfuTeVD5kpHnK9lio9b04eb9KTsJpyUPmFJ-HTY8wfx6CQzn_Tw,,&&cst=AiuY0DBWFJ5fN_r-AEszk3BMzQyUMOTqhTgrlRFggM4NXJ29aTuvpjAfviBrGLh8_etqyc8XzkYXgtYeKs_mdg0gXm8GldTmE2ICH-OyPATb_nmdomvbweLE8dwT0CuYl7TG6tHgXu5WY3eOHtSQnR2fmqyBGi_gCizGfM0aobm9-IqZGhy1RNdIWr-5nfaHJeLbRfD71Whe7Dat6X0pV2dBjs2g3KJm1fCvDcYNyiBURxyCLazKu76R8uPLfZ6l8UjmKX1n8jHwxpQJfygoy-bC3rTC8dlvO8QYAzmLlqFUr9NxA39HBh1ggowHX9M2iRMScPSDESYL8RefvSU74vOLri7r4lr_KV20HNpOif7vFB_Yxs33u_yZhCmjPTlvxh8QnBRyzK5GoNmrz1Lrq8XsQEJsDTRyNWSjI1b2puvvSD9ivwxeR_gQufsfvml_6saLtsQn4UQ2T_zhBiRp_w4y0SkRZkbO6dbZNGn-jprWYFZV7n4LLn8wceT3dvEDhr-JxaUynQhaDxVgAZhL_R5vjmA-IN2n6YKTYLtuRlzWu1o7a11HLSMZgiLHT7OGEgYsaRW78qdI4ItyTt59yw3IUWftbs4cfBNwCB8hMAuWjcSxMwNpVI20ch8q1p3h-w5NlleFaiXMlKQi9I8ruV8hvzGOXDTCD4GfGdonIi2JvIQ_nTyUg2jilwHeuC4pb07Sp7OHosb1SfoXh-MVIoOMtaryr5YHJLATXRMt0cOQt39mEAI7nv39-2jJD-_sh5tz6UO28Y71jpGRDAQmv4hcy_4xUjraoeiH2-54980n9gxC0mFUzktZmLXsixnftvbbETCPA0Rfq57M_XNa_5p7T79LPgxXoI5ZAu9N4A4JRgC96P3eKXANt6TcX9FWUsTeXjrHyNnKB-OOmYCa_gjAjHR60WbCp4iUMnZk2xpoBnvXBtOOma-t8fTX_yWo&data=UlNrNmk5WktYejY4cHFySjRXSWhXSGoyZGRtQ09qc1ZHbExuYWFzOTYwOGxIRS1tSkRoMUNrRkFteTA3Qm1kdUNEVzFsMXNEb2RHaTgxLTV0ekFKaGVqSTNmS3lCOEh4cWJzWGtzLW5HYkU4Tkx0Y0lnbWNLZyws&sign=496cf0f634eb4cc69164bb546dd4ff97&keyno=0&b64e=2&ref=orjY4mGPRjk5boDnW0uvlrrd71vZw9kpjly_ySFdX80,&l10n=ru&cts=1611141966942&hdtime=41360.715" "Mozilla/5.0 (Linux; NetCast; U) AppleWebKit/537.31 (KHTML, like Gecko) Chrome/53.0.2785.34 Safari/537.31 SmartTV/6.0"
37.252.83.116 - - [20/Jan/2021:14:26:13 +0300] "GET / HTTP/1.1" 200 25013 "-" "Mozilla/5.0 (iPhone; CPU iPhone OS 14_3 like Mac OS X) AppleWebKit/605.1.15 (KHTML, like Gecko) Version/14.0.2 Mobile/15E148 Safari/604.1"
185.165.160.203 - - [20/Jan/2021:14:26:15 +0300] "GET / HTTP/1.1" 200 25019 "https://www.google.com/" "Mozilla/5.0 (Windows NT 10.0; Win64; x64) AppleWebKit/537.36 (KHTML, like Gecko) Chrome/87.0.4280.141 Safari/537.36"
217.66.154.170 - - [20/Jan/2021:14:26:18 +0300] "GET /Info/API?action=check_user_access&content_id=449 HTTP/1.1" 200 180 "https://chillvision.ru/" "Mozilla/5.0 (Linux; NetCast; U) AppleWebKit/537.31 (KHTML, like Gecko) Chrome/53.0.2785.34 Safari/537.31 SmartTV/6.0"
109.252.85.154 - - [20/Jan/2021:14:26:36 +0300] "GET /page/promo-sister?utm_source=fb&utm_medium=cpc&utm_campaign=sisters&utm_content=storiz_3&fbclid=PAAaZVRIE6YviQ6Vl9gfoMyFC0RC_rSc48DYmLOBXo6qO5SgyeVcooeCQ10ho_aem_AV246qR03SKg2QWTQ34j6owRLF-Cm5iYou9tfqlKYdkQkJYPle-BOm0eR2tJ8nrDDBqV2a7alTDGRfyJo7E4T1_GqfyBqa8nuLTNfVxbIwx49dhYhRBo-BGXE0SFwc9p2SU HTTP/1.1" 301 194 "-" "Mozilla/5.0 (iPhone; CPU iPhone OS 14_0_1 like Mac OS X) AppleWebKit/605.1.15 (KHTML, like Gecko) Mobile/15E148 Instagram 170.0.0.29.479 (iPhone8,1; iOS 14_0_1; ru_RU; ru-RU; scale=2.00; 750x1334; 266894454)"
109.252.85.154 - - [20/Jan/2021:14:26:36 +0300] "GET /page/promo-sister?utm_source=fb&utm_medium=cpc&utm_campaign=sisters&utm_content=storiz_3&fbclid=PAAaZVRIE6YviQ6Vl9gfoMyFC0RC_rSc48DYmLOBXo6qO5SgyeVcooeCQ10ho_aem_AV246qR03SKg2QWTQ34j6owRLF-Cm5iYou9tfqlKYdkQkJYPle-BOm0eR2tJ8nrDDBqV2a7alTDGRfyJo7E4T1_GqfyBqa8nuLTNfVxbIwx49dhYhRBo-BGXE0SFwc9p2SU HTTP/1.1" 200 13619 "-" "Mozilla/5.0 (iPhone; CPU iPhone OS 14_0_1 like Mac OS X) AppleWebKit/605.1.15 (KHTML, like Gecko) Mobile/15E148 Instagram 170.0.0.29.479 (iPhone8,1; iOS 14_0_1; ru_RU; ru-RU; scale=2.00; 750x1334; 266894454)"
