62.33.99.130 - - [20/Jan/2021:10:02:47 +0300] "GET /Info/API?action=check_user_access&content_id=2266 HTTP/1.1" 200 180 "https://chillvision.ru/" "Mozilla/5.0 (Windows NT 10.0) AppleWebKit/537.36 (KHTML, like Gecko) Chrome/87.0.4280.60 YaBrowser/20.12.0.966 Yowser/2.5 Safari/537.36"
80.136.41.139 - - [20/Jan/2021:10:03:29 +0300] "GET /page/promo-sister?utm_source=trads&utm_medium=cpm&utm_campaign=promo-sister&utm_content=trads_3642877&utm_term=trads_375475201414012997 HTTP/1.1" 200 13619 "https://3988635.trads.fun/t/awsme_dance/" "Mozilla/5.0 (Linux; Android 10; STK-LX1 Build/HUAWEISTK-LX1; wv) AppleWebKit/537.36 (KHTML, like Gecko) Version/4.0 Chrome/83.0.4103.106 Mobile Safari/537.36 Instagram 170.2.0.30.474 Android (29/10; 480dpi; 1080x2224; HUAWEI; STK-LX1; HWSTK-HF; kirin710; de_DE; 267925737)"
173.231.59.216 - - [20/Jan/2021:10:03:38 +0300] "GET /collection/1877 HTTP/1.1" 200 17993 "https://chillvision.ru/" "Mozilla/5.0 (compatible; Adsbot/3.1)"
109.252.90.132 - - [20/Jan/2021:10:03:50 +0300] "GET /page/promo-sister?utm_source=fb&utm_medium=cpc&utm_campaign=sisters&utm_content=storiz_3&fbclid=PAAaY2WWYrwvVGOjntJ0la6_RoMh1DMKq5Knnq7Bom_UK9IKO8daD4Z6eJ65Y_aem_AUnBLyOr8-jwU5Ru3K19F9eqtL7TmzuctuQVI74PCk7l_ts82pCC6fCeVhcbVluc0IqY9U9jACUnT63HeGl5g1aiwwusYwRYS6dPXqugzDTekEufwg-9NzUdTIv0cFs26BI HTTP/1.1" 301 194 "-" "Mozilla/5.0 (iPhone; CPU iPhone OS 14_3 like Mac OS X) AppleWebKit/605.1.15 (KHTML, like Gecko) Mobile/15E148 Instagram 169.0.0.21.133 (iPhone10,5; iOS 14_3; ru_RU; ru; scale=2.61; 1080x1920; 261791898)"
109.252.90.132 - - [20/Jan/2021:10:03:50 +0300] "GET /page/promo-sister?utm_source=fb&utm_medium=cpc&utm_campaign=sisters&utm_content=storiz_3&fbclid=PAAaY2WWYrwvVGOjntJ0la6_RoMh1DMKq5Knnq7Bom_UK9IKO8daD4Z6eJ65Y_aem_AUnBLyOr8-jwU5Ru3K19F9eqtL7TmzuctuQVI74PCk7l_ts82pCC6fCeVhcbVluc0IqY9U9jACUnT63HeGl5g1aiwwusYwRYS6dPXqugzDTekEufwg-9NzUdTIv0cFs26BI HTTP/1.1" 200 13620 "-" "Mozilla/5.0 (iPhone; CPU iPhone OS 14_3 like Mac OS X) AppleWebKit/605.1.15 (KHTML, like Gecko) Mobile/15E148 Instagram 169.0.0.21.133 (iPhone10,5; iOS 14_3; ru_RU; ru; scale=2.61; 1080x1920; 261791898)"
91.78.25.168 - - [20/Jan/2021:10:04:34 +0300] "GET /admin/MediaContent/Index HTTP/1.1" 200 2897 "-" "Mozilla/5.0 (Macintosh; Intel Mac OS X 10_15_4) AppleWebKit/537.36 (KHTML, like Gecko) Chrome/87.0.4280.141 Safari/537.36"
91.78.25.168 - - [20/Jan/2021:10:04:35 +0300] "GET /Util/ComponentManager/getComponent?fqcn=desktop.mediacontent.js HTTP/1.1" 200 9506 "https://chillvision.ru/admin/MediaContent/Index" "Mozilla/5.0 (Macintosh; Intel Mac OS X 10_15_4) AppleWebKit/537.36 (KHTML, like Gecko) Chrome/87.0.4280.141 Safari/537.36"
91.78.25.168 - - [20/Jan/2021:10:04:35 +0300] "GET /Util/ComponentManager/getComponent?fqcn=inline.inline_media_ribbon_lent.js HTTP/1.1" 200 6676 "https://chillvision.ru/admin/MediaContent/Index" "Mozilla/5.0 (Macintosh; Intel Mac OS X 10_15_4) AppleWebKit/537.36 (KHTML, like Gecko) Chrome/87.0.4280.141 Safari/537.36"
91.78.25.168 - - [20/Jan/2021:10:04:35 +0300] "POST /admin/MediaContent/API?action=list HTTP/1.1" 200 2590 "https://chillvision.ru/admin/MediaContent/Index" "Mozilla/5.0 (Macintosh; Intel Mac OS X 10_15_4) AppleWebKit/537.36 (KHTML, like Gecko) Chrome/87.0.4280.141 Safari/537.36"
91.78.25.168 - - [20/Jan/2021:10:04:35 +0300] "GET /favicon.ico HTTP/1.1" 404 25170 "https://chillvision.ru/admin/MediaContent/Index" "Mozilla/5.0 (Macintosh; Intel Mac OS X 10_15_4) AppleWebKit/537.36 (KHTML, like Gecko) Chrome/87.0.4280.141 Safari/537.36"
91.78.25.168 - - [20/Jan/2021:10:04:42 +0300] "GET /Util/ComponentManager/getComponent?fqcn=data_editor.mediacontent.type_editor.season_editor.js HTTP/1.1" 200 10265 "https://chillvision.ru/admin/MediaContent/Index" "Mozilla/5.0 (Macintosh; Intel Mac OS X 10_15_4) AppleWebKit/537.36 (KHTML, like Gecko) Chrome/87.0.4280.141 Safari/537.36"
91.78.25.168 - - [20/Jan/2021:10:04:42 +0300] "GET /Util/ComponentManager/getComponent?fqcn=inline.mce_cm_html.js HTTP/1.1" 200 2906 "https://chillvision.ru/admin/MediaContent/Index" "Mozilla/5.0 (Macintosh; Intel Mac OS X 10_15_4) AppleWebKit/537.36 (KHTML, like Gecko) Chrome/87.0.4280.141 Safari/537.36"
91.78.25.168 - - [20/Jan/2021:10:04:42 +0300] "GET /Util/ComponentManager/getComponent?fqcn=media.image_uploader.js HTTP/1.1" 200 10762 "https://chillvision.ru/admin/MediaContent/Index" "Mozilla/5.0 (Macintosh; Intel Mac OS X 10_15_4) AppleWebKit/537.36 (KHTML, like Gecko) Chrome/87.0.4280.141 Safari/537.36"
91.78.25.168 - - [20/Jan/2021:10:04:42 +0300] "GET /Util/ComponentManager/getComponent?fqcn=inline.inline_tag_list.js HTTP/1.1" 200 3796 "https://chillvision.ru/admin/MediaContent/Index" "Mozilla/5.0 (Macintosh; Intel Mac OS X 10_15_4) AppleWebKit/537.36 (KHTML, like Gecko) Chrome/87.0.4280.141 Safari/537.36"
91.78.25.168 - - [20/Jan/2021:10:04:42 +0300] "GET /Util/ComponentManager/getComponent?fqcn=inline.property_editor.js HTTP/1.1" 200 4170 "https://chillvision.ru/admin/MediaContent/Index" "Mozilla/5.0 (Macintosh; Intel Mac OS X 10_15_4) AppleWebKit/537.36 (KHTML, like Gecko) Chrome/87.0.4280.141 Safari/537.36"
91.78.25.168 - - [20/Jan/2021:10:04:42 +0300] "GET /Util/ComponentManager/getComponent?fqcn=inline.iniline_media_trailer_list.js HTTP/1.1" 200 4186 "https://chillvision.ru/admin/MediaContent/Index" "Mozilla/5.0 (Macintosh; Intel Mac OS X 10_15_4) AppleWebKit/537.36 (KHTML, like Gecko) Chrome/87.0.4280.141 Safari/537.36"
91.78.25.168 - - [20/Jan/2021:10:04:42 +0300] "GET /Util/ComponentManager/getComponent?fqcn=inline.inline_media_personal_list.js HTTP/1.1" 200 4975 "https://chillvision.ru/admin/MediaContent/Index" "Mozilla/5.0 (Macintosh; Intel Mac OS X 10_15_4) AppleWebKit/537.36 (KHTML, like Gecko) Chrome/87.0.4280.141 Safari/537.36"
91.78.25.168 - - [20/Jan/2021:10:04:42 +0300] "GET /Util/ComponentManager/getComponent?fqcn=inline.inline_media_season_list.js HTTP/1.1" 200 4276 "https://chillvision.ru/admin/MediaContent/Index" "Mozilla/5.0 (Macintosh; Intel Mac OS X 10_15_4) AppleWebKit/537.36 (KHTML, like Gecko) Chrome/87.0.4280.141 Safari/537.36"
91.78.25.168 - - [20/Jan/2021:10:04:43 +0300] "GET /Info/API?action=actor_role_list HTTP/1.1" 200 399 "https://chillvision.ru/admin/MediaContent/Index" "Mozilla/5.0 (Macintosh; Intel Mac OS X 10_15_4) AppleWebKit/537.36 (KHTML, like Gecko) Chrome/87.0.4280.141 Safari/537.36"
91.78.25.168 - - [20/Jan/2021:10:04:43 +0300] "GET /admin/MediaContent/API?action=get&id=2935&content_type=ctSEASON HTTP/1.1" 200 848 "https://chillvision.ru/admin/MediaContent/Index" "Mozilla/5.0 (Macintosh; Intel Mac OS X 10_15_4) AppleWebKit/537.36 (KHTML, like Gecko) Chrome/87.0.4280.141 Safari/537.36"
91.78.25.168 - - [20/Jan/2021:10:04:43 +0300] "POST /admin/MediaContent/API?action=list_season_seasons HTTP/1.1" 200 323 "https://chillvision.ru/admin/MediaContent/Index" "Mozilla/5.0 (Macintosh; Intel Mac OS X 10_15_4) AppleWebKit/537.36 (KHTML, like Gecko) Chrome/87.0.4280.141 Safari/537.36"
91.78.25.168 - - [20/Jan/2021:10:04:43 +0300] "POST /admin/MediaContent/API?action=list_trailers HTTP/1.1" 200 248 "https://chillvision.ru/admin/MediaContent/Index" "Mozilla/5.0 (Macintosh; Intel Mac OS X 10_15_4) AppleWebKit/537.36 (KHTML, like Gecko) Chrome/87.0.4280.141 Safari/537.36"
91.78.25.168 - - [20/Jan/2021:10:04:43 +0300] "GET /MediaAPI/ImageFly/API?action=list&context=media_content_poster&owner_id=2935 HTTP/1.1" 200 234 "https://chillvision.ru/admin/MediaContent/Index" "Mozilla/5.0 (Macintosh; Intel Mac OS X 10_15_4) AppleWebKit/537.36 (KHTML, like Gecko) Chrome/87.0.4280.141 Safari/537.36"
91.78.25.168 - - [20/Jan/2021:10:04:43 +0300] "GET /MediaAPI/ImageFly/API?action=list&context=media_content_frame&owner_id=2935 HTTP/1.1" 200 234 "https://chillvision.ru/admin/MediaContent/Index" "Mozilla/5.0 (Macintosh; Intel Mac OS X 10_15_4) AppleWebKit/537.36 (KHTML, like Gecko) Chrome/87.0.4280.141 Safari/537.36"
91.78.25.168 - - [20/Jan/2021:10:04:50 +0300] "GET /Util/ComponentManager/getComponent?fqcn=data_editor.mediacontent.type_editor.season_season_editor.js HTTP/1.1" 200 5461 "https://chillvision.ru/admin/MediaContent/Index" "Mozilla/5.0 (Macintosh; Intel Mac OS X 10_15_4) AppleWebKit/537.36 (KHTML, like Gecko) Chrome/87.0.4280.141 Safari/537.36"
91.78.25.168 - - [20/Jan/2021:10:04:50 +0300] "GET /Util/ComponentManager/getComponent?fqcn=inline.inline_media_series_list.js HTTP/1.1" 200 4275 "https://chillvision.ru/admin/MediaContent/Index" "Mozilla/5.0 (Macintosh; Intel Mac OS X 10_15_4) AppleWebKit/537.36 (KHTML, like Gecko) Chrome/87.0.4280.141 Safari/537.36"
91.78.25.168 - - [20/Jan/2021:10:04:50 +0300] "GET /admin/MediaContent/API?action=get&id=2936&content_type=ctSEASONSEASON HTTP/1.1" 200 346 "https://chillvision.ru/admin/MediaContent/Index" "Mozilla/5.0 (Macintosh; Intel Mac OS X 10_15_4) AppleWebKit/537.36 (KHTML, like Gecko) Chrome/87.0.4280.141 Safari/537.36"
91.78.25.168 - - [20/Jan/2021:10:04:50 +0300] "POST /admin/MediaContent/API?action=list_trailers HTTP/1.1" 200 248 "https://chillvision.ru/admin/MediaContent/Index" "Mozilla/5.0 (Macintosh; Intel Mac OS X 10_15_4) AppleWebKit/537.36 (KHTML, like Gecko) Chrome/87.0.4280.141 Safari/537.36"
91.78.25.168 - - [20/Jan/2021:10:04:50 +0300] "GET /MediaAPI/ImageFly/API?action=list&context=media_content_poster&owner_id=2936 HTTP/1.1" 200 234 "https://chillvision.ru/admin/MediaContent/Index" "Mozilla/5.0 (Macintosh; Intel Mac OS X 10_15_4) AppleWebKit/537.36 (KHTML, like Gecko) Chrome/87.0.4280.141 Safari/537.36"
91.78.25.168 - - [20/Jan/2021:10:04:50 +0300] "POST /admin/MediaContent/API?action=list_season_series HTTP/1.1" 200 392 "https://chillvision.ru/admin/MediaContent/Index" "Mozilla/5.0 (Macintosh; Intel Mac OS X 10_15_4) AppleWebKit/537.36 (KHTML, like Gecko) Chrome/87.0.4280.141 Safari/537.36"
91.78.25.168 - - [20/Jan/2021:10:05:01 +0300] "GET /Util/ComponentManager/getComponent?fqcn=data_editor.mediacontent.type_editor.season_series_editor.js HTTP/1.1" 200 8037 "https://chillvision.ru/admin/MediaContent/Index" "Mozilla/5.0 (Macintosh; Intel Mac OS X 10_15_4) AppleWebKit/537.36 (KHTML, like Gecko) Chrome/87.0.4280.141 Safari/537.36"
91.78.25.168 - - [20/Jan/2021:10:05:01 +0300] "GET /Util/ComponentManager/getComponent?fqcn=inline.inline_media_cdn_file_list.js HTTP/1.1" 200 5377 "https://chillvision.ru/admin/MediaContent/Index" "Mozilla/5.0 (Macintosh; Intel Mac OS X 10_15_4) AppleWebKit/537.36 (KHTML, like Gecko) Chrome/87.0.4280.141 Safari/537.36"
91.78.25.168 - - [20/Jan/2021:10:05:01 +0300] "GET /admin/MediaContent/API?action=get&id=2937&content_type=ctSEASONSERIES HTTP/1.1" 200 1444 "https://chillvision.ru/admin/MediaContent/Index" "Mozilla/5.0 (Macintosh; Intel Mac OS X 10_15_4) AppleWebKit/537.36 (KHTML, like Gecko) Chrome/87.0.4280.141 Safari/537.36"
91.78.25.168 - - [20/Jan/2021:10:05:01 +0300] "GET /MediaAPI/ImageFly/API?action=list&context=media_content_poster&owner_id=2937 HTTP/1.1" 200 232 "https://chillvision.ru/admin/MediaContent/Index" "Mozilla/5.0 (Macintosh; Intel Mac OS X 10_15_4) AppleWebKit/537.36 (KHTML, like Gecko) Chrome/87.0.4280.141 Safari/537.36"
91.78.25.168 - - [20/Jan/2021:10:05:01 +0300] "GET /MediaAPI/ImageFly/API?action=list&context=media_content_preview&owner_id=2937 HTTP/1.1" 200 232 "https://chillvision.ru/admin/MediaContent/Index" "Mozilla/5.0 (Macintosh; Intel Mac OS X 10_15_4) AppleWebKit/537.36 (KHTML, like Gecko) Chrome/87.0.4280.141 Safari/537.36"
91.78.25.168 - - [20/Jan/2021:10:05:03 +0300] "GET /Util/ComponentManager/getComponent?fqcn=cdn.FileManager.js HTTP/1.1" 200 7033 "https://chillvision.ru/admin/MediaContent/Index" "Mozilla/5.0 (Macintosh; Intel Mac OS X 10_15_4) AppleWebKit/537.36 (KHTML, like Gecko) Chrome/87.0.4280.141 Safari/537.36"
91.78.25.168 - - [20/Jan/2021:10:05:04 +0300] "GET /admin/CDNAPI/API?action=list&path=%2FSOAP%2F2935%2FSEASON_2936%2FSERIES_2937 HTTP/1.1" 200 1542 "https://chillvision.ru/admin/MediaContent/Index" "Mozilla/5.0 (Macintosh; Intel Mac OS X 10_15_4) AppleWebKit/537.36 (KHTML, like Gecko) Chrome/87.0.4280.141 Safari/537.36"
91.78.25.168 - - [20/Jan/2021:10:05:07 +0300] "GET /Util/ComponentManager/getComponent?fqcn=cdn.cdnuploader.js HTTP/1.1" 200 4165 "https://chillvision.ru/admin/MediaContent/Index" "Mozilla/5.0 (Macintosh; Intel Mac OS X 10_15_4) AppleWebKit/537.36 (KHTML, like Gecko) Chrome/87.0.4280.141 Safari/537.36"
91.78.25.168 - - [20/Jan/2021:10:05:13 +0300] "GET /admin/CDNAPI/API?action=subscribe_request&path=%2FSOAP%2F2935%2FSEASON_2936%2FSERIES_2937%2Fko_SoulDriver_Ep01_1920x1080_ProRes422HQ_30p_Stereo_15MB_1.mp4 HTTP/1.1" 200 433 "https://chillvision.ru/admin/MediaContent/Index" "Mozilla/5.0 (Macintosh; Intel Mac OS X 10_15_4) AppleWebKit/537.36 (KHTML, like Gecko) Chrome/87.0.4280.141 Safari/537.36"
92.62.150.167 - - [20/Jan/2021:10:05:24 +0300] "GET /Soap/440 HTTP/1.1" 200 39649 "-" "Mozilla/5.0 (Linux; arm_64; Android 9; LLD-L31) AppleWebKit/537.36 (KHTML, like Gecko) Chrome/86.0.4240.198 YaApp_Android/20.115.0 YaSearchBrowser/20.115.0 BroPP/1.0 SA/3 Mobile Safari/537.36"
92.62.150.167 - - [20/Jan/2021:10:05:24 +0300] "GET /manifest.webmanifest HTTP/1.1" 200 569 "-" "Mozilla/5.0 (Linux; arm_64; Android 9; LLD-L31) AppleWebKit/537.36 (KHTML, like Gecko) Chrome/86.0.4240.198 YaApp_Android/20.115.0 YaSearchBrowser/20.115.0 BroPP/1.0 SA/3 TA/7.1 Mobile Safari/537.36"
92.62.150.167 - - [20/Jan/2021:10:05:28 +0300] "GET /Info/API?action=check_user_access&content_id=449 HTTP/1.1" 200 180 "https://chillvision.ru/" "Mozilla/5.0 (Linux; arm_64; Android 9; LLD-L31) AppleWebKit/537.36 (KHTML, like Gecko) Chrome/86.0.4240.198 YaApp_Android/20.115.0 YaSearchBrowser/20.115.0 BroPP/1.0 SA/3 Mobile Safari/537.36"
92.62.150.167 - - [20/Jan/2021:10:05:31 +0300] "GET /manifest.webmanifest HTTP/1.1" 200 569 "https://chillvision.ru/" "Mozilla/5.0 (Linux; arm_64; Android 9; LLD-L31) AppleWebKit/537.36 (KHTML, like Gecko) Chrome/86.0.4240.198 YaApp_Android/20.115.0 YaSearchBrowser/20.115.0 BroPP/1.0 SA/3 Mobile Safari/537.36"
95.57.103.209 - - [20/Jan/2021:10:05:51 +0300] "GET /Info/API?action=check_user_access&content_id=1761 HTTP/1.1" 200 278 "https://chillvision.ru/" "Mozilla/5.0 (Windows NT 10.0; Win64; x64) AppleWebKit/537.36 (KHTML, like Gecko) Chrome/87.0.4280.141 Safari/537.36"
95.57.103.209 - - [20/Jan/2021:10:05:57 +0300] "GET /Info/API?action=request_access&content_id=1761 HTTP/1.1" 200 627 "https://chillvision.ru/" "Mozilla/5.0 (Windows NT 10.0; Win64; x64) AppleWebKit/537.36 (KHTML, like Gecko) Chrome/87.0.4280.141 Safari/537.36"
66.249.76.25 - - [20/Jan/2021:10:05:57 +0300] "GET /?utm_source=from_meduza&utm_medium=partner&utm_campaign=from_meduza_1 HTTP/1.1" 200 25019 "-" "Mozilla/5.0 (Linux; Android 6.0.1; Nexus 5X Build/MMB29P) AppleWebKit/537.36 (KHTML, like Gecko) Chrome/87.0.4280.90 Mobile Safari/537.36 (compatible; Googlebot/2.1; +http://www.google.com/bot.html)"
173.231.59.216 - - [20/Jan/2021:10:06:28 +0300] "GET /collection/1878 HTTP/1.1" 200 17743 "https://chillvision.ru/" "Mozilla/5.0 (compatible; Adsbot/3.1)"
173.231.59.216 - - [20/Jan/2021:10:07:13 +0300] "GET /collection/2881 HTTP/1.1" 200 16500 "https://chillvision.ru/" "Mozilla/5.0 (compatible; Adsbot/3.1)"
92.62.150.167 - - [20/Jan/2021:10:08:34 +0300] "GET /Soap/440 HTTP/1.1" 200 39652 "http://yandex.ru/searchapp?text=" "Mozilla/5.0 (Linux; arm_64; Android 9; LLD-L31) AppleWebKit/537.36 (KHTML, like Gecko) Chrome/86.0.4240.198 YaApp_Android/20.115.0 YaSearchBrowser/20.115.0 BroPP/1.0 SA/3 Mobile Safari/537.36"
92.62.150.167 - - [20/Jan/2021:10:08:35 +0300] "GET /manifest.webmanifest HTTP/1.1" 200 569 "-" "Mozilla/5.0 (Linux; arm_64; Android 9; LLD-L31) AppleWebKit/537.36 (KHTML, like Gecko) Chrome/86.0.4240.198 YaApp_Android/20.115.0 YaSearchBrowser/20.115.0 BroPP/1.0 SA/3 TA/7.1 Mobile Safari/537.36"
92.62.150.167 - - [20/Jan/2021:10:08:38 +0300] "GET /Info/API?action=check_user_access&content_id=449 HTTP/1.1" 200 180 "https://chillvision.ru/" "Mozilla/5.0 (Linux; arm_64; Android 9; LLD-L31) AppleWebKit/537.36 (KHTML, like Gecko) Chrome/86.0.4240.198 YaApp_Android/20.115.0 YaSearchBrowser/20.115.0 BroPP/1.0 SA/3 Mobile Safari/537.36"
92.62.150.167 - - [20/Jan/2021:10:08:42 +0300] "GET /Info/API?action=request_access&content_id=449 HTTP/1.1" 200 151 "https://chillvision.ru/" "Mozilla/5.0 (Linux; arm_64; Android 9; LLD-L31) AppleWebKit/537.36 (KHTML, like Gecko) Chrome/86.0.4240.198 YaApp_Android/20.115.0 YaSearchBrowser/20.115.0 BroPP/1.0 SA/3 Mobile Safari/537.36"
92.62.150.167 - - [20/Jan/2021:10:09:09 +0300] "POST /Auth/API HTTP/1.1" 200 149 "https://chillvision.ru/" "Mozilla/5.0 (Linux; arm_64; Android 9; LLD-L31) AppleWebKit/537.36 (KHTML, like Gecko) Chrome/86.0.4240.198 YaApp_Android/20.115.0 YaSearchBrowser/20.115.0 BroPP/1.0 SA/3 Mobile Safari/537.36"
91.78.25.168 - - [20/Jan/2021:10:09:13 +0300] "GET /admin/CDNAPI/API?action=encoding_try_v2&id=6007d629ef3db5469cfbe908 HTTP/1.1" 200 240 "https://chillvision.ru/admin/MediaContent/Index" "Mozilla/5.0 (Macintosh; Intel Mac OS X 10_15_4) AppleWebKit/537.36 (KHTML, like Gecko) Chrome/87.0.4280.141 Safari/537.36"
91.78.25.168 - - [20/Jan/2021:10:09:13 +0300] "GET /admin/CDNAPI/API?action=list&path=%2FSOAP%2F2935%2FSEASON_2936%2FSERIES_2937 HTTP/1.1" 200 1704 "https://chillvision.ru/admin/MediaContent/Index" "Mozilla/5.0 (Macintosh; Intel Mac OS X 10_15_4) AppleWebKit/537.36 (KHTML, like Gecko) Chrome/87.0.4280.141 Safari/537.36"
92.62.150.167 - - [20/Jan/2021:10:09:32 +0300] "POST /Auth/API HTTP/1.1" 200 441 "https://chillvision.ru/" "Mozilla/5.0 (Linux; arm_64; Android 9; LLD-L31) AppleWebKit/537.36 (KHTML, like Gecko) Chrome/86.0.4240.198 YaApp_Android/20.115.0 YaSearchBrowser/20.115.0 BroPP/1.0 SA/3 Mobile Safari/537.36"
92.62.150.167 - - [20/Jan/2021:10:09:33 +0300] "GET /Info/API?action=check_user_access&content_id=449 HTTP/1.1" 200 277 "https://chillvision.ru/" "Mozilla/5.0 (Linux; arm_64; Android 9; LLD-L31) AppleWebKit/537.36 (KHTML, like Gecko) Chrome/86.0.4240.198 YaApp_Android/20.115.0 YaSearchBrowser/20.115.0 BroPP/1.0 SA/3 Mobile Safari/537.36"
92.62.150.167 - - [20/Jan/2021:10:09:33 +0300] "GET /Soap/440 HTTP/1.1" 200 39652 "https://chillvision.ru/" "Mozilla/5.0 (Linux; arm_64; Android 9; LLD-L31) AppleWebKit/537.36 (KHTML, like Gecko) Chrome/86.0.4240.198 YaApp_Android/20.115.0 YaSearchBrowser/20.115.0 BroPP/1.0 SA/3 Mobile Safari/537.36"
92.62.150.167 - - [20/Jan/2021:10:09:33 +0300] "GET /manifest.webmanifest HTTP/1.1" 200 569 "-" "Mozilla/5.0 (Linux; arm_64; Android 9; LLD-L31) AppleWebKit/537.36 (KHTML, like Gecko) Chrome/86.0.4240.198 YaApp_Android/20.115.0 YaSearchBrowser/20.115.0 BroPP/1.0 SA/3 TA/7.1 Mobile Safari/537.36"
92.62.150.167 - - [20/Jan/2021:10:09:36 +0300] "GET /Info/API?action=check_user_access&content_id=449 HTTP/1.1" 200 276 "https://chillvision.ru/" "Mozilla/5.0 (Linux; arm_64; Android 9; LLD-L31) AppleWebKit/537.36 (KHTML, like Gecko) Chrome/86.0.4240.198 YaApp_Android/20.115.0 YaSearchBrowser/20.115.0 BroPP/1.0 SA/3 Mobile Safari/537.36"
92.62.150.167 - - [20/Jan/2021:10:09:47 +0300] "GET /Info/API?action=check_user_access&content_id=449 HTTP/1.1" 200 277 "https://chillvision.ru/" "Mozilla/5.0 (Linux; arm_64; Android 9; LLD-L31) AppleWebKit/537.36 (KHTML, like Gecko) Chrome/86.0.4240.198 YaApp_Android/20.115.0 YaSearchBrowser/20.115.0 BroPP/1.0 SA/3 Mobile Safari/537.36"
92.62.150.167 - - [20/Jan/2021:10:09:51 +0300] "GET /Info/API?action=check_user_access&content_id=449 HTTP/1.1" 200 277 "https://chillvision.ru/" "Mozilla/5.0 (Linux; arm_64; Android 9; LLD-L31) AppleWebKit/537.36 (KHTML, like Gecko) Chrome/86.0.4240.198 YaApp_Android/20.115.0 YaSearchBrowser/20.115.0 BroPP/1.0 SA/3 Mobile Safari/537.36"
173.231.59.216 - - [20/Jan/2021:10:09:58 +0300] "GET /page/for_authors HTTP/1.1" 200 14240 "https://chillvision.ru/" "Mozilla/5.0 (compatible; Adsbot/3.1)"
91.78.25.168 - - [20/Jan/2021:10:13:13 +0300] "GET /Util/ComponentManager/getComponent?fqcn=selectors.media_person_selector.js HTTP/1.1" 200 7067 "https://chillvision.ru/admin/MediaContent/Index" "Mozilla/5.0 (Macintosh; Intel Mac OS X 10_15_4) AppleWebKit/537.36 (KHTML, like Gecko) Chrome/87.0.4280.141 Safari/537.36"
91.78.25.168 - - [20/Jan/2021:10:13:13 +0300] "POST /admin/MediaPerson/API?action=list HTTP/1.1" 200 304 "https://chillvision.ru/admin/MediaContent/Index" "Mozilla/5.0 (Macintosh; Intel Mac OS X 10_15_4) AppleWebKit/537.36 (KHTML, like Gecko) Chrome/87.0.4280.141 Safari/537.36"
52.211.58.58 - - [20/Jan/2021:10:14:00 +0300] "HEAD /app-ads.txt HTTP/1.1" 404 0 "-" "TprAdsTxtCrawler/1.0"
52.211.58.58 - - [20/Jan/2021:10:14:00 +0300] "HEAD /ads.txt HTTP/1.1" 404 0 "-" "TprAdsTxtCrawler/1.0"
173.231.59.216 - - [20/Jan/2021:10:14:05 +0300] "GET /search/by_emoji/12 HTTP/1.1" 200 16436 "https://chillvision.ru/" "Mozilla/5.0 (compatible; Adsbot/3.1)"
173.231.59.216 - - [20/Jan/2021:10:14:28 +0300] "GET /search/by_emoji/14 HTTP/1.1" 200 21564 "https://chillvision.ru/" "Mozilla/5.0 (compatible; Adsbot/3.1)"
54.36.149.76 - - [20/Jan/2021:10:15:53 +0300] "GET /Soap/526 HTTP/1.1" 200 43517 "-" "Mozilla/5.0 (compatible; AhrefsBot/7.0; +http://ahrefs.com/robot/)"
95.181.85.86 - - [20/Jan/2021:10:18:53 +0300] "GET /Soap/2264 HTTP/1.1" 200 46808 "https://yandex.ru/" "Mozilla/5.0 (Windows NT 6.1; WOW64) AppleWebKit/537.36 (KHTML, like Gecko) Chrome/87.0.4280.141 Safari/537.36 OPR/73.0.3856.344 (Edition Yx)"
95.181.85.86 - - [20/Jan/2021:10:18:54 +0300] "GET /Info/API?action=check_user_access&content_id=2266 HTTP/1.1" 200 180 "https://chillvision.ru/" "Mozilla/5.0 (Windows NT 6.1; WOW64) AppleWebKit/537.36 (KHTML, like Gecko) Chrome/87.0.4280.141 Safari/537.36 OPR/73.0.3856.344 (Edition Yx)"
109.206.14.39 - - [20/Jan/2021:10:19:28 +0300] "GET /page/promo-sister?utm_source=trads&utm_medium=cpm&utm_campaign=promo-sister&utm_content=trads_3642877&utm_term=trads_375478576100675647 HTTP/1.1" 200 13620 "https://3988635.trads.fun/t/awsme_dance/" "Mozilla/5.0 (iPhone; CPU iPhone OS 14_3 like Mac OS X) AppleWebKit/605.1.15 (KHTML, like Gecko) Mobile/15E148 Instagram 170.0.0.29.479 (iPhone11,8; iOS 14_3; ru_KZ; ru-KZ; scale=2.00; 828x1792; 266894454)"
173.231.59.216 - - [20/Jan/2021:10:19:54 +0300] "GET /search/by_emoji/15 HTTP/1.1" 200 18648 "https://chillvision.ru/" "Mozilla/5.0 (compatible; Adsbot/3.1)"
91.78.25.168 - - [20/Jan/2021:10:19:57 +0300] "GET /admin/MediaContent/API?action=get&id=2936&content_type=ctSEASONSEASON HTTP/1.1" 200 344 "https://chillvision.ru/admin/MediaContent/Index" "Mozilla/5.0 (Macintosh; Intel Mac OS X 10_15_4) AppleWebKit/537.36 (KHTML, like Gecko) Chrome/87.0.4280.141 Safari/537.36"
91.78.25.168 - - [20/Jan/2021:10:19:57 +0300] "POST /admin/MediaContent/API?action=list_trailers HTTP/1.1" 200 248 "https://chillvision.ru/admin/MediaContent/Index" "Mozilla/5.0 (Macintosh; Intel Mac OS X 10_15_4) AppleWebKit/537.36 (KHTML, like Gecko) Chrome/87.0.4280.141 Safari/537.36"
91.78.25.168 - - [20/Jan/2021:10:19:58 +0300] "POST /admin/MediaContent/API?action=list_season_series HTTP/1.1" 200 390 "https://chillvision.ru/admin/MediaContent/Index" "Mozilla/5.0 (Macintosh; Intel Mac OS X 10_15_4) AppleWebKit/537.36 (KHTML, like Gecko) Chrome/87.0.4280.141 Safari/537.36"
91.78.25.168 - - [20/Jan/2021:10:19:58 +0300] "GET /MediaAPI/ImageFly/API?action=list&context=media_content_poster&owner_id=2936 HTTP/1.1" 200 234 "https://chillvision.ru/admin/MediaContent/Index" "Mozilla/5.0 (Macintosh; Intel Mac OS X 10_15_4) AppleWebKit/537.36 (KHTML, like Gecko) Chrome/87.0.4280.141 Safari/537.36"
91.78.25.168 - - [20/Jan/2021:10:20:00 +0300] "GET /admin/MediaContent/API?action=get&id=2937&content_type=ctSEASONSERIES HTTP/1.1" 200 1445 "https://chillvision.ru/admin/MediaContent/Index" "Mozilla/5.0 (Macintosh; Intel Mac OS X 10_15_4) AppleWebKit/537.36 (KHTML, like Gecko) Chrome/87.0.4280.141 Safari/537.36"
91.78.25.168 - - [20/Jan/2021:10:20:00 +0300] "GET /MediaAPI/ImageFly/API?action=list&context=media_content_preview&owner_id=2937 HTTP/1.1" 200 235 "https://chillvision.ru/admin/MediaContent/Index" "Mozilla/5.0 (Macintosh; Intel Mac OS X 10_15_4) AppleWebKit/537.36 (KHTML, like Gecko) Chrome/87.0.4280.141 Safari/537.36"
91.78.25.168 - - [20/Jan/2021:10:20:00 +0300] "GET /MediaAPI/ImageFly/API?action=list&context=media_content_poster&owner_id=2937 HTTP/1.1" 200 235 "https://chillvision.ru/admin/MediaContent/Index" "Mozilla/5.0 (Macintosh; Intel Mac OS X 10_15_4) AppleWebKit/537.36 (KHTML, like Gecko) Chrome/87.0.4280.141 Safari/537.36"
91.78.25.168 - - [20/Jan/2021:10:20:03 +0300] "GET /admin/CDNAPI/API?action=list&path=%2FSOAP%2F2935%2FSEASON_2936%2FSERIES_2937 HTTP/1.1" 200 2126 "https://chillvision.ru/admin/MediaContent/Index" "Mozilla/5.0 (Macintosh; Intel Mac OS X 10_15_4) AppleWebKit/537.36 (KHTML, like Gecko) Chrome/87.0.4280.141 Safari/537.36"
91.78.25.168 - - [20/Jan/2021:10:20:05 +0300] "GET /admin/CDNAPI/API?action=info&id=6007d808ef3db57f89f18743 HTTP/1.1" 200 956 "https://chillvision.ru/admin/MediaContent/Index" "Mozilla/5.0 (Macintosh; Intel Mac OS X 10_15_4) AppleWebKit/537.36 (KHTML, like Gecko) Chrome/87.0.4280.141 Safari/537.36"
91.78.25.168 - - [20/Jan/2021:10:20:06 +0300] "GET /admin/CDNAPI/API?action=list&path=%2FSOAP%2F2935%2FSEASON_2936%2FSERIES_2937 HTTP/1.1" 200 2127 "https://chillvision.ru/admin/MediaContent/Index" "Mozilla/5.0 (Macintosh; Intel Mac OS X 10_15_4) AppleWebKit/537.36 (KHTML, like Gecko) Chrome/87.0.4280.141 Safari/537.36"
91.78.25.168 - - [20/Jan/2021:10:20:08 +0300] "GET /admin/CDNAPI/API?action=info&id=6007d77e0e47cf5d81bfab88 HTTP/1.1" 200 963 "https://chillvision.ru/admin/MediaContent/Index" "Mozilla/5.0 (Macintosh; Intel Mac OS X 10_15_4) AppleWebKit/537.36 (KHTML, like Gecko) Chrome/87.0.4280.141 Safari/537.36"
91.78.25.168 - - [20/Jan/2021:10:20:09 +0300] "GET /admin/CDNAPI/API?action=list&path=%2FSOAP%2F2935%2FSEASON_2936%2FSERIES_2937 HTTP/1.1" 200 2125 "https://chillvision.ru/admin/MediaContent/Index" "Mozilla/5.0 (Macintosh; Intel Mac OS X 10_15_4) AppleWebKit/537.36 (KHTML, like Gecko) Chrome/87.0.4280.141 Safari/537.36"
91.78.25.168 - - [20/Jan/2021:10:20:12 +0300] "GET /admin/CDNAPI/API?action=info&id=6007d806ef3db57f89f18742 HTTP/1.1" 200 960 "https://chillvision.ru/admin/MediaContent/Index" "Mozilla/5.0 (Macintosh; Intel Mac OS X 10_15_4) AppleWebKit/537.36 (KHTML, like Gecko) Chrome/87.0.4280.141 Safari/537.36"
213.180.203.10 - - [20/Jan/2021:10:20:15 +0300] "GET /?yclid=7710547526903176844 HTTP/1.1" 301 194 "-" "Mozilla/5.0 (compatible; YandexMetrika/2.0; +http://yandex.com/bots yabs01)"
213.180.203.41 - - [20/Jan/2021:10:20:16 +0300] "GET /?yclid=7710547526903176844 HTTP/1.1" 200 25019 "-" "Mozilla/5.0 (compatible; YandexMetrika/2.0; +http://yandex.com/bots yabs01)"
91.78.25.168 - - [20/Jan/2021:10:20:39 +0300] "POST /admin/MediaContent/API HTTP/1.1" 200 1803 "https://chillvision.ru/admin/MediaContent/Index" "Mozilla/5.0 (Macintosh; Intel Mac OS X 10_15_4) AppleWebKit/537.36 (KHTML, like Gecko) Chrome/87.0.4280.141 Safari/537.36"
91.78.25.168 - - [20/Jan/2021:10:20:39 +0300] "GET /MediaAPI/ImageFly/API?action=list&context=media_content_poster&owner_id=2937 HTTP/1.1" 200 234 "https://chillvision.ru/admin/MediaContent/Index" "Mozilla/5.0 (Macintosh; Intel Mac OS X 10_15_4) AppleWebKit/537.36 (KHTML, like Gecko) Chrome/87.0.4280.141 Safari/537.36"
91.78.25.168 - - [20/Jan/2021:10:20:39 +0300] "GET /MediaAPI/ImageFly/API?action=list&context=media_content_preview&owner_id=2937 HTTP/1.1" 200 234 "https://chillvision.ru/admin/MediaContent/Index" "Mozilla/5.0 (Macintosh; Intel Mac OS X 10_15_4) AppleWebKit/537.36 (KHTML, like Gecko) Chrome/87.0.4280.141 Safari/537.36"
91.78.25.168 - - [20/Jan/2021:10:20:39 +0300] "POST /admin/MediaContent/API?action=list_season_series HTTP/1.1" 200 390 "https://chillvision.ru/admin/MediaContent/Index" "Mozilla/5.0 (Macintosh; Intel Mac OS X 10_15_4) AppleWebKit/537.36 (KHTML, like Gecko) Chrome/87.0.4280.141 Safari/537.36"
91.78.25.168 - - [20/Jan/2021:10:20:41 +0300] "GET /admin/MediaContent/API?action=get&id=2938&content_type=ctSEASONSERIES HTTP/1.1" 200 1455 "https://chillvision.ru/admin/MediaContent/Index" "Mozilla/5.0 (Macintosh; Intel Mac OS X 10_15_4) AppleWebKit/537.36 (KHTML, like Gecko) Chrome/87.0.4280.141 Safari/537.36"
91.78.25.168 - - [20/Jan/2021:10:20:41 +0300] "GET /MediaAPI/ImageFly/API?action=list&context=media_content_poster&owner_id=2938 HTTP/1.1" 200 234 "https://chillvision.ru/admin/MediaContent/Index" "Mozilla/5.0 (Macintosh; Intel Mac OS X 10_15_4) AppleWebKit/537.36 (KHTML, like Gecko) Chrome/87.0.4280.141 Safari/537.36"
91.78.25.168 - - [20/Jan/2021:10:20:41 +0300] "GET /MediaAPI/ImageFly/API?action=list&context=media_content_preview&owner_id=2938 HTTP/1.1" 200 234 "https://chillvision.ru/admin/MediaContent/Index" "Mozilla/5.0 (Macintosh; Intel Mac OS X 10_15_4) AppleWebKit/537.36 (KHTML, like Gecko) Chrome/87.0.4280.141 Safari/537.36"
91.78.25.168 - - [20/Jan/2021:10:20:44 +0300] "GET /admin/CDNAPI/API?action=list&path=%2FSOAP%2F2935%2FSEASON_2936%2FSERIES_2938 HTTP/1.1" 200 1547 "https://chillvision.ru/admin/MediaContent/Index" "Mozilla/5.0 (Macintosh; Intel Mac OS X 10_15_4) AppleWebKit/537.36 (KHTML, like Gecko) Chrome/87.0.4280.141 Safari/537.36"
213.211.127.161 - - [20/Jan/2021:10:20:53 +0300] "GET /page/promo-sister?utm_source=trads&utm_medium=cpm&utm_campaign=promo-sister&utm_content=trads_3642877&utm_term=trads_375478576100675648 HTTP/1.1" 200 13623 "https://3988635.trads.fun/" "Mozilla/5.0 (Linux; Android 10; SM-A600FN Build/QP1A.190711.020; wv) AppleWebKit/537.36 (KHTML, like Gecko) Version/4.0 Chrome/87.0.4280.141 Mobile Safari/537.36 Instagram 170.2.0.30.474 Android (29/10; 320dpi; 720x1384; samsung; SM-A600FN; a6lte; samsungexynos7870; ru_RU; 267925708)"
40.77.167.64 - - [20/Jan/2021:10:20:59 +0300] "GET /Soap/2586 HTTP/1.1" 200 34482 "-" "Mozilla/5.0 (compatible; bingbot/2.0; +http://www.bing.com/bingbot.htm)"
91.245.107.169 - - [20/Jan/2021:10:21:10 +0300] "GET /page/promo-sister?utm_source=trads&utm_medium=cpm&utm_campaign=promo-sister&utm_content=trads_3642877&utm_term=trads_375478576100675649 HTTP/1.1" 200 13614 "https://3988635.trads.fun/" "Mozilla/5.0 (Linux; Android 10; M2004J19C Build/QP1A.190711.020; wv) AppleWebKit/537.36 (KHTML, like Gecko) Version/4.0 Chrome/87.0.4280.141 Mobile Safari/537.36 Instagram 170.2.0.30.474 Android (29/10; 440dpi; 1080x2134; Xiaomi/Redmi; M2004J19C; galahad; mt6768; uk_UA; 267925737)"
40.77.189.99 - - [20/Jan/2021:10:21:13 +0300] "GET /Info/API?action=check_user_access&content_id=2588 HTTP/1.1" 200 182 "https://chillvision.ru/" "Mozilla/5.0 (Windows NT 6.1; WOW64) AppleWebKit/534+ (KHTML, like Gecko) BingPreview/1.0b"
176.212.207.149 - - [20/Jan/2021:10:21:15 +0300] "GET /Soap/1578 HTTP/1.1" 200 39349 "https://nova.rambler.ru/search?from=yabro_r&utm_medium=search&query=%D0%A2%D0%B5%D0%BC%D0%BD%D0%BE%D1%82%D0%B0+%D0%B4%D0%BE+%D1%80%D0%B0%D1%81%D1%81%D0%B2%D0%B5%D1%82%D0%B0%C2%BB+(Dark+Before+Dawn)" "Mozilla/5.0 (Windows NT 6.3; WOW64) AppleWebKit/537.36 (KHTML, like Gecko) Chrome/87.0.4280.60 YaBrowser/20.12.0.966 Yowser/2.5 Safari/537.36"
176.212.207.149 - - [20/Jan/2021:10:21:19 +0300] "GET /Info/API?action=check_user_access&content_id=1584 HTTP/1.1" 200 181 "https://chillvision.ru/" "Mozilla/5.0 (Windows NT 6.3; WOW64) AppleWebKit/537.36 (KHTML, like Gecko) Chrome/87.0.4280.60 YaBrowser/20.12.0.966 Yowser/2.5 Safari/537.36"
176.212.207.149 - - [20/Jan/2021:10:21:22 +0300] "GET /manifest.webmanifest HTTP/1.1" 200 569 "https://chillvision.ru/" "Mozilla/5.0 (Windows NT 6.3; WOW64) AppleWebKit/537.36 (KHTML, like Gecko) Chrome/87.0.4280.60 YaBrowser/20.12.0.966 Yowser/2.5 Safari/537.36"
5.255.231.18 - - [20/Jan/2021:10:21:40 +0300] "GET /Soap/1578 HTTP/1.1" 200 39351 "-" "Mozilla/5.0 (compatible; YandexBot/3.0; +http://yandex.com/bots)"
95.27.41.27 - - [20/Jan/2021:10:21:49 +0300] "GET /Soap/440 HTTP/1.1" 200 39650 "https://zen.yandex.ru/media/chill_online/7-krutyh-i-zreliscnyh-serialov-6001ae31d0d4386c9f5d0aad" "Mozilla/5.0 (Windows NT 10.0; Win64; x64) AppleWebKit/537.36 (KHTML, like Gecko) Chrome/79.0.3945.88 Safari/537.36"
95.27.41.27 - - [20/Jan/2021:10:21:51 +0300] "GET /Info/API?action=check_user_access&content_id=449 HTTP/1.1" 200 180 "https://chillvision.ru/" "Mozilla/5.0 (Windows NT 10.0; Win64; x64) AppleWebKit/537.36 (KHTML, like Gecko) Chrome/79.0.3945.88 Safari/537.36"
95.27.41.27 - - [20/Jan/2021:10:21:54 +0300] "GET /manifest.webmanifest HTTP/1.1" 200 569 "https://chillvision.ru/" "Mozilla/5.0 (Windows NT 10.0; Win64; x64) AppleWebKit/537.36 (KHTML, like Gecko) Chrome/79.0.3945.88 Safari/537.36"
95.106.233.107 - - [20/Jan/2021:10:22:05 +0300] "GET /Soap/2264 HTTP/1.1" 200 46808 "https://yandex.ru/" "Mozilla/5.0 (Windows NT 6.1; Win64; x64) AppleWebKit/537.36 (KHTML, like Gecko) Chrome/87.0.4280.60 YaBrowser/20.12.0.963 Yowser/2.5 Safari/537.36"
95.106.233.107 - - [20/Jan/2021:10:22:07 +0300] "GET /Info/API?action=check_user_access&content_id=2266 HTTP/1.1" 200 180 "https://chillvision.ru/" "Mozilla/5.0 (Windows NT 6.1; Win64; x64) AppleWebKit/537.36 (KHTML, like Gecko) Chrome/87.0.4280.60 YaBrowser/20.12.0.963 Yowser/2.5 Safari/537.36"
95.106.233.107 - - [20/Jan/2021:10:22:09 +0300] "GET /manifest.webmanifest HTTP/1.1" 200 569 "https://chillvision.ru/" "Mozilla/5.0 (Windows NT 6.1; Win64; x64) AppleWebKit/537.36 (KHTML, like Gecko) Chrome/87.0.4280.60 YaBrowser/20.12.0.963 Yowser/2.5 Safari/537.36"
117.218.40.229 - - [20/Jan/2021:10:23:38 +0300] "GET /page/promo-sister?utm_source=trads&utm_medium=cpm&utm_campaign=promo-sister&utm_content=trads_3642877&utm_term=trads_375478576100675650 HTTP/1.1" 200 13614 "https://3988635.trads.fun/" "Mozilla/5.0 (Linux; Android 6.0.1; vivo 1606 Build/MMB29M; wv) AppleWebKit/537.36 (KHTML, like Gecko) Version/4.0 Chrome/87.0.4280.141 Mobile Safari/537.36 Instagram 171.0.0.29.121 Android (23/6.0.1; 240dpi; 540x960; vivo; vivo 1606; 1606; qcom; en_US; 268773227)"
85.143.79.9 - - [20/Jan/2021:10:23:48 +0300] "GET / HTTP/1.1" 200 25009 "-" "Mozilla/5.0 (Windows NT 10.0; Win64; x64) AppleWebKit/537.36 (KHTML, like Gecko) Chrome/87.0.4280.141 Safari/537.36"
85.143.79.9 - - [20/Jan/2021:10:23:49 +0300] "GET /lent_v_2/more/1?sys_render_layout=raw HTTP/1.1" 200 3828 "https://chillvision.ru/" "Mozilla/5.0 (Windows NT 10.0; Win64; x64) AppleWebKit/537.36 (KHTML, like Gecko) Chrome/87.0.4280.141 Safari/537.36"
91.78.25.168 - - [20/Jan/2021:10:23:51 +0300] "GET /admin/CDNAPI/API?action=subscribe_request&path=%2FSOAP%2F2935%2FSEASON_2936%2FSERIES_2938%2Fko_SoulDriver_Ep02_1920x1080_ProRes422HQ_30p_Stereo_15MB_1.mp4 HTTP/1.1" 200 433 "https://chillvision.ru/admin/MediaContent/Index" "Mozilla/5.0 (Macintosh; Intel Mac OS X 10_15_4) AppleWebKit/537.36 (KHTML, like Gecko) Chrome/87.0.4280.141 Safari/537.36"
13.66.139.67 - - [20/Jan/2021:10:24:45 +0300] "GET /media/media_content_frame/1599/edbd4b412f77f94e9e3131c86ec7cb24.SF_1.jpg HTTP/1.1" 302 385 "-" "Mozilla/5.0 (compatible; bingbot/2.0; +http://www.bing.com/bingbot.htm)"
13.66.139.67 - - [20/Jan/2021:10:24:46 +0300] "GET /MediaAPI/ImageFly/get_image?rqi=media_content_frame/1599/edbd4b412f77f94e9e3131c86ec7cb24.SF_1.jpg HTTP/1.1" 301 0 "-" "Mozilla/5.0 (compatible; bingbot/2.0; +http://www.bing.com/bingbot.htm)"
91.78.25.168 - - [20/Jan/2021:10:28:17 +0300] "GET /admin/CDNAPI/API?action=encoding_try_v2&id=6007da87ef3db5469cfbeb65 HTTP/1.1" 200 243 "https://chillvision.ru/admin/MediaContent/Index" "Mozilla/5.0 (Macintosh; Intel Mac OS X 10_15_4) AppleWebKit/537.36 (KHTML, like Gecko) Chrome/87.0.4280.141 Safari/537.36"
91.78.25.168 - - [20/Jan/2021:10:28:17 +0300] "GET /admin/CDNAPI/API?action=list&path=%2FSOAP%2F2935%2FSEASON_2936%2FSERIES_2938 HTTP/1.1" 200 1711 "https://chillvision.ru/admin/MediaContent/Index" "Mozilla/5.0 (Macintosh; Intel Mac OS X 10_15_4) AppleWebKit/537.36 (KHTML, like Gecko) Chrome/87.0.4280.141 Safari/537.36"
188.170.82.16 - - [20/Jan/2021:10:28:28 +0300] "GET /Soap/1578 HTTP/1.1" 200 39350 "https://yandex.ru/" "Mozilla/5.0 (Windows NT 6.1; WOW64) AppleWebKit/537.36 (KHTML, like Gecko) Chrome/86.0.4240.198 YaBrowser/20.11.3.179 Yowser/2.5 Safari/537.36"
173.252.127.25 - - [20/Jan/2021:10:28:35 +0300] "GET / HTTP/1.1" 206 25012 "-" "facebookexternalhit/1.1 (+http://www.facebook.com/externalhit_uatext.php)"
188.170.82.16 - - [20/Jan/2021:10:28:51 +0300] "GET /Info/API?action=check_user_access&content_id=1584 HTTP/1.1" 200 181 "https://chillvision.ru/" "Mozilla/5.0 (Windows NT 6.1; WOW64) AppleWebKit/537.36 (KHTML, like Gecko) Chrome/86.0.4240.198 YaBrowser/20.11.3.179 Yowser/2.5 Safari/537.36"
188.170.82.16 - - [20/Jan/2021:10:29:06 +0300] "GET /manifest.webmanifest HTTP/1.1" 200 569 "https://chillvision.ru/" "Mozilla/5.0 (Windows NT 6.1; WOW64) AppleWebKit/537.36 (KHTML, like Gecko) Chrome/86.0.4240.198 YaBrowser/20.11.3.179 Yowser/2.5 Safari/537.36"
217.66.154.33 - - [20/Jan/2021:10:30:10 +0300] "GET / HTTP/1.1" 200 25019 "-" "Mozilla/5.0 (iPhone; CPU iPhone OS 14_2 like Mac OS X) AppleWebKit/605.1.15 (KHTML, like Gecko) Version/14.0.1 Mobile/15E148 Safari/604.1"
95.57.103.209 - - [20/Jan/2021:10:32:46 +0300] "GET /Info/API?action=check_user_access&content_id=1762 HTTP/1.1" 200 276 "https://chillvision.ru/" "Mozilla/5.0 (Windows NT 10.0; Win64; x64) AppleWebKit/537.36 (KHTML, like Gecko) Chrome/87.0.4280.141 Safari/537.36"
95.57.103.209 - - [20/Jan/2021:10:32:51 +0300] "GET /Info/API?action=request_access&content_id=1762 HTTP/1.1" 200 628 "https://chillvision.ru/" "Mozilla/5.0 (Windows NT 10.0; Win64; x64) AppleWebKit/537.36 (KHTML, like Gecko) Chrome/87.0.4280.141 Safari/537.36"
95.24.21.123 - - [20/Jan/2021:10:32:55 +0300] "GET /Soap/440 HTTP/1.1" 200 39648 "https://zen.yandex.ru/media/chill_online/7-krutyh-i-zreliscnyh-serialov-6001ae31d0d4386c9f5d0aad" "Mozilla/5.0 (Windows NT 10.0; Win64; x64) AppleWebKit/537.36 (KHTML, like Gecko) Chrome/87.0.4280.88 YaBrowser/20.12.1.179 Yowser/2.5 Safari/537.36"
95.24.21.123 - - [20/Jan/2021:10:32:56 +0300] "GET /Info/API?action=check_user_access&content_id=449 HTTP/1.1" 200 180 "https://chillvision.ru/" "Mozilla/5.0 (Windows NT 10.0; Win64; x64) AppleWebKit/537.36 (KHTML, like Gecko) Chrome/87.0.4280.88 YaBrowser/20.12.1.179 Yowser/2.5 Safari/537.36"
95.24.21.123 - - [20/Jan/2021:10:32:56 +0300] "GET /manifest.webmanifest HTTP/1.1" 200 569 "https://chillvision.ru/" "Mozilla/5.0 (Windows NT 10.0; Win64; x64) AppleWebKit/537.36 (KHTML, like Gecko) Chrome/87.0.4280.88 YaBrowser/20.12.1.179 Yowser/2.5 Safari/537.36"
46.251.208.75 - - [20/Jan/2021:10:33:03 +0300] "GET /page/promo-sister?utm_source=trads&utm_medium=cpm&utm_campaign=promo-sister&utm_content=trads_3642877&utm_term=trads_375478576100675655 HTTP/1.1" 200 13619 "https://3988635.trads.fun/t/awsme_dance/" "Mozilla/5.0 (Linux; Android 10; SM-A207F) AppleWebKit/537.36 (KHTML, like Gecko) Chrome/80.0.3987.99 Mobile Safari/537.36"
13.66.139.67 - - [20/Jan/2021:10:33:15 +0300] "GET /media/media_content_frame/572/16b5ba70a47ff1dc47ba529f0c98e4b7.SF_1.jpg HTTP/1.1" 302 384 "-" "Mozilla/5.0 (compatible; bingbot/2.0; +http://www.bing.com/bingbot.htm)"
13.66.139.67 - - [20/Jan/2021:10:33:16 +0300] "GET /MediaAPI/ImageFly/get_image?rqi=media_content_frame/572/16b5ba70a47ff1dc47ba529f0c98e4b7.SF_1.jpg HTTP/1.1" 301 0 "-" "Mozilla/5.0 (compatible; bingbot/2.0; +http://www.bing.com/bingbot.htm)"
5.255.231.18 - - [20/Jan/2021:10:33:23 +0300] "GET /Soap/440 HTTP/1.1" 200 39649 "-" "Mozilla/5.0 (compatible; YandexBot/3.0; +http://yandex.com/bots)"
95.24.21.123 - - [20/Jan/2021:10:33:34 +0300] "GET /Soap/440 HTTP/1.1" 200 39650 "https://zen.yandex.ru/media/blackmariakino/ochen-strashnye-serialy-10-maloizvestnyh-proektov-5f991a84baf78e79e7fee094" "Mozilla/5.0 (Windows NT 10.0; Win64; x64) AppleWebKit/537.36 (KHTML, like Gecko) Chrome/87.0.4280.88 YaBrowser/20.12.1.179 Yowser/2.5 Safari/537.36"
95.24.21.123 - - [20/Jan/2021:10:33:35 +0300] "GET /Info/API?action=check_user_access&content_id=449 HTTP/1.1" 200 180 "https://chillvision.ru/" "Mozilla/5.0 (Windows NT 10.0; Win64; x64) AppleWebKit/537.36 (KHTML, like Gecko) Chrome/87.0.4280.88 YaBrowser/20.12.1.179 Yowser/2.5 Safari/537.36"
91.78.25.168 - - [20/Jan/2021:10:36:07 +0300] "GET /admin/CDNAPI/API?action=list&path=%2FSOAP%2F2935%2FSEASON_2936%2FSERIES_2938 HTTP/1.1" 200 2145 "https://chillvision.ru/admin/MediaContent/Index" "Mozilla/5.0 (Macintosh; Intel Mac OS X 10_15_4) AppleWebKit/537.36 (KHTML, like Gecko) Chrome/87.0.4280.141 Safari/537.36"
91.78.25.168 - - [20/Jan/2021:10:36:10 +0300] "GET /admin/CDNAPI/API?action=info&id=6007dc71ef3db57f89f1877a HTTP/1.1" 200 961 "https://chillvision.ru/admin/MediaContent/Index" "Mozilla/5.0 (Macintosh; Intel Mac OS X 10_15_4) AppleWebKit/537.36 (KHTML, like Gecko) Chrome/87.0.4280.141 Safari/537.36"
91.78.25.168 - - [20/Jan/2021:10:36:11 +0300] "GET /admin/CDNAPI/API?action=list&path=%2FSOAP%2F2935%2FSEASON_2936%2FSERIES_2938 HTTP/1.1" 200 2142 "https://chillvision.ru/admin/MediaContent/Index" "Mozilla/5.0 (Macintosh; Intel Mac OS X 10_15_4) AppleWebKit/537.36 (KHTML, like Gecko) Chrome/87.0.4280.141 Safari/537.36"
91.78.25.168 - - [20/Jan/2021:10:36:14 +0300] "GET /admin/CDNAPI/API?action=info&id=6007dc240e47cf5d81bfabb8 HTTP/1.1" 200 966 "https://chillvision.ru/admin/MediaContent/Index" "Mozilla/5.0 (Macintosh; Intel Mac OS X 10_15_4) AppleWebKit/537.36 (KHTML, like Gecko) Chrome/87.0.4280.141 Safari/537.36"
91.78.25.168 - - [20/Jan/2021:10:36:15 +0300] "GET /admin/CDNAPI/API?action=list&path=%2FSOAP%2F2935%2FSEASON_2936%2FSERIES_2938 HTTP/1.1" 200 2139 "https://chillvision.ru/admin/MediaContent/Index" "Mozilla/5.0 (Macintosh; Intel Mac OS X 10_15_4) AppleWebKit/537.36 (KHTML, like Gecko) Chrome/87.0.4280.141 Safari/537.36"
91.78.25.168 - - [20/Jan/2021:10:36:17 +0300] "GET /admin/CDNAPI/API?action=info&id=6007dc26ef3db57f89f18772 HTTP/1.1" 200 962 "https://chillvision.ru/admin/MediaContent/Index" "Mozilla/5.0 (Macintosh; Intel Mac OS X 10_15_4) AppleWebKit/537.36 (KHTML, like Gecko) Chrome/87.0.4280.141 Safari/537.36"
173.231.59.216 - - [20/Jan/2021:10:36:56 +0300] "GET /search/by_emoji/17 HTTP/1.1" 200 17604 "https://chillvision.ru/" "Mozilla/5.0 (compatible; Adsbot/3.1)"
91.78.25.168 - - [20/Jan/2021:10:36:57 +0300] "POST /admin/MediaContent/API HTTP/1.1" 200 1796 "https://chillvision.ru/admin/MediaContent/Index" "Mozilla/5.0 (Macintosh; Intel Mac OS X 10_15_4) AppleWebKit/537.36 (KHTML, like Gecko) Chrome/87.0.4280.141 Safari/537.36"
91.78.25.168 - - [20/Jan/2021:10:36:57 +0300] "GET /MediaAPI/ImageFly/API?action=list&context=media_content_poster&owner_id=2938 HTTP/1.1" 200 232 "https://chillvision.ru/admin/MediaContent/Index" "Mozilla/5.0 (Macintosh; Intel Mac OS X 10_15_4) AppleWebKit/537.36 (KHTML, like Gecko) Chrome/87.0.4280.141 Safari/537.36"
91.78.25.168 - - [20/Jan/2021:10:36:57 +0300] "POST /admin/MediaContent/API?action=list_season_series HTTP/1.1" 200 392 "https://chillvision.ru/admin/MediaContent/Index" "Mozilla/5.0 (Macintosh; Intel Mac OS X 10_15_4) AppleWebKit/537.36 (KHTML, like Gecko) Chrome/87.0.4280.141 Safari/537.36"
91.78.25.168 - - [20/Jan/2021:10:36:57 +0300] "GET /MediaAPI/ImageFly/API?action=list&context=media_content_preview&owner_id=2938 HTTP/1.1" 200 232 "https://chillvision.ru/admin/MediaContent/Index" "Mozilla/5.0 (Macintosh; Intel Mac OS X 10_15_4) AppleWebKit/537.36 (KHTML, like Gecko) Chrome/87.0.4280.141 Safari/537.36"
91.78.25.168 - - [20/Jan/2021:10:38:02 +0300] "GET /admin/MediaContent/API?action=get&id=2939&content_type=ctSEASONSERIES HTTP/1.1" 200 1448 "https://chillvision.ru/admin/MediaContent/Index" "Mozilla/5.0 (Macintosh; Intel Mac OS X 10_15_4) AppleWebKit/537.36 (KHTML, like Gecko) Chrome/87.0.4280.141 Safari/537.36"
91.78.25.168 - - [20/Jan/2021:10:38:02 +0300] "GET /MediaAPI/ImageFly/API?action=list&context=media_content_poster&owner_id=2939 HTTP/1.1" 200 234 "https://chillvision.ru/admin/MediaContent/Index" "Mozilla/5.0 (Macintosh; Intel Mac OS X 10_15_4) AppleWebKit/537.36 (KHTML, like Gecko) Chrome/87.0.4280.141 Safari/537.36"
91.78.25.168 - - [20/Jan/2021:10:38:02 +0300] "GET /MediaAPI/ImageFly/API?action=list&context=media_content_preview&owner_id=2939 HTTP/1.1" 200 234 "https://chillvision.ru/admin/MediaContent/Index" "Mozilla/5.0 (Macintosh; Intel Mac OS X 10_15_4) AppleWebKit/537.36 (KHTML, like Gecko) Chrome/87.0.4280.141 Safari/537.36"
91.78.25.168 - - [20/Jan/2021:10:38:04 +0300] "GET /admin/CDNAPI/API?action=list&path=%2FSOAP%2F2935%2FSEASON_2936%2FSERIES_2939 HTTP/1.1" 200 1556 "https://chillvision.ru/admin/MediaContent/Index" "Mozilla/5.0 (Macintosh; Intel Mac OS X 10_15_4) AppleWebKit/537.36 (KHTML, like Gecko) Chrome/87.0.4280.141 Safari/537.36"
5.166.216.123 - - [20/Jan/2021:10:39:35 +0300] "GET /Soap/1578 HTTP/1.1" 200 39350 "https://zen.yandex.ru/media/chill_online/3-krutyh-seriala-o-vyjivanii-5f74d45528bb441afd11a480" "Mozilla/5.0 (iPad; CPU OS 7_0_4 like Mac OS X) AppleWebKit/537.51.1 (KHTML, like Gecko) Version/7.0 Mobile/11B554a Safari/9537.53"
5.166.216.123 - - [20/Jan/2021:10:39:39 +0300] "GET /Soap/1578 HTTP/1.1" 200 39348 "https://zen.yandex.ru/media/chill_online/3-krutyh-seriala-o-vyjivanii-5f74d45528bb441afd11a480" "Mozilla/5.0 (iPad; CPU OS 7_0_4 like Mac OS X) AppleWebKit/537.51.1 (KHTML, like Gecko) Version/7.0 Mobile/11B554a Safari/9537.53"
13.66.139.67 - - [20/Jan/2021:10:40:26 +0300] "GET /media/media_content_frame/1904/279c1d67680a600706436b582de470c0.SF_1.jpg HTTP/1.1" 302 385 "-" "Mozilla/5.0 (compatible; bingbot/2.0; +http://www.bing.com/bingbot.htm)"
13.66.139.67 - - [20/Jan/2021:10:40:27 +0300] "GET /MediaAPI/ImageFly/get_image?rqi=media_content_frame/1904/279c1d67680a600706436b582de470c0.SF_1.jpg HTTP/1.1" 301 0 "-" "Mozilla/5.0 (compatible; bingbot/2.0; +http://www.bing.com/bingbot.htm)"
79.139.176.6 - - [20/Jan/2021:10:40:33 +0300] "GET /page/promo-sister?utm_source=fb&utm_medium=cpc&utm_campaign=sisters&utm_content=storiz_1&fbclid=PAAaZ7NH4hcsG0WODmv-kKKv3KsiPWTFKSuW5SWVowUha1N8vyyJhdBsSFD9o_aem_AUkYRu_7P_4sKtwZ4NisEtblPYoZd6VWa5FCfIlvlwJdEv64m9KT6c-ycnjWnel2xxNd0WImZXZ8eafali1mf6slKdgchUjvaPef7dsINywGJ2d3EGmULxrKyRZMx7vJ9JM HTTP/1.1" 301 194 "-" "Mozilla/5.0 (iPhone; CPU iPhone OS 13_6_1 like Mac OS X) AppleWebKit/605.1.15 (KHTML, like Gecko) Mobile/15E148 Instagram 170.0.0.29.479 (iPhone9,3; iOS 13_6_1; ru_RU; ru-RU; scale=2.00; 750x1334; 266894454)"
79.139.176.6 - - [20/Jan/2021:10:40:34 +0300] "GET /page/promo-sister?utm_source=fb&utm_medium=cpc&utm_campaign=sisters&utm_content=storiz_1&fbclid=PAAaZ7NH4hcsG0WODmv-kKKv3KsiPWTFKSuW5SWVowUha1N8vyyJhdBsSFD9o_aem_AUkYRu_7P_4sKtwZ4NisEtblPYoZd6VWa5FCfIlvlwJdEv64m9KT6c-ycnjWnel2xxNd0WImZXZ8eafali1mf6slKdgchUjvaPef7dsINywGJ2d3EGmULxrKyRZMx7vJ9JM HTTP/1.1" 200 13618 "-" "Mozilla/5.0 (iPhone; CPU iPhone OS 13_6_1 like Mac OS X) AppleWebKit/605.1.15 (KHTML, like Gecko) Mobile/15E148 Instagram 170.0.0.29.479 (iPhone9,3; iOS 13_6_1; ru_RU; ru-RU; scale=2.00; 750x1334; 266894454)"
66.249.76.19 - - [20/Jan/2021:10:41:14 +0300] "GET / HTTP/1.1" 301 194 "-" "Mozilla/5.0 (compatible; Googlebot/2.1; +http://www.google.com/bot.html)"
66.249.76.23 - - [20/Jan/2021:10:41:16 +0300] "GET / HTTP/1.1" 200 25017 "-" "Mozilla/5.0 (compatible; Googlebot/2.1; +http://www.google.com/bot.html)"
66.249.76.23 - - [20/Jan/2021:10:41:40 +0300] "GET /Info/API?action=check_user_access&content_id=2069 HTTP/1.1" 200 181 "https://chillvision.ru/" "Mozilla/5.0 AppleWebKit/537.36 (KHTML, like Gecko; compatible; Googlebot/2.1; +http://www.google.com/bot.html) Chrome/87.0.4280.90 Safari/537.36"
46.158.29.143 - - [20/Jan/2021:10:42:02 +0300] "GET /Soap/1059 HTTP/1.1" 200 37405 "https://yandex.ru/" "Mozilla/5.0 (Windows NT 10.0; Win64; x64) AppleWebKit/537.36 (KHTML, like Gecko) Chrome/87.0.4280.141 Safari/537.36 Edg/87.0.664.75"
46.158.29.143 - - [20/Jan/2021:10:42:03 +0300] "GET /Info/API?action=check_user_access&content_id=2011 HTTP/1.1" 200 180 "https://chillvision.ru/" "Mozilla/5.0 (Windows NT 10.0; Win64; x64) AppleWebKit/537.36 (KHTML, like Gecko) Chrome/87.0.4280.141 Safari/537.36 Edg/87.0.664.75"
95.24.21.123 - - [20/Jan/2021:10:42:04 +0300] "GET /Soap/440 HTTP/1.1" 200 39652 "https://zen.yandex.ru/media/blackmariakino/ochen-strashnye-serialy-10-maloizvestnyh-proektov-5f991a84baf78e79e7fee094" "Mozilla/5.0 (Windows NT 10.0; Win64; x64) AppleWebKit/537.36 (KHTML, like Gecko) Chrome/87.0.4280.88 YaBrowser/20.12.1.179 Yowser/2.5 Safari/537.36"
46.158.29.143 - - [20/Jan/2021:10:42:05 +0300] "GET /manifest.webmanifest HTTP/1.1" 200 569 "https://chillvision.ru/" "Mozilla/5.0 (Windows NT 10.0; Win64; x64) AppleWebKit/537.36 (KHTML, like Gecko) Chrome/87.0.4280.141 Safari/537.36 Edg/87.0.664.75"
95.24.21.123 - - [20/Jan/2021:10:42:05 +0300] "GET /Info/API?action=check_user_access&content_id=449 HTTP/1.1" 200 181 "https://chillvision.ru/" "Mozilla/5.0 (Windows NT 10.0; Win64; x64) AppleWebKit/537.36 (KHTML, like Gecko) Chrome/87.0.4280.88 YaBrowser/20.12.1.179 Yowser/2.5 Safari/537.36"
40.77.167.22 - - [20/Jan/2021:10:43:19 +0300] "GET /Soap/1275 HTTP/1.1" 200 35564 "-" "Mozilla/5.0 (compatible; bingbot/2.0; +http://www.bing.com/bingbot.htm)"
46.158.29.143 - - [20/Jan/2021:10:43:44 +0300] "GET /Soap/1578 HTTP/1.1" 200 39346 "https://yandex.ru/" "Mozilla/5.0 (Windows NT 10.0; Win64; x64) AppleWebKit/537.36 (KHTML, like Gecko) Chrome/87.0.4280.141 Safari/537.36 Edg/87.0.664.75"
46.158.29.143 - - [20/Jan/2021:10:43:45 +0300] "GET /Info/API?action=check_user_access&content_id=1584 HTTP/1.1" 200 181 "https://chillvision.ru/" "Mozilla/5.0 (Windows NT 10.0; Win64; x64) AppleWebKit/537.36 (KHTML, like Gecko) Chrome/87.0.4280.141 Safari/537.36 Edg/87.0.664.75"
95.24.21.123 - - [20/Jan/2021:10:43:53 +0300] "GET /Soap/440 HTTP/1.1" 200 39649 "https://zen.yandex.ru/media/chill_online/7-krutyh-i-zreliscnyh-serialov-6001ae31d0d4386c9f5d0aad" "Mozilla/5.0 (Windows NT 10.0; Win64; x64) AppleWebKit/537.36 (KHTML, like Gecko) Chrome/87.0.4280.88 YaBrowser/20.12.1.179 Yowser/2.5 Safari/537.36"
